Tue Apr  5 13:53:36 CST 2016
===================================================================================
start execute ./cross_compile.sh
make clean
  CLEAN   kernel/debug/kdb
  CLEAN   kernel/time
  CLEAN   kernel
  CLEAN   lib/raid6
  CLEAN   lib
  CLEAN   security/apparmor
  CLEAN   security/selinux
  CLEAN   security/tomoyo
  CLEAN   usr
  CLEAN   samples/hidraw
  CLEAN   .tmp_versions
make .config
make kernel zImage
  HOSTCC  scripts/basic/fixdep
  HOSTCC  scripts/basic/bin2c
  HOSTCC  scripts/kconfig/conf.o
  HOSTCC  scripts/kconfig/zconf.tab.o
  HOSTLD  scripts/kconfig/conf
scripts/kconfig/conf  --silentoldconfig Kconfig
#
# configuration written to .config
#
  CHK     include/config/kernel.release
  CHK     include/generated/uapi/linux/version.h
  CHK     include/generated/utsrelease.h
make[1]: `include/generated/mach-types.h' is up to date.
  CC      kernel/bounds.s
  CHK     include/generated/bounds.h
  UPD     include/generated/bounds.h
  CC      arch/arm/kernel/asm-offsets.s
  CHK     include/generated/asm-offsets.h
  UPD     include/generated/asm-offsets.h
  CALL    scripts/checksyscalls.sh
  HOSTCC  scripts/dtc/dtc.o
  HOSTCC  scripts/dtc/flattree.o
  HOSTCC  scripts/dtc/fstree.o
  HOSTCC  scripts/dtc/data.o
  HOSTCC  scripts/dtc/livetree.o
  HOSTCC  scripts/dtc/treesource.o
  HOSTCC  scripts/dtc/srcpos.o
  HOSTCC  scripts/dtc/checks.o
  HOSTCC  scripts/dtc/util.o
  HOSTCC  scripts/dtc/dtc-lexer.lex.o
  HOSTCC  scripts/dtc/dtc-parser.tab.o
  HOSTLD  scripts/dtc/dtc
  HOSTCC  scripts/genksyms/genksyms.o
  HOSTCC  scripts/genksyms/parse.tab.o
  HOSTCC  scripts/genksyms/lex.lex.o
  HOSTLD  scripts/genksyms/genksyms
  CC      scripts/mod/empty.o
  HOSTCC  scripts/mod/mk_elfconfig
  MKELF   scripts/mod/elfconfig.h
  HOSTCC  scripts/mod/modpost.o
  CC      scripts/mod/devicetable-offsets.s
  GEN     scripts/mod/devicetable-offsets.h
  HOSTCC  scripts/mod/file2alias.o
  HOSTCC  scripts/mod/sumversion.o
  HOSTLD  scripts/mod/modpost
  HOSTCC  scripts/selinux/genheaders/genheaders
  HOSTCC  scripts/selinux/mdp/mdp
  HOSTCC  scripts/kallsyms
  HOSTCC  scripts/pnmtologo
  HOSTCC  scripts/conmakehash
  HOSTCC  scripts/recordmcount
  HOSTCC  scripts/sortextable
  CC      init/main.o
  CHK     include/generated/compile.h
  UPD     include/generated/compile.h
  CC      init/version.o
  CC      init/do_mounts.o
  CC      init/do_mounts_initrd.o
  LD      init/mounts.o
  CC      init/initramfs.o
  CC      init/calibrate.o
  CC      init/init_task.o
  LD      init/built-in.o
  HOSTCC  usr/gen_init_cpio
  GEN     usr/initramfs_data.cpio.gz
  AS      usr/initramfs_data.o
  LD      usr/built-in.o
  CC      arch/arm/vfp/vfpmodule.o
  AS      arch/arm/vfp/entry.o
  AS      arch/arm/vfp/vfphw.o
  CC      arch/arm/vfp/vfpsingle.o
  CC      arch/arm/vfp/vfpdouble.o
  LD      arch/arm/vfp/vfp.o
  LD      arch/arm/vfp/built-in.o
  LDS     arch/arm/vdso/vdso.lds
  CC      arch/arm/vdso/vgettimeofday.o
  AS      arch/arm/vdso/datapage.o
  VDSO    arch/arm/vdso/vdso.so.raw
  HOSTCC  arch/arm/vdso/vdsomunge
  MUNGE   arch/arm/vdso/vdso.so.dbg
  OBJCOPY arch/arm/vdso/vdso.so
  AS      arch/arm/vdso/vdso.o
  LD      arch/arm/vdso/built-in.o
  CC      arch/arm/kernel/elf.o
  AS      arch/arm/kernel/entry-common.o
  CC      arch/arm/kernel/irq.o
  CC      arch/arm/kernel/opcodes.o
  CC      arch/arm/kernel/process.o
  CC      arch/arm/kernel/ptrace.o
  CC      arch/arm/kernel/reboot.o
  CC      arch/arm/kernel/return_address.o
  CC      arch/arm/kernel/setup.o
  CC      arch/arm/kernel/signal.o
  AS      arch/arm/kernel/sigreturn_codes.o
  CC      arch/arm/kernel/stacktrace.o
  CC      arch/arm/kernel/sys_arm.o
  CC      arch/arm/kernel/time.o
  CC      arch/arm/kernel/traps.o
  CC      arch/arm/kernel/atags_parse.o
  CC      arch/arm/kernel/atags_proc.o
  AS      arch/arm/kernel/entry-armv.o
  CC      arch/arm/kernel/armksyms.o
  CC      arch/arm/kernel/module.o
  CC      arch/arm/kernel/bios32.o
  CC      arch/arm/kernel/isa.o
  AS      arch/arm/kernel/sleep.o
  CC      arch/arm/kernel/suspend.o
  CC      arch/arm/kernel/hibernate.o
  CC      arch/arm/kernel/arch_timer.o
  AS      arch/arm/kernel/entry-ftrace.o
  CC      arch/arm/kernel/ftrace.o
  CC      arch/arm/kernel/insn.o
  CC      arch/arm/kernel/machine_kexec.o
  AS      arch/arm/kernel/relocate_kernel.o
  CC      arch/arm/kernel/patch.o
  CC      arch/arm/kernel/thumbee.o
  CC      arch/arm/kernel/kgdb.o
  CC      arch/arm/kernel/unwind.o
  CC      arch/arm/kernel/devtree.o
  CC      arch/arm/kernel/hw_breakpoint.o
  CC      arch/arm/kernel/perf_regs.o
  CC      arch/arm/kernel/perf_callchain.o
  CC      arch/arm/kernel/perf_event.o
  CC      arch/arm/kernel/perf_event_cpu.o
  CC      arch/arm/kernel/vdso.o
  CC      arch/arm/kernel/io.o
  AS      arch/arm/kernel/hyp-stub.o
  CC      arch/arm/kernel/psci.o
  AS      arch/arm/kernel/psci-call.o
  LD      arch/arm/kernel/built-in.o
  AS      arch/arm/kernel/head.o
  LDS     arch/arm/kernel/vmlinux.lds
  CC      arch/arm/mm/dma-mapping.o
  CC      arch/arm/mm/extable.o
  CC      arch/arm/mm/fault.o
  CC      arch/arm/mm/init.o
  CC      arch/arm/mm/iomap.o
  CC      arch/arm/mm/fault-armv.o
  CC      arch/arm/mm/flush.o
  CC      arch/arm/mm/idmap.o
  CC      arch/arm/mm/ioremap.o
  CC      arch/arm/mm/mmap.o
  CC      arch/arm/mm/pgd.o
  CC      arch/arm/mm/mmu.o
  CC      arch/arm/mm/pageattr.o
  CC      arch/arm/mm/proc-syms.o
  CC      arch/arm/mm/alignment.o
  CC      arch/arm/mm/highmem.o
  AS      arch/arm/mm/abort-ev7.o
  AS      arch/arm/mm/pabort-v7.o
  AS      arch/arm/mm/cache-v7.o
  CC      arch/arm/mm/copypage-v6.o
  CC      arch/arm/mm/context.o
  AS      arch/arm/mm/tlb-v7.o
  AS      arch/arm/mm/proc-v7.o
  CC      arch/arm/mm/l2c-common.o
  CC      arch/arm/mm/cache-l2x0.o
  AS      arch/arm/mm/l2c-l2x0-resume.o
  LD      arch/arm/mm/built-in.o
  CC      arch/arm/common/firmware.o
  CC      arch/arm/common/edma.o
  LD      arch/arm/common/built-in.o
  CC      arch/arm/probes/decode.o
  CC      arch/arm/probes/decode-arm.o
  CC      arch/arm/probes/kprobes/core.o
  CC      arch/arm/probes/kprobes/actions-common.o
  CC      arch/arm/probes/kprobes/checkers-common.o
  CC      arch/arm/probes/kprobes/actions-arm.o
  CC      arch/arm/probes/kprobes/checkers-arm.o
  LD      arch/arm/probes/kprobes/built-in.o
  CC      arch/arm/probes/uprobes/core.o
  CC      arch/arm/probes/uprobes/actions-arm.o
  LD      arch/arm/probes/uprobes/built-in.o
  LD      arch/arm/probes/built-in.o
  CC      arch/arm/net/bpf_jit_32.o
  LD      arch/arm/net/built-in.o
  LD      arch/arm/crypto/built-in.o
  LD      arch/arm/firmware/built-in.o
  CC      arch/arm/mach-omap2/id.o
  CC      arch/arm/mach-omap2/io.o
  CC      arch/arm/mach-omap2/control.o
  CC      arch/arm/mach-omap2/mux.o
  CC      arch/arm/mach-omap2/devices.o
  CC      arch/arm/mach-omap2/fb.o
  CC      arch/arm/mach-omap2/serial.o
  CC      arch/arm/mach-omap2/timer.o
  CC      arch/arm/mach-omap2/pm.o
  CC      arch/arm/mach-omap2/common.o
  CC      arch/arm/mach-omap2/gpio.o
  CC      arch/arm/mach-omap2/dma.o
  CC      arch/arm/mach-omap2/wd_timer.o
  CC      arch/arm/mach-omap2/display.o
  CC      arch/arm/mach-omap2/i2c.o
  CC      arch/arm/mach-omap2/hdq1w.o
  CC      arch/arm/mach-omap2/omap_hwmod.o
  CC      arch/arm/mach-omap2/omap_device.o
  CC      arch/arm/mach-omap2/sram.o
  CC      arch/arm/mach-omap2/drm.o
  CC      arch/arm/mach-omap2/omap_hwmod_reset.o
  CC      arch/arm/mach-omap2/omap_hwmod_common_data.o
  CC      arch/arm/mach-omap2/mcbsp.o
  CC      arch/arm/mach-omap2/omap_twl.o
  CC      arch/arm/mach-omap2/sdrc.o
  CC      arch/arm/mach-omap2/am33xx-restart.o
  CC      arch/arm/mach-omap2/omap-pm-noop.o
  CC      arch/arm/mach-omap2/pm33xx.o
  CC      arch/arm/mach-omap2/pm33xx-core.o
  AS      arch/arm/mach-omap2/sleep33xx.o
  CC      arch/arm/mach-omap2/pm-debug.o
  CC      arch/arm/mach-omap2/prm_common.o
  CC      arch/arm/mach-omap2/cm_common.o
  CC      arch/arm/mach-omap2/prm33xx.o
  CC      arch/arm/mach-omap2/cm33xx.o
  CC      arch/arm/mach-omap2/voltage.o
  CC      arch/arm/mach-omap2/vc.o
  CC      arch/arm/mach-omap2/vp.o
  CC      arch/arm/mach-omap2/powerdomain.o
  CC      arch/arm/mach-omap2/powerdomain-common.o
  CC      arch/arm/mach-omap2/powerdomains33xx_data.o
  CC      arch/arm/mach-omap2/clockdomain.o
  CC      arch/arm/mach-omap2/clockdomains33xx_data.o
  CC      arch/arm/mach-omap2/clock.o
  CC      arch/arm/mach-omap2/clock_common_data.o
  CC      arch/arm/mach-omap2/clkt_dpll.o
  CC      arch/arm/mach-omap2/clkt_clksel.o
  CC      arch/arm/mach-omap2/dpll3xxx.o
  CC      arch/arm/mach-omap2/omap_hwmod_common_ipblock_data.o
  CC      arch/arm/mach-omap2/omap_hwmod_33xx_data.o
  CC      arch/arm/mach-omap2/omap_hwmod_33xx_43xx_interconnect_data.o
  CC      arch/arm/mach-omap2/omap_hwmod_33xx_43xx_ipblock_data.o
  CC      arch/arm/mach-omap2/pmu.o
  CC      arch/arm/mach-omap2/omap-iommu.o
  CC      arch/arm/mach-omap2/board-generic.o
  CC      arch/arm/mach-omap2/pdata-quirks.o
  CC      arch/arm/mach-omap2/board-flash.o
  CC      arch/arm/mach-omap2/hsmmc.o
  CC      arch/arm/mach-omap2/usb-musb.o
  CC      arch/arm/mach-omap2/omap_phy_internal.o
  CC      arch/arm/mach-omap2/usb-host.o
  CC      arch/arm/mach-omap2/gpmc-nand.o
  CC      arch/arm/mach-omap2/gpmc-smsc911x.o
  CC      arch/arm/mach-omap2/common-board-devices.o
  CC      arch/arm/mach-omap2/twl-common.o
  CC      arch/arm/mach-omap2/dss-common.o
  LD      arch/arm/mach-omap2/built-in.o
  CC      arch/arm/plat-omap/sram.o
  CC      arch/arm/plat-omap/dma.o
  CC      arch/arm/plat-omap/counter_32k.o
  CC      arch/arm/plat-omap/dmtimer.o
  CC      arch/arm/plat-omap/i2c.o
  LD      arch/arm/plat-omap/built-in.o
  CC      kernel/fork.o
  CC      kernel/exec_domain.o
  CC      kernel/panic.o
  CC      kernel/cpu.o
  CC      kernel/exit.o
  CC      kernel/softirq.o
  CC      kernel/resource.o
  CC      kernel/sysctl.o
  CC      kernel/sysctl_binary.o
  CC      kernel/capability.o
  CC      kernel/ptrace.o
  CC      kernel/user.o
  CC      kernel/signal.o
  CC      kernel/sys.o
  CC      kernel/kmod.o
  CC      kernel/workqueue.o
  CC      kernel/pid.o
  CC      kernel/task_work.o
  CC      kernel/extable.o
  CC      kernel/params.o
  CC      kernel/kthread.o
  CC      kernel/sys_ni.o
  CC      kernel/nsproxy.o
  CC      kernel/notifier.o
  CC      kernel/ksysfs.o
  CC      kernel/cred.o
  CC      kernel/reboot.o
  CC      kernel/async.o
  CC      kernel/range.o
  CC      kernel/smpboot.o
  CC      kernel/groups.o
  CC      kernel/bpf/core.o
  CC      kernel/bpf/syscall.o
  CC      kernel/bpf/verifier.o
  CC      kernel/bpf/hashtab.o
  CC      kernel/bpf/arraymap.o
  CC      kernel/bpf/helpers.o
  LD      kernel/bpf/built-in.o
  CC      kernel/debug/debug_core.o
  CC      kernel/debug/gdbstub.o
  CC      kernel/debug/kdb/kdb_io.o
  CC      kernel/debug/kdb/kdb_main.o
  CC      kernel/debug/kdb/kdb_support.o
  CC      kernel/debug/kdb/kdb_bt.o
  GENKDB  kernel/debug/kdb/gen-kdb_cmds.c
  CC      kernel/debug/kdb/gen-kdb_cmds.o
  CC      kernel/debug/kdb/kdb_bp.o
  CC      kernel/debug/kdb/kdb_debugger.o
  CC      kernel/debug/kdb/kdb_keyboard.o
  LD      kernel/debug/kdb/built-in.o
  LD      kernel/debug/built-in.o
  CC      kernel/events/core.o
  CC      kernel/events/ring_buffer.o
  CC      kernel/events/callchain.o
  CC      kernel/events/hw_breakpoint.o
  CC      kernel/events/uprobes.o
  LD      kernel/events/built-in.o
  CC      kernel/irq/irqdesc.o
  CC      kernel/irq/handle.o
  CC      kernel/irq/manage.o
  CC      kernel/irq/spurious.o
  CC      kernel/irq/resend.o
  CC      kernel/irq/chip.o
  CC      kernel/irq/dummychip.o
  CC      kernel/irq/devres.o
  CC      kernel/irq/generic-chip.o
  CC      kernel/irq/autoprobe.o
  CC      kernel/irq/irqdomain.o
  CC      kernel/irq/proc.o
  CC      kernel/irq/pm.o
  LD      kernel/irq/built-in.o
  LD      kernel/livepatch/built-in.o
  CC      kernel/locking/semaphore.o
  CC      kernel/locking/rtmutex.o
  CC      kernel/locking/percpu-rwsem.o
  CC      kernel/locking/rt.o
  LD      kernel/locking/built-in.o
  CC      kernel/power/qos.o
  CC      kernel/power/main.o
  CC      kernel/power/console.o
  CC      kernel/power/process.o
  CC      kernel/power/suspend.o
  CC      kernel/power/hibernate.o
  CC      kernel/power/snapshot.o
  CC      kernel/power/swap.o
  CC      kernel/power/user.o
  CC      kernel/power/block_io.o
  CC      kernel/power/autosleep.o
  CC      kernel/power/wakelock.o
  CC      kernel/power/poweroff.o
  LD      kernel/power/built-in.o
  CC      kernel/printk/printk.o
  CC      kernel/printk/braille.o
  LD      kernel/printk/built-in.o
  CC      kernel/rcu/update.o
  CC      kernel/rcu/srcu.o
  CC      kernel/rcu/tree.o
  LD      kernel/rcu/built-in.o
  CC      kernel/sched/core.o
  CC      kernel/sched/proc.o
  CC      kernel/sched/clock.o
  CC      kernel/sched/cputime.o
  CC      kernel/sched/idle_task.o
  CC      kernel/sched/fair.o
  CC      kernel/sched/rt.o
  CC      kernel/sched/deadline.o
  CC      kernel/sched/stop_task.o
  CC      kernel/sched/wait.o
  CC      kernel/sched/wait-simple.o
  CC      kernel/sched/work-simple.o
  CC      kernel/sched/completion.o
  CC      kernel/sched/idle.o
  CC      kernel/sched/auto_group.o
  CC      kernel/sched/stats.o
  CC      kernel/sched/debug.o
  CC      kernel/sched/cpuacct.o
  LD      kernel/sched/built-in.o
  HZFILE  kernel/time/hz.bc
  BC      kernel/time/timeconst.h
  CC      kernel/time/time.o
  CC      kernel/time/timer.o
kernel/time/timer.c:1090:74: warning: ‘__tvec_bases’ defined but not used [-Wunused-variable]
  CC      kernel/time/hrtimer.o
  CC      kernel/time/itimer.o
  CC      kernel/time/posix-timers.o
  CC      kernel/time/posix-cpu-timers.o
  CC      kernel/time/timekeeping.o
  CC      kernel/time/ntp.o
  CC      kernel/time/clocksource.o
  CC      kernel/time/jiffies.o
  CC      kernel/time/timer_list.o
  CC      kernel/time/timeconv.o
  CC      kernel/time/timecounter.o
  CC      kernel/time/posix-clock.o
  CC      kernel/time/alarmtimer.o
  CC      kernel/time/clockevents.o
  CC      kernel/time/tick-common.o
  CC      kernel/time/sched_clock.o
  CC      kernel/time/tick-oneshot.o
  CC      kernel/time/tick-sched.o
  CC      kernel/time/timer_stats.o
  CC      kernel/time/timekeeping_debug.o
  LD      kernel/time/built-in.o
  CC      kernel/trace/trace_clock.o
  CC      kernel/trace/ftrace.o
  LD      kernel/trace/libftrace.o
  CC      kernel/trace/ring_buffer.o
  CC      kernel/trace/trace.o
  CC      kernel/trace/trace_output.o
  CC      kernel/trace/trace_seq.o
  CC      kernel/trace/trace_stat.o
  CC      kernel/trace/trace_printk.o
  CC      kernel/trace/trace_sched_switch.o
  CC      kernel/trace/trace_functions.o
  CC      kernel/trace/trace_nop.o
  CC      kernel/trace/trace_stack.o
  CC      kernel/trace/trace_functions_graph.o
  CC      kernel/trace/blktrace.o
  CC      kernel/trace/trace_events.o
  CC      kernel/trace/trace_export.o
  CC      kernel/trace/trace_syscalls.o
  CC      kernel/trace/trace_event_perf.o
  CC      kernel/trace/trace_events_filter.o
  CC      kernel/trace/trace_events_trigger.o
  CC      kernel/trace/bpf_trace.o
  CC      kernel/trace/trace_kprobe.o
  CC      kernel/trace/power-traces.o
  CC      kernel/trace/rpm-traces.o
  CC      kernel/trace/trace_kdb.o
  CC      kernel/trace/trace_probe.o
  CC      kernel/trace/trace_uprobe.o
  LD      kernel/trace/built-in.o
  CC      kernel/kcmp.o
  CC      kernel/freezer.o
  CC      kernel/profile.o
  CC      kernel/stacktrace.o
  CC      kernel/futex.o
  CC      kernel/up.o
  CC      kernel/uid16.o
  CC      kernel/module.o
  CC      kernel/kallsyms.o
  CC      kernel/acct.o
  CC      kernel/kexec.o
  CC      kernel/cgroup.o
kernel/cgroup.c: In function ‘cgroup_mount’:
kernel/cgroup.c:1887:13: warning: ‘root’ may be used uninitialized in this function [-Wuninitialized]
kernel/cgroup.c:1743:22: note: ‘root’ was declared here
  CC      kernel/cgroup_freezer.o
  CC      kernel/cpuset.o
  CC      kernel/utsname.o
  CC      kernel/user_namespace.o
  CC      kernel/pid_namespace.o
  GZIP    kernel/config_data.gz
  CHK     kernel/config_data.h
  UPD     kernel/config_data.h
  CC      kernel/configs.o
  CC      kernel/audit.o
  CC      kernel/auditfilter.o
  CC      kernel/auditsc.o
  CC      kernel/audit_watch.o
  CC      kernel/audit_tree.o
  CC      kernel/kprobes.o
  CC      kernel/hung_task.o
  CC      kernel/watchdog.o
  CC      kernel/seccomp.o
  CC      kernel/relay.o
  CC      kernel/utsname_sysctl.o
  CC      kernel/delayacct.o
  CC      kernel/taskstats.o
  CC      kernel/tsacct.o
  CC      kernel/tracepoint.o
  CC      kernel/elfcore.o
  CC      kernel/irq_work.o
  CC      kernel/cpu_pm.o
  LD      kernel/built-in.o
  CC      mm/filemap.o
  CC      mm/mempool.o
  CC      mm/oom_kill.o
  CC      mm/maccess.o
  CC      mm/page_alloc.o
  CC      mm/page-writeback.o
  CC      mm/readahead.o
  CC      mm/swap.o
  CC      mm/truncate.o
  CC      mm/vmscan.o
  CC      mm/shmem.o
  CC      mm/util.o
  CC      mm/mmzone.o
  CC      mm/vmstat.o
  CC      mm/backing-dev.o
  CC      mm/mm_init.o
  CC      mm/mmu_context.o
  CC      mm/percpu.o
  CC      mm/slab_common.o
  CC      mm/compaction.o
  CC      mm/vmacache.o
  CC      mm/interval_tree.o
  CC      mm/list_lru.o
  CC      mm/workingset.o
  CC      mm/prfile.o
  CC      mm/debug.o
  CC      mm/gup.o
  CC      mm/highmem.o
  CC      mm/memory.o
  CC      mm/mincore.o
  CC      mm/mlock.o
  CC      mm/mmap.o
  CC      mm/mprotect.o
  CC      mm/mremap.o
  CC      mm/msync.o
  CC      mm/rmap.o
  CC      mm/vmalloc.o
  CC      mm/pagewalk.o
  CC      mm/pgtable-generic.o
  CC      mm/process_vm_access.o
  CC      mm/init-mm.o
  CC      mm/nobootmem.o
  CC      mm/fadvise.o
  CC      mm/madvise.o
  CC      mm/memblock.o
  CC      mm/page_io.o
  CC      mm/swap_state.o
  CC      mm/swapfile.o
  CC      mm/frontswap.o
  CC      mm/zswap.o
  CC      mm/dmapool.o
  CC      mm/ksm.o
  CC      mm/slub.o
  CC      mm/migrate.o
  CC      mm/page_counter.o
  CC      mm/memcontrol.o
  CC      mm/vmpressure.o
  CC      mm/swap_cgroup.o
  CC      mm/page_isolation.o
  CC      mm/zpool.o
  CC      mm/zbud.o
  CC      mm/cma.o
  CC      mm/balloon_compaction.o
  LD      mm/built-in.o
  CC      fs/open.o
  CC      fs/read_write.o
  CC      fs/file_table.o
  CC      fs/super.o
  CC      fs/char_dev.o
  CC      fs/stat.o
  CC      fs/exec.o
  CC      fs/pipe.o
  CC      fs/namei.o
  CC      fs/fcntl.o
  CC      fs/ioctl.o
  CC      fs/readdir.o
  CC      fs/select.o
  CC      fs/dcache.o
  CC      fs/inode.o
  CC      fs/attr.o
  CC      fs/bad_inode.o
  CC      fs/file.o
  CC      fs/filesystems.o
  CC      fs/namespace.o
  CC      fs/seq_file.o
  CC      fs/xattr.o
  CC      fs/libfs.o
  CC      fs/fs-writeback.o
  CC      fs/pnode.o
  CC      fs/splice.o
  CC      fs/sync.o
  CC      fs/utimes.o
  CC      fs/stack.o
  CC      fs/fs_struct.o
  CC      fs/statfs.o
  CC      fs/fs_pin.o
  CC      fs/nsfs.o
  CC      fs/buffer.o
  CC      fs/block_dev.o
  CC      fs/direct-io.o
  CC      fs/mpage.o
  CC      fs/proc_namespace.o
  LD      fs/9p/built-in.o
  LD      fs/adfs/built-in.o
  LD      fs/affs/built-in.o
  LD      fs/afs/built-in.o
  LD      fs/aufs/built-in.o
  CC      fs/autofs4/init.o
  CC      fs/autofs4/inode.o
  CC      fs/autofs4/root.o
  CC      fs/autofs4/symlink.o
  CC      fs/autofs4/waitq.o
  CC      fs/autofs4/expire.o
  CC      fs/autofs4/dev-ioctl.o
  LD      fs/autofs4/autofs4.o
  LD      fs/autofs4/built-in.o
  LD      fs/befs/built-in.o
  LD      fs/bfs/built-in.o
  CC      fs/btrfs/super.o
  CC      fs/btrfs/ctree.o
  CC      fs/btrfs/extent-tree.o
  CC      fs/btrfs/print-tree.o
  CC      fs/btrfs/root-tree.o
  CC      fs/btrfs/dir-item.o
  CC      fs/btrfs/file-item.o
  CC      fs/btrfs/inode-item.o
  CC      fs/btrfs/inode-map.o
  CC      fs/btrfs/disk-io.o
  CC      fs/btrfs/transaction.o
  CC      fs/btrfs/inode.o
  CC      fs/btrfs/file.o
  CC      fs/btrfs/tree-defrag.o
  CC      fs/btrfs/extent_map.o
  CC      fs/btrfs/sysfs.o
  CC      fs/btrfs/struct-funcs.o
  CC      fs/btrfs/xattr.o
  CC      fs/btrfs/ordered-data.o
  CC      fs/btrfs/extent_io.o
  CC      fs/btrfs/volumes.o
  CC      fs/btrfs/async-thread.o
  CC      fs/btrfs/ioctl.o
  CC      fs/btrfs/locking.o
  CC      fs/btrfs/orphan.o
  CC      fs/btrfs/export.o
  CC      fs/btrfs/tree-log.o
  CC      fs/btrfs/free-space-cache.o
  CC      fs/btrfs/zlib.o
  CC      fs/btrfs/lzo.o
  CC      fs/btrfs/compression.o
  CC      fs/btrfs/delayed-ref.o
  CC      fs/btrfs/relocation.o
  CC      fs/btrfs/delayed-inode.o
  CC      fs/btrfs/scrub.o
  CC      fs/btrfs/reada.o
  CC      fs/btrfs/backref.o
  CC      fs/btrfs/ulist.o
  CC      fs/btrfs/qgroup.o
  CC      fs/btrfs/send.o
  CC      fs/btrfs/dev-replace.o
  CC      fs/btrfs/raid56.o
  CC      fs/btrfs/uuid-tree.o
  CC      fs/btrfs/props.o
  CC      fs/btrfs/hash.o
  CC      fs/btrfs/acl.o
  LD      fs/btrfs/btrfs.o
  LD      fs/btrfs/built-in.o
  LD      fs/cachefiles/built-in.o
  LD      fs/ceph/built-in.o
  LD      fs/cifs/built-in.o
  LD      fs/coda/built-in.o
  CC      fs/configfs/inode.o
  CC      fs/configfs/file.o
  CC      fs/configfs/dir.o
  CC      fs/configfs/symlink.o
  CC      fs/configfs/mount.o
  CC      fs/configfs/item.o
  LD      fs/configfs/configfs.o
  LD      fs/configfs/built-in.o
  CC      fs/debugfs/inode.o
  CC      fs/debugfs/file.o
  LD      fs/debugfs/debugfs.o
  LD      fs/debugfs/built-in.o
  CC      fs/devpts/inode.o
  LD      fs/devpts/devpts.o
  LD      fs/devpts/built-in.o
  LD      fs/dlm/built-in.o
  LD      fs/ecryptfs/built-in.o
  LD      fs/efs/built-in.o
  LD      fs/exofs/built-in.o
  CC      fs/exportfs/expfs.o
  LD      fs/exportfs/exportfs.o
  LD      fs/exportfs/built-in.o
  CC      fs/ext4/balloc.o
  CC      fs/ext4/bitmap.o
  CC      fs/ext4/dir.o
  CC      fs/ext4/file.o
  CC      fs/ext4/fsync.o
  CC      fs/ext4/ialloc.o
  CC      fs/ext4/inode.o
  CC      fs/ext4/page-io.o
  CC      fs/ext4/ioctl.o
  CC      fs/ext4/namei.o
  CC      fs/ext4/super.o
  CC      fs/ext4/symlink.o
  CC      fs/ext4/hash.o
  CC      fs/ext4/resize.o
  CC      fs/ext4/extents.o
  CC      fs/ext4/ext4_jbd2.o
  CC      fs/ext4/migrate.o
  CC      fs/ext4/mballoc.o
  CC      fs/ext4/block_validity.o
  CC      fs/ext4/move_extent.o
  CC      fs/ext4/mmp.o
  CC      fs/ext4/indirect.o
  CC      fs/ext4/extents_status.o
  CC      fs/ext4/xattr.o
  CC      fs/ext4/xattr_user.o
  CC      fs/ext4/xattr_trusted.o
  CC      fs/ext4/inline.o
  CC      fs/ext4/readpage.o
  CC      fs/ext4/acl.o
  CC      fs/ext4/xattr_security.o
  CC      fs/ext4/crypto_policy.o
  CC      fs/ext4/crypto.o
  CC      fs/ext4/crypto_key.o
  CC      fs/ext4/crypto_fname.o
  LD      fs/ext4/ext4.o
  LD      fs/ext4/built-in.o
  CC      fs/f2fs/dir.o
  CC      fs/f2fs/file.o
  CC      fs/f2fs/inode.o
  CC      fs/f2fs/namei.o
  CC      fs/f2fs/hash.o
  CC      fs/f2fs/super.o
  CC      fs/f2fs/inline.o
  CC      fs/f2fs/checkpoint.o
  CC      fs/f2fs/gc.o
  CC      fs/f2fs/data.o
  CC      fs/f2fs/node.o
  CC      fs/f2fs/segment.o
  CC      fs/f2fs/recovery.o
  CC      fs/f2fs/debug.o
  CC      fs/f2fs/xattr.o
  CC      fs/f2fs/acl.o
  LD      fs/f2fs/f2fs.o
  LD      fs/f2fs/built-in.o
  CC      fs/fat/cache.o
  CC      fs/fat/dir.o
  CC      fs/fat/fatent.o
  CC      fs/fat/file.o
  CC      fs/fat/inode.o
  CC      fs/fat/misc.o
  CC      fs/fat/nfs.o
  LD      fs/fat/fat.o
  CC      fs/fat/namei_vfat.o
  LD      fs/fat/vfat.o
  CC      fs/fat/namei_msdos.o
  LD      fs/fat/msdos.o
  LD      fs/fat/built-in.o
  LD      fs/freevxfs/built-in.o
  LD      fs/fscache/built-in.o
  CC      fs/fuse/dev.o
  CC      fs/fuse/dir.o
  CC      fs/fuse/file.o
  CC      fs/fuse/inode.o
  CC      fs/fuse/control.o
  LD      fs/fuse/fuse.o
  LD      fs/fuse/built-in.o
  LD      fs/gfs2/built-in.o
  LD      fs/hfs/built-in.o
  LD      fs/hfsplus/built-in.o
  LD      fs/isofs/built-in.o
  CC      fs/jbd2/transaction.o
  CC      fs/jbd2/commit.o
  CC      fs/jbd2/recovery.o
  CC      fs/jbd2/checkpoint.o
  CC      fs/jbd2/revoke.o
  CC      fs/jbd2/journal.o
  LD      fs/jbd2/jbd2.o
  LD      fs/jbd2/built-in.o
  LD      fs/jffs2/built-in.o
  LD      fs/jfs/built-in.o
  CC      fs/kernfs/mount.o
  CC      fs/kernfs/inode.o
  CC      fs/kernfs/dir.o
  CC      fs/kernfs/file.o
  CC      fs/kernfs/symlink.o
  LD      fs/kernfs/built-in.o
  CC      fs/lockd/clntlock.o
  CC      fs/lockd/clntproc.o
  CC      fs/lockd/clntxdr.o
  CC      fs/lockd/host.o
  CC      fs/lockd/svc.o
  CC      fs/lockd/svclock.o
  CC      fs/lockd/svcshare.o
  CC      fs/lockd/svcproc.o
  CC      fs/lockd/svcsubs.o
  CC      fs/lockd/mon.o
  CC      fs/lockd/xdr.o
  CC      fs/lockd/clnt4xdr.o
  CC      fs/lockd/xdr4.o
  CC      fs/lockd/svc4proc.o
  CC      fs/lockd/procfs.o
  LD      fs/lockd/lockd.o
  LD      fs/lockd/built-in.o
  LD      fs/logfs/built-in.o
  LD      fs/minix/built-in.o
  LD      fs/ncpfs/built-in.o
  CC      fs/nfs/client.o
  CC      fs/nfs/dir.o
  CC      fs/nfs/file.o
  CC      fs/nfs/getroot.o
  CC      fs/nfs/inode.o
  CC      fs/nfs/super.o
  CC      fs/nfs/direct.o
  CC      fs/nfs/pagelist.o
  CC      fs/nfs/read.o
  CC      fs/nfs/symlink.o
  CC      fs/nfs/unlink.o
  CC      fs/nfs/write.o
  CC      fs/nfs/namespace.o
  CC      fs/nfs/mount_clnt.o
  CC      fs/nfs/nfstrace.o
  CC      fs/nfs/nfsroot.o
  CC      fs/nfs/sysctl.o
  LD      fs/nfs/nfs.o
  CC      fs/nfs/nfs2super.o
  CC      fs/nfs/proc.o
  CC      fs/nfs/nfs2xdr.o
  LD      fs/nfs/nfsv2.o
  CC      fs/nfs/nfs3super.o
  CC      fs/nfs/nfs3client.o
  CC      fs/nfs/nfs3proc.o
  CC      fs/nfs/nfs3xdr.o
  CC      fs/nfs/nfs3acl.o
  LD      fs/nfs/nfsv3.o
  CC      fs/nfs/nfs4proc.o
  CC      fs/nfs/nfs4xdr.o
  CC      fs/nfs/nfs4state.o
  CC      fs/nfs/nfs4renewd.o
  CC      fs/nfs/nfs4super.o
  CC      fs/nfs/nfs4file.o
  CC      fs/nfs/delegation.o
  CC      fs/nfs/nfs4idmap.o
  CC      fs/nfs/callback.o
  CC      fs/nfs/callback_xdr.o
  CC      fs/nfs/callback_proc.o
  CC      fs/nfs/nfs4namespace.o
  CC      fs/nfs/nfs4getroot.o
  CC      fs/nfs/nfs4client.o
  CC      fs/nfs/nfs4session.o
  CC      fs/nfs/dns_resolve.o
  CC      fs/nfs/nfs4trace.o
  CC      fs/nfs/nfs4sysctl.o
  CC      fs/nfs/pnfs.o
  CC      fs/nfs/pnfs_dev.o
  CC      fs/nfs/pnfs_nfs.o
  CC      fs/nfs/nfs42proc.o
  LD      fs/nfs/nfsv4.o
  LD      fs/nfs/blocklayout/built-in.o
  CC      fs/nfs/filelayout/filelayout.o
  CC      fs/nfs/filelayout/filelayoutdev.o
  LD      fs/nfs/filelayout/nfs_layout_nfsv41_files.o
  LD      fs/nfs/filelayout/built-in.o
  LD      fs/nfs/flexfilelayout/built-in.o
  LD      fs/nfs/objlayout/built-in.o
  LD      fs/nfs/built-in.o
  CC      fs/nfs_common/nfsacl.o
  LD      fs/nfs_common/nfs_acl.o
  CC      fs/nfs_common/grace.o
  LD      fs/nfs_common/built-in.o
  LD      fs/nfsd/built-in.o
  LD      fs/nilfs2/built-in.o
  CC      fs/nls/nls_base.o
  CC      fs/nls/nls_cp437.o
  CC      fs/nls/nls_iso8859-1.o
  LD      fs/nls/built-in.o
  CC      fs/notify/fsnotify.o
  CC      fs/notify/notification.o
  CC      fs/notify/group.o
  CC      fs/notify/inode_mark.o
  CC      fs/notify/mark.o
  CC      fs/notify/vfsmount_mark.o
  CC      fs/notify/fdinfo.o
  CC      fs/notify/dnotify/dnotify.o
  LD      fs/notify/dnotify/built-in.o
  CC      fs/notify/fanotify/fanotify.o
  CC      fs/notify/fanotify/fanotify_user.o
  LD      fs/notify/fanotify/built-in.o
  CC      fs/notify/inotify/inotify_fsnotify.o
  CC      fs/notify/inotify/inotify_user.o
  LD      fs/notify/inotify/built-in.o
  LD      fs/notify/built-in.o
  LD      fs/ntfs/built-in.o
  LD      fs/ocfs2/built-in.o
  LD      fs/ocfs2/cluster/built-in.o
  LD      fs/ocfs2/dlm/built-in.o
  LD      fs/ocfs2/dlmfs/built-in.o
  LD      fs/omfs/built-in.o
  CC      fs/overlayfs/super.o
  CC      fs/overlayfs/inode.o
  CC      fs/overlayfs/dir.o
  CC      fs/overlayfs/readdir.o
  CC      fs/overlayfs/copy_up.o
  LD      fs/overlayfs/overlay.o
  LD      fs/overlayfs/built-in.o
  CC      fs/proc/task_mmu.o
  CC      fs/proc/inode.o
  CC      fs/proc/root.o
  CC      fs/proc/base.o
  CC      fs/proc/generic.o
  CC      fs/proc/array.o
  CC      fs/proc/fd.o
  CC      fs/proc/proc_tty.o
  CC      fs/proc/cmdline.o
  CC      fs/proc/consoles.o
  CC      fs/proc/cpuinfo.o
  CC      fs/proc/devices.o
  CC      fs/proc/interrupts.o
  CC      fs/proc/loadavg.o
  CC      fs/proc/meminfo.o
  CC      fs/proc/stat.o
  CC      fs/proc/uptime.o
  CC      fs/proc/version.o
  CC      fs/proc/softirqs.o
  CC      fs/proc/namespaces.o
  CC      fs/proc/self.o
  CC      fs/proc/thread_self.o
  CC      fs/proc/proc_sysctl.o
  CC      fs/proc/proc_net.o
  CC      fs/proc/kmsg.o
  CC      fs/proc/page.o
  LD      fs/proc/proc.o
  LD      fs/proc/built-in.o
  LD      fs/qnx4/built-in.o
  LD      fs/qnx6/built-in.o
  CC      fs/quota/dquot.o
  CC      fs/quota/quota.o
  CC      fs/quota/kqid.o
  CC      fs/quota/netlink.o
  LD      fs/quota/built-in.o
  CC      fs/ramfs/inode.o
  CC      fs/ramfs/file-mmu.o
  LD      fs/ramfs/ramfs.o
  LD      fs/ramfs/built-in.o
  LD      fs/reiserfs/built-in.o
  LD      fs/romfs/built-in.o
  LD      fs/squashfs/built-in.o
  CC      fs/sysfs/file.o
  CC      fs/sysfs/dir.o
  CC      fs/sysfs/symlink.o
  CC      fs/sysfs/mount.o
  CC      fs/sysfs/group.o
  LD      fs/sysfs/built-in.o
  LD      fs/sysv/built-in.o
  CC      fs/tracefs/inode.o
  LD      fs/tracefs/tracefs.o
  LD      fs/tracefs/built-in.o
  LD      fs/ubifs/built-in.o
  LD      fs/udf/built-in.o
  LD      fs/ufs/built-in.o
  CC      fs/xfs/xfs_trace.o
  CC      fs/xfs/libxfs/xfs_alloc.o
  CC      fs/xfs/libxfs/xfs_alloc_btree.o
  CC      fs/xfs/libxfs/xfs_attr.o
  CC      fs/xfs/libxfs/xfs_attr_leaf.o
  CC      fs/xfs/libxfs/xfs_attr_remote.o
  CC      fs/xfs/libxfs/xfs_bmap.o
  CC      fs/xfs/libxfs/xfs_bmap_btree.o
  CC      fs/xfs/libxfs/xfs_btree.o
  CC      fs/xfs/libxfs/xfs_da_btree.o
  CC      fs/xfs/libxfs/xfs_da_format.o
  CC      fs/xfs/libxfs/xfs_dir2.o
  CC      fs/xfs/libxfs/xfs_dir2_block.o
  CC      fs/xfs/libxfs/xfs_dir2_data.o
  CC      fs/xfs/libxfs/xfs_dir2_leaf.o
  CC      fs/xfs/libxfs/xfs_dir2_node.o
  CC      fs/xfs/libxfs/xfs_dir2_sf.o
  CC      fs/xfs/libxfs/xfs_dquot_buf.o
  CC      fs/xfs/libxfs/xfs_ialloc.o
  CC      fs/xfs/libxfs/xfs_ialloc_btree.o
  CC      fs/xfs/libxfs/xfs_inode_fork.o
  CC      fs/xfs/libxfs/xfs_inode_buf.o
  CC      fs/xfs/libxfs/xfs_log_rlimit.o
  CC      fs/xfs/libxfs/xfs_sb.o
  CC      fs/xfs/libxfs/xfs_symlink_remote.o
  CC      fs/xfs/libxfs/xfs_trans_resv.o
  CC      fs/xfs/libxfs/xfs_rtbitmap.o
  CC      fs/xfs/xfs_aops.o
  CC      fs/xfs/xfs_attr_inactive.o
  CC      fs/xfs/xfs_attr_list.o
  CC      fs/xfs/xfs_bit.o
  CC      fs/xfs/xfs_bmap_util.o
  CC      fs/xfs/xfs_buf.o
  CC      fs/xfs/xfs_dir2_readdir.o
  CC      fs/xfs/xfs_discard.o
  CC      fs/xfs/xfs_error.o
  CC      fs/xfs/xfs_export.o
  CC      fs/xfs/xfs_extent_busy.o
  CC      fs/xfs/xfs_file.o
  CC      fs/xfs/xfs_filestream.o
  CC      fs/xfs/xfs_fsops.o
  CC      fs/xfs/xfs_globals.o
  CC      fs/xfs/xfs_icache.o
  CC      fs/xfs/xfs_ioctl.o
  CC      fs/xfs/xfs_iomap.o
  CC      fs/xfs/xfs_iops.o
  CC      fs/xfs/xfs_inode.o
  CC      fs/xfs/xfs_itable.o
  CC      fs/xfs/xfs_message.o
  CC      fs/xfs/xfs_mount.o
  CC      fs/xfs/xfs_mru_cache.o
  CC      fs/xfs/xfs_super.o
  CC      fs/xfs/xfs_symlink.o
  CC      fs/xfs/xfs_sysfs.o
  CC      fs/xfs/xfs_trans.o
  CC      fs/xfs/xfs_xattr.o
  CC      fs/xfs/kmem.o
  CC      fs/xfs/uuid.o
  CC      fs/xfs/xfs_log.o
  CC      fs/xfs/xfs_log_cil.o
  CC      fs/xfs/xfs_buf_item.o
  CC      fs/xfs/xfs_extfree_item.o
  CC      fs/xfs/xfs_icreate_item.o
  CC      fs/xfs/xfs_inode_item.o
  CC      fs/xfs/xfs_log_recover.o
  CC      fs/xfs/xfs_trans_ail.o
  CC      fs/xfs/xfs_trans_buf.o
  CC      fs/xfs/xfs_trans_extfree.o
  CC      fs/xfs/xfs_trans_inode.o
  CC      fs/xfs/xfs_dquot.o
  CC      fs/xfs/xfs_dquot_item.o
  CC      fs/xfs/xfs_trans_dquot.o
  CC      fs/xfs/xfs_qm_syscalls.o
  CC      fs/xfs/xfs_qm_bhv.o
  CC      fs/xfs/xfs_qm.o
  CC      fs/xfs/xfs_quotaops.o
  CC      fs/xfs/xfs_rtalloc.o
  CC      fs/xfs/xfs_acl.o
  CC      fs/xfs/xfs_stats.o
  CC      fs/xfs/xfs_sysctl.o
  LD      fs/xfs/xfs.o
  LD      fs/xfs/built-in.o
  CC      fs/eventpoll.o
  CC      fs/anon_inodes.o
  CC      fs/signalfd.o
  CC      fs/timerfd.o
  CC      fs/eventfd.o
  CC      fs/aio.o
  CC      fs/locks.o
  CC      fs/binfmt_script.o
  CC      fs/binfmt_elf.o
  CC      fs/mbcache.o
  CC      fs/posix_acl.o
  CC      fs/coredump.o
  CC      fs/drop_caches.o
  CC      fs/fhandle.o
  CC      fs/dcookies.o
  LD      fs/built-in.o
  CC      ipc/util.o
  CC      ipc/msgutil.o
  CC      ipc/msg.o
  CC      ipc/sem.o
  CC      ipc/shm.o
  CC      ipc/syscall.o
  CC      ipc/ipc_sysctl.o
  CC      ipc/mqueue.o
  CC      ipc/namespace.o
  CC      ipc/mq_sysctl.o
  LD      ipc/built-in.o
  CC      security/apparmor/apparmorfs.o
  CC      security/apparmor/audit.o
  GEN     security/apparmor/capability_names.h
  CC      security/apparmor/capability.o
  CC      security/apparmor/context.o
  CC      security/apparmor/ipc.o
  CC      security/apparmor/lib.o
  CC      security/apparmor/match.o
  CC      security/apparmor/path.o
  CC      security/apparmor/domain.o
  CC      security/apparmor/policy.o
  CC      security/apparmor/policy_unpack.o
  CC      security/apparmor/procattr.o
  CC      security/apparmor/lsm.o
  GEN     security/apparmor/rlim_names.h
  CC      security/apparmor/resource.o
  CC      security/apparmor/sid.o
  CC      security/apparmor/file.o
  CC      security/apparmor/crypto.o
  LD      security/apparmor/apparmor.o
  LD      security/apparmor/built-in.o
  CC      security/integrity/iint.o
  CC      security/integrity/integrity_audit.o
  LD      security/integrity/integrity.o
  LD      security/integrity/built-in.o
  CC      security/keys/gc.o
  CC      security/keys/key.o
  CC      security/keys/keyring.o
  CC      security/keys/keyctl.o
  CC      security/keys/permission.o
  CC      security/keys/process_keys.o
  CC      security/keys/request_key.o
  CC      security/keys/request_key_auth.o
  CC      security/keys/user_defined.o
  CC      security/keys/proc.o
  CC      security/keys/sysctl.o
  CC      security/keys/encrypted-keys/encrypted.o
  CC      security/keys/encrypted-keys/ecryptfs_format.o
  LD      security/keys/encrypted-keys/encrypted-keys.o
  LD      security/keys/encrypted-keys/built-in.o
  LD      security/keys/built-in.o
  GEN     security/selinux/flask.h security/selinux/av_permissions.h
  CC      security/selinux/avc.o
  CC      security/selinux/hooks.o
  CC      security/selinux/selinuxfs.o
  CC      security/selinux/netlink.o
  CC      security/selinux/nlmsgtab.o
  CC      security/selinux/netif.o
  CC      security/selinux/netnode.o
  CC      security/selinux/netport.o
  CC      security/selinux/exports.o
  CC      security/selinux/ss/ebitmap.o
  CC      security/selinux/ss/hashtab.o
  CC      security/selinux/ss/symtab.o
  CC      security/selinux/ss/sidtab.o
  CC      security/selinux/ss/avtab.o
  CC      security/selinux/ss/policydb.o
  CC      security/selinux/ss/services.o
  CC      security/selinux/ss/conditional.o
  CC      security/selinux/ss/mls.o
  CC      security/selinux/ss/status.o
  CC      security/selinux/xfrm.o
  CC      security/selinux/netlabel.o
  LD      security/selinux/selinux.o
  LD      security/selinux/built-in.o
  CC      security/tomoyo/audit.o
  POLICY  security/tomoyo/builtin-policy.h
  CC      security/tomoyo/common.o
  CC      security/tomoyo/condition.o
  CC      security/tomoyo/domain.o
  CC      security/tomoyo/environ.o
  CC      security/tomoyo/file.o
  CC      security/tomoyo/gc.o
  CC      security/tomoyo/group.o
  CC      security/tomoyo/load_policy.o
  CC      security/tomoyo/memory.o
  CC      security/tomoyo/mount.o
  CC      security/tomoyo/network.o
  CC      security/tomoyo/realpath.o
  CC      security/tomoyo/securityfs_if.o
  CC      security/tomoyo/tomoyo.o
  CC      security/tomoyo/util.o
  LD      security/tomoyo/built-in.o
  CC      security/yama/yama_lsm.o
  LD      security/yama/yama.o
  LD      security/yama/built-in.o
  CC      security/commoncap.o
  CC      security/min_addr.o
  CC      security/security.o
  CC      security/capability.o
  CC      security/inode.o
  CC      security/lsm_audit.o
  CC      security/device_cgroup.o
  LD      security/built-in.o
  CC      crypto/api.o
  CC      crypto/cipher.o
  CC      crypto/compress.o
  CC      crypto/memneq.o
  LD      crypto/crypto.o
  CC      crypto/crypto_wq.o
  CC      crypto/algapi.o
  CC      crypto/scatterwalk.o
  CC      crypto/proc.o
  LD      crypto/crypto_algapi.o
  CC      crypto/aead.o
  CC      crypto/ablkcipher.o
  CC      crypto/blkcipher.o
  LD      crypto/crypto_blkcipher.o
  CC      crypto/chainiv.o
  CC      crypto/eseqiv.o
  CC      crypto/ahash.o
  CC      crypto/shash.o
  LD      crypto/crypto_hash.o
  CC      crypto/pcompress.o
  CC      crypto/algboss.o
  CC      crypto/testmgr.o
  LD      crypto/cryptomgr.o
  CC      crypto/hmac.o
  CC      crypto/md5.o
  CC      crypto/sha1_generic.o
  CC      crypto/sha256_generic.o
  CC      crypto/sha512_generic.o
  CC      crypto/gf128mul.o
  CC      crypto/ecb.o
  CC      crypto/cbc.o
  CC      crypto/cts.o
  CC      crypto/xts.o
  CC      crypto/des_generic.o
  CC      crypto/aes_generic.o
  CC      crypto/crc32c_generic.o
  CC      crypto/crct10dif_common.o
  CC      crypto/crct10dif_generic.o
  CC      crypto/lzo.o
  CC      crypto/rng.o
  CC      crypto/krng.o
  CC      crypto/af_alg.o
  CC      crypto/algif_hash.o
  CC      crypto/algif_skcipher.o
  CC      crypto/xor.o
  LD      crypto/built-in.o
  LD      crypto/async_tx/built-in.o
  CC      block/bio.o
  CC      block/elevator.o
  CC      block/blk-core.o
  CC      block/blk-tag.o
  CC      block/blk-sysfs.o
  CC      block/blk-flush.o
  CC      block/blk-settings.o
  CC      block/blk-ioc.o
  CC      block/blk-map.o
  CC      block/blk-exec.o
  CC      block/blk-merge.o
  CC      block/blk-softirq.o
  CC      block/blk-timeout.o
  CC      block/blk-iopoll.o
  CC      block/blk-lib.o
  CC      block/blk-mq.o
  CC      block/blk-mq-tag.o
  CC      block/blk-mq-sysfs.o
  CC      block/blk-mq-cpu.o
  CC      block/blk-mq-cpumap.o
  CC      block/ioctl.o
  CC      block/genhd.o
  CC      block/scsi_ioctl.o
  CC      block/partition-generic.o
  CC      block/ioprio.o
  CC      block/partitions/check.o
  CC      block/partitions/msdos.o
  CC      block/partitions/efi.o
  CC      block/partitions/karma.o
  LD      block/partitions/built-in.o
  CC      block/bounce.o
  CC      block/bsg.o
  CC      block/bsg-lib.o
  CC      block/blk-cgroup.o
  CC      block/blk-throttle.o
  CC      block/noop-iosched.o
  CC      block/deadline-iosched.o
  CC      block/cfq-iosched.o
  CC      block/bio-integrity.o
  CC      block/blk-integrity.o
  CC      block/t10-pi.o
  LD      block/built-in.o
  CC      drivers/accessibility/braille/braille_console.o
  LD      drivers/accessibility/braille/built-in.o
  LD      drivers/accessibility/built-in.o
  LD      drivers/amba/built-in.o
  CC      drivers/android/binder.o
  LD      drivers/android/built-in.o
  CC      drivers/ata/libata-core.o
  CC      drivers/ata/libata-scsi.o
  CC      drivers/ata/libata-eh.o
  CC      drivers/ata/libata-transport.o
  CC      drivers/ata/libata-trace.o
  CC      drivers/ata/libata-sff.o
  CC      drivers/ata/libata-pmp.o
  LD      drivers/ata/libata.o
  CC      drivers/ata/ahci_platform.o
  CC      drivers/ata/libahci.o
  CC      drivers/ata/libahci_platform.o
  LD      drivers/ata/built-in.o
  LD      drivers/atm/built-in.o
  LD      drivers/auxdisplay/built-in.o
  CC      drivers/base/component.o
  CC      drivers/base/core.o
  CC      drivers/base/bus.o
  CC      drivers/base/dd.o
  CC      drivers/base/syscore.o
  CC      drivers/base/driver.o
  CC      drivers/base/class.o
  CC      drivers/base/platform.o
  CC      drivers/base/cpu.o
  CC      drivers/base/firmware.o
  CC      drivers/base/init.o
  CC      drivers/base/map.o
  CC      drivers/base/devres.o
  CC      drivers/base/attribute_container.o
  CC      drivers/base/transport_class.o
  CC      drivers/base/topology.o
  CC      drivers/base/container.o
  CC      drivers/base/property.o
  CC      drivers/base/cacheinfo.o
  CC      drivers/base/devtmpfs.o
  CC      drivers/base/dma-contiguous.o
  CC      drivers/base/power/sysfs.o
  CC      drivers/base/power/generic_ops.o
  CC      drivers/base/power/common.o
  CC      drivers/base/power/qos.o
  CC      drivers/base/power/runtime.o
  CC      drivers/base/power/wakeirq.o
  CC      drivers/base/power/main.o
  CC      drivers/base/power/wakeup.o
  CC      drivers/base/power/clock_ops.o
  LD      drivers/base/power/built-in.o
  CC      drivers/base/regmap/regmap.o
  CC      drivers/base/regmap/regcache.o
  CC      drivers/base/regmap/regcache-rbtree.o
  CC      drivers/base/regmap/regcache-lzo.o
  CC      drivers/base/regmap/regcache-flat.o
  CC      drivers/base/regmap/regmap-debugfs.o
  CC      drivers/base/regmap/regmap-i2c.o
  CC      drivers/base/regmap/regmap-spi.o
  CC      drivers/base/regmap/regmap-mmio.o
  CC      drivers/base/regmap/regmap-irq.o
  LD      drivers/base/regmap/built-in.o
  CC      drivers/base/dma-mapping.o
  CC      drivers/base/dma-coherent.o
  CC      drivers/base/firmware_class.o
  CC      drivers/base/module.o
  CC      drivers/base/soc.o
  CC      drivers/base/pinctrl.o
  CC      drivers/base/devcoredump.o
  LD      drivers/base/built-in.o
  LD      drivers/bcma/built-in.o
  LD      drivers/block/built-in.o
  LD      drivers/block/drbd/built-in.o
  LD      drivers/block/zram/built-in.o
  LD      drivers/block/aoe/built-in.o
  LD      drivers/bluetooth/built-in.o
  CC      drivers/bus/arm-cci.o
  CC      drivers/bus/omap_l3_smx.o
  CC      drivers/bus/omap_l3_noc.o
  CC      drivers/bus/omap-ocp2scp.o
  CC      drivers/bus/vexpress-config.o
  LD      drivers/bus/built-in.o
  LD      drivers/cdrom/built-in.o
  CC      drivers/char/mem.o
  CC      drivers/char/random.o
  CC      drivers/char/misc.o
  CC      drivers/char/apm-emulation.o
  LD      drivers/char/agp/built-in.o
  LD      drivers/char/hw_random/built-in.o
  LD      drivers/char/tpm/built-in.o
  LD      drivers/char/built-in.o
  CC      drivers/clk/clk-devres.o
  CC      drivers/clk/clkdev.o
  CC      drivers/clk/clk.o
  CC      drivers/clk/clk-divider.o
  CC      drivers/clk/clk-fixed-factor.o
  CC      drivers/clk/clk-fixed-rate.o
  CC      drivers/clk/clk-gate.o
  CC      drivers/clk/clk-mux.o
  CC      drivers/clk/clk-composite.o
  CC      drivers/clk/clk-fractional-divider.o
  CC      drivers/clk/clk-gpio-gate.o
  CC      drivers/clk/clk-conf.o
  CC      drivers/clk/clk-palmas.o
  CC      drivers/clk/ti/clk.o
  CC      drivers/clk/ti/autoidle.o
  CC      drivers/clk/ti/clockdomain.o
  CC      drivers/clk/ti/dpll.o
  CC      drivers/clk/ti/composite.o
  CC      drivers/clk/ti/divider.o
  CC      drivers/clk/ti/gate.o
  CC      drivers/clk/ti/fixed-factor.o
  CC      drivers/clk/ti/mux.o
  CC      drivers/clk/ti/apll.o
  CC      drivers/clk/ti/clk-33xx.o
  LD      drivers/clk/ti/built-in.o
  LD      drivers/clk/built-in.o
  CC      drivers/clocksource/clksrc-of.o
  CC      drivers/clocksource/mmio.o
  CC      drivers/clocksource/arm_arch_timer.o
  LD      drivers/clocksource/built-in.o
  CC      drivers/connector/cn_queue.o
  CC      drivers/connector/connector.o
  LD      drivers/connector/cn.o
  CC      drivers/connector/cn_proc.o
  LD      drivers/connector/built-in.o
  CC      drivers/crypto/omap-aes.o
  CC      drivers/crypto/omap-aes-gcm.o
  LD      drivers/crypto/omap-aes-driver.o
  CC      drivers/crypto/omap-des.o
  CC      drivers/crypto/omap-sham.o
  LD      drivers/crypto/built-in.o
  CC      drivers/devfreq/devfreq.o
  CC      drivers/devfreq/governor_simpleondemand.o
  CC      drivers/devfreq/governor_performance.o
  CC      drivers/devfreq/governor_powersave.o
  CC      drivers/devfreq/governor_userspace.o
  LD      drivers/devfreq/built-in.o
  CC      drivers/dma/dmaengine.o
  CC      drivers/dma/virt-dma.o
  CC      drivers/dma/of-dma.o
  CC      drivers/dma/dw/core.o
  LD      drivers/dma/dw/dw_dmac_core.o
  CC      drivers/dma/dw/platform.o
  LD      drivers/dma/dw/dw_dmac.o
  LD      drivers/dma/dw/built-in.o
  LD      drivers/dma/xilinx/built-in.o
  CC      drivers/dma/edma.o
  CC      drivers/dma/omap-dma.o
  CC      drivers/dma/cppi41.o
  LD      drivers/dma/built-in.o
  CC      drivers/dma-buf/dma-buf.o
  CC      drivers/dma-buf/fence.o
  CC      drivers/dma-buf/reservation.o
  CC      drivers/dma-buf/seqno-fence.o
  LD      drivers/dma-buf/built-in.o
  CC      drivers/extcon/extcon.o
  CC      drivers/extcon/extcon-gpio.o
  CC      drivers/extcon/extcon-palmas.o
  CC      drivers/extcon/extcon-usb-gpio.o
  LD      drivers/extcon/built-in.o
  LD      drivers/firewire/built-in.o
  LD      drivers/firmware/built-in.o
  CC      drivers/gpio/devres.o
  CC      drivers/gpio/gpiolib.o
  CC      drivers/gpio/gpiolib-legacy.o
  CC      drivers/gpio/gpiolib-of.o
  CC      drivers/gpio/gpiolib-sysfs.o
  CC      drivers/gpio/gpio-of-helper.o
  CC      drivers/gpio/gpio-generic.o
  CC      drivers/gpio/gpio-omap.o
  CC      drivers/gpio/gpio-pcf857x.o
  CC      drivers/gpio/gpio-palmas.o
  CC      drivers/gpio/gpio-twl4030.o
  CC      drivers/gpio/gpio-twl6040.o
  LD      drivers/gpio/built-in.o
  CC      drivers/gpu/drm/drm_crtc_helper.o
  CC      drivers/gpu/drm/drm_dp_helper.o
  CC      drivers/gpu/drm/drm_probe_helper.o
  CC      drivers/gpu/drm/drm_plane_helper.o
  CC      drivers/gpu/drm/drm_dp_mst_topology.o
  CC      drivers/gpu/drm/drm_atomic_helper.o
  CC      drivers/gpu/drm/drm_edid_load.o
  CC      drivers/gpu/drm/drm_fb_helper.o
  CC      drivers/gpu/drm/drm_fb_cma_helper.o
  LD      drivers/gpu/drm/drm_kms_helper.o
  CC      drivers/gpu/drm/drm_auth.o
  CC      drivers/gpu/drm/drm_bufs.o
  CC      drivers/gpu/drm/drm_cache.o
  CC      drivers/gpu/drm/drm_context.o
  CC      drivers/gpu/drm/drm_dma.o
  CC      drivers/gpu/drm/drm_fops.o
  CC      drivers/gpu/drm/drm_gem.o
  CC      drivers/gpu/drm/drm_ioctl.o
  CC      drivers/gpu/drm/drm_irq.o
  CC      drivers/gpu/drm/drm_lock.o
  CC      drivers/gpu/drm/drm_memory.o
  CC      drivers/gpu/drm/drm_drv.o
  CC      drivers/gpu/drm/drm_vm.o
  CC      drivers/gpu/drm/drm_agpsupport.o
  CC      drivers/gpu/drm/drm_scatter.o
  CC      drivers/gpu/drm/drm_pci.o
  CC      drivers/gpu/drm/drm_platform.o
  CC      drivers/gpu/drm/drm_sysfs.o
  CC      drivers/gpu/drm/drm_hashtab.o
  CC      drivers/gpu/drm/drm_mm.o
  CC      drivers/gpu/drm/drm_crtc.o
  CC      drivers/gpu/drm/drm_modes.o
  CC      drivers/gpu/drm/drm_edid.o
  CC      drivers/gpu/drm/drm_info.o
  CC      drivers/gpu/drm/drm_debugfs.o
  CC      drivers/gpu/drm/drm_encoder_slave.o
  CC      drivers/gpu/drm/drm_trace_points.o
  CC      drivers/gpu/drm/drm_global.o
  CC      drivers/gpu/drm/drm_prime.o
  CC      drivers/gpu/drm/drm_rect.o
  CC      drivers/gpu/drm/drm_vma_manager.o
  CC      drivers/gpu/drm/drm_flip_work.o
  CC      drivers/gpu/drm/drm_modeset_lock.o
  CC      drivers/gpu/drm/drm_atomic.o
  CC      drivers/gpu/drm/drm_bridge.o
  CC      drivers/gpu/drm/drm_gem_cma_helper.o
  CC      drivers/gpu/drm/ati_pcigart.o
  CC      drivers/gpu/drm/drm_of.o
  LD      drivers/gpu/drm/drm.o
  LD      drivers/gpu/drm/bridge/built-in.o
  LD      drivers/gpu/drm/i2c/built-in.o
  CC      drivers/gpu/drm/omapdrm/omap_drv.o
  CC      drivers/gpu/drm/omapdrm/omap_irq.o
  CC      drivers/gpu/drm/omapdrm/omap_debugfs.o
  CC      drivers/gpu/drm/omapdrm/omap_crtc.o
  CC      drivers/gpu/drm/omapdrm/omap_plane.o
  CC      drivers/gpu/drm/omapdrm/omap_encoder.o
  CC      drivers/gpu/drm/omapdrm/omap_connector.o
  CC      drivers/gpu/drm/omapdrm/omap_fb.o
  CC      drivers/gpu/drm/omapdrm/omap_fbdev.o
  CC      drivers/gpu/drm/omapdrm/omap_gem.o
  CC      drivers/gpu/drm/omapdrm/omap_gem_dmabuf.o
  CC      drivers/gpu/drm/omapdrm/omap_dmm_tiler.o
  CC      drivers/gpu/drm/omapdrm/sita.o
  LD      drivers/gpu/drm/omapdrm/omapdrm.o
  LD      drivers/gpu/drm/omapdrm/built-in.o
  LD      drivers/gpu/drm/panel/built-in.o
  CC      drivers/gpu/drm/tilcdc/tilcdc_slave_compat.o
  DTC     drivers/gpu/drm/tilcdc/tilcdc_slave_compat.dtb
  DTB     drivers/gpu/drm/tilcdc/tilcdc_slave_compat.dtb.S
  AS      drivers/gpu/drm/tilcdc/tilcdc_slave_compat.dtb.o
  LD      drivers/gpu/drm/tilcdc/built-in.o
rm drivers/gpu/drm/tilcdc/tilcdc_slave_compat.dtb drivers/gpu/drm/tilcdc/tilcdc_slave_compat.dtb.S
  CC      drivers/gpu/drm/udl/udl_drv.o
  CC      drivers/gpu/drm/udl/udl_modeset.o
  CC      drivers/gpu/drm/udl/udl_connector.o
  CC      drivers/gpu/drm/udl/udl_encoder.o
  CC      drivers/gpu/drm/udl/udl_main.o
  CC      drivers/gpu/drm/udl/udl_fb.o
  CC      drivers/gpu/drm/udl/udl_transfer.o
  CC      drivers/gpu/drm/udl/udl_gem.o
  CC      drivers/gpu/drm/udl/udl_dmabuf.o
  LD      drivers/gpu/drm/udl/udl.o
  LD      drivers/gpu/drm/udl/built-in.o
  LD      drivers/gpu/drm/built-in.o
  CC      drivers/gpu/vga/vgaarb.o
  LD      drivers/gpu/vga/built-in.o
  LD      drivers/gpu/built-in.o
  CC      drivers/hid/hid-core.o
  CC      drivers/hid/hid-input.o
  CC      drivers/hid/hid-debug.o
  CC      drivers/hid/hidraw.o
  LD      drivers/hid/hid.o
  CC      drivers/hid/uhid.o
  CC      drivers/hid/hid-generic.o
  CC      drivers/hid/hid-a4tech.o
  CC      drivers/hid/hid-apple.o
  CC      drivers/hid/hid-belkin.o
  CC      drivers/hid/hid-cherry.o
  CC      drivers/hid/hid-chicony.o
  CC      drivers/hid/hid-cypress.o
  CC      drivers/hid/hid-ezkey.o
  CC      drivers/hid/hid-kensington.o
  CC      drivers/hid/hid-lg.o
  CC      drivers/hid/hid-lgff.o
  CC      drivers/hid/hid-lg2ff.o
  CC      drivers/hid/hid-lg3ff.o
  CC      drivers/hid/hid-lg4ff.o
  LD      drivers/hid/hid-logitech.o
  CC      drivers/hid/hid-logitech-dj.o
  CC      drivers/hid/hid-logitech-hidpp.o
  CC      drivers/hid/hid-microsoft.o
  CC      drivers/hid/hid-monterey.o
  CC      drivers/hid/usbhid/hid-core.o
  CC      drivers/hid/usbhid/hid-quirks.o
  CC      drivers/hid/usbhid/hiddev.o
  CC      drivers/hid/usbhid/hid-pidff.o
  LD      drivers/hid/usbhid/usbhid.o
  LD      drivers/hid/usbhid/built-in.o
  LD      drivers/hid/built-in.o
  CC      drivers/hsi/hsi_boardinfo.o
  LD      drivers/hsi/clients/built-in.o
  LD      drivers/hsi/controllers/built-in.o
  LD      drivers/hsi/built-in.o
  CC      drivers/hwmon/hwmon.o
  CC      drivers/hwmon/gpio-fan.o
  CC      drivers/hwmon/tmp102.o
  LD      drivers/hwmon/built-in.o
  CC      drivers/hwspinlock/hwspinlock_core.o
  CC      drivers/hwspinlock/omap_hwspinlock.o
  LD      drivers/hwspinlock/built-in.o
  CC      drivers/i2c/i2c-boardinfo.o
  CC      drivers/i2c/i2c-core.o
  CC      drivers/i2c/i2c-dev.o
  CC      drivers/i2c/i2c-mux.o
  CC      drivers/i2c/algos/i2c-algo-bit.o
  LD      drivers/i2c/algos/built-in.o
  CC      drivers/i2c/busses/i2c-gpio.o
  CC      drivers/i2c/busses/i2c-omap.o
  LD      drivers/i2c/busses/built-in.o
  CC      drivers/i2c/muxes/i2c-mux-pca954x.o
  LD      drivers/i2c/muxes/built-in.o
  LD      drivers/i2c/built-in.o
  LD      drivers/idle/built-in.o
  LD      drivers/iio/accel/built-in.o
  LD      drivers/iio/adc/built-in.o
  LD      drivers/iio/amplifiers/built-in.o
  LD      drivers/iio/common/hid-sensors/built-in.o
  LD      drivers/iio/common/ssp_sensors/built-in.o
  LD      drivers/iio/common/st_sensors/built-in.o
  LD      drivers/iio/common/built-in.o
  LD      drivers/iio/dac/built-in.o
  LD      drivers/iio/frequency/built-in.o
  LD      drivers/iio/gyro/built-in.o
  LD      drivers/iio/humidity/built-in.o
  LD      drivers/iio/imu/inv_mpu6050/built-in.o
  LD      drivers/iio/imu/built-in.o
  LD      drivers/iio/light/built-in.o
  LD      drivers/iio/magnetometer/built-in.o
  LD      drivers/iio/orientation/built-in.o
  LD      drivers/iio/pressure/built-in.o
  LD      drivers/iio/proximity/built-in.o
  LD      drivers/iio/temperature/built-in.o
  LD      drivers/iio/trigger/built-in.o
  LD      drivers/iio/built-in.o
  CC      drivers/input/input.o
  CC      drivers/input/input-compat.o
  CC      drivers/input/input-mt.o
  CC      drivers/input/ff-core.o
  LD      drivers/input/input-core.o
  CC      drivers/input/ff-memless.o
  CC      drivers/input/mousedev.o
  CC      drivers/input/joydev.o
  CC      drivers/input/evdev.o
  CC      drivers/input/keyboard/atkbd.o
  CC      drivers/input/keyboard/gpio_keys.o
  LD      drivers/input/keyboard/built-in.o
  LD      drivers/input/misc/built-in.o
  LD      drivers/input/mouse/built-in.o
  LD      drivers/input/tablet/built-in.o
  CC      drivers/input/touchscreen/of_touchscreen.o
  CC      drivers/input/touchscreen/edt-ft5x06.o
  LD      drivers/input/touchscreen/built-in.o
  LD      drivers/input/built-in.o
  CC      drivers/input/serio/serio.o
  CC      drivers/input/serio/serport.o
  CC      drivers/input/serio/libps2.o
  LD      drivers/input/serio/built-in.o
  CC      drivers/iommu/iommu.o
  CC      drivers/iommu/iommu-traces.o
  CC      drivers/iommu/iommu-sysfs.o
  CC      drivers/iommu/of_iommu.o
  CC      drivers/iommu/omap-iommu.o
  CC      drivers/iommu/omap-iommu-debug.o
  LD      drivers/iommu/built-in.o
  CC      drivers/irqchip/irqchip.o
  CC      drivers/irqchip/irq-omap-intc.o
  LD      drivers/irqchip/built-in.o
  CC      drivers/leds/led-core.o
  CC      drivers/leds/led-class.o
  CC      drivers/leds/led-triggers.o
  CC      drivers/leds/leds-gpio.o
  CC      drivers/leds/leds-tlc591xx.o
  CC      drivers/leds/trigger/ledtrig-timer.o
  CC      drivers/leds/trigger/ledtrig-oneshot.o
  CC      drivers/leds/trigger/ledtrig-heartbeat.o
  CC      drivers/leds/trigger/ledtrig-backlight.o
  CC      drivers/leds/trigger/ledtrig-gpio.o
  CC      drivers/leds/trigger/ledtrig-default-on.o
  LD      drivers/leds/trigger/built-in.o
  LD      drivers/leds/built-in.o
  LD      drivers/lguest/built-in.o
  LD      drivers/macintosh/built-in.o
  CC      drivers/mailbox/mailbox.o
  CC      drivers/mailbox/omap-mailbox.o
  LD      drivers/mailbox/built-in.o
  CC      drivers/md/dm-builtin.o
  LD      drivers/md/built-in.o
  LD      drivers/md/persistent-data/built-in.o
  LD      drivers/media/common/b2c2/built-in.o
  LD      drivers/media/common/saa7146/built-in.o
  LD      drivers/media/common/siano/built-in.o
  LD      drivers/media/common/built-in.o
  LD      drivers/media/dvb-core/built-in.o
  LD      drivers/media/dvb-frontends/built-in.o
  LD      drivers/media/dvb-frontends/drx39xyj/built-in.o
  LD      drivers/media/firewire/built-in.o
  LD      drivers/media/i2c/cx25840/built-in.o
  LD      drivers/media/i2c/soc_camera/built-in.o
  LD      drivers/media/i2c/built-in.o
  LD      drivers/media/mmc/siano/built-in.o
  LD      drivers/media/mmc/built-in.o
  LD      drivers/media/pci/b2c2/built-in.o
  LD      drivers/media/pci/ddbridge/built-in.o
  LD      drivers/media/pci/dm1105/built-in.o
  LD      drivers/media/pci/mantis/built-in.o
  LD      drivers/media/pci/ngene/built-in.o
  LD      drivers/media/pci/pluto2/built-in.o
  LD      drivers/media/pci/pt1/built-in.o
  LD      drivers/media/pci/pt3/built-in.o
  LD      drivers/media/pci/saa7146/built-in.o
  LD      drivers/media/pci/smipcie/built-in.o
  LD      drivers/media/pci/ttpci/built-in.o
  LD      drivers/media/pci/built-in.o
  LD      drivers/media/platform/omap/built-in.o
  LD      drivers/media/platform/soc_camera/built-in.o
  LD      drivers/media/platform/vivid/built-in.o
  LD      drivers/media/platform/built-in.o
  LD      drivers/media/radio/si470x/built-in.o
  LD      drivers/media/radio/si4713/built-in.o
  LD      drivers/media/radio/wl128x/built-in.o
  LD      drivers/media/radio/built-in.o
  LD      drivers/media/rc/keymaps/built-in.o
  LD      drivers/media/rc/built-in.o
  LD      drivers/media/tuners/built-in.o
  LD      drivers/media/usb/airspy/built-in.o
  LD      drivers/media/usb/au0828/built-in.o
  LD      drivers/media/usb/b2c2/built-in.o
  LD      drivers/media/usb/cpia2/built-in.o
  LD      drivers/media/usb/cx231xx/built-in.o
  LD      drivers/media/usb/dvb-usb/built-in.o
  LD      drivers/media/usb/dvb-usb-v2/built-in.o
  LD      drivers/media/usb/em28xx/built-in.o
  LD      drivers/media/usb/gspca/built-in.o
  LD      drivers/media/usb/gspca/gl860/built-in.o
  LD      drivers/media/usb/gspca/m5602/built-in.o
  LD      drivers/media/usb/gspca/stv06xx/built-in.o
  LD      drivers/media/usb/hackrf/built-in.o
  LD      drivers/media/usb/hdpvr/built-in.o
  LD      drivers/media/usb/msi2500/built-in.o
  LD      drivers/media/usb/pvrusb2/built-in.o
  LD      drivers/media/usb/pwc/built-in.o
  LD      drivers/media/usb/s2255/built-in.o
  LD      drivers/media/usb/siano/built-in.o
  LD      drivers/media/usb/stk1160/built-in.o
  LD      drivers/media/usb/stkwebcam/built-in.o
  LD      drivers/media/usb/ttusb-budget/built-in.o
  LD      drivers/media/usb/ttusb-dec/built-in.o
  LD      drivers/media/usb/usbtv/built-in.o
  LD      drivers/media/usb/usbvision/built-in.o
  LD      drivers/media/usb/uvc/built-in.o
  LD      drivers/media/usb/zr364xx/built-in.o
  LD      drivers/media/usb/built-in.o
  LD      drivers/media/v4l2-core/built-in.o
  LD      drivers/media/built-in.o
  CC      drivers/memory/of_memory.o
  CC      drivers/memory/emif.o
  CC      drivers/memory/omap-gpmc.o
  CC      drivers/memory/ti-emif-pm.o
  AS      drivers/memory/ti-emif-sram-pm.o
  LD      drivers/memory/ti-emif-sram.o
  LD      drivers/memory/built-in.o
  CC      drivers/mfd/tps65217.o
  CC      drivers/mfd/tps65218.o
  CC      drivers/mfd/tps65910.o
  CC      drivers/mfd/twl-core.o
  CC      drivers/mfd/twl4030-irq.o
  CC      drivers/mfd/twl6030-irq.o
  CC      drivers/mfd/twl4030-power.o
  CC      drivers/mfd/twl4030-audio.o
  CC      drivers/mfd/twl6040.o
  CC      drivers/mfd/mfd-core.o
  CC      drivers/mfd/da9052-irq.o
  CC      drivers/mfd/da9052-core.o
  CC      drivers/mfd/da9052-spi.o
  CC      drivers/mfd/da9052-i2c.o
  CC      drivers/mfd/axp20x.o
  CC      drivers/mfd/omap-usb-host.o
  CC      drivers/mfd/omap-usb-tll.o
  CC      drivers/mfd/palmas.o
  CC      drivers/mfd/sec-core.o
  CC      drivers/mfd/sec-irq.o
  CC      drivers/mfd/syscon.o
  CC      drivers/mfd/vexpress-sysreg.o
  CC      drivers/mfd/as3722.o
  LD      drivers/mfd/built-in.o
  LD      drivers/misc/altera-stapl/built-in.o
  LD      drivers/misc/c2port/built-in.o
  CC      drivers/misc/cape/beaglebone/bone-pinmux-helper.o
  LD      drivers/misc/cape/beaglebone/built-in.o
  LD      drivers/misc/cape/built-in.o
  LD      drivers/misc/cape_bone_argus/built-in.o
  LD      drivers/misc/carma/built-in.o
  LD      drivers/misc/cb710/built-in.o
  CC      drivers/misc/eeprom/at24.o
  LD      drivers/misc/eeprom/built-in.o
  LD      drivers/misc/lis3lv02d/built-in.o
  LD      drivers/misc/mic/built-in.o
  LD      drivers/misc/ti-st/built-in.o
  CC      drivers/misc/sram.o
  CC      drivers/misc/vexpress-syscfg.o
  CC      drivers/misc/bone_capemgr.o
drivers/misc/bone_capemgr.c: In function ‘capemgr_load_slot’:
drivers/misc/bone_capemgr.c:1154:10: warning: ‘dtbo’ may be used uninitialized in this function [-Wuninitialized]
drivers/misc/bone_capemgr.c:1128:14: note: ‘dtbo’ was declared here
  LD      drivers/misc/built-in.o
  CC      drivers/mmc/card/block.o
  CC      drivers/mmc/card/queue.o
  LD      drivers/mmc/card/mmc_block.o
  LD      drivers/mmc/card/built-in.o
  CC      drivers/mmc/core/core.o
  CC      drivers/mmc/core/bus.o
  CC      drivers/mmc/core/host.o
  CC      drivers/mmc/core/mmc.o
  CC      drivers/mmc/core/mmc_ops.o
  CC      drivers/mmc/core/sd.o
  CC      drivers/mmc/core/sd_ops.o
  CC      drivers/mmc/core/sdio.o
  CC      drivers/mmc/core/sdio_ops.o
  CC      drivers/mmc/core/sdio_bus.o
  CC      drivers/mmc/core/sdio_cis.o
  CC      drivers/mmc/core/sdio_io.o
  CC      drivers/mmc/core/sdio_irq.o
  CC      drivers/mmc/core/quirks.o
  CC      drivers/mmc/core/slot-gpio.o
  CC      drivers/mmc/core/pwrseq.o
  CC      drivers/mmc/core/pwrseq_simple.o
  CC      drivers/mmc/core/pwrseq_emmc.o
  CC      drivers/mmc/core/debugfs.o
  LD      drivers/mmc/core/mmc_core.o
  LD      drivers/mmc/core/built-in.o
  CC      drivers/mmc/host/omap.o
  CC      drivers/mmc/host/omap_hsmmc.o
  LD      drivers/mmc/host/built-in.o
  LD      drivers/mmc/built-in.o
  CC      drivers/mtd/mtdcore.o
  CC      drivers/mtd/mtdsuper.o
  CC      drivers/mtd/mtdconcat.o
  CC      drivers/mtd/mtdpart.o
  CC      drivers/mtd/mtdchar.o
  LD      drivers/mtd/mtd.o
  CC      drivers/mtd/chips/chipreg.o
  LD      drivers/mtd/chips/built-in.o
  LD      drivers/mtd/devices/built-in.o
  LD      drivers/mtd/lpddr/built-in.o
  LD      drivers/mtd/maps/built-in.o
  CC      drivers/mtd/nand/nand_base.o
  CC      drivers/mtd/nand/nand_bbt.o
  CC      drivers/mtd/nand/nand_timings.o
  LD      drivers/mtd/nand/nand.o
  CC      drivers/mtd/nand/nand_ecc.o
  CC      drivers/mtd/nand/nand_bch.o
  CC      drivers/mtd/nand/nand_ids.o
  LD      drivers/mtd/nand/built-in.o
  CC      drivers/mtd/onenand/onenand_base.o
  CC      drivers/mtd/onenand/onenand_bbt.o
  LD      drivers/mtd/onenand/onenand.o
  LD      drivers/mtd/onenand/built-in.o
  LD      drivers/mtd/spi-nor/built-in.o
  LD      drivers/mtd/tests/built-in.o
  LD      drivers/mtd/ubi/built-in.o
  LD      drivers/mtd/built-in.o
  CC      drivers/net/mii.o
  CC      drivers/net/Space.o
  CC      drivers/net/loopback.o
  LD      drivers/net/appletalk/built-in.o
  LD      drivers/net/bonding/built-in.o
  LD      drivers/net/can/c_can/built-in.o
  LD      drivers/net/can/sja1000/built-in.o
  LD      drivers/net/can/softing/built-in.o
  LD      drivers/net/can/spi/built-in.o
  LD      drivers/net/can/usb/built-in.o
  LD      drivers/net/can/usb/peak_usb/built-in.o
  LD      drivers/net/can/built-in.o
  LD      drivers/net/ethernet/3com/built-in.o
  LD      drivers/net/ethernet/adaptec/built-in.o
  LD      drivers/net/ethernet/agere/built-in.o
  LD      drivers/net/ethernet/alteon/built-in.o
  LD      drivers/net/ethernet/amd/built-in.o
  LD      drivers/net/ethernet/atheros/built-in.o
  LD      drivers/net/ethernet/brocade/built-in.o
  LD      drivers/net/ethernet/chelsio/built-in.o
  LD      drivers/net/ethernet/cisco/built-in.o
  LD      drivers/net/ethernet/dec/built-in.o
  LD      drivers/net/ethernet/dlink/built-in.o
  LD      drivers/net/ethernet/emulex/built-in.o
  LD      drivers/net/ethernet/hp/built-in.o
  LD      drivers/net/ethernet/mellanox/built-in.o
  LD      drivers/net/ethernet/micrel/built-in.o
  LD      drivers/net/ethernet/microchip/built-in.o
  LD      drivers/net/ethernet/myricom/built-in.o
  LD      drivers/net/ethernet/natsemi/built-in.o
  LD      drivers/net/ethernet/neterion/built-in.o
  LD      drivers/net/ethernet/nvidia/built-in.o
  LD      drivers/net/ethernet/oki-semi/built-in.o
  LD      drivers/net/ethernet/packetengines/built-in.o
  LD      drivers/net/ethernet/qlogic/built-in.o
  LD      drivers/net/ethernet/rdc/built-in.o
  LD      drivers/net/ethernet/realtek/built-in.o
  LD      drivers/net/ethernet/silan/built-in.o
  LD      drivers/net/ethernet/sis/built-in.o
  CC      drivers/net/ethernet/smsc/smc91x.o
  CC      drivers/net/ethernet/smsc/smc911x.o
  CC      drivers/net/ethernet/smsc/smsc911x.o
  LD      drivers/net/ethernet/smsc/built-in.o
  LD      drivers/net/ethernet/sun/built-in.o
  LD      drivers/net/ethernet/tehuti/built-in.o
  CC      drivers/net/ethernet/ti/cpsw-common.o
  CC      drivers/net/ethernet/ti/davinci_mdio.o
  CC      drivers/net/ethernet/ti/davinci_cpdma.o
  CC      drivers/net/ethernet/ti/cpsw-phy-sel.o
  CC      drivers/net/ethernet/ti/cpsw_ale.o
  CC      drivers/net/ethernet/ti/cpsw.o
  CC      drivers/net/ethernet/ti/cpts.o
  LD      drivers/net/ethernet/ti/ti_cpsw.o
  LD      drivers/net/ethernet/ti/built-in.o
  LD      drivers/net/ethernet/wiznet/built-in.o
  LD      drivers/net/ethernet/built-in.o
  LD      drivers/net/ieee802154/built-in.o
  LD      drivers/net/ipvlan/built-in.o
  CC      drivers/net/phy/phy.o
  CC      drivers/net/phy/phy_device.o
  CC      drivers/net/phy/mdio_bus.o
  LD      drivers/net/phy/libphy.o
  CC      drivers/net/phy/marvell.o
  CC      drivers/net/phy/davicom.o
  CC      drivers/net/phy/cicada.o
  CC      drivers/net/phy/lxt.o
  CC      drivers/net/phy/qsemi.o
  CC      drivers/net/phy/smsc.o
  CC      drivers/net/phy/vitesse.o
  CC      drivers/net/phy/broadcom.o
  CC      drivers/net/phy/bcm7xxx.o
  CC      drivers/net/phy/bcm87xx.o
  CC      drivers/net/phy/icplus.o
  CC      drivers/net/phy/realtek.o
  CC      drivers/net/phy/et1011c.o
  CC      drivers/net/phy/national.o
  CC      drivers/net/phy/ste10Xp.o
  CC      drivers/net/phy/micrel.o
  CC      drivers/net/phy/at803x.o
  CC      drivers/net/phy/amd.o
  LD      drivers/net/phy/built-in.o
  LD      drivers/net/ppp/built-in.o
  LD      drivers/net/slip/built-in.o
  LD      drivers/net/team/built-in.o
  CC      drivers/net/usb/pegasus.o
  CC      drivers/net/usb/rtl8150.o
  CC      drivers/net/usb/r8152.o
  CC      drivers/net/usb/usbnet.o
  LD      drivers/net/usb/built-in.o
  LD      drivers/net/wimax/built-in.o
  LD      drivers/net/wimax/i2400m/built-in.o
  LD      drivers/net/wireless/ath/built-in.o
  LD      drivers/net/wireless/ath/ar5523/built-in.o
  LD      drivers/net/wireless/ath/ath10k/built-in.o
  LD      drivers/net/wireless/ath/ath6kl/built-in.o
  LD      drivers/net/wireless/ath/ath9k/built-in.o
  LD      drivers/net/wireless/ath/carl9170/built-in.o
  LD      drivers/net/wireless/b43/built-in.o
  LD      drivers/net/wireless/b43legacy/built-in.o
  LD      drivers/net/wireless/brcm80211/built-in.o
  LD      drivers/net/wireless/brcm80211/brcmfmac/built-in.o
  LD      drivers/net/wireless/brcm80211/brcmsmac/built-in.o
  LD      drivers/net/wireless/brcm80211/brcmutil/built-in.o
  LD      drivers/net/wireless/hostap/built-in.o
  LD      drivers/net/wireless/iwlwifi/built-in.o
  LD      drivers/net/wireless/iwlwifi/dvm/built-in.o
  LD      drivers/net/wireless/libertas/built-in.o
  LD      drivers/net/wireless/libertas_tf/built-in.o
  LD      drivers/net/wireless/mediatek/built-in.o
  LD      drivers/net/wireless/mediatek/mt7601u/built-in.o
  LD      drivers/net/wireless/p54/built-in.o
  LD      drivers/net/wireless/rsi/built-in.o
  LD      drivers/net/wireless/rt2x00/built-in.o
  LD      drivers/net/wireless/rtl818x/built-in.o
  LD      drivers/net/wireless/rtl818x/rtl8187/built-in.o
  LD      drivers/net/wireless/rtlwifi/built-in.o
  LD      drivers/net/wireless/rtlwifi/rtl8192c/built-in.o
  LD      drivers/net/wireless/rtlwifi/rtl8192cu/built-in.o
  CC      drivers/net/wireless/ti/wilink_platform_data.o
  LD      drivers/net/wireless/ti/built-in.o
  LD      drivers/net/wireless/ti/wl1251/built-in.o
  LD      drivers/net/wireless/ti/wl12xx/built-in.o
  LD      drivers/net/wireless/ti/wl18xx/built-in.o
  LD      drivers/net/wireless/ti/wlcore/built-in.o
  LD      drivers/net/wireless/zd1211rw/built-in.o
  LD      drivers/net/wireless/built-in.o
  LD      drivers/net/built-in.o
  LD      drivers/nfc/built-in.o
  CC      drivers/nvmem/core.o
  LD      drivers/nvmem/nvmem_core.o
  LD      drivers/nvmem/built-in.o
  CC      drivers/of/base.o
drivers/of/base.c: In function ‘of_core_init’:
drivers/of/base.c:217:2: warning: ‘return’ with a value, in function returning void [enabled by default]
  CC      drivers/of/device.o
  CC      drivers/of/platform.o
  CC      drivers/of/configfs.o
  CC      drivers/of/dynamic.o
  CC      drivers/of/fdt.o
  CC      drivers/of/fdt_address.o
  CC      drivers/of/address.o
  CC      drivers/of/irq.o
  CC      drivers/of/of_net.o
  CC      drivers/of/of_mdio.o
  CC      drivers/of/of_pci.o
  CC      drivers/of/of_pci_irq.o
  CC      drivers/of/of_mtd.o
  CC      drivers/of/of_reserved_mem.o
  CC      drivers/of/resolver.o
  CC      drivers/of/overlay.o
  LD      drivers/of/built-in.o
  LD      drivers/parport/built-in.o
  CC      drivers/pci/access.o
  CC      drivers/pci/bus.o
  CC      drivers/pci/probe.o
  CC      drivers/pci/host-bridge.o
  CC      drivers/pci/remove.o
  CC      drivers/pci/pci.o
  CC      drivers/pci/pci-driver.o
  CC      drivers/pci/search.o
  CC      drivers/pci/pci-sysfs.o
  CC      drivers/pci/rom.o
  CC      drivers/pci/setup-res.o
  CC      drivers/pci/irq.o
  CC      drivers/pci/vpd.o
  CC      drivers/pci/setup-bus.o
  CC      drivers/pci/vc.o
  CC      drivers/pci/proc.o
  CC      drivers/pci/slot.o
  CC      drivers/pci/quirks.o
  CC      drivers/pci/setup-irq.o
  CC      drivers/pci/syscall.o
  CC      drivers/pci/of.o
  CC      drivers/pci/host/pcie-designware.o
  CC      drivers/pci/host/pci-dra7xx.o
  LD      drivers/pci/host/built-in.o
  LD      drivers/pci/built-in.o
  CC      drivers/phy/phy-core.o
  CC      drivers/phy/phy-omap-control.o
  CC      drivers/phy/phy-omap-usb2.o
  CC      drivers/phy/phy-ti-pipe3.o
  LD      drivers/phy/built-in.o
  CC      drivers/pinctrl/core.o
  CC      drivers/pinctrl/pinctrl-utils.o
  CC      drivers/pinctrl/pinmux.o
  CC      drivers/pinctrl/pinconf.o
  CC      drivers/pinctrl/devicetree.o
  CC      drivers/pinctrl/pinconf-generic.o
  CC      drivers/pinctrl/pinctrl-as3722.o
  CC      drivers/pinctrl/pinctrl-palmas.o
  CC      drivers/pinctrl/pinctrl-single.o
  CC      drivers/pinctrl/pinctrl-ti-iodelay.o
  LD      drivers/pinctrl/freescale/built-in.o
  LD      drivers/pinctrl/nomadik/built-in.o
  LD      drivers/pinctrl/built-in.o
  LD      drivers/platform/built-in.o
  CC      drivers/power/power_supply_core.o
  CC      drivers/power/power_supply_sysfs.o
  CC      drivers/power/power_supply_leds.o
  LD      drivers/power/power_supply.o
  LD      drivers/power/avs/built-in.o
  LD      drivers/power/built-in.o
  CC      drivers/pps/pps.o
  CC      drivers/pps/kapi.o
  CC      drivers/pps/sysfs.o
  LD      drivers/pps/pps_core.o
  LD      drivers/pps/clients/built-in.o
  LD      drivers/pps/generators/built-in.o
  LD      drivers/pps/built-in.o
  CC      drivers/ptp/ptp_clock.o
  CC      drivers/ptp/ptp_chardev.o
  CC      drivers/ptp/ptp_sysfs.o
  LD      drivers/ptp/ptp.o
  LD      drivers/ptp/built-in.o
  CC      drivers/pwm/core.o
  CC      drivers/pwm/sysfs.o
  CC      drivers/pwm/pwm-tipwmss.o
  LD      drivers/pwm/built-in.o
  CC      drivers/regulator/core.o
  CC      drivers/regulator/dummy.o
  CC      drivers/regulator/fixed-helper.o
  CC      drivers/regulator/helpers.o
  CC      drivers/regulator/devres.o
  CC      drivers/regulator/of_regulator.o
  CC      drivers/regulator/fixed.o
  CC      drivers/regulator/as3722-regulator.o
  CC      drivers/regulator/gpio-regulator.o
  CC      drivers/regulator/palmas-regulator.o
  CC      drivers/regulator/pwm-regulator.o
  CC      drivers/regulator/pbias-regulator.o
  CC      drivers/regulator/ti-abb-regulator.o
  CC      drivers/regulator/tps65023-regulator.o
  CC      drivers/regulator/tps6507x-regulator.o
  CC      drivers/regulator/tps65217-regulator.o
  CC      drivers/regulator/tps65218-regulator.o
  CC      drivers/regulator/tps65910-regulator.o
  CC      drivers/regulator/twl-regulator.o
  LD      drivers/regulator/built-in.o
  CC      drivers/remoteproc/remoteproc_core.o
  CC      drivers/remoteproc/remoteproc_debugfs.o
  CC      drivers/remoteproc/remoteproc_virtio.o
  CC      drivers/remoteproc/remoteproc_elf_loader.o
  LD      drivers/remoteproc/remoteproc.o
  CC      drivers/remoteproc/wkup_m3_rproc.o
  CC      drivers/remoteproc/pruss_remoteproc.o
  LD      drivers/remoteproc/built-in.o
  CC      drivers/rpmsg/virtio_rpmsg_bus.o
  CC      drivers/rpmsg/rpmsg_pru.o
  LD      drivers/rpmsg/built-in.o
  CC      drivers/rtc/rtc-lib.o
  CC      drivers/rtc/hctosys.o
  CC      drivers/rtc/systohc.o
  CC      drivers/rtc/class.o
  CC      drivers/rtc/interface.o
  CC      drivers/rtc/rtc-dev.o
  CC      drivers/rtc/rtc-proc.o
  CC      drivers/rtc/rtc-sysfs.o
  LD      drivers/rtc/rtc-core.o
  CC      drivers/rtc/rtc-as3722.o
  CC      drivers/rtc/rtc-da9052.o
  CC      drivers/rtc/rtc-ds1307.o
  CC      drivers/rtc/rtc-isl12057.o
  CC      drivers/rtc/rtc-omap.o
  CC      drivers/rtc/rtc-palmas.o
  CC      drivers/rtc/rtc-pcf8523.o
  CC      drivers/rtc/rtc-s5m.o
  CC      drivers/rtc/rtc-snvs.o
  CC      drivers/rtc/rtc-twl.o
  LD      drivers/rtc/built-in.o
  CC      drivers/scsi/scsi.o
  CC      drivers/scsi/hosts.o
  CC      drivers/scsi/scsi_ioctl.o
  CC      drivers/scsi/scsicam.o
  CC      drivers/scsi/scsi_error.o
  CC      drivers/scsi/scsi_lib.o
  CC      drivers/scsi/constants.o
  CC      drivers/scsi/scsi_lib_dma.o
  CC      drivers/scsi/scsi_scan.o
  CC      drivers/scsi/scsi_sysfs.o
  CC      drivers/scsi/scsi_devinfo.o
  CC      drivers/scsi/scsi_netlink.o
  CC      drivers/scsi/scsi_sysctl.o
  CC      drivers/scsi/scsi_proc.o
  CC      drivers/scsi/scsi_trace.o
  CC      drivers/scsi/scsi_logging.o
  CC      drivers/scsi/scsi_pm.o
  LD      drivers/scsi/scsi_mod.o
  LD      drivers/scsi/arm/built-in.o
  LD      drivers/scsi/device_handler/built-in.o
  LD      drivers/scsi/fcoe/built-in.o
  LD      drivers/scsi/libfc/built-in.o
  LD      drivers/scsi/libsas/built-in.o
  LD      drivers/scsi/osd/built-in.o
  LD      drivers/scsi/ufs/built-in.o
  CC      drivers/scsi/sd.o
  CC      drivers/scsi/sd_dif.o
  LD      drivers/scsi/sd_mod.o
  LD      drivers/scsi/built-in.o
  CC      drivers/soc/ti/wkup_m3_ipc.o
  LD      drivers/soc/ti/built-in.o
  LD      drivers/soc/built-in.o
  CC      drivers/spi/spi.o
  CC      drivers/spi/spi-bitbang.o
  CC      drivers/spi/spi-gpio.o
  LD      drivers/spi/built-in.o
  LD      drivers/ssb/built-in.o
  CC      drivers/staging/staging.o
  CC      drivers/staging/android/ion/ion.o
  CC      drivers/staging/android/ion/ion_heap.o
  CC      drivers/staging/android/ion/ion_page_pool.o
  CC      drivers/staging/android/ion/ion_system_heap.o
  CC      drivers/staging/android/ion/ion_carveout_heap.o
  CC      drivers/staging/android/ion/ion_chunk_heap.o
  CC      drivers/staging/android/ion/ion_cma_heap.o
  LD      drivers/staging/android/ion/built-in.o
  CC      drivers/staging/android/ashmem.o
  CC      drivers/staging/android/timed_output.o
  CC      drivers/staging/android/sync.o
  CC      drivers/staging/android/sync_debug.o
  LD      drivers/staging/android/built-in.o
  LD      drivers/staging/fbtft/built-in.o
  LD      drivers/staging/iio/accel/built-in.o
  LD      drivers/staging/iio/adc/built-in.o
  LD      drivers/staging/iio/addac/built-in.o
  LD      drivers/staging/iio/cdc/built-in.o
  LD      drivers/staging/iio/frequency/built-in.o
  LD      drivers/staging/iio/gyro/built-in.o
  LD      drivers/staging/iio/impedance-analyzer/built-in.o
  LD      drivers/staging/iio/light/built-in.o
  LD      drivers/staging/iio/magnetometer/built-in.o
  LD      drivers/staging/iio/meter/built-in.o
  LD      drivers/staging/iio/resolver/built-in.o
  LD      drivers/staging/iio/trigger/built-in.o
  LD      drivers/staging/iio/built-in.o
  LD      drivers/staging/media/built-in.o
  LD      drivers/staging/rtl8188eu/built-in.o
  LD      drivers/staging/rtl8712/built-in.o
  LD      drivers/staging/speakup/built-in.o
  LD      drivers/staging/built-in.o
  LD      drivers/target/built-in.o
  LD      drivers/target/iscsi/built-in.o
  LD      drivers/target/loopback/built-in.o
  LD      drivers/target/tcm_fc/built-in.o
  CC      drivers/thermal/thermal_core.o
  CC      drivers/thermal/thermal_hwmon.o
  CC      drivers/thermal/of-thermal.o
  CC      drivers/thermal/fair_share.o
  CC      drivers/thermal/step_wise.o
  LD      drivers/thermal/thermal_sys.o
  LD      drivers/thermal/samsung/built-in.o
  CC      drivers/thermal/ti-soc-thermal/ti-bandgap.o
  LD      drivers/thermal/ti-soc-thermal/ti-soc-thermal.o
  LD      drivers/thermal/ti-soc-thermal/built-in.o
  LD      drivers/thermal/built-in.o
  CC      drivers/tty/tty_io.o
  CC      drivers/tty/n_tty.o
  CC      drivers/tty/tty_ioctl.o
  CC      drivers/tty/tty_ldisc.o
  CC      drivers/tty/tty_buffer.o
  CC      drivers/tty/tty_port.o
  CC      drivers/tty/tty_mutex.o
  CC      drivers/tty/tty_ldsem.o
  CC      drivers/tty/pty.o
  CC      drivers/tty/tty_audit.o
  CC      drivers/tty/sysrq.o
  CC      drivers/tty/hvc/hvc_console.o
  LD      drivers/tty/hvc/built-in.o
  LD      drivers/tty/ipwireless/built-in.o
  CC      drivers/tty/serial/serial_core.o
  CC      drivers/tty/serial/earlycon.o
  CC      drivers/tty/serial/8250/8250_core.o
  CC      drivers/tty/serial/8250/8250_dma.o
  LD      drivers/tty/serial/8250/8250.o
  CC      drivers/tty/serial/8250/8250_pci.o
  CC      drivers/tty/serial/8250/8250_early.o
  CC      drivers/tty/serial/8250/8250_dw.o
  CC      drivers/tty/serial/8250/8250_omap.o
  LD      drivers/tty/serial/8250/built-in.o
  CC      drivers/tty/serial/of_serial.o
  CC      drivers/tty/serial/kgdboc.o
  LD      drivers/tty/serial/built-in.o
  CC      drivers/tty/vt/vt_ioctl.o
  CC      drivers/tty/vt/vc_screen.o
  CC      drivers/tty/vt/selection.o
  CC      drivers/tty/vt/keyboard.o
  CC      drivers/tty/vt/consolemap.o
  CONMK   drivers/tty/vt/consolemap_deftbl.c
  CC      drivers/tty/vt/consolemap_deftbl.o
  CC      drivers/tty/vt/vt.o
  SHIPPED drivers/tty/vt/defkeymap.c
  CC      drivers/tty/vt/defkeymap.o
  LD      drivers/tty/vt/built-in.o
  LD      drivers/tty/built-in.o
  LD      drivers/uio/built-in.o
  CC      drivers/usb/chipidea/core.o
  CC      drivers/usb/chipidea/otg.o
  CC      drivers/usb/chipidea/udc.o
In file included from drivers/usb/chipidea/udc.c:23:0:
include/linux/usb/otg-fsm.h:208:27: warning: ‘struct usb_bus’ declared inside parameter list [enabled by default]
include/linux/usb/otg-fsm.h:208:27: warning: its scope is only this definition or declaration, which is probably not what you want [enabled by default]
  CC      drivers/usb/chipidea/host.o
  CC      drivers/usb/chipidea/otg_fsm.o
  LD      drivers/usb/chipidea/ci_hdrc.o
  CC      drivers/usb/chipidea/ci_hdrc_usb2.o
  CC      drivers/usb/chipidea/ci_hdrc_msm.o
  CC      drivers/usb/chipidea/ci_hdrc_zevio.o
  CC      drivers/usb/chipidea/ci_hdrc_pci.o
  CC      drivers/usb/chipidea/usbmisc_imx.o
  CC      drivers/usb/chipidea/ci_hdrc_imx.o
  LD      drivers/usb/chipidea/built-in.o
  LD      drivers/usb/class/built-in.o
  CC      drivers/usb/common/common.o
  CC      drivers/usb/common/led.o
  LD      drivers/usb/common/usb-common.o
  CC      drivers/usb/common/usb-otg.o
  CC      drivers/usb/common/usb-otg-fsm.o
  LD      drivers/usb/common/usbotg.o
  LD      drivers/usb/common/built-in.o
  CC      drivers/usb/core/usb.o
  CC      drivers/usb/core/hub.o
  CC      drivers/usb/core/hcd.o
  CC      drivers/usb/core/urb.o
  CC      drivers/usb/core/message.o
  CC      drivers/usb/core/driver.o
  CC      drivers/usb/core/config.o
  CC      drivers/usb/core/file.o
  CC      drivers/usb/core/buffer.o
  CC      drivers/usb/core/sysfs.o
  CC      drivers/usb/core/endpoint.o
  CC      drivers/usb/core/devio.o
  CC      drivers/usb/core/notify.o
  CC      drivers/usb/core/generic.o
  CC      drivers/usb/core/quirks.o
  CC      drivers/usb/core/devices.o
  CC      drivers/usb/core/port.o
  CC      drivers/usb/core/hcd-pci.o
  LD      drivers/usb/core/usbcore.o
  LD      drivers/usb/core/built-in.o
  CC      drivers/usb/dwc3/core.o
  CC      drivers/usb/dwc3/debug.o
  CC      drivers/usb/dwc3/trace.o
  CC      drivers/usb/dwc3/host.o
  CC      drivers/usb/dwc3/gadget.o
  CC      drivers/usb/dwc3/ep0.o
  CC      drivers/usb/dwc3/debugfs.o
  LD      drivers/usb/dwc3/dwc3.o
  CC      drivers/usb/dwc3/dwc3-omap.o
  CC      drivers/usb/dwc3/dwc3-pci.o
  LD      drivers/usb/dwc3/built-in.o
  CC      drivers/usb/gadget/usbstring.o
  CC      drivers/usb/gadget/config.o
  CC      drivers/usb/gadget/epautoconf.o
  CC      drivers/usb/gadget/composite.o
  CC      drivers/usb/gadget/functions.o
  CC      drivers/usb/gadget/configfs.o
  CC      drivers/usb/gadget/u_f.o
  LD      drivers/usb/gadget/libcomposite.o
  CC      drivers/usb/gadget/function/u_ether.o
  CC      drivers/usb/gadget/function/f_ecm.o
  LD      drivers/usb/gadget/function/usb_f_ecm.o
  CC      drivers/usb/gadget/function/f_subset.o
  LD      drivers/usb/gadget/function/usb_f_ecm_subset.o
  CC      drivers/usb/gadget/function/f_rndis.o
  CC      drivers/usb/gadget/function/rndis.o
  LD      drivers/usb/gadget/function/usb_f_rndis.o
  LD      drivers/usb/gadget/function/built-in.o
  CC      drivers/usb/gadget/legacy/ether.o
  LD      drivers/usb/gadget/legacy/g_ether.o
  LD      drivers/usb/gadget/legacy/built-in.o
  CC      drivers/usb/gadget/udc/udc-core.o
  LD      drivers/usb/gadget/udc/built-in.o
  LD      drivers/usb/gadget/built-in.o
  CC      drivers/usb/host/pci-quirks.o
  CC      drivers/usb/host/xhci-pci.o
  CC      drivers/usb/host/xhci-plat.o
  LD      drivers/usb/host/xhci-plat-hcd.o
  CC      drivers/usb/host/ehci-hcd.o
  CC      drivers/usb/host/ehci-pci.o
  CC      drivers/usb/host/ehci-platform.o
  CC      drivers/usb/host/ehci-omap.o
  CC      drivers/usb/host/xhci.o
  CC      drivers/usb/host/xhci-mem.o
  CC      drivers/usb/host/xhci-ring.o
  CC      drivers/usb/host/xhci-hub.o
  CC      drivers/usb/host/xhci-dbg.o
  CC      drivers/usb/host/xhci-trace.o
  LD      drivers/usb/host/xhci-hcd.o
  LD      drivers/usb/host/built-in.o
  LD      drivers/usb/image/built-in.o
  LD      drivers/usb/misc/built-in.o
  LD      drivers/usb/misc/sisusbvga/built-in.o
  CC      drivers/usb/mon/mon_main.o
  CC      drivers/usb/mon/mon_stat.o
  CC      drivers/usb/mon/mon_text.o
  CC      drivers/usb/mon/mon_bin.o
  LD      drivers/usb/mon/usbmon.o
  LD      drivers/usb/mon/built-in.o
  CC      drivers/usb/musb/musb_core.o
  CC      drivers/usb/musb/musb_virthub.o
  CC      drivers/usb/musb/musb_host.o
  CC      drivers/usb/musb/musb_gadget_ep0.o
  CC      drivers/usb/musb/musb_gadget.o
  CC      drivers/usb/musb/musb_debugfs.o
  LD      drivers/usb/musb/musb_hdrc.o
  CC      drivers/usb/musb/musb_dsps.o
  CC      drivers/usb/musb/musb_am335x.o
  LD      drivers/usb/musb/built-in.o
  CC      drivers/usb/phy/phy.o
  CC      drivers/usb/phy/of.o
  CC      drivers/usb/phy/phy-generic.o
  CC      drivers/usb/phy/phy-am335x-control.o
  CC      drivers/usb/phy/phy-am335x.o
  CC      drivers/usb/phy/phy-gpio-vbus-usb.o
  CC      drivers/usb/phy/phy-ulpi.o
  CC      drivers/usb/phy/phy-ulpi-viewport.o
  LD      drivers/usb/phy/built-in.o
  LD      drivers/usb/serial/built-in.o
  LD      drivers/usb/storage/built-in.o
  LD      drivers/usb/usbip/built-in.o
  LD      drivers/usb/wusbcore/built-in.o
  LD      drivers/usb/built-in.o
  LD      drivers/uwb/built-in.o
  LD      drivers/uwb/i1480/built-in.o
  LD      drivers/uwb/i1480/dfu/built-in.o
  CC      drivers/video/hdmi.o
  CC      drivers/video/backlight/backlight.o
  CC      drivers/video/backlight/gpio_backlight.o
  CC      drivers/video/backlight/pwm_bl.o
  CC      drivers/video/backlight/led_bl.o
  LD      drivers/video/backlight/built-in.o
  CC      drivers/video/console/dummycon.o
  CC      drivers/video/console/fbcon.o
  CC      drivers/video/console/bitblit.o
  CC      drivers/video/console/softcursor.o
  CC      drivers/video/console/tileblit.o
  CC      drivers/video/console/fbcon_rotate.o
  CC      drivers/video/console/fbcon_cw.o
  CC      drivers/video/console/fbcon_ud.o
  CC      drivers/video/console/fbcon_ccw.o
  LD      drivers/video/console/built-in.o
  CC      drivers/video/fbdev/core/fb_notify.o
  CC      drivers/video/fbdev/core/fb_cmdline.o
  CC      drivers/video/fbdev/core/fbmem.o
  CC      drivers/video/fbdev/core/fbmon.o
  CC      drivers/video/fbdev/core/fbcmap.o
  CC      drivers/video/fbdev/core/fbsysfs.o
  CC      drivers/video/fbdev/core/modedb.o
  CC      drivers/video/fbdev/core/fbcvt.o
  LD      drivers/video/fbdev/core/fb.o
  CC      drivers/video/fbdev/core/cfbfillrect.o
  CC      drivers/video/fbdev/core/cfbcopyarea.o
  CC      drivers/video/fbdev/core/cfbimgblt.o
  CC      drivers/video/fbdev/core/sysfillrect.o
  CC      drivers/video/fbdev/core/syscopyarea.o
  CC      drivers/video/fbdev/core/sysimgblt.o
  CC      drivers/video/fbdev/core/fb_sys_fops.o
  CC      drivers/video/fbdev/core/fb_defio.o
  LD      drivers/video/fbdev/core/built-in.o
  CC      drivers/video/fbdev/omap2/displays-new/encoder-opa362.o
  CC      drivers/video/fbdev/omap2/displays-new/encoder-tpd12s015.o
  CC      drivers/video/fbdev/omap2/displays-new/encoder-sii9022-video.o
  CC      drivers/video/fbdev/omap2/displays-new/encoder-sii9022-audio.o
  LD      drivers/video/fbdev/omap2/displays-new/encoder-sii9022.o
  CC      drivers/video/fbdev/omap2/displays-new/encoder-tc358768.o
  CC      drivers/video/fbdev/omap2/displays-new/connector-dvi.o
  CC      drivers/video/fbdev/omap2/displays-new/connector-hdmi.o
  CC      drivers/video/fbdev/omap2/displays-new/panel-dpi.o
  CC      drivers/video/fbdev/omap2/displays-new/panel-tlc59108.o
  LD      drivers/video/fbdev/omap2/displays-new/built-in.o
  CC      drivers/video/fbdev/omap2/dss/omapdss-boot-init.o
  CC      drivers/video/fbdev/omap2/dss/base.o
  CC      drivers/video/fbdev/omap2/dss/display.o
  CC      drivers/video/fbdev/omap2/dss/dss-of.o
  CC      drivers/video/fbdev/omap2/dss/output.o
  LD      drivers/video/fbdev/omap2/dss/omapdss-base.o
  CC      drivers/video/fbdev/omap2/dss/core.o
  CC      drivers/video/fbdev/omap2/dss/dss.o
  CC      drivers/video/fbdev/omap2/dss/dss_features.o
  CC      drivers/video/fbdev/omap2/dss/dispc.o
  CC      drivers/video/fbdev/omap2/dss/dispc_coefs.o
  CC      drivers/video/fbdev/omap2/dss/pll.o
  CC      drivers/video/fbdev/omap2/dss/video-pll.o
  CC      drivers/video/fbdev/omap2/dss/dpi.o
  CC      drivers/video/fbdev/omap2/dss/venc.o
  CC      drivers/video/fbdev/omap2/dss/hdmi_common.o
  CC      drivers/video/fbdev/omap2/dss/hdmi_wp.o
  CC      drivers/video/fbdev/omap2/dss/hdmi_pll.o
  CC      drivers/video/fbdev/omap2/dss/hdmi_phy.o
  CC      drivers/video/fbdev/omap2/dss/hdmi4.o
  CC      drivers/video/fbdev/omap2/dss/hdmi4_core.o
  CC      drivers/video/fbdev/omap2/dss/hdmi5.o
  CC      drivers/video/fbdev/omap2/dss/hdmi5_core.o
  LD      drivers/video/fbdev/omap2/dss/omapdss.o
  LD      drivers/video/fbdev/omap2/dss/built-in.o
  LD      drivers/video/fbdev/omap2/built-in.o
  CC      drivers/video/fbdev/ssd1307fb.o
  CC      drivers/video/fbdev/simplefb.o
  LD      drivers/video/fbdev/built-in.o
  CC      drivers/video/logo/logo.o
  LOGO    drivers/video/logo/logo_linux_mono.c
  CC      drivers/video/logo/logo_linux_mono.o
  LOGO    drivers/video/logo/logo_linux_vga16.c
  CC      drivers/video/logo/logo_linux_vga16.o
  LOGO    drivers/video/logo/logo_linux_clut224.c
  CC      drivers/video/logo/logo_linux_clut224.o
  LD      drivers/video/logo/built-in.o
  LOGO    drivers/video/logo/logo_superh_mono.c
  LOGO    drivers/video/logo/clut_vga16.c
  LOGO    drivers/video/logo/logo_blackfin_vga16.c
  LOGO    drivers/video/logo/logo_superh_vga16.c
  LOGO    drivers/video/logo/logo_blackfin_clut224.c
  LOGO    drivers/video/logo/logo_dec_clut224.c
  LOGO    drivers/video/logo/logo_m32r_clut224.c
  LOGO    drivers/video/logo/logo_mac_clut224.c
  LOGO    drivers/video/logo/logo_parisc_clut224.c
  LOGO    drivers/video/logo/logo_sgi_clut224.c
  LOGO    drivers/video/logo/logo_spe_clut224.c
  LOGO    drivers/video/logo/logo_sun_clut224.c
  LOGO    drivers/video/logo/logo_superh_clut224.c
  CC      drivers/video/display_timing.o
  CC      drivers/video/videomode.o
  CC      drivers/video/of_display_timing.o
  CC      drivers/video/of_videomode.o
  LD      drivers/video/built-in.o
  LD      drivers/virt/built-in.o
  CC      drivers/virtio/virtio.o
  CC      drivers/virtio/virtio_ring.o
  LD      drivers/virtio/built-in.o
  LD      drivers/w1/masters/built-in.o
  LD      drivers/w1/slaves/built-in.o
  LD      drivers/w1/built-in.o
  CC      drivers/watchdog/watchdog_core.o
  CC      drivers/watchdog/watchdog_dev.o
  LD      drivers/watchdog/watchdog.o
  CC      drivers/watchdog/omap_wdt.o
  LD      drivers/watchdog/built-in.o
  LD      drivers/built-in.o
  CC      sound/sound_core.o
  LD      sound/soundcore.o
  LD      sound/arm/built-in.o
  LD      sound/atmel/built-in.o
  CC      sound/core/sound.o
  CC      sound/core/init.o
  CC      sound/core/memory.o
  CC      sound/core/info.o
  CC      sound/core/control.o
  CC      sound/core/misc.o
  CC      sound/core/device.o
  CC      sound/core/sound_oss.o
  CC      sound/core/info_oss.o
  CC      sound/core/vmaster.o
  CC      sound/core/jack.o
  LD      sound/core/snd.o
  CC      sound/core/timer.o
  LD      sound/core/snd-timer.o
  CC      sound/core/pcm.o
  CC      sound/core/pcm_native.o
  CC      sound/core/pcm_lib.o
  CC      sound/core/pcm_timer.o
  CC      sound/core/pcm_misc.o
  CC      sound/core/pcm_memory.o
  CC      sound/core/memalloc.o
  LD      sound/core/snd-pcm.o
  CC      sound/core/pcm_dmaengine.o
  LD      sound/core/snd-pcm-dmaengine.o
  LD      sound/core/oss/built-in.o
  LD      sound/core/seq/built-in.o
  LD      sound/core/seq/oss/built-in.o
  CC      sound/core/compress_offload.o
  LD      sound/core/snd-compress.o
  LD      sound/core/built-in.o
  LD      sound/drivers/mpu401/built-in.o
  LD      sound/drivers/opl3/built-in.o
  LD      sound/drivers/opl4/built-in.o
  LD      sound/drivers/pcsp/built-in.o
  LD      sound/drivers/vx/built-in.o
  LD      sound/drivers/built-in.o
  LD      sound/firewire/built-in.o
  LD      sound/hda/built-in.o
  LD      sound/i2c/other/built-in.o
  LD      sound/i2c/built-in.o
  LD      sound/isa/ad1816a/built-in.o
  LD      sound/isa/ad1848/built-in.o
  LD      sound/isa/cs423x/built-in.o
  LD      sound/isa/es1688/built-in.o
  LD      sound/isa/galaxy/built-in.o
  LD      sound/isa/gus/built-in.o
  LD      sound/isa/msnd/built-in.o
  LD      sound/isa/opti9xx/built-in.o
  LD      sound/isa/sb/built-in.o
  LD      sound/isa/wavefront/built-in.o
  LD      sound/isa/wss/built-in.o
  LD      sound/isa/built-in.o
  LD      sound/mips/built-in.o
  LD      sound/parisc/built-in.o
  LD      sound/pci/ac97/built-in.o
  LD      sound/pci/ali5451/built-in.o
  LD      sound/pci/asihpi/built-in.o
  LD      sound/pci/au88x0/built-in.o
  LD      sound/pci/aw2/built-in.o
  LD      sound/pci/ca0106/built-in.o
  LD      sound/pci/cs46xx/built-in.o
  LD      sound/pci/cs5535audio/built-in.o
  LD      sound/pci/ctxfi/built-in.o
  LD      sound/pci/echoaudio/built-in.o
  LD      sound/pci/emu10k1/built-in.o
  LD      sound/pci/hda/built-in.o
  LD      sound/pci/ice1712/built-in.o
  LD      sound/pci/korg1212/built-in.o
  LD      sound/pci/lola/built-in.o
  LD      sound/pci/lx6464es/built-in.o
  LD      sound/pci/mixart/built-in.o
  LD      sound/pci/nm256/built-in.o
  LD      sound/pci/oxygen/built-in.o
  LD      sound/pci/pcxhr/built-in.o
  LD      sound/pci/riptide/built-in.o
  LD      sound/pci/rme9652/built-in.o
  LD      sound/pci/trident/built-in.o
  LD      sound/pci/vx222/built-in.o
  LD      sound/pci/ymfpci/built-in.o
  LD      sound/pci/built-in.o
  LD      sound/pcmcia/pdaudiocf/built-in.o
  LD      sound/pcmcia/vx/built-in.o
  LD      sound/pcmcia/built-in.o
  LD      sound/ppc/built-in.o
  LD      sound/sh/built-in.o
  CC      sound/soc/soc-core.o
  CC      sound/soc/soc-dapm.o
  CC      sound/soc/soc-jack.o
  CC      sound/soc/soc-cache.o
  CC      sound/soc/soc-utils.o
  CC      sound/soc/soc-pcm.o
  CC      sound/soc/soc-compress.o
  CC      sound/soc/soc-io.o
  CC      sound/soc/soc-devres.o
  CC      sound/soc/soc-ops.o
  CC      sound/soc/soc-generic-dmaengine-pcm.o
  LD      sound/soc/snd-soc-core.o
  LD      sound/soc/adi/built-in.o
  LD      sound/soc/atmel/built-in.o
  LD      sound/soc/au1x/built-in.o
  LD      sound/soc/bcm/built-in.o
  LD      sound/soc/blackfin/built-in.o
  LD      sound/soc/cirrus/built-in.o
  LD      sound/soc/codecs/built-in.o
  LD      sound/soc/davinci/built-in.o
  LD      sound/soc/dwc/built-in.o
  LD      sound/soc/fsl/built-in.o
  LD      sound/soc/generic/built-in.o
  LD      sound/soc/intel/built-in.o
  LD      sound/soc/jz4740/built-in.o
  LD      sound/soc/kirkwood/built-in.o
  LD      sound/soc/mxs/built-in.o
  LD      sound/soc/nuc900/built-in.o
  CC      sound/soc/omap/omap-pcm.o
  LD      sound/soc/omap/snd-soc-omap.o
  LD      sound/soc/omap/built-in.o
  LD      sound/soc/pxa/built-in.o
  LD      sound/soc/qcom/built-in.o
  LD      sound/soc/rockchip/built-in.o
  LD      sound/soc/samsung/built-in.o
  LD      sound/soc/sh/built-in.o
  LD      sound/soc/sirf/built-in.o
  LD      sound/soc/spear/built-in.o
  LD      sound/soc/tegra/built-in.o
  LD      sound/soc/txx9/built-in.o
  LD      sound/soc/ux500/built-in.o
  LD      sound/soc/xtensa/built-in.o
  LD      sound/soc/built-in.o
  LD      sound/sparc/built-in.o
  LD      sound/spi/built-in.o
  LD      sound/synth/built-in.o
  LD      sound/synth/emux/built-in.o
  LD      sound/usb/6fire/built-in.o
  LD      sound/usb/bcd2000/built-in.o
  LD      sound/usb/caiaq/built-in.o
  LD      sound/usb/hiface/built-in.o
  LD      sound/usb/line6/built-in.o
  LD      sound/usb/misc/built-in.o
  LD      sound/usb/usx2y/built-in.o
  LD      sound/usb/built-in.o
  CC      sound/last.o
  LD      sound/built-in.o
  MK_FW   firmware/am335x-pm-firmware.elf.gen.S
  AS      firmware/am335x-pm-firmware.elf.gen.o
  MK_FW   firmware/am335x-bone-scale-data.bin.gen.S
  AS      firmware/am335x-bone-scale-data.bin.gen.o
  MK_FW   firmware/am335x-evm-scale-data.bin.gen.S
  AS      firmware/am335x-evm-scale-data.bin.gen.o
  MK_FW   firmware/am43x-evm-scale-data.bin.gen.S
  AS      firmware/am43x-evm-scale-data.bin.gen.o
  LD      firmware/built-in.o
  CC      net/socket.o
  LD      net/6lowpan/built-in.o
  LD      net/802/built-in.o
  CC      net/8021q/vlan_core.o
  LD      net/8021q/built-in.o
  LD      net/9p/built-in.o
  LD      net/appletalk/built-in.o
  LD      net/atm/built-in.o
  LD      net/batman-adv/built-in.o
  LD      net/bluetooth/built-in.o
  LD      net/bluetooth/bnep/built-in.o
  LD      net/bluetooth/hidp/built-in.o
  LD      net/bluetooth/rfcomm/built-in.o
  LD      net/bridge/netfilter/built-in.o
  LD      net/bridge/built-in.o
  LD      net/can/built-in.o
  LD      net/ceph/built-in.o
  CC      net/core/sock.o
  CC      net/core/request_sock.o
  CC      net/core/skbuff.o
  CC      net/core/datagram.o
  CC      net/core/stream.o
  CC      net/core/scm.o
  CC      net/core/gen_stats.o
  CC      net/core/gen_estimator.o
  CC      net/core/net_namespace.o
  CC      net/core/secure_seq.o
  CC      net/core/flow_dissector.o
  CC      net/core/sysctl_net_core.o
  CC      net/core/dev.o
  CC      net/core/ethtool.o
  CC      net/core/dev_addr_lists.o
  CC      net/core/dst.o
  CC      net/core/netevent.o
  CC      net/core/neighbour.o
  CC      net/core/rtnetlink.o
  CC      net/core/utils.o
  CC      net/core/link_watch.o
  CC      net/core/filter.o
  CC      net/core/sock_diag.o
  CC      net/core/dev_ioctl.o
  CC      net/core/tso.o
  CC      net/core/flow.o
  CC      net/core/net-sysfs.o
  CC      net/core/net-procfs.o
  CC      net/core/netpoll.o
  CC      net/core/fib_rules.o
  CC      net/core/net-traces.o
  CC      net/core/ptp_classifier.o
  CC      net/core/netprio_cgroup.o
  CC      net/core/netclassid_cgroup.o
  LD      net/core/built-in.o
  CC      net/dcb/dcbnl.o
  CC      net/dcb/dcbevent.o
  LD      net/dcb/built-in.o
  LD      net/dccp/built-in.o
  CC      net/dns_resolver/dns_key.o
  CC      net/dns_resolver/dns_query.o
  LD      net/dns_resolver/dns_resolver.o
  LD      net/dns_resolver/built-in.o
  CC      net/ethernet/eth.o
  LD      net/ethernet/built-in.o
  LD      net/ieee802154/6lowpan/built-in.o
  LD      net/ieee802154/built-in.o
  CC      net/ipv4/route.o
  CC      net/ipv4/inetpeer.o
  CC      net/ipv4/protocol.o
  CC      net/ipv4/ip_input.o
  CC      net/ipv4/ip_fragment.o
  CC      net/ipv4/ip_forward.o
  CC      net/ipv4/ip_options.o
  CC      net/ipv4/ip_output.o
  CC      net/ipv4/ip_sockglue.o
  CC      net/ipv4/inet_hashtables.o
  CC      net/ipv4/inet_timewait_sock.o
  CC      net/ipv4/inet_connection_sock.o
  CC      net/ipv4/tcp.o
  CC      net/ipv4/tcp_input.o
  CC      net/ipv4/tcp_output.o
  CC      net/ipv4/tcp_timer.o
  CC      net/ipv4/tcp_ipv4.o
  CC      net/ipv4/tcp_minisocks.o
  CC      net/ipv4/tcp_cong.o
  CC      net/ipv4/tcp_metrics.o
  CC      net/ipv4/tcp_fastopen.o
  CC      net/ipv4/tcp_offload.o
  CC      net/ipv4/datagram.o
  CC      net/ipv4/raw.o
  CC      net/ipv4/udp.o
  CC      net/ipv4/udplite.o
  CC      net/ipv4/udp_offload.o
  CC      net/ipv4/arp.o
  CC      net/ipv4/icmp.o
  CC      net/ipv4/devinet.o
  CC      net/ipv4/af_inet.o
  CC      net/ipv4/igmp.o
  CC      net/ipv4/fib_frontend.o
  CC      net/ipv4/fib_semantics.o
  CC      net/ipv4/fib_trie.o
  CC      net/ipv4/inet_fragment.o
  CC      net/ipv4/ping.o
  CC      net/ipv4/ip_tunnel_core.o
  CC      net/ipv4/gre_offload.o
  CC      net/ipv4/sysctl_net_ipv4.o
  CC      net/ipv4/proc.o
  CC      net/ipv4/fib_rules.o
  CC      net/ipv4/ipmr.o
  CC      net/ipv4/syncookies.o
  CC      net/ipv4/ipconfig.o
  CC      net/ipv4/netfilter.o
  LD      net/ipv4/netfilter/built-in.o
  CC      net/ipv4/tcp_cubic.o
  CC      net/ipv4/tcp_memcontrol.o
  CC      net/ipv4/cipso_ipv4.o
  CC      net/ipv4/xfrm4_policy.o
  CC      net/ipv4/xfrm4_state.o
  CC      net/ipv4/xfrm4_input.o
  CC      net/ipv4/xfrm4_output.o
  CC      net/ipv4/xfrm4_protocol.o
  LD      net/ipv4/built-in.o
  CC      net/ipv6/af_inet6.o
  CC      net/ipv6/anycast.o
  CC      net/ipv6/ip6_output.o
  CC      net/ipv6/ip6_input.o
  CC      net/ipv6/addrconf.o
  CC      net/ipv6/addrlabel.o
  CC      net/ipv6/route.o
  CC      net/ipv6/ip6_fib.o
  CC      net/ipv6/ipv6_sockglue.o
  CC      net/ipv6/ndisc.o
  CC      net/ipv6/udp.o
  CC      net/ipv6/udplite.o
  CC      net/ipv6/raw.o
  CC      net/ipv6/icmp.o
  CC      net/ipv6/mcast.o
  CC      net/ipv6/reassembly.o
  CC      net/ipv6/tcp_ipv6.o
  CC      net/ipv6/ping.o
  CC      net/ipv6/exthdrs.o
  CC      net/ipv6/datagram.o
  CC      net/ipv6/ip6_flowlabel.o
  CC      net/ipv6/inet6_connection_sock.o
  CC      net/ipv6/sysctl_net_ipv6.o
  CC      net/ipv6/ip6mr.o
  CC      net/ipv6/xfrm6_policy.o
  CC      net/ipv6/xfrm6_state.o
  CC      net/ipv6/xfrm6_input.o
  CC      net/ipv6/xfrm6_output.o
  CC      net/ipv6/xfrm6_protocol.o
  CC      net/ipv6/netfilter.o
  CC      net/ipv6/fib6_rules.o
  CC      net/ipv6/proc.o
  CC      net/ipv6/syncookies.o
  LD      net/ipv6/ipv6.o
  CC      net/ipv6/mip6.o
  LD      net/ipv6/netfilter/built-in.o
  CC      net/ipv6/addrconf_core.o
  CC      net/ipv6/exthdrs_core.o
  CC      net/ipv6/ip6_checksum.o
  CC      net/ipv6/ip6_icmp.o
  CC      net/ipv6/output_core.o
  CC      net/ipv6/protocol.o
  CC      net/ipv6/ip6_offload.o
  CC      net/ipv6/tcpv6_offload.o
  CC      net/ipv6/udp_offload.o
  CC      net/ipv6/exthdrs_offload.o
  CC      net/ipv6/inet6_hashtables.o
  LD      net/ipv6/built-in.o
  LD      net/key/built-in.o
  LD      net/l2tp/built-in.o
  LD      net/llc/built-in.o
  LD      net/mac80211/built-in.o
  CC      net/mpls/mpls_gso.o
  LD      net/mpls/built-in.o
  CC      net/netfilter/core.o
  CC      net/netfilter/nf_log.o
  CC      net/netfilter/nf_queue.o
  CC      net/netfilter/nf_sockopt.o
  LD      net/netfilter/netfilter.o
  LD      net/netfilter/built-in.o
  LD      net/netfilter/ipset/built-in.o
  LD      net/netfilter/ipvs/built-in.o
  CC      net/netlabel/netlabel_user.o
  CC      net/netlabel/netlabel_kapi.o
  CC      net/netlabel/netlabel_domainhash.o
  CC      net/netlabel/netlabel_addrlist.o
  CC      net/netlabel/netlabel_mgmt.o
  CC      net/netlabel/netlabel_unlabeled.o
  CC      net/netlabel/netlabel_cipso_v4.o
  LD      net/netlabel/built-in.o
  CC      net/netlink/af_netlink.o
  CC      net/netlink/genetlink.o
  LD      net/netlink/built-in.o
  LD      net/nfc/built-in.o
  LD      net/openvswitch/built-in.o
  CC      net/packet/af_packet.o
  LD      net/packet/built-in.o
  LD      net/phonet/built-in.o
  LD      net/rds/built-in.o
  LD      net/rfkill/built-in.o
  CC      net/rpmsg/rpmsg_proto.o
  LD      net/rpmsg/built-in.o
  LD      net/rxrpc/built-in.o
  CC      net/sched/sch_generic.o
  CC      net/sched/sch_mq.o
  CC      net/sched/sch_api.o
  CC      net/sched/sch_blackhole.o
  CC      net/sched/cls_api.o
  CC      net/sched/act_api.o
  CC      net/sched/sch_fifo.o
  CC      net/sched/ematch.o
  LD      net/sched/built-in.o
  LD      net/sctp/built-in.o
  CC      net/sunrpc/clnt.o
  CC      net/sunrpc/xprt.o
  CC      net/sunrpc/socklib.o
  CC      net/sunrpc/xprtsock.o
  CC      net/sunrpc/sched.o
  CC      net/sunrpc/auth.o
  CC      net/sunrpc/auth_null.o
  CC      net/sunrpc/auth_unix.o
  CC      net/sunrpc/auth_generic.o
  CC      net/sunrpc/svc.o
  CC      net/sunrpc/svcsock.o
  CC      net/sunrpc/svcauth.o
  CC      net/sunrpc/svcauth_unix.o
  CC      net/sunrpc/addr.o
  CC      net/sunrpc/rpcb_clnt.o
  CC      net/sunrpc/timer.o
  CC      net/sunrpc/xdr.o
  CC      net/sunrpc/sunrpc_syms.o
  CC      net/sunrpc/cache.o
  CC      net/sunrpc/rpc_pipe.o
  CC      net/sunrpc/svc_xprt.o
  CC      net/sunrpc/debugfs.o
  CC      net/sunrpc/backchannel_rqst.o
  CC      net/sunrpc/bc_svc.o
  CC      net/sunrpc/stats.o
  CC      net/sunrpc/sysctl.o
  LD      net/sunrpc/sunrpc.o
  CC      net/sunrpc/auth_gss/auth_gss.o
  CC      net/sunrpc/auth_gss/gss_generic_token.o
  CC      net/sunrpc/auth_gss/gss_mech_switch.o
  CC      net/sunrpc/auth_gss/svcauth_gss.o
  CC      net/sunrpc/auth_gss/gss_rpc_upcall.o
  CC      net/sunrpc/auth_gss/gss_rpc_xdr.o
  LD      net/sunrpc/auth_gss/auth_rpcgss.o
  LD      net/sunrpc/auth_gss/built-in.o
  LD      net/sunrpc/xprtrdma/built-in.o
  LD      net/sunrpc/built-in.o
  LD      net/tipc/built-in.o
  CC      net/unix/af_unix.o
  CC      net/unix/garbage.o
  CC      net/unix/sysctl_net_unix.o
  LD      net/unix/unix.o
  LD      net/unix/built-in.o
  LD      net/wimax/built-in.o
  CC      net/wireless/wext-core.o
  CC      net/wireless/wext-proc.o
  CC      net/wireless/wext-spy.o
  CC      net/wireless/wext-priv.o
  LD      net/wireless/built-in.o
  CC      net/xfrm/xfrm_policy.o
  CC      net/xfrm/xfrm_state.o
  CC      net/xfrm/xfrm_hash.o
  CC      net/xfrm/xfrm_input.o
  CC      net/xfrm/xfrm_output.o
  CC      net/xfrm/xfrm_sysctl.o
  CC      net/xfrm/xfrm_replay.o
  LD      net/xfrm/built-in.o
  CC      net/sysctl_net.o
  LD      net/built-in.o
  CC      arch/arm/lib/xor-neon.o
  LD      arch/arm/lib/built-in.o
  AS      arch/arm/lib/ashldi3.o
  AS      arch/arm/lib/ashrdi3.o
  AS      arch/arm/lib/backtrace.o
  AS      arch/arm/lib/bswapsdi2.o
  AS      arch/arm/lib/call_with_stack.o
  AS      arch/arm/lib/changebit.o
  AS      arch/arm/lib/clear_user.o
  AS      arch/arm/lib/clearbit.o
  AS      arch/arm/lib/copy_from_user.o
  AS      arch/arm/lib/copy_page.o
  AS      arch/arm/lib/copy_to_user.o
  AS      arch/arm/lib/csumipv6.o
  AS      arch/arm/lib/csumpartial.o
  AS      arch/arm/lib/csumpartialcopy.o
  AS      arch/arm/lib/csumpartialcopyuser.o
  AS      arch/arm/lib/delay-loop.o
  CC      arch/arm/lib/delay.o
  AS      arch/arm/lib/div64.o
  AS      arch/arm/lib/findbit.o
  AS      arch/arm/lib/getuser.o
  AS      arch/arm/lib/io-readsb.o
  AS      arch/arm/lib/io-readsl.o
  AS      arch/arm/lib/io-readsw-armv4.o
  AS      arch/arm/lib/io-writesb.o
  AS      arch/arm/lib/io-writesl.o
  AS      arch/arm/lib/io-writesw-armv4.o
  AS      arch/arm/lib/lib1funcs.o
  AS      arch/arm/lib/lshrdi3.o
  AS      arch/arm/lib/memchr.o
  AS      arch/arm/lib/memcpy.o
  AS      arch/arm/lib/memmove.o
  AS      arch/arm/lib/memset.o
  AS      arch/arm/lib/memzero.o
  AS      arch/arm/lib/muldi3.o
  AS      arch/arm/lib/putuser.o
  AS      arch/arm/lib/setbit.o
  AS      arch/arm/lib/strchr.o
  AS      arch/arm/lib/strrchr.o
  AS      arch/arm/lib/testchangebit.o
  AS      arch/arm/lib/testclearbit.o
  AS      arch/arm/lib/testsetbit.o
  AS      arch/arm/lib/ucmpdi2.o
  AR      arch/arm/lib/lib.a
  CC      lib/lockref.o
  CC      lib/bcd.o
  CC      lib/div64.o
  CC      lib/sort.o
  CC      lib/parser.o
  CC      lib/halfmd4.o
  CC      lib/debug_locks.o
  CC      lib/random32.o
  CC      lib/bust_spinlocks.o
  CC      lib/kasprintf.o
  CC      lib/bitmap.o
  CC      lib/scatterlist.o
  CC      lib/gcd.o
  CC      lib/lcm.o
  CC      lib/list_sort.o
  CC      lib/uuid.o
  CC      lib/flex_array.o
  CC      lib/iov_iter.o
  CC      lib/clz_ctz.o
  CC      lib/bsearch.o
  CC      lib/find_bit.o
  CC      lib/llist.o
  CC      lib/memweight.o
  CC      lib/kfifo.o
  CC      lib/percpu-refcount.o
  CC      lib/percpu_ida.o
  CC      lib/rhashtable.o
  CC      lib/reciprocal_div.o
  CC      lib/string_helpers.o
  CC      lib/hexdump.o
  CC      lib/kstrtox.o
  CC      lib/pci_iomap.o
  CC      lib/iomap_copy.o
  CC      lib/devres.o
  CC      lib/hweight.o
  CC      lib/btree.o
  CC      lib/assoc_array.o
  CC      lib/smp_processor_id.o
  CC      lib/list_debug.o
  CC      lib/bitrev.o
  CC      lib/rational.o
  CC      lib/crc16.o
  CC      lib/crc-t10dif.o
  HOSTCC  lib/gen_crc32table
  GEN     lib/crc32table.h
  CC      lib/crc32.o
  CC      lib/libcrc32c.o
  CC      lib/genalloc.o
  CC      lib/fonts/fonts.o
  CC      lib/fonts/font_8x8.o
  CC      lib/fonts/font_8x16.o
  LD      lib/fonts/font.o
  LD      lib/fonts/built-in.o
  CC      lib/lz4/lz4_decompress.o
  LD      lib/lz4/built-in.o
  CC      lib/lzo/lzo1x_compress.o
  LD      lib/lzo/lzo_compress.o
  CC      lib/lzo/lzo1x_decompress_safe.o
  LD      lib/lzo/lzo_decompress.o
  LD      lib/lzo/built-in.o
  CC      lib/raid6/algos.o
  CC      lib/raid6/recov.o
  HOSTCC  lib/raid6/mktables
  TABLE   lib/raid6/tables.c
  CC      lib/raid6/tables.o
  UNROLL  lib/raid6/int1.c
  CC      lib/raid6/int1.o
  UNROLL  lib/raid6/int2.c
  CC      lib/raid6/int2.o
  UNROLL  lib/raid6/int4.c
  CC      lib/raid6/int4.o
  UNROLL  lib/raid6/int8.c
  CC      lib/raid6/int8.o
  UNROLL  lib/raid6/int16.c
  CC      lib/raid6/int16.o
  UNROLL  lib/raid6/int32.c
  CC      lib/raid6/int32.o
  CC      lib/raid6/neon.o
  UNROLL  lib/raid6/neon1.c
  CC      lib/raid6/neon1.o
  UNROLL  lib/raid6/neon2.c
  CC      lib/raid6/neon2.o
  UNROLL  lib/raid6/neon4.c
  CC      lib/raid6/neon4.o
  UNROLL  lib/raid6/neon8.c
  CC      lib/raid6/neon8.o
  LD      lib/raid6/raid6_pq.o
  LD      lib/raid6/built-in.o
  CC      lib/xz/xz_dec_syms.o
  CC      lib/xz/xz_dec_stream.o
  CC      lib/xz/xz_dec_lzma2.o
  CC      lib/xz/xz_dec_bcj.o
  LD      lib/xz/xz_dec.o
  LD      lib/xz/built-in.o
  CC      lib/zlib_deflate/deflate.o
  CC      lib/zlib_deflate/deftree.o
  CC      lib/zlib_deflate/deflate_syms.o
  LD      lib/zlib_deflate/zlib_deflate.o
  LD      lib/zlib_deflate/built-in.o
  CC      lib/zlib_inflate/inffast.o
  CC      lib/zlib_inflate/inflate.o
  CC      lib/zlib_inflate/infutil.o
  CC      lib/zlib_inflate/inftrees.o
  CC      lib/zlib_inflate/inflate_syms.o
  LD      lib/zlib_inflate/zlib_inflate.o
  LD      lib/zlib_inflate/built-in.o
  CC      lib/bch.o
  CC      lib/textsearch.o
  CC      lib/audit.o
  CC      lib/swiotlb.o
  CC      lib/iommu-helper.o
  CC      lib/iommu-common.o
  CC      lib/syscall.o
  CC      lib/dynamic_debug.o
  CC      lib/nlattr.o
  CC      lib/average.o
  CC      lib/dynamic_queue_limits.o
  CC      lib/glob.o
  CC      lib/jedec_ddr_data.o
  CC      lib/strncpy_from_user.o
  CC      lib/strnlen_user.o
  CC      lib/net_utils.o
  GEN     lib/oid_registry_data.c
  CC      lib/oid_registry.o
  LD      lib/built-in.o
  CC      lib/argv_split.o
  CC      lib/bug.o
  CC      lib/cmdline.o
  CC      lib/ctype.o
  CC      lib/dec_and_lock.o
  CC      lib/decompress.o
  CC      lib/decompress_bunzip2.o
  CC      lib/decompress_inflate.o
  CC      lib/decompress_unlz4.o
  CC      lib/decompress_unlzma.o
  CC      lib/decompress_unlzo.o
  CC      lib/decompress_unxz.o
  CC      lib/dump_stack.o
  CC      lib/earlycpio.o
  CC      lib/extable.o
  CC      lib/fdt.o
  CC      lib/fdt_empty_tree.o
  CC      lib/fdt_ro.o
  CC      lib/fdt_rw.o
  CC      lib/fdt_strerror.o
  CC      lib/fdt_sw.o
  CC      lib/fdt_wip.o
  CC      lib/flex_proportions.o
  CC      lib/idr.o
  CC      lib/int_sqrt.o
  CC      lib/ioremap.o
  CC      lib/irq_regs.o
  CC      lib/is_single_threaded.o
  CC      lib/klist.o
  CC      lib/kobject.o
  CC      lib/kobject_uevent.o
  CC      lib/md5.o
  CC      lib/plist.o
  CC      lib/proportions.o
  CC      lib/radix-tree.o
  CC      lib/ratelimit.o
  CC      lib/rbtree.o
  CC      lib/seq_buf.o
  CC      lib/sha1.o
  CC      lib/show_mem.o
  CC      lib/string.o
  CC      lib/timerqueue.o
  CC      lib/vsprintf.o
  AR      lib/lib.a
  LD      samples/hidraw/built-in.o
  HOSTCC  samples/hidraw/hid-example
  LD      samples/hw_breakpoint/built-in.o
  LD      samples/kdb/built-in.o
  LD      samples/kfifo/built-in.o
  LD      samples/kobject/built-in.o
  LD      samples/kprobes/built-in.o
  LD      samples/livepatch/built-in.o
  LD      samples/rpmsg/built-in.o
  LD      samples/seccomp/built-in.o
  LD      samples/trace_events/built-in.o
  LD      samples/built-in.o
  LINK    vmlinux
  LD      vmlinux.o
  MODPOST vmlinux.o
  GEN     .version
  CHK     include/generated/compile.h
  UPD     include/generated/compile.h
  CC      init/version.o
  LD      init/built-in.o
  KSYM    .tmp_kallsyms1.o
  KSYM    .tmp_kallsyms2.o
  LD      vmlinux
  SORTEX  vmlinux
  SYSMAP  System.map
  OBJCOPY arch/arm/boot/Image
  Kernel: arch/arm/boot/Image is ready
  LDS     arch/arm/boot/compressed/vmlinux.lds
  AS      arch/arm/boot/compressed/head.o
  LZO     arch/arm/boot/compressed/piggy.lzo
  AS      arch/arm/boot/compressed/piggy.lzo.o
  CC      arch/arm/boot/compressed/misc.o
  CC      arch/arm/boot/compressed/decompress.o
  CC      arch/arm/boot/compressed/string.o
  AS      arch/arm/boot/compressed/hyp-stub.o
  AS      arch/arm/boot/compressed/lib1funcs.o
  AS      arch/arm/boot/compressed/ashldi3.o
  AS      arch/arm/boot/compressed/bswapsdi2.o
  LD      arch/arm/boot/compressed/vmlinux
  OBJCOPY arch/arm/boot/zImage
  Kernel: arch/arm/boot/zImage is ready
make dtbs
  CHK     include/config/kernel.release
  CHK     include/generated/uapi/linux/version.h
  CHK     include/generated/utsrelease.h
make[1]: `include/generated/mach-types.h' is up to date.
  CHK     include/generated/bounds.h
  CHK     include/generated/asm-offsets.h
  CALL    scripts/checksyscalls.sh
  DTC     arch/arm/boot/dts/am335x-base0033.dtb
  DTC     arch/arm/boot/dts/am335x-bone.dtb
  DTC     arch/arm/boot/dts/am335x-boneblack.dtb
  DTC     arch/arm/boot/dts/am335x-bonegreen-overlay.dtb
  DTC     arch/arm/boot/dts/am335x-bonegreen.dtb
  DTC     arch/arm/boot/dts/am335x-boneblack-wl1835mod.dtb
  DTC     arch/arm/boot/dts/am335x-boneblack-ttyS2.dtb
  DTC     arch/arm/boot/dts/am335x-boneblack-spi0.dtb
  DTC     arch/arm/boot/dts/am335x-boneblack-replicape.dtb
  DTC     arch/arm/boot/dts/am335x-boneblack-bbbmini.dtb
  DTC     arch/arm/boot/dts/am335x-boneblack-overlay.dtb
  DTC     arch/arm/boot/dts/am335x-boneblack-nhdmi-overlay.dtb
  DTC     arch/arm/boot/dts/am335x-boneblack-hdmi-overlay.dtb
  DTC     arch/arm/boot/dts/am335x-boneblack-emmc-overlay.dtb
  DTC     arch/arm/boot/dts/am335x-boneblack-bbb-exp-r.dtb
  DTC     arch/arm/boot/dts/am335x-boneblack-bbb-exp-c.dtb
  DTC     arch/arm/boot/dts/am335x-arduino-tre.dtb
  DTC     arch/arm/boot/dts/am335x-abbbi.dtb
  DTC     arch/arm/boot/dts/am335x-evm.dtb
  DTC     arch/arm/boot/dts/am335x-evmsk.dtb
  DTC     arch/arm/boot/dts/am335x-nano.dtb
  DTC     arch/arm/boot/dts/am335x-pepper.dtb
  DTC     arch/arm/boot/dts/am335x-lxm.dtb
  DTC     arch/arm/boot/dts/am335x-chiliboard.dtb
make modules
  CHK     include/config/kernel.release
  CHK     include/generated/uapi/linux/version.h
  CHK     include/generated/utsrelease.h
make[1]: `include/generated/mach-types.h' is up to date.
  CHK     include/generated/bounds.h
  CHK     include/generated/asm-offsets.h
  CALL    scripts/checksyscalls.sh
  AS [M]  arch/arm/crypto/aes-armv4.o
  CC [M]  arch/arm/crypto/aes_glue.o
  LD [M]  arch/arm/crypto/aes-arm.o
  AS [M]  arch/arm/crypto/aesbs-core.o
  CC [M]  arch/arm/crypto/aesbs-glue.o
  LD [M]  arch/arm/crypto/aes-arm-bs.o
  AS [M]  arch/arm/crypto/sha1-armv4-large.o
  CC [M]  arch/arm/crypto/sha1_glue.o
  LD [M]  arch/arm/crypto/sha1-arm.o
  AS [M]  arch/arm/crypto/sha1-armv7-neon.o
  CC [M]  arch/arm/crypto/sha1_neon_glue.o
  LD [M]  arch/arm/crypto/sha1-arm-neon.o
  AS [M]  arch/arm/crypto/sha256-core.o
  CC [M]  arch/arm/crypto/sha256_glue.o
  CC [M]  arch/arm/crypto/sha256_neon_glue.o
  LD [M]  arch/arm/crypto/sha256-arm.o
  AS [M]  arch/arm/crypto/sha512-armv7-neon.o
  CC [M]  arch/arm/crypto/sha512_neon_glue.o
  LD [M]  arch/arm/crypto/sha512-arm-neon.o
  CC [M]  mm/zsmalloc.o
  CC [M]  fs/binfmt_misc.o
  CC [M]  fs/9p/vfs_super.o
  CC [M]  fs/9p/vfs_inode.o
  CC [M]  fs/9p/vfs_inode_dotl.o
  CC [M]  fs/9p/vfs_addr.o
  CC [M]  fs/9p/vfs_file.o
  CC [M]  fs/9p/vfs_dir.o
  CC [M]  fs/9p/vfs_dentry.o
  CC [M]  fs/9p/v9fs.o
  CC [M]  fs/9p/fid.o
  CC [M]  fs/9p/xattr.o
  CC [M]  fs/9p/xattr_user.o
  CC [M]  fs/9p/xattr_trusted.o
  CC [M]  fs/9p/cache.o
  CC [M]  fs/9p/acl.o
  CC [M]  fs/9p/xattr_security.o
  LD [M]  fs/9p/9p.o
  CC [M]  fs/adfs/dir.o
  CC [M]  fs/adfs/dir_f.o
  CC [M]  fs/adfs/dir_fplus.o
  CC [M]  fs/adfs/file.o
  CC [M]  fs/adfs/inode.o
  CC [M]  fs/adfs/map.o
  CC [M]  fs/adfs/super.o
  LD [M]  fs/adfs/adfs.o
  CC [M]  fs/affs/super.o
  CC [M]  fs/affs/namei.o
  CC [M]  fs/affs/inode.o
  CC [M]  fs/affs/file.o
  CC [M]  fs/affs/dir.o
  CC [M]  fs/affs/amigaffs.o
  CC [M]  fs/affs/bitmap.o
  CC [M]  fs/affs/symlink.o
  LD [M]  fs/affs/affs.o
  CC [M]  fs/afs/cache.o
  CC [M]  fs/afs/callback.o
  CC [M]  fs/afs/cell.o
  CC [M]  fs/afs/cmservice.o
  CC [M]  fs/afs/dir.o
  CC [M]  fs/afs/file.o
  CC [M]  fs/afs/flock.o
  CC [M]  fs/afs/fsclient.o
  CC [M]  fs/afs/inode.o
  CC [M]  fs/afs/main.o
  CC [M]  fs/afs/misc.o
  CC [M]  fs/afs/mntpt.o
  CC [M]  fs/afs/proc.o
  CC [M]  fs/afs/rxrpc.o
  CC [M]  fs/afs/security.o
  CC [M]  fs/afs/server.o
  CC [M]  fs/afs/super.o
  CC [M]  fs/afs/netdevices.o
  CC [M]  fs/afs/vlclient.o
  CC [M]  fs/afs/vlocation.o
  CC [M]  fs/afs/vnode.o
  CC [M]  fs/afs/volume.o
  CC [M]  fs/afs/write.o
  LD [M]  fs/afs/kafs.o
  CC [M]  fs/aufs/module.o
  CC [M]  fs/aufs/sbinfo.o
  CC [M]  fs/aufs/super.o
  CC [M]  fs/aufs/branch.o
  CC [M]  fs/aufs/xino.o
  CC [M]  fs/aufs/sysaufs.o
  CC [M]  fs/aufs/opts.o
  CC [M]  fs/aufs/wkq.o
  CC [M]  fs/aufs/vfsub.o
  CC [M]  fs/aufs/dcsub.o
  CC [M]  fs/aufs/cpup.o
  CC [M]  fs/aufs/whout.o
  CC [M]  fs/aufs/wbr_policy.o
  CC [M]  fs/aufs/dinfo.o
  CC [M]  fs/aufs/dentry.o
  CC [M]  fs/aufs/dynop.o
  CC [M]  fs/aufs/finfo.o
  CC [M]  fs/aufs/file.o
  CC [M]  fs/aufs/f_op.o
  CC [M]  fs/aufs/dir.o
  CC [M]  fs/aufs/vdir.o
  CC [M]  fs/aufs/iinfo.o
  CC [M]  fs/aufs/inode.o
  CC [M]  fs/aufs/i_op.o
  CC [M]  fs/aufs/i_op_add.o
  CC [M]  fs/aufs/i_op_del.o
  CC [M]  fs/aufs/i_op_ren.o
  CC [M]  fs/aufs/mvdown.o
  CC [M]  fs/aufs/ioctl.o
  CC [M]  fs/aufs/procfs.o
  CC [M]  fs/aufs/plink.o
  CC [M]  fs/aufs/sysfs.o
  CC [M]  fs/aufs/dbgaufs.o
  CC [M]  fs/aufs/loop.o
  CC [M]  fs/aufs/export.o
  CC [M]  fs/aufs/xattr.o
  CC [M]  fs/aufs/posix_acl.o
  CC [M]  fs/aufs/hfsplus.o
  LD [M]  fs/aufs/aufs.o
  CC [M]  fs/befs/datastream.o
  CC [M]  fs/befs/btree.o
  CC [M]  fs/befs/super.o
  CC [M]  fs/befs/inode.o
  CC [M]  fs/befs/debug.o
  CC [M]  fs/befs/io.o
  CC [M]  fs/befs/linuxvfs.o
  LD [M]  fs/befs/befs.o
  CC [M]  fs/bfs/inode.o
  CC [M]  fs/bfs/file.o
  CC [M]  fs/bfs/dir.o
  LD [M]  fs/bfs/bfs.o
  CC [M]  fs/cachefiles/bind.o
  CC [M]  fs/cachefiles/daemon.o
  CC [M]  fs/cachefiles/interface.o
  CC [M]  fs/cachefiles/key.o
  CC [M]  fs/cachefiles/main.o
  CC [M]  fs/cachefiles/namei.o
  CC [M]  fs/cachefiles/rdwr.o
  CC [M]  fs/cachefiles/security.o
  CC [M]  fs/cachefiles/xattr.o
  LD [M]  fs/cachefiles/cachefiles.o
  CC [M]  fs/ceph/super.o
  CC [M]  fs/ceph/inode.o
  CC [M]  fs/ceph/dir.o
  CC [M]  fs/ceph/file.o
  CC [M]  fs/ceph/locks.o
  CC [M]  fs/ceph/addr.o
  CC [M]  fs/ceph/ioctl.o
  CC [M]  fs/ceph/export.o
  CC [M]  fs/ceph/caps.o
  CC [M]  fs/ceph/snap.o
  CC [M]  fs/ceph/xattr.o
  CC [M]  fs/ceph/mds_client.o
  CC [M]  fs/ceph/mdsmap.o
  CC [M]  fs/ceph/strings.o
  CC [M]  fs/ceph/ceph_frag.o
  CC [M]  fs/ceph/debugfs.o
  CC [M]  fs/ceph/cache.o
  CC [M]  fs/ceph/acl.o
  LD [M]  fs/ceph/ceph.o
  CC [M]  fs/cifs/cifsfs.o
  CC [M]  fs/cifs/cifssmb.o
  CC [M]  fs/cifs/cifs_debug.o
  CC [M]  fs/cifs/connect.o
  CC [M]  fs/cifs/dir.o
  CC [M]  fs/cifs/file.o
  CC [M]  fs/cifs/inode.o
  CC [M]  fs/cifs/link.o
  CC [M]  fs/cifs/misc.o
  CC [M]  fs/cifs/netmisc.o
  CC [M]  fs/cifs/smbencrypt.o
  CC [M]  fs/cifs/transport.o
  CC [M]  fs/cifs/asn1.o
  CC [M]  fs/cifs/cifs_unicode.o
  CC [M]  fs/cifs/nterr.o
  CC [M]  fs/cifs/xattr.o
  CC [M]  fs/cifs/cifsencrypt.o
  CC [M]  fs/cifs/readdir.o
  CC [M]  fs/cifs/ioctl.o
  CC [M]  fs/cifs/sess.o
  CC [M]  fs/cifs/export.o
  CC [M]  fs/cifs/smb1ops.o
  CC [M]  fs/cifs/winucase.o
  CC [M]  fs/cifs/cifsacl.o
  CC [M]  fs/cifs/cifs_spnego.o
  CC [M]  fs/cifs/dns_resolve.o
  CC [M]  fs/cifs/cifs_dfs_ref.o
  CC [M]  fs/cifs/fscache.o
  CC [M]  fs/cifs/cache.o
  CC [M]  fs/cifs/smb2ops.o
  CC [M]  fs/cifs/smb2maperror.o
  CC [M]  fs/cifs/smb2transport.o
  CC [M]  fs/cifs/smb2misc.o
  CC [M]  fs/cifs/smb2pdu.o
  CC [M]  fs/cifs/smb2inode.o
  CC [M]  fs/cifs/smb2file.o
  LD [M]  fs/cifs/cifs.o
  CC [M]  fs/coda/psdev.o
  CC [M]  fs/coda/cache.o
  CC [M]  fs/coda/cnode.o
  CC [M]  fs/coda/inode.o
  CC [M]  fs/coda/dir.o
  CC [M]  fs/coda/file.o
  CC [M]  fs/coda/upcall.o
  CC [M]  fs/coda/coda_linux.o
  CC [M]  fs/coda/symlink.o
  CC [M]  fs/coda/pioctl.o
  CC [M]  fs/coda/sysctl.o
  LD [M]  fs/coda/coda.o
  CC [M]  fs/dlm/ast.o
  CC [M]  fs/dlm/config.o
  CC [M]  fs/dlm/dir.o
  CC [M]  fs/dlm/lock.o
  CC [M]  fs/dlm/lockspace.o
  CC [M]  fs/dlm/main.o
  CC [M]  fs/dlm/member.o
  CC [M]  fs/dlm/memory.o
  CC [M]  fs/dlm/midcomms.o
  CC [M]  fs/dlm/netlink.o
  CC [M]  fs/dlm/lowcomms.o
  CC [M]  fs/dlm/plock.o
  CC [M]  fs/dlm/rcom.o
  CC [M]  fs/dlm/recover.o
  CC [M]  fs/dlm/recoverd.o
  CC [M]  fs/dlm/requestqueue.o
  CC [M]  fs/dlm/user.o
  CC [M]  fs/dlm/util.o
  CC [M]  fs/dlm/debug_fs.o
  LD [M]  fs/dlm/dlm.o
  CC [M]  fs/ecryptfs/dentry.o
  CC [M]  fs/ecryptfs/file.o
  CC [M]  fs/ecryptfs/inode.o
  CC [M]  fs/ecryptfs/main.o
  CC [M]  fs/ecryptfs/super.o
  CC [M]  fs/ecryptfs/mmap.o
  CC [M]  fs/ecryptfs/read_write.o
  CC [M]  fs/ecryptfs/crypto.o
  CC [M]  fs/ecryptfs/keystore.o
  CC [M]  fs/ecryptfs/kthread.o
  CC [M]  fs/ecryptfs/debug.o
  CC [M]  fs/ecryptfs/messaging.o
  CC [M]  fs/ecryptfs/miscdev.o
  LD [M]  fs/ecryptfs/ecryptfs.o
  CC [M]  fs/efs/super.o
  CC [M]  fs/efs/inode.o
  CC [M]  fs/efs/namei.o
  CC [M]  fs/efs/dir.o
  CC [M]  fs/efs/file.o
  CC [M]  fs/efs/symlink.o
  LD [M]  fs/efs/efs.o
  CC [M]  fs/exofs/ore.o
  CC [M]  fs/exofs/ore_raid.o
  LD [M]  fs/exofs/libore.o
  CC [M]  fs/exofs/inode.o
  CC [M]  fs/exofs/file.o
  CC [M]  fs/exofs/symlink.o
  CC [M]  fs/exofs/namei.o
  CC [M]  fs/exofs/dir.o
  CC [M]  fs/exofs/super.o
  CC [M]  fs/exofs/sys.o
  LD [M]  fs/exofs/exofs.o
  CC [M]  fs/freevxfs/vxfs_bmap.o
  CC [M]  fs/freevxfs/vxfs_fshead.o
  CC [M]  fs/freevxfs/vxfs_immed.o
  CC [M]  fs/freevxfs/vxfs_inode.o
  CC [M]  fs/freevxfs/vxfs_lookup.o
  CC [M]  fs/freevxfs/vxfs_olt.o
  CC [M]  fs/freevxfs/vxfs_subr.o
  CC [M]  fs/freevxfs/vxfs_super.o
  LD [M]  fs/freevxfs/freevxfs.o
  CC [M]  fs/fscache/cache.o
  CC [M]  fs/fscache/cookie.o
  CC [M]  fs/fscache/fsdef.o
  CC [M]  fs/fscache/main.o
  CC [M]  fs/fscache/netfs.o
  CC [M]  fs/fscache/object.o
  CC [M]  fs/fscache/operation.o
  CC [M]  fs/fscache/page.o
  CC [M]  fs/fscache/proc.o
  CC [M]  fs/fscache/stats.o
  LD [M]  fs/fscache/fscache.o
  CC [M]  fs/fuse/cuse.o
  CC [M]  fs/gfs2/acl.o
  CC [M]  fs/gfs2/bmap.o
  CC [M]  fs/gfs2/dir.o
  CC [M]  fs/gfs2/xattr.o
  CC [M]  fs/gfs2/glock.o
  CC [M]  fs/gfs2/glops.o
  CC [M]  fs/gfs2/log.o
  CC [M]  fs/gfs2/lops.o
  CC [M]  fs/gfs2/main.o
  CC [M]  fs/gfs2/meta_io.o
  CC [M]  fs/gfs2/aops.o
  CC [M]  fs/gfs2/dentry.o
  CC [M]  fs/gfs2/export.o
  CC [M]  fs/gfs2/file.o
  CC [M]  fs/gfs2/ops_fstype.o
  CC [M]  fs/gfs2/inode.o
  CC [M]  fs/gfs2/quota.o
  CC [M]  fs/gfs2/recovery.o
  CC [M]  fs/gfs2/rgrp.o
  CC [M]  fs/gfs2/super.o
  CC [M]  fs/gfs2/sys.o
  CC [M]  fs/gfs2/trans.o
  CC [M]  fs/gfs2/util.o
  CC [M]  fs/gfs2/lock_dlm.o
  LD [M]  fs/gfs2/gfs2.o
  CC [M]  fs/hfs/bitmap.o
  CC [M]  fs/hfs/bfind.o
  CC [M]  fs/hfs/bnode.o
  CC [M]  fs/hfs/brec.o
  CC [M]  fs/hfs/btree.o
  CC [M]  fs/hfs/catalog.o
  CC [M]  fs/hfs/dir.o
  CC [M]  fs/hfs/extent.o
  CC [M]  fs/hfs/inode.o
  CC [M]  fs/hfs/attr.o
  CC [M]  fs/hfs/mdb.o
  CC [M]  fs/hfs/part_tbl.o
  CC [M]  fs/hfs/string.o
  CC [M]  fs/hfs/super.o
  CC [M]  fs/hfs/sysdep.o
  CC [M]  fs/hfs/trans.o
  LD [M]  fs/hfs/hfs.o
  CC [M]  fs/hfsplus/super.o
  CC [M]  fs/hfsplus/options.o
  CC [M]  fs/hfsplus/inode.o
  CC [M]  fs/hfsplus/ioctl.o
  CC [M]  fs/hfsplus/extents.o
  CC [M]  fs/hfsplus/catalog.o
  CC [M]  fs/hfsplus/dir.o
  CC [M]  fs/hfsplus/btree.o
  CC [M]  fs/hfsplus/bnode.o
  CC [M]  fs/hfsplus/brec.o
  CC [M]  fs/hfsplus/bfind.o
  CC [M]  fs/hfsplus/tables.o
  CC [M]  fs/hfsplus/unicode.o
  CC [M]  fs/hfsplus/wrapper.o
  CC [M]  fs/hfsplus/bitmap.o
  CC [M]  fs/hfsplus/part_tbl.o
  CC [M]  fs/hfsplus/attributes.o
  CC [M]  fs/hfsplus/xattr.o
  CC [M]  fs/hfsplus/xattr_user.o
  CC [M]  fs/hfsplus/xattr_security.o
  CC [M]  fs/hfsplus/xattr_trusted.o
  LD [M]  fs/hfsplus/hfsplus.o
  CC [M]  fs/isofs/namei.o
  CC [M]  fs/isofs/inode.o
  CC [M]  fs/isofs/dir.o
  CC [M]  fs/isofs/util.o
  CC [M]  fs/isofs/rock.o
  CC [M]  fs/isofs/export.o
  CC [M]  fs/isofs/joliet.o
  CC [M]  fs/isofs/compress.o
  LD [M]  fs/isofs/isofs.o
  CC [M]  fs/jffs2/compr.o
  CC [M]  fs/jffs2/dir.o
  CC [M]  fs/jffs2/file.o
  CC [M]  fs/jffs2/ioctl.o
  CC [M]  fs/jffs2/nodelist.o
  CC [M]  fs/jffs2/malloc.o
  CC [M]  fs/jffs2/read.o
  CC [M]  fs/jffs2/nodemgmt.o
  CC [M]  fs/jffs2/readinode.o
  CC [M]  fs/jffs2/write.o
  CC [M]  fs/jffs2/scan.o
  CC [M]  fs/jffs2/gc.o
  CC [M]  fs/jffs2/symlink.o
  CC [M]  fs/jffs2/build.o
  CC [M]  fs/jffs2/erase.o
  CC [M]  fs/jffs2/background.o
  CC [M]  fs/jffs2/fs.o
  CC [M]  fs/jffs2/writev.o
  CC [M]  fs/jffs2/super.o
  CC [M]  fs/jffs2/debug.o
  CC [M]  fs/jffs2/wbuf.o
  CC [M]  fs/jffs2/xattr.o
  CC [M]  fs/jffs2/xattr_trusted.o
  CC [M]  fs/jffs2/xattr_user.o
  CC [M]  fs/jffs2/security.o
  CC [M]  fs/jffs2/acl.o
  CC [M]  fs/jffs2/compr_rtime.o
  CC [M]  fs/jffs2/compr_zlib.o
  CC [M]  fs/jffs2/compr_lzo.o
  CC [M]  fs/jffs2/summary.o
  LD [M]  fs/jffs2/jffs2.o
  CC [M]  fs/jfs/super.o
  CC [M]  fs/jfs/file.o
  CC [M]  fs/jfs/inode.o
  CC [M]  fs/jfs/namei.o
  CC [M]  fs/jfs/jfs_mount.o
  CC [M]  fs/jfs/jfs_umount.o
  CC [M]  fs/jfs/jfs_xtree.o
  CC [M]  fs/jfs/jfs_imap.o
  CC [M]  fs/jfs/jfs_debug.o
  CC [M]  fs/jfs/jfs_dmap.o
  CC [M]  fs/jfs/jfs_unicode.o
  CC [M]  fs/jfs/jfs_dtree.o
  CC [M]  fs/jfs/jfs_inode.o
  CC [M]  fs/jfs/jfs_discard.o
  CC [M]  fs/jfs/jfs_extent.o
  CC [M]  fs/jfs/symlink.o
  CC [M]  fs/jfs/jfs_metapage.o
  CC [M]  fs/jfs/jfs_logmgr.o
  CC [M]  fs/jfs/jfs_txnmgr.o
  CC [M]  fs/jfs/jfs_uniupr.o
  CC [M]  fs/jfs/resize.o
  CC [M]  fs/jfs/xattr.o
  CC [M]  fs/jfs/ioctl.o
  CC [M]  fs/jfs/acl.o
  LD [M]  fs/jfs/jfs.o
  CC [M]  fs/logfs/compr.o
  CC [M]  fs/logfs/dir.o
  CC [M]  fs/logfs/file.o
  CC [M]  fs/logfs/gc.o
  CC [M]  fs/logfs/inode.o
  CC [M]  fs/logfs/journal.o
  CC [M]  fs/logfs/readwrite.o
  CC [M]  fs/logfs/segment.o
  CC [M]  fs/logfs/super.o
  CC [M]  fs/logfs/dev_bdev.o
  CC [M]  fs/logfs/dev_mtd.o
  LD [M]  fs/logfs/logfs.o
  CC [M]  fs/minix/bitmap.o
  CC [M]  fs/minix/itree_v1.o
  CC [M]  fs/minix/itree_v2.o
  CC [M]  fs/minix/namei.o
  CC [M]  fs/minix/inode.o
  CC [M]  fs/minix/file.o
  CC [M]  fs/minix/dir.o
  LD [M]  fs/minix/minix.o
  CC [M]  fs/ncpfs/dir.o
  CC [M]  fs/ncpfs/file.o
  CC [M]  fs/ncpfs/inode.o
  CC [M]  fs/ncpfs/ioctl.o
  CC [M]  fs/ncpfs/mmap.o
  CC [M]  fs/ncpfs/ncplib_kernel.o
  CC [M]  fs/ncpfs/sock.o
  CC [M]  fs/ncpfs/ncpsign_kernel.o
  CC [M]  fs/ncpfs/getopt.o
  CC [M]  fs/ncpfs/symlink.o
  LD [M]  fs/ncpfs/ncpfs.o
  CC [M]  fs/nfs/blocklayout/blocklayout.o
  CC [M]  fs/nfs/blocklayout/dev.o
  CC [M]  fs/nfs/blocklayout/extent_tree.o
  CC [M]  fs/nfs/blocklayout/rpc_pipefs.o
  LD [M]  fs/nfs/blocklayout/blocklayoutdriver.o
  CC [M]  fs/nfs/flexfilelayout/flexfilelayout.o
  CC [M]  fs/nfs/flexfilelayout/flexfilelayoutdev.o
  LD [M]  fs/nfs/flexfilelayout/nfs_layout_flexfiles.o
  CC [M]  fs/nfs/objlayout/objio_osd.o
  CC [M]  fs/nfs/objlayout/pnfs_osd_xdr_cli.o
  CC [M]  fs/nfs/objlayout/objlayout.o
  LD [M]  fs/nfs/objlayout/objlayoutdriver.o
  CC [M]  fs/nfsd/trace.o
  CC [M]  fs/nfsd/nfssvc.o
  CC [M]  fs/nfsd/nfsctl.o
  CC [M]  fs/nfsd/nfsproc.o
  CC [M]  fs/nfsd/nfsfh.o
  CC [M]  fs/nfsd/vfs.o
  CC [M]  fs/nfsd/export.o
  CC [M]  fs/nfsd/auth.o
  CC [M]  fs/nfsd/lockd.o
  CC [M]  fs/nfsd/nfscache.o
  CC [M]  fs/nfsd/nfsxdr.o
  CC [M]  fs/nfsd/stats.o
  CC [M]  fs/nfsd/nfs2acl.o
  CC [M]  fs/nfsd/nfs3proc.o
  CC [M]  fs/nfsd/nfs3xdr.o
  CC [M]  fs/nfsd/nfs3acl.o
  CC [M]  fs/nfsd/nfs4proc.o
  CC [M]  fs/nfsd/nfs4xdr.o
fs/nfsd/nfs4xdr.c: In function ‘nfsd4_encode_components_esc’:
fs/nfsd/nfs4xdr.c:1938:9: warning: ‘str’ may be used uninitialized in this function [-Wuninitialized]
  CC [M]  fs/nfsd/nfs4state.o
fs/nfsd/nfs4state.c: In function ‘nfsd4_process_open2’:
fs/nfsd/nfs4state.c:3904:24: warning: ‘old_deny_bmap’ may be used uninitialized in this function [-Wuninitialized]
fs/nfsd/nfs4state.c:3883:16: note: ‘old_deny_bmap’ was declared here
  CC [M]  fs/nfsd/nfs4idmap.o
  CC [M]  fs/nfsd/nfs4acl.o
  CC [M]  fs/nfsd/nfs4callback.o
  CC [M]  fs/nfsd/nfs4recover.o
  LD [M]  fs/nfsd/nfsd.o
  CC [M]  fs/nilfs2/inode.o
  CC [M]  fs/nilfs2/file.o
  CC [M]  fs/nilfs2/dir.o
  CC [M]  fs/nilfs2/super.o
  CC [M]  fs/nilfs2/namei.o
  CC [M]  fs/nilfs2/page.o
  CC [M]  fs/nilfs2/mdt.o
  CC [M]  fs/nilfs2/btnode.o
  CC [M]  fs/nilfs2/bmap.o
  CC [M]  fs/nilfs2/btree.o
  CC [M]  fs/nilfs2/direct.o
  CC [M]  fs/nilfs2/dat.o
  CC [M]  fs/nilfs2/recovery.o
  CC [M]  fs/nilfs2/the_nilfs.o
  CC [M]  fs/nilfs2/segbuf.o
  CC [M]  fs/nilfs2/segment.o
  CC [M]  fs/nilfs2/cpfile.o
  CC [M]  fs/nilfs2/sufile.o
  CC [M]  fs/nilfs2/ifile.o
  CC [M]  fs/nilfs2/alloc.o
  CC [M]  fs/nilfs2/gcinode.o
  CC [M]  fs/nilfs2/ioctl.o
  CC [M]  fs/nilfs2/sysfs.o
  LD [M]  fs/nilfs2/nilfs2.o
  CC [M]  fs/nls/nls_cp737.o
  CC [M]  fs/nls/nls_cp775.o
  CC [M]  fs/nls/nls_cp850.o
  CC [M]  fs/nls/nls_cp852.o
  CC [M]  fs/nls/nls_cp855.o
  CC [M]  fs/nls/nls_cp857.o
  CC [M]  fs/nls/nls_cp860.o
  CC [M]  fs/nls/nls_cp861.o
  CC [M]  fs/nls/nls_cp862.o
  CC [M]  fs/nls/nls_cp863.o
  CC [M]  fs/nls/nls_cp864.o
  CC [M]  fs/nls/nls_cp865.o
  CC [M]  fs/nls/nls_cp866.o
  CC [M]  fs/nls/nls_cp869.o
  CC [M]  fs/nls/nls_cp874.o
  CC [M]  fs/nls/nls_cp932.o
  CC [M]  fs/nls/nls_euc-jp.o
  CC [M]  fs/nls/nls_cp936.o
  CC [M]  fs/nls/nls_cp949.o
  CC [M]  fs/nls/nls_cp950.o
  CC [M]  fs/nls/nls_cp1250.o
  CC [M]  fs/nls/nls_cp1251.o
  CC [M]  fs/nls/nls_ascii.o
  CC [M]  fs/nls/nls_iso8859-2.o
  CC [M]  fs/nls/nls_iso8859-3.o
  CC [M]  fs/nls/nls_iso8859-4.o
  CC [M]  fs/nls/nls_iso8859-5.o
  CC [M]  fs/nls/nls_iso8859-6.o
  CC [M]  fs/nls/nls_iso8859-7.o
  CC [M]  fs/nls/nls_cp1255.o
  CC [M]  fs/nls/nls_iso8859-9.o
  CC [M]  fs/nls/nls_iso8859-13.o
  CC [M]  fs/nls/nls_iso8859-14.o
  CC [M]  fs/nls/nls_iso8859-15.o
  CC [M]  fs/nls/nls_koi8-r.o
  CC [M]  fs/nls/nls_koi8-u.o
  CC [M]  fs/nls/nls_koi8-ru.o
  CC [M]  fs/nls/nls_utf8.o
  CC [M]  fs/nls/mac-celtic.o
  CC [M]  fs/nls/mac-centeuro.o
  CC [M]  fs/nls/mac-croatian.o
  CC [M]  fs/nls/mac-cyrillic.o
  CC [M]  fs/nls/mac-gaelic.o
  CC [M]  fs/nls/mac-greek.o
  CC [M]  fs/nls/mac-iceland.o
  CC [M]  fs/nls/mac-inuit.o
  CC [M]  fs/nls/mac-romanian.o
  CC [M]  fs/nls/mac-roman.o
  CC [M]  fs/nls/mac-turkish.o
  CC [M]  fs/ntfs/aops.o
  CC [M]  fs/ntfs/attrib.o
  CC [M]  fs/ntfs/collate.o
  CC [M]  fs/ntfs/compress.o
  CC [M]  fs/ntfs/debug.o
  CC [M]  fs/ntfs/dir.o
  CC [M]  fs/ntfs/file.o
  CC [M]  fs/ntfs/index.o
  CC [M]  fs/ntfs/inode.o
  CC [M]  fs/ntfs/mft.o
  CC [M]  fs/ntfs/mst.o
  CC [M]  fs/ntfs/namei.o
  CC [M]  fs/ntfs/runlist.o
  CC [M]  fs/ntfs/super.o
  CC [M]  fs/ntfs/sysctl.o
  CC [M]  fs/ntfs/unistr.o
  CC [M]  fs/ntfs/upcase.o
  CC [M]  fs/ntfs/bitmap.o
  CC [M]  fs/ntfs/lcnalloc.o
  CC [M]  fs/ntfs/logfile.o
  CC [M]  fs/ntfs/quota.o
  CC [M]  fs/ntfs/usnjrnl.o
  LD [M]  fs/ntfs/ntfs.o
  CC [M]  fs/ocfs2/alloc.o
  CC [M]  fs/ocfs2/aops.o
  CC [M]  fs/ocfs2/blockcheck.o
  CC [M]  fs/ocfs2/buffer_head_io.o
  CC [M]  fs/ocfs2/dcache.o
  CC [M]  fs/ocfs2/dir.o
  CC [M]  fs/ocfs2/dlmglue.o
  CC [M]  fs/ocfs2/export.o
  CC [M]  fs/ocfs2/extent_map.o
  CC [M]  fs/ocfs2/file.o
  CC [M]  fs/ocfs2/heartbeat.o
  CC [M]  fs/ocfs2/inode.o
  CC [M]  fs/ocfs2/ioctl.o
  CC [M]  fs/ocfs2/journal.o
  CC [M]  fs/ocfs2/localalloc.o
  CC [M]  fs/ocfs2/locks.o
  CC [M]  fs/ocfs2/mmap.o
  CC [M]  fs/ocfs2/namei.o
  CC [M]  fs/ocfs2/refcounttree.o
  CC [M]  fs/ocfs2/reservations.o
  CC [M]  fs/ocfs2/move_extents.o
  CC [M]  fs/ocfs2/resize.o
  CC [M]  fs/ocfs2/slot_map.o
  CC [M]  fs/ocfs2/suballoc.o
  CC [M]  fs/ocfs2/super.o
  CC [M]  fs/ocfs2/symlink.o
  CC [M]  fs/ocfs2/sysfile.o
  CC [M]  fs/ocfs2/uptodate.o
  CC [M]  fs/ocfs2/quota_local.o
  CC [M]  fs/ocfs2/quota_global.o
  CC [M]  fs/ocfs2/xattr.o
  CC [M]  fs/ocfs2/acl.o
  LD [M]  fs/ocfs2/ocfs2.o
  CC [M]  fs/ocfs2/stackglue.o
  LD [M]  fs/ocfs2/ocfs2_stackglue.o
  CC [M]  fs/ocfs2/stack_o2cb.o
  LD [M]  fs/ocfs2/ocfs2_stack_o2cb.o
  CC [M]  fs/ocfs2/stack_user.o
  LD [M]  fs/ocfs2/ocfs2_stack_user.o
  CC [M]  fs/ocfs2/cluster/heartbeat.o
  CC [M]  fs/ocfs2/cluster/masklog.o
  CC [M]  fs/ocfs2/cluster/sys.o
  CC [M]  fs/ocfs2/cluster/nodemanager.o
  CC [M]  fs/ocfs2/cluster/quorum.o
  CC [M]  fs/ocfs2/cluster/tcp.o
  CC [M]  fs/ocfs2/cluster/netdebug.o
  LD [M]  fs/ocfs2/cluster/ocfs2_nodemanager.o
  CC [M]  fs/ocfs2/dlm/dlmdomain.o
  CC [M]  fs/ocfs2/dlm/dlmdebug.o
  CC [M]  fs/ocfs2/dlm/dlmthread.o
  CC [M]  fs/ocfs2/dlm/dlmrecovery.o
  CC [M]  fs/ocfs2/dlm/dlmmaster.o
  CC [M]  fs/ocfs2/dlm/dlmast.o
  CC [M]  fs/ocfs2/dlm/dlmconvert.o
  CC [M]  fs/ocfs2/dlm/dlmlock.o
  CC [M]  fs/ocfs2/dlm/dlmunlock.o
  LD [M]  fs/ocfs2/dlm/ocfs2_dlm.o
  CC [M]  fs/ocfs2/dlmfs/userdlm.o
  CC [M]  fs/ocfs2/dlmfs/dlmfs.o
  LD [M]  fs/ocfs2/dlmfs/ocfs2_dlmfs.o
  CC [M]  fs/omfs/bitmap.o
  CC [M]  fs/omfs/dir.o
  CC [M]  fs/omfs/file.o
  CC [M]  fs/omfs/inode.o
  LD [M]  fs/omfs/omfs.o
  CC [M]  fs/qnx4/inode.o
  CC [M]  fs/qnx4/dir.o
  CC [M]  fs/qnx4/namei.o
  CC [M]  fs/qnx4/bitmap.o
  LD [M]  fs/qnx4/qnx4.o
  CC [M]  fs/qnx6/inode.o
  CC [M]  fs/qnx6/dir.o
  CC [M]  fs/qnx6/namei.o
  CC [M]  fs/qnx6/super_mmi.o
  LD [M]  fs/qnx6/qnx6.o
  CC [M]  fs/quota/quota_v1.o
  CC [M]  fs/quota/quota_v2.o
  CC [M]  fs/quota/quota_tree.o
  CC [M]  fs/reiserfs/bitmap.o
  CC [M]  fs/reiserfs/do_balan.o
  CC [M]  fs/reiserfs/namei.o
  CC [M]  fs/reiserfs/inode.o
  CC [M]  fs/reiserfs/file.o
  CC [M]  fs/reiserfs/dir.o
  CC [M]  fs/reiserfs/fix_node.o
  CC [M]  fs/reiserfs/super.o
  CC [M]  fs/reiserfs/prints.o
  CC [M]  fs/reiserfs/objectid.o
  CC [M]  fs/reiserfs/lbalance.o
  CC [M]  fs/reiserfs/ibalance.o
  CC [M]  fs/reiserfs/stree.o
  CC [M]  fs/reiserfs/hashes.o
  CC [M]  fs/reiserfs/tail_conversion.o
  CC [M]  fs/reiserfs/journal.o
  CC [M]  fs/reiserfs/resize.o
  CC [M]  fs/reiserfs/item_ops.o
  CC [M]  fs/reiserfs/ioctl.o
  CC [M]  fs/reiserfs/xattr.o
  CC [M]  fs/reiserfs/lock.o
  CC [M]  fs/reiserfs/xattr_user.o
  CC [M]  fs/reiserfs/xattr_trusted.o
  CC [M]  fs/reiserfs/xattr_security.o
  CC [M]  fs/reiserfs/xattr_acl.o
  LD [M]  fs/reiserfs/reiserfs.o
  CC [M]  fs/romfs/storage.o
  CC [M]  fs/romfs/super.o
  LD [M]  fs/romfs/romfs.o
  CC [M]  fs/squashfs/block.o
  CC [M]  fs/squashfs/cache.o
  CC [M]  fs/squashfs/dir.o
  CC [M]  fs/squashfs/export.o
  CC [M]  fs/squashfs/file.o
  CC [M]  fs/squashfs/fragment.o
  CC [M]  fs/squashfs/id.o
  CC [M]  fs/squashfs/inode.o
  CC [M]  fs/squashfs/namei.o
  CC [M]  fs/squashfs/super.o
  CC [M]  fs/squashfs/symlink.o
  CC [M]  fs/squashfs/decompressor.o
  CC [M]  fs/squashfs/file_cache.o
  CC [M]  fs/squashfs/decompressor_single.o
  CC [M]  fs/squashfs/xattr.o
  CC [M]  fs/squashfs/xattr_id.o
  CC [M]  fs/squashfs/lz4_wrapper.o
  CC [M]  fs/squashfs/lzo_wrapper.o
  CC [M]  fs/squashfs/xz_wrapper.o
  CC [M]  fs/squashfs/zlib_wrapper.o
  LD [M]  fs/squashfs/squashfs.o
  CC [M]  fs/sysv/ialloc.o
  CC [M]  fs/sysv/balloc.o
  CC [M]  fs/sysv/inode.o
  CC [M]  fs/sysv/itree.o
  CC [M]  fs/sysv/file.o
  CC [M]  fs/sysv/dir.o
  CC [M]  fs/sysv/namei.o
  CC [M]  fs/sysv/super.o
  CC [M]  fs/sysv/symlink.o
  LD [M]  fs/sysv/sysv.o
  CC [M]  fs/ubifs/shrinker.o
  CC [M]  fs/ubifs/journal.o
  CC [M]  fs/ubifs/file.o
  CC [M]  fs/ubifs/dir.o
  CC [M]  fs/ubifs/super.o
  CC [M]  fs/ubifs/sb.o
  CC [M]  fs/ubifs/io.o
  CC [M]  fs/ubifs/tnc.o
  CC [M]  fs/ubifs/master.o
  CC [M]  fs/ubifs/scan.o
  CC [M]  fs/ubifs/replay.o
  CC [M]  fs/ubifs/log.o
  CC [M]  fs/ubifs/commit.o
  CC [M]  fs/ubifs/gc.o
  CC [M]  fs/ubifs/orphan.o
  CC [M]  fs/ubifs/budget.o
  CC [M]  fs/ubifs/find.o
  CC [M]  fs/ubifs/tnc_commit.o
  CC [M]  fs/ubifs/compress.o
  CC [M]  fs/ubifs/lpt.o
  CC [M]  fs/ubifs/lprops.o
  CC [M]  fs/ubifs/recovery.o
  CC [M]  fs/ubifs/ioctl.o
  CC [M]  fs/ubifs/lpt_commit.o
  CC [M]  fs/ubifs/tnc_misc.o
  CC [M]  fs/ubifs/xattr.o
  CC [M]  fs/ubifs/debug.o
  LD [M]  fs/ubifs/ubifs.o
  CC [M]  fs/udf/balloc.o
  CC [M]  fs/udf/dir.o
  CC [M]  fs/udf/file.o
  CC [M]  fs/udf/ialloc.o
  CC [M]  fs/udf/inode.o
  CC [M]  fs/udf/lowlevel.o
  CC [M]  fs/udf/namei.o
  CC [M]  fs/udf/partition.o
  CC [M]  fs/udf/super.o
  CC [M]  fs/udf/truncate.o
  CC [M]  fs/udf/symlink.o
  CC [M]  fs/udf/directory.o
  CC [M]  fs/udf/misc.o
  CC [M]  fs/udf/udftime.o
  CC [M]  fs/udf/unicode.o
  LD [M]  fs/udf/udf.o
  CC [M]  fs/ufs/balloc.o
  CC [M]  fs/ufs/cylinder.o
  CC [M]  fs/ufs/dir.o
  CC [M]  fs/ufs/file.o
  CC [M]  fs/ufs/ialloc.o
  CC [M]  fs/ufs/inode.o
  CC [M]  fs/ufs/namei.o
  CC [M]  fs/ufs/super.o
  CC [M]  fs/ufs/symlink.o
  CC [M]  fs/ufs/truncate.o
  CC [M]  fs/ufs/util.o
  LD [M]  fs/ufs/ufs.o
  CC [M]  crypto/seqiv.o
  CC [M]  crypto/cmac.o
  CC [M]  crypto/vmac.o
  CC [M]  crypto/xcbc.o
  CC [M]  crypto/crypto_null.o
  CC [M]  crypto/md4.o
  CC [M]  crypto/rmd128.o
  CC [M]  crypto/rmd160.o
  CC [M]  crypto/rmd256.o
  CC [M]  crypto/rmd320.o
  CC [M]  crypto/wp512.o
crypto/wp512.c: In function ‘wp512_process_buffer’:
crypto/wp512.c:987:1: warning: the frame size of 1144 bytes is larger than 1024 bytes [-Wframe-larger-than=]
  CC [M]  crypto/tgr192.o
  CC [M]  crypto/pcbc.o
  CC [M]  crypto/lrw.o
  CC [M]  crypto/ctr.o
  CC [M]  crypto/gcm.o
  CC [M]  crypto/ccm.o
  CC [M]  crypto/cryptd.o
  CC [M]  crypto/fcrypt.o
  CC [M]  crypto/blowfish_generic.o
  CC [M]  crypto/blowfish_common.o
  CC [M]  crypto/twofish_generic.o
  CC [M]  crypto/twofish_common.o
  CC [M]  crypto/serpent_generic.o
  CC [M]  crypto/camellia_generic.o
  CC [M]  crypto/cast_common.o
  CC [M]  crypto/cast5_generic.o
  CC [M]  crypto/cast6_generic.o
  CC [M]  crypto/arc4.o
  CC [M]  crypto/tea.o
  CC [M]  crypto/khazad.o
  CC [M]  crypto/anubis.o
  CC [M]  crypto/seed.o
  CC [M]  crypto/salsa20_generic.o
  CC [M]  crypto/deflate.o
  CC [M]  crypto/zlib.o
  CC [M]  crypto/michael_mic.o
  CC [M]  crypto/crc32.o
  CC [M]  crypto/authenc.o
  CC [M]  crypto/authencesn.o
  CC [M]  crypto/lz4.o
  CC [M]  crypto/lz4hc.o
  CC [M]  crypto/ansi_cprng.o
  CC [M]  crypto/tcrypt.o
  CC [M]  crypto/ghash-generic.o
  CC [M]  crypto/ablk_helper.o
  CC [M]  crypto/async_tx/async_tx.o
  CC [M]  crypto/async_tx/async_memcpy.o
  CC [M]  crypto/async_tx/async_xor.o
  CC [M]  crypto/async_tx/async_pq.o
  CC [M]  crypto/async_tx/async_raid6_recov.o
  CC [M]  drivers/atm/adummy.o
  CC [M]  drivers/bcma/main.o
  CC [M]  drivers/bcma/scan.o
  CC [M]  drivers/bcma/core.o
  CC [M]  drivers/bcma/sprom.o
  CC [M]  drivers/bcma/driver_chipcommon.o
  CC [M]  drivers/bcma/driver_chipcommon_pmu.o
  CC [M]  drivers/bcma/driver_chipcommon_b.o
  CC [M]  drivers/bcma/driver_pci.o
  CC [M]  drivers/bcma/driver_pcie2.o
  CC [M]  drivers/bcma/host_pci.o
  LD [M]  drivers/bcma/bcma.o
  CC [M]  drivers/block/brd.o
  CC [M]  drivers/block/loop.o
  CC [M]  drivers/block/osdblk.o
  CC [M]  drivers/block/nbd.o
  CC [M]  drivers/block/virtio_blk.o
  CC [M]  drivers/block/rbd.o
  CC [M]  drivers/block/null_blk.o
  CC [M]  drivers/block/drbd/drbd_bitmap.o
  CC [M]  drivers/block/drbd/drbd_proc.o
  CC [M]  drivers/block/drbd/drbd_worker.o
  CC [M]  drivers/block/drbd/drbd_receiver.o
  CC [M]  drivers/block/drbd/drbd_req.o
  CC [M]  drivers/block/drbd/drbd_actlog.o
  CC [M]  drivers/block/drbd/drbd_main.o
  CC [M]  drivers/block/drbd/drbd_strings.o
  CC [M]  drivers/block/drbd/drbd_nl.o
  CC [M]  drivers/block/drbd/drbd_interval.o
  CC [M]  drivers/block/drbd/drbd_state.o
  CC [M]  drivers/block/drbd/drbd_nla.o
  CC [M]  drivers/block/drbd/drbd_debugfs.o
  LD [M]  drivers/block/drbd/drbd.o
  CC [M]  drivers/block/zram/zcomp_lzo.o
  CC [M]  drivers/block/zram/zcomp.o
  CC [M]  drivers/block/zram/zram_drv.o
  CC [M]  drivers/block/zram/zcomp_lz4.o
  LD [M]  drivers/block/zram/zram.o
  CC [M]  drivers/block/aoe/aoeblk.o
  CC [M]  drivers/block/aoe/aoechr.o
  CC [M]  drivers/block/aoe/aoecmd.o
  CC [M]  drivers/block/aoe/aoedev.o
  CC [M]  drivers/block/aoe/aoemain.o
  CC [M]  drivers/block/aoe/aoenet.o
  LD [M]  drivers/block/aoe/aoe.o
  CC [M]  drivers/bluetooth/hci_ldisc.o
  CC [M]  drivers/bluetooth/hci_h4.o
  CC [M]  drivers/bluetooth/hci_bcsp.o
  CC [M]  drivers/bluetooth/hci_ll.o
  CC [M]  drivers/bluetooth/hci_ath.o
  CC [M]  drivers/bluetooth/hci_h5.o
  CC [M]  drivers/bluetooth/hci_bcm.o
  LD [M]  drivers/bluetooth/hci_uart.o
  CC [M]  drivers/bluetooth/bcm203x.o
  CC [M]  drivers/bluetooth/bpa10x.o
  CC [M]  drivers/bluetooth/bfusb.o
  CC [M]  drivers/bluetooth/btusb.o
  CC [M]  drivers/bluetooth/btsdio.o
  CC [M]  drivers/bluetooth/btintel.o
  CC [M]  drivers/bluetooth/ath3k.o
  CC [M]  drivers/bluetooth/btmrvl_main.o
  CC [M]  drivers/bluetooth/btmrvl_debugfs.o
  LD [M]  drivers/bluetooth/btmrvl.o
  CC [M]  drivers/bluetooth/btmrvl_sdio.o
  CC [M]  drivers/bluetooth/btwilink.o
  CC [M]  drivers/bluetooth/btbcm.o
  CC [M]  drivers/cdrom/cdrom.o
  CC [M]  drivers/char/virtio_console.o
  CC [M]  drivers/char/hw_random/core.o
  LD [M]  drivers/char/hw_random/rng-core.o
  CC [M]  drivers/char/hw_random/omap-rng.o
  CC [M]  drivers/char/hw_random/virtio-rng.o
  CC [M]  drivers/char/hw_random/tpm-rng.o
  CC [M]  drivers/char/tpm/tpm-interface.o
  CC [M]  drivers/char/tpm/tpm-dev.o
  CC [M]  drivers/char/tpm/tpm-sysfs.o
  CC [M]  drivers/char/tpm/tpm-chip.o
  CC [M]  drivers/char/tpm/tpm2-cmd.o
  LD [M]  drivers/char/tpm/tpm.o
  CC [M]  drivers/char/tpm/tpm_i2c_atmel.o
  CC [M]  drivers/clk/clk-s2mps11.o
  CC [M]  drivers/clk/clk-twl6040.o
  CC [M]  drivers/gpio/gpio-da9052.o
  CC [M]  drivers/gpio/gpio-pca953x.o
  CC [M]  drivers/gpio/gpio-viperboard.o
  CC [M]  drivers/gpu/drm/i2c/tda998x_drv.o
  LD [M]  drivers/gpu/drm/i2c/tda998x.o
  CC [M]  drivers/gpu/drm/i2c/adihdmi_drv.o
  LD [M]  drivers/gpu/drm/i2c/adihdmi.o
  CC [M]  drivers/gpu/drm/tilcdc/tilcdc_crtc.o
  CC [M]  drivers/gpu/drm/tilcdc/tilcdc_tfp410.o
  CC [M]  drivers/gpu/drm/tilcdc/tilcdc_panel.o
  CC [M]  drivers/gpu/drm/tilcdc/tilcdc_external.o
  CC [M]  drivers/gpu/drm/tilcdc/tilcdc_drv.o
  LD [M]  drivers/gpu/drm/tilcdc/tilcdc.o
  CC [M]  drivers/hid/hid-axff.o
  CC [M]  drivers/hid/hid-appleir.o
  CC [M]  drivers/hid/hid-aureal.o
  CC [M]  drivers/hid/hid-betopff.o
  CC [M]  drivers/hid/hid-cp2112.o
  CC [M]  drivers/hid/hid-dr.o
  CC [M]  drivers/hid/hid-emsff.o
  CC [M]  drivers/hid/hid-elecom.o
  CC [M]  drivers/hid/hid-elo.o
  CC [M]  drivers/hid/hid-gt683r.o
  CC [M]  drivers/hid/hid-gyration.o
  CC [M]  drivers/hid/hid-holtek-kbd.o
  CC [M]  drivers/hid/hid-holtek-mouse.o
  CC [M]  drivers/hid/hid-holtekff.o
  CC [M]  drivers/hid/hid-icade.o
  CC [M]  drivers/hid/hid-keytouch.o
  CC [M]  drivers/hid/hid-kye.o
  CC [M]  drivers/hid/hid-lcpower.o
  CC [M]  drivers/hid/hid-lenovo.o
  CC [M]  drivers/hid/hid-magicmouse.o
  CC [M]  drivers/hid/hid-multitouch.o
  CC [M]  drivers/hid/hid-ntrig.o
  CC [M]  drivers/hid/hid-ortek.o
  CC [M]  drivers/hid/hid-prodikeys.o
  CC [M]  drivers/hid/hid-pl.o
  CC [M]  drivers/hid/hid-penmount.o
  CC [M]  drivers/hid/hid-petalynx.o
  CC [M]  drivers/hid/hid-picolcd_core.o
  CC [M]  drivers/hid/hid-picolcd_fb.o
  CC [M]  drivers/hid/hid-picolcd_backlight.o
  CC [M]  drivers/hid/hid-picolcd_leds.o
  CC [M]  drivers/hid/hid-picolcd_cir.o
  CC [M]  drivers/hid/hid-picolcd_debugfs.o
  LD [M]  drivers/hid/hid-picolcd.o
  CC [M]  drivers/hid/hid-plantronics.o
  CC [M]  drivers/hid/hid-primax.o
  CC [M]  drivers/hid/hid-roccat.o
  CC [M]  drivers/hid/hid-roccat-common.o
  CC [M]  drivers/hid/hid-roccat-arvo.o
  CC [M]  drivers/hid/hid-roccat-isku.o
  CC [M]  drivers/hid/hid-roccat-kone.o
  CC [M]  drivers/hid/hid-roccat-koneplus.o
  CC [M]  drivers/hid/hid-roccat-konepure.o
  CC [M]  drivers/hid/hid-roccat-kovaplus.o
  CC [M]  drivers/hid/hid-roccat-lua.o
  CC [M]  drivers/hid/hid-roccat-pyra.o
  CC [M]  drivers/hid/hid-roccat-ryos.o
  CC [M]  drivers/hid/hid-roccat-savu.o
  CC [M]  drivers/hid/hid-rmi.o
  CC [M]  drivers/hid/hid-saitek.o
  CC [M]  drivers/hid/hid-samsung.o
  CC [M]  drivers/hid/hid-sjoy.o
  CC [M]  drivers/hid/hid-sony.o
  CC [M]  drivers/hid/hid-speedlink.o
  CC [M]  drivers/hid/hid-steelseries.o
  CC [M]  drivers/hid/hid-sunplus.o
  CC [M]  drivers/hid/hid-gaff.o
  CC [M]  drivers/hid/hid-thingm.o
  CC [M]  drivers/hid/hid-tmff.o
  CC [M]  drivers/hid/hid-tivo.o
  CC [M]  drivers/hid/hid-topseed.o
  CC [M]  drivers/hid/hid-twinhan.o
  CC [M]  drivers/hid/hid-uclogic.o
  CC [M]  drivers/hid/hid-xinmo.o
  CC [M]  drivers/hid/hid-zpff.o
  CC [M]  drivers/hid/hid-zydacron.o
  CC [M]  drivers/hid/wacom_wac.o
  CC [M]  drivers/hid/wacom_sys.o
  LD [M]  drivers/hid/wacom.o
  CC [M]  drivers/hid/hid-waltop.o
  CC [M]  drivers/hid/hid-wiimote-core.o
  CC [M]  drivers/hid/hid-wiimote-modules.o
  CC [M]  drivers/hid/hid-wiimote-debug.o
  LD [M]  drivers/hid/hid-wiimote.o
  CC [M]  drivers/hid/hid-sensor-hub.o
  CC [M]  drivers/hid/hid-sensor-custom.o
  CC [M]  drivers/hsi/hsi.o
  CC [M]  drivers/hwmon/hwmon-vid.o
  CC [M]  drivers/hwmon/w83792d.o
  CC [M]  drivers/hwmon/w83793.o
  CC [M]  drivers/hwmon/w83795.o
  CC [M]  drivers/hwmon/w83791d.o
  CC [M]  drivers/hwmon/ad7414.o
  CC [M]  drivers/hwmon/ad7418.o
  CC [M]  drivers/hwmon/adcxx.o
  CC [M]  drivers/hwmon/adm1029.o
  CC [M]  drivers/hwmon/adm9240.o
  CC [M]  drivers/hwmon/ads1015.o
  CC [M]  drivers/hwmon/ads7828.o
  CC [M]  drivers/hwmon/ads7871.o
  CC [M]  drivers/hwmon/adt7411.o
  CC [M]  drivers/hwmon/adt7462.o
  CC [M]  drivers/hwmon/adt7470.o
  CC [M]  drivers/hwmon/adt7475.o
  CC [M]  drivers/hwmon/asc7621.o
  CC [M]  drivers/hwmon/atxp1.o
  CC [M]  drivers/hwmon/dme1737.o
  CC [M]  drivers/hwmon/ds620.o
  CC [M]  drivers/hwmon/emc1403.o
  CC [M]  drivers/hwmon/emc2103.o
  CC [M]  drivers/hwmon/emc6w201.o
  CC [M]  drivers/hwmon/f71882fg.o
  CC [M]  drivers/hwmon/f75375s.o
  CC [M]  drivers/hwmon/g760a.o
  CC [M]  drivers/hwmon/g762.o
  CC [M]  drivers/hwmon/jc42.o
  CC [M]  drivers/hwmon/lineage-pem.o
  CC [M]  drivers/hwmon/lm70.o
  CC [M]  drivers/hwmon/lm73.o
  CC [M]  drivers/hwmon/lm75.o
  CC [M]  drivers/hwmon/lm93.o
  CC [M]  drivers/hwmon/lm95241.o
  CC [M]  drivers/hwmon/lm95245.o
  CC [M]  drivers/hwmon/ltc4151.o
  CC [M]  drivers/hwmon/ltc4215.o
  CC [M]  drivers/hwmon/ltc4245.o
  CC [M]  drivers/hwmon/ltc4261.o
  CC [M]  drivers/hwmon/max1111.o
  CC [M]  drivers/hwmon/max16065.o
  CC [M]  drivers/hwmon/max1668.o
  CC [M]  drivers/hwmon/max6639.o
  CC [M]  drivers/hwmon/max6642.o
  CC [M]  drivers/hwmon/max6650.o
  CC [M]  drivers/hwmon/mc13783-adc.o
  CC [M]  drivers/hwmon/nct6683.o
  CC [M]  drivers/hwmon/nct6775.o
  CC [M]  drivers/hwmon/ntc_thermistor.o
  CC [M]  drivers/hwmon/pc87427.o
  CC [M]  drivers/hwmon/sch56xx-common.o
  CC [M]  drivers/hwmon/sch5627.o
  CC [M]  drivers/hwmon/sht21.o
  CC [M]  drivers/hwmon/smm665.o
  CC [M]  drivers/hwmon/smsc47m192.o
  CC [M]  drivers/hwmon/amc6821.o
  CC [M]  drivers/hwmon/thmc50.o
  CC [M]  drivers/hwmon/tmp401.o
  CC [M]  drivers/hwmon/tmp421.o
  CC [M]  drivers/hwmon/vt1211.o
  CC [M]  drivers/hwmon/w83627ehf.o
  CC [M]  drivers/hwmon/w83l786ng.o
  CC [M]  drivers/i2c/algos/i2c-algo-pca.o
  CC [M]  drivers/i2c/busses/i2c-ocores.o
  CC [M]  drivers/i2c/busses/i2c-pca-platform.o
  CC [M]  drivers/i2c/busses/i2c-simtec.o
  CC [M]  drivers/i2c/busses/i2c-diolan-u2c.o
  CC [M]  drivers/i2c/busses/i2c-robotfuzz-osif.o
  CC [M]  drivers/i2c/busses/i2c-taos-evm.o
  CC [M]  drivers/i2c/busses/i2c-tiny-usb.o
  CC [M]  drivers/i2c/busses/i2c-viperboard.o
  CC [M]  drivers/i2c/muxes/i2c-arb-gpio-challenge.o
  CC [M]  drivers/iio/industrialio-core.o
  CC [M]  drivers/iio/industrialio-event.o
  CC [M]  drivers/iio/inkern.o
  CC [M]  drivers/iio/industrialio-buffer.o
  CC [M]  drivers/iio/industrialio-trigger.o
  LD [M]  drivers/iio/industrialio.o
  CC [M]  drivers/iio/industrialio-triggered-buffer.o
  CC [M]  drivers/iio/kfifo_buf.o
  CC [M]  drivers/iio/accel/hid-sensor-accel-3d.o
  CC [M]  drivers/iio/adc/mcp320x.o
  CC [M]  drivers/iio/adc/ti_am335x_adc.o
  CC [M]  drivers/iio/adc/twl4030-madc.o
  CC [M]  drivers/iio/adc/viperboard_adc.o
  CC [M]  drivers/iio/common/hid-sensors/hid-sensor-attributes.o
  LD [M]  drivers/iio/common/hid-sensors/hid-sensor-iio-common.o
  CC [M]  drivers/iio/common/hid-sensors/hid-sensor-trigger.o
  CC [M]  drivers/iio/gyro/hid-sensor-gyro-3d.o
  CC [M]  drivers/iio/light/hid-sensor-als.o
  CC [M]  drivers/iio/light/hid-sensor-prox.o
  CC [M]  drivers/iio/light/tsl2563.o
  CC [M]  drivers/iio/magnetometer/hid-sensor-magn-3d.o
  CC [M]  drivers/iio/orientation/hid-sensor-incl-3d.o
  CC [M]  drivers/iio/orientation/hid-sensor-rotation.o
  CC [M]  drivers/iio/pressure/hid-sensor-press.o
  CC [M]  drivers/iio/trigger/iio-trig-interrupt.o
  CC [M]  drivers/iio/trigger/iio-trig-sysfs.o
  CC [M]  drivers/input/input-polldev.o
  CC [M]  drivers/input/sparse-keymap.o
  CC [M]  drivers/input/matrix-keymap.o
  CC [M]  drivers/input/keyboard/adp5588-keys.o
  CC [M]  drivers/input/keyboard/lm8323.o
  CC [M]  drivers/input/keyboard/max7359_keypad.o
  CC [M]  drivers/input/keyboard/omap4-keypad.o
  CC [M]  drivers/input/keyboard/opencores-kbd.o
  CC [M]  drivers/input/keyboard/qt2160.o
  CC [M]  drivers/input/keyboard/stowaway.o
  CC [M]  drivers/input/keyboard/twl4030_keypad.o
  CC [M]  drivers/input/misc/ati_remote2.o
  CC [M]  drivers/input/misc/cm109.o
  CC [M]  drivers/input/misc/keyspan_remote.o
  CC [M]  drivers/input/misc/mma8450.o
  CC [M]  drivers/input/misc/powermate.o
  CC [M]  drivers/input/misc/twl4030-pwrbutton.o
  CC [M]  drivers/input/misc/twl4030-vibra.o
  CC [M]  drivers/input/misc/twl6040-vibra.o
  CC [M]  drivers/input/misc/uinput.o
  CC [M]  drivers/input/misc/yealink.o
  CC [M]  drivers/input/mouse/appletouch.o
  CC [M]  drivers/input/mouse/psmouse-base.o
  CC [M]  drivers/input/mouse/synaptics.o
  CC [M]  drivers/input/mouse/focaltech.o
  CC [M]  drivers/input/mouse/alps.o
  CC [M]  drivers/input/mouse/elantech.o
  CC [M]  drivers/input/mouse/logips2pp.o
  CC [M]  drivers/input/mouse/sentelic.o
  CC [M]  drivers/input/mouse/trackpoint.o
  CC [M]  drivers/input/mouse/cypress_ps2.o
  LD [M]  drivers/input/mouse/psmouse.o
  CC [M]  drivers/input/mouse/synaptics_i2c.o
  CC [M]  drivers/input/mouse/synaptics_usb.o
  CC [M]  drivers/input/tablet/acecad.o
  CC [M]  drivers/input/tablet/aiptek.o
  CC [M]  drivers/input/tablet/gtco.o
  CC [M]  drivers/input/tablet/hanwang.o
  CC [M]  drivers/input/tablet/kbtab.o
  CC [M]  drivers/input/tablet/wacom_serial4.o
  CC [M]  drivers/input/touchscreen/ad7877.o
  CC [M]  drivers/input/touchscreen/ad7879.o
  CC [M]  drivers/input/touchscreen/ad7879-i2c.o
  CC [M]  drivers/input/touchscreen/ads7846.o
  CC [M]  drivers/input/touchscreen/atmel_mxt_ts.o
  CC [M]  drivers/input/touchscreen/dynapro.o
  CC [M]  drivers/input/touchscreen/hampshire.o
  CC [M]  drivers/input/touchscreen/gunze.o
  CC [M]  drivers/input/touchscreen/elo.o
  CC [M]  drivers/input/touchscreen/fujitsu_ts.o
  CC [M]  drivers/input/touchscreen/inexio.o
  CC [M]  drivers/input/touchscreen/mc13783_ts.o
  CC [M]  drivers/input/touchscreen/mcs5000_ts.o
  CC [M]  drivers/input/touchscreen/mtouch.o
  CC [M]  drivers/input/touchscreen/mk712.o
  CC [M]  drivers/input/touchscreen/usbtouchscreen.o
  CC [M]  drivers/input/touchscreen/penmount.o
  CC [M]  drivers/input/touchscreen/sur40.o
  CC [M]  drivers/input/touchscreen/ti_am335x_tsc.o
  CC [M]  drivers/input/touchscreen/touchit213.o
  CC [M]  drivers/input/touchscreen/touchright.o
  CC [M]  drivers/input/touchscreen/touchwin.o
  CC [M]  drivers/input/touchscreen/tsc2005.o
  CC [M]  drivers/input/touchscreen/tsc2007.o
  CC [M]  drivers/input/touchscreen/wacom_w8001.o
  CC [M]  drivers/input/touchscreen/wm97xx-core.o
  CC [M]  drivers/input/touchscreen/wm9705.o
  CC [M]  drivers/input/touchscreen/wm9712.o
  CC [M]  drivers/input/touchscreen/wm9713.o
  LD [M]  drivers/input/touchscreen/wm97xx-ts.o
  CC [M]  drivers/input/touchscreen/tps6507x-ts.o
  CC [M]  drivers/input/serio/altera_ps2.o
  CC [M]  drivers/leds/leds-bd2802.o
  CC [M]  drivers/leds/leds-lp3944.o
  CC [M]  drivers/leds/leds-lp55xx-common.o
  CC [M]  drivers/leds/leds-lp5523.o
  CC [M]  drivers/leds/leds-pca955x.o
  CC [M]  drivers/leds/leds-da9052.o
  CC [M]  drivers/leds/leds-pwm.o
  CC [M]  drivers/leds/leds-regulator.o
  CC [M]  drivers/leds/leds-lt3593.o
  CC [M]  drivers/leds/leds-mc13783.o
  CC [M]  drivers/leds/leds-dac124s085.o
  CC [M]  drivers/leds/trigger/ledtrig-transient.o
  CC [M]  drivers/leds/trigger/ledtrig-camera.o
  CC [M]  drivers/md/linear.o
  CC [M]  drivers/md/raid0.o
  CC [M]  drivers/md/raid1.o
  CC [M]  drivers/md/raid10.o
  CC [M]  drivers/md/raid5.o
  LD [M]  drivers/md/raid456.o
  CC [M]  drivers/md/multipath.o
  CC [M]  drivers/md/faulty.o
  CC [M]  drivers/md/md.o
  CC [M]  drivers/md/bitmap.o
  LD [M]  drivers/md/md-mod.o
  CC [M]  drivers/md/dm-uevent.o
  CC [M]  drivers/md/dm.o
  CC [M]  drivers/md/dm-table.o
  CC [M]  drivers/md/dm-target.o
  CC [M]  drivers/md/dm-linear.o
  CC [M]  drivers/md/dm-stripe.o
  CC [M]  drivers/md/dm-ioctl.o
  CC [M]  drivers/md/dm-io.o
  CC [M]  drivers/md/dm-kcopyd.o
  CC [M]  drivers/md/dm-sysfs.o
  CC [M]  drivers/md/dm-stats.o
  LD [M]  drivers/md/dm-mod.o
  CC [M]  drivers/md/dm-bufio.o
  CC [M]  drivers/md/dm-bio-prison.o
  CC [M]  drivers/md/dm-crypt.o
  CC [M]  drivers/md/dm-delay.o
  CC [M]  drivers/md/dm-flakey.o
  CC [M]  drivers/md/dm-path-selector.o
  CC [M]  drivers/md/dm-mpath.o
  LD [M]  drivers/md/dm-multipath.o
  CC [M]  drivers/md/dm-round-robin.o
  CC [M]  drivers/md/dm-queue-length.o
  CC [M]  drivers/md/dm-service-time.o
  CC [M]  drivers/md/dm-switch.o
  CC [M]  drivers/md/dm-snap.o
  CC [M]  drivers/md/dm-exception-store.o
  CC [M]  drivers/md/dm-snap-transient.o
  CC [M]  drivers/md/dm-snap-persistent.o
  LD [M]  drivers/md/dm-snapshot.o
  CC [M]  drivers/md/dm-raid1.o
  LD [M]  drivers/md/dm-mirror.o
  CC [M]  drivers/md/dm-log.o
  CC [M]  drivers/md/dm-region-hash.o
  CC [M]  drivers/md/dm-log-userspace-base.o
  CC [M]  drivers/md/dm-log-userspace-transfer.o
  LD [M]  drivers/md/dm-log-userspace.o
  CC [M]  drivers/md/dm-zero.o
  CC [M]  drivers/md/dm-raid.o
  CC [M]  drivers/md/dm-thin.o
  CC [M]  drivers/md/dm-thin-metadata.o
  LD [M]  drivers/md/dm-thin-pool.o
  CC [M]  drivers/md/dm-verity.o
  CC [M]  drivers/md/dm-cache-target.o
  CC [M]  drivers/md/dm-cache-metadata.o
  CC [M]  drivers/md/dm-cache-policy.o
  LD [M]  drivers/md/dm-cache.o
  CC [M]  drivers/md/dm-cache-policy-mq.o
  LD [M]  drivers/md/dm-cache-mq.o
  CC [M]  drivers/md/dm-cache-policy-cleaner.o
  LD [M]  drivers/md/dm-cache-cleaner.o
  CC [M]  drivers/md/dm-era-target.o
  LD [M]  drivers/md/dm-era.o
  CC [M]  drivers/md/dm-log-writes.o
  CC [M]  drivers/md/persistent-data/dm-array.o
  CC [M]  drivers/md/persistent-data/dm-bitset.o
  CC [M]  drivers/md/persistent-data/dm-block-manager.o
  CC [M]  drivers/md/persistent-data/dm-space-map-common.o
  CC [M]  drivers/md/persistent-data/dm-space-map-disk.o
  CC [M]  drivers/md/persistent-data/dm-space-map-metadata.o
  CC [M]  drivers/md/persistent-data/dm-transaction-manager.o
  CC [M]  drivers/md/persistent-data/dm-btree.o
  CC [M]  drivers/md/persistent-data/dm-btree-remove.o
  CC [M]  drivers/md/persistent-data/dm-btree-spine.o
  LD [M]  drivers/md/persistent-data/dm-persistent-data.o
  CC [M]  drivers/media/media-device.o
  CC [M]  drivers/media/media-devnode.o
  CC [M]  drivers/media/media-entity.o
  LD [M]  drivers/media/media.o
  CC [M]  drivers/media/common/cx2341x.o
  CC [M]  drivers/media/common/tveeprom.o
  CC [M]  drivers/media/common/cypress_firmware.o
  CC [M]  drivers/media/common/b2c2/flexcop.o
  CC [M]  drivers/media/common/b2c2/flexcop-fe-tuner.o
  CC [M]  drivers/media/common/b2c2/flexcop-i2c.o
  CC [M]  drivers/media/common/b2c2/flexcop-sram.o
  CC [M]  drivers/media/common/b2c2/flexcop-eeprom.o
  CC [M]  drivers/media/common/b2c2/flexcop-misc.o
  CC [M]  drivers/media/common/b2c2/flexcop-hw-filter.o
  LD [M]  drivers/media/common/b2c2/b2c2-flexcop.o
  CC [M]  drivers/media/common/siano/smscoreapi.o
  CC [M]  drivers/media/common/siano/sms-cards.o
  CC [M]  drivers/media/common/siano/smsendian.o
  CC [M]  drivers/media/common/siano/smsir.o
  LD [M]  drivers/media/common/siano/smsmdtv.o
  CC [M]  drivers/media/common/siano/smsdvb-main.o
  LD [M]  drivers/media/common/siano/smsdvb.o
  CC [M]  drivers/media/dvb-core/dvbdev.o
  CC [M]  drivers/media/dvb-core/dmxdev.o
  CC [M]  drivers/media/dvb-core/dvb_demux.o
  CC [M]  drivers/media/dvb-core/dvb_filter.o
  CC [M]  drivers/media/dvb-core/dvb_ca_en50221.o
  CC [M]  drivers/media/dvb-core/dvb_frontend.o
  CC [M]  drivers/media/dvb-core/dvb_net.o
  CC [M]  drivers/media/dvb-core/dvb_ringbuffer.o
  CC [M]  drivers/media/dvb-core/dvb_math.o
  LD [M]  drivers/media/dvb-core/dvb-core.o
  CC [M]  drivers/media/dvb-frontends/dvb-pll.o
  CC [M]  drivers/media/dvb-frontends/stv0299.o
  CC [M]  drivers/media/dvb-frontends/stb0899_drv.o
  CC [M]  drivers/media/dvb-frontends/stb0899_algo.o
  LD [M]  drivers/media/dvb-frontends/stb0899.o
  CC [M]  drivers/media/dvb-frontends/stb6100.o
  CC [M]  drivers/media/dvb-frontends/sp8870.o
  CC [M]  drivers/media/dvb-frontends/cx22700.o
  CC [M]  drivers/media/dvb-frontends/s5h1432.o
  CC [M]  drivers/media/dvb-frontends/cx24110.o
  CC [M]  drivers/media/dvb-frontends/tda8083.o
  CC [M]  drivers/media/dvb-frontends/l64781.o
  CC [M]  drivers/media/dvb-frontends/dib3000mb.o
  CC [M]  drivers/media/dvb-frontends/dib3000mc.o
  CC [M]  drivers/media/dvb-frontends/dibx000_common.o
  CC [M]  drivers/media/dvb-frontends/dib7000m.o
  CC [M]  drivers/media/dvb-frontends/dib7000p.o
  CC [M]  drivers/media/dvb-frontends/dib8000.o
  CC [M]  drivers/media/dvb-frontends/dib9000.o
  CC [M]  drivers/media/dvb-frontends/mt312.o
  CC [M]  drivers/media/dvb-frontends/ves1820.o
  CC [M]  drivers/media/dvb-frontends/ves1x93.o
  CC [M]  drivers/media/dvb-frontends/tda1004x.o
  CC [M]  drivers/media/dvb-frontends/sp887x.o
  CC [M]  drivers/media/dvb-frontends/nxt6000.o
  CC [M]  drivers/media/dvb-frontends/mt352.o
  CC [M]  drivers/media/dvb-frontends/zl10036.o
  CC [M]  drivers/media/dvb-frontends/zl10039.o
  CC [M]  drivers/media/dvb-frontends/zl10353.o
  CC [M]  drivers/media/dvb-frontends/cx22702.o
  CC [M]  drivers/media/dvb-frontends/drxd_firm.o
  CC [M]  drivers/media/dvb-frontends/drxd_hard.o
  LD [M]  drivers/media/dvb-frontends/drxd.o
  CC [M]  drivers/media/dvb-frontends/tda10021.o
  CC [M]  drivers/media/dvb-frontends/tda10023.o
  CC [M]  drivers/media/dvb-frontends/stv0297.o
  CC [M]  drivers/media/dvb-frontends/nxt200x.o
  CC [M]  drivers/media/dvb-frontends/or51211.o
  CC [M]  drivers/media/dvb-frontends/or51132.o
  CC [M]  drivers/media/dvb-frontends/bcm3510.o
  CC [M]  drivers/media/dvb-frontends/s5h1420.o
  CC [M]  drivers/media/dvb-frontends/lgdt330x.o
  CC [M]  drivers/media/dvb-frontends/lgdt3305.o
  CC [M]  drivers/media/dvb-frontends/lgdt3306a.o
  CC [M]  drivers/media/dvb-frontends/lg2160.o
  CC [M]  drivers/media/dvb-frontends/cx24123.o
  CC [M]  drivers/media/dvb-frontends/lnbp21.o
  CC [M]  drivers/media/dvb-frontends/lnbp22.o
  CC [M]  drivers/media/dvb-frontends/isl6405.o
  CC [M]  drivers/media/dvb-frontends/isl6421.o
  CC [M]  drivers/media/dvb-frontends/tda10086.o
  CC [M]  drivers/media/dvb-frontends/tda826x.o
  CC [M]  drivers/media/dvb-frontends/tda8261.o
  CC [M]  drivers/media/dvb-frontends/dib0070.o
  CC [M]  drivers/media/dvb-frontends/dib0090.o
  CC [M]  drivers/media/dvb-frontends/tua6100.o
  CC [M]  drivers/media/dvb-frontends/s5h1409.o
  CC [M]  drivers/media/dvb-frontends/itd1000.o
  CC [M]  drivers/media/dvb-frontends/au8522_common.o
  CC [M]  drivers/media/dvb-frontends/au8522_dig.o
  CC [M]  drivers/media/dvb-frontends/au8522_decoder.o
  CC [M]  drivers/media/dvb-frontends/tda10048.o
  CC [M]  drivers/media/dvb-frontends/cx24113.o
  CC [M]  drivers/media/dvb-frontends/s5h1411.o
  CC [M]  drivers/media/dvb-frontends/lgs8gl5.o
  CC [M]  drivers/media/dvb-frontends/tda665x.o
  CC [M]  drivers/media/dvb-frontends/lgs8gxx.o
  CC [M]  drivers/media/dvb-frontends/atbm8830.o
  CC [M]  drivers/media/dvb-frontends/af9013.o
  CC [M]  drivers/media/dvb-frontends/cx24116.o
  CC [M]  drivers/media/dvb-frontends/cx24117.o
  CC [M]  drivers/media/dvb-frontends/si21xx.o
  CC [M]  drivers/media/dvb-frontends/si2168.o
  CC [M]  drivers/media/dvb-frontends/stv0288.o
  CC [M]  drivers/media/dvb-frontends/stb6000.o
  CC [M]  drivers/media/dvb-frontends/s921.o
  CC [M]  drivers/media/dvb-frontends/stv6110.o
  CC [M]  drivers/media/dvb-frontends/stv0900_core.o
  CC [M]  drivers/media/dvb-frontends/stv0900_sw.o
  LD [M]  drivers/media/dvb-frontends/stv0900.o
  CC [M]  drivers/media/dvb-frontends/stv090x.o
  CC [M]  drivers/media/dvb-frontends/stv6110x.o
  CC [M]  drivers/media/dvb-frontends/m88ds3103.o
  CC [M]  drivers/media/dvb-frontends/isl6423.o
  CC [M]  drivers/media/dvb-frontends/ec100.o
  CC [M]  drivers/media/dvb-frontends/hd29l2.o
  CC [M]  drivers/media/dvb-frontends/ds3000.o
  CC [M]  drivers/media/dvb-frontends/ts2020.o
  CC [M]  drivers/media/dvb-frontends/mb86a16.o
  CC [M]  drivers/media/dvb-frontends/mb86a20s.o
  CC [M]  drivers/media/dvb-frontends/ix2505v.o
  CC [M]  drivers/media/dvb-frontends/stv0367.o
  CC [M]  drivers/media/dvb-frontends/cxd2820r_core.o
  CC [M]  drivers/media/dvb-frontends/cxd2820r_c.o
  CC [M]  drivers/media/dvb-frontends/cxd2820r_t.o
  CC [M]  drivers/media/dvb-frontends/cxd2820r_t2.o
  LD [M]  drivers/media/dvb-frontends/cxd2820r.o
  CC [M]  drivers/media/dvb-frontends/drxk_hard.o
  LD [M]  drivers/media/dvb-frontends/drxk.o
  CC [M]  drivers/media/dvb-frontends/tda18271c2dd.o
  CC [M]  drivers/media/dvb-frontends/si2165.o
  CC [M]  drivers/media/dvb-frontends/a8293.o
  CC [M]  drivers/media/dvb-frontends/sp2.o
  CC [M]  drivers/media/dvb-frontends/tda10071.o
  CC [M]  drivers/media/dvb-frontends/rtl2830.o
  CC [M]  drivers/media/dvb-frontends/rtl2832.o
  CC [M]  drivers/media/dvb-frontends/rtl2832_sdr.o
  CC [M]  drivers/media/dvb-frontends/m88rs2000.o
  CC [M]  drivers/media/dvb-frontends/af9033.o
  CC [M]  drivers/media/dvb-frontends/tc90522.o
  CC [M]  drivers/media/dvb-frontends/drx39xyj/drxj.o
  LD [M]  drivers/media/dvb-frontends/drx39xyj/drx39xyj.o
  CC [M]  drivers/media/i2c/msp3400-driver.o
  CC [M]  drivers/media/i2c/msp3400-kthreads.o
  LD [M]  drivers/media/i2c/msp3400.o
  CC [M]  drivers/media/i2c/tvaudio.o
  CC [M]  drivers/media/i2c/tda7432.o
  CC [M]  drivers/media/i2c/saa6588.o
  CC [M]  drivers/media/i2c/tda9840.o
  CC [M]  drivers/media/i2c/tea6415c.o
  CC [M]  drivers/media/i2c/tea6420.o
  CC [M]  drivers/media/i2c/saa7115.o
  CC [M]  drivers/media/i2c/saa717x.o
  CC [M]  drivers/media/i2c/saa7127.o
  CC [M]  drivers/media/i2c/saa6752hs.o
  CC [M]  drivers/media/i2c/tvp5150.o
  CC [M]  drivers/media/i2c/cs5345.o
  CC [M]  drivers/media/i2c/cs53l32a.o
  CC [M]  drivers/media/i2c/m52790.o
  CC [M]  drivers/media/i2c/wm8775.o
  CC [M]  drivers/media/i2c/wm8739.o
  CC [M]  drivers/media/i2c/vp27smpx.o
  CC [M]  drivers/media/i2c/upd64031a.o
  CC [M]  drivers/media/i2c/upd64083.o
  CC [M]  drivers/media/i2c/ov7670.o
  CC [M]  drivers/media/i2c/ov1063x.o
  CC [M]  drivers/media/i2c/mt9v011.o
  CC [M]  drivers/media/i2c/mt9t11x.o
  CC [M]  drivers/media/i2c/ir-kbd-i2c.o
  CC [M]  drivers/media/i2c/ov2659.o
  CC [M]  drivers/media/i2c/cx25840/cx25840-core.o
  CC [M]  drivers/media/i2c/cx25840/cx25840-audio.o
  CC [M]  drivers/media/i2c/cx25840/cx25840-firmware.o
  CC [M]  drivers/media/i2c/cx25840/cx25840-vbi.o
  CC [M]  drivers/media/i2c/cx25840/cx25840-ir.o
  LD [M]  drivers/media/i2c/cx25840/cx25840.o
  CC [M]  drivers/media/mmc/siano/smssdio.o
  CC [M]  drivers/media/pci/ttpci/ttpci-eeprom.o
  CC [M]  drivers/media/platform/m2m-deinterlace.o
  CC [M]  drivers/media/platform/soc_camera/soc_camera.o
  CC [M]  drivers/media/platform/soc_camera/soc_mediabus.o
  CC [M]  drivers/media/platform/soc_camera/soc_camera_platform.o
  CC [M]  drivers/media/platform/vivid/vivid-core.o
  CC [M]  drivers/media/platform/vivid/vivid-ctrls.o
  CC [M]  drivers/media/platform/vivid/vivid-vid-common.o
  CC [M]  drivers/media/platform/vivid/vivid-vbi-gen.o
  CC [M]  drivers/media/platform/vivid/vivid-vid-cap.o
  CC [M]  drivers/media/platform/vivid/vivid-vid-out.o
  CC [M]  drivers/media/platform/vivid/vivid-kthread-cap.o
  CC [M]  drivers/media/platform/vivid/vivid-kthread-out.o
  CC [M]  drivers/media/platform/vivid/vivid-radio-rx.o
  CC [M]  drivers/media/platform/vivid/vivid-radio-tx.o
  CC [M]  drivers/media/platform/vivid/vivid-radio-common.o
  CC [M]  drivers/media/platform/vivid/vivid-rds-gen.o
  CC [M]  drivers/media/platform/vivid/vivid-sdr-cap.o
  CC [M]  drivers/media/platform/vivid/vivid-vbi-cap.o
  CC [M]  drivers/media/platform/vivid/vivid-vbi-out.o
  CC [M]  drivers/media/platform/vivid/vivid-osd.o
  CC [M]  drivers/media/platform/vivid/vivid-tpg.o
  CC [M]  drivers/media/platform/vivid/vivid-tpg-colors.o
  LD [M]  drivers/media/platform/vivid/vivid.o
  CC [M]  drivers/media/radio/radio-shark.o
  CC [M]  drivers/media/radio/radio-shark2.o
  CC [M]  drivers/media/radio/radio-tea5777.o
  LD [M]  drivers/media/radio/shark2.o
  CC [M]  drivers/media/radio/radio-mr800.o
  CC [M]  drivers/media/radio/radio-keene.o
  CC [M]  drivers/media/radio/radio-ma901.o
  CC [M]  drivers/media/radio/tea575x.o
  CC [M]  drivers/media/radio/radio-raremono.o
  CC [M]  drivers/media/radio/si470x/radio-si470x-usb.o
  CC [M]  drivers/media/radio/si470x/radio-si470x-common.o
  LD [M]  drivers/media/radio/si470x/radio-usb-si470x.o
  CC [M]  drivers/media/radio/si4713/si4713.o
  CC [M]  drivers/media/radio/wl128x/fmdrv_common.o
  CC [M]  drivers/media/radio/wl128x/fmdrv_rx.o
  CC [M]  drivers/media/radio/wl128x/fmdrv_tx.o
  CC [M]  drivers/media/radio/wl128x/fmdrv_v4l2.o
  LD [M]  drivers/media/radio/wl128x/fm_drv.o
  CC [M]  drivers/media/rc/rc-main.o
  CC [M]  drivers/media/rc/rc-ir-raw.o
  LD [M]  drivers/media/rc/rc-core.o
  CC [M]  drivers/media/rc/lirc_dev.o
  CC [M]  drivers/media/rc/ir-nec-decoder.o
  CC [M]  drivers/media/rc/ir-rc5-decoder.o
  CC [M]  drivers/media/rc/ir-rc6-decoder.o
  CC [M]  drivers/media/rc/ir-jvc-decoder.o
  CC [M]  drivers/media/rc/ir-sony-decoder.o
  CC [M]  drivers/media/rc/ir-sanyo-decoder.o
  CC [M]  drivers/media/rc/ir-sharp-decoder.o
  CC [M]  drivers/media/rc/ir-mce_kbd-decoder.o
  CC [M]  drivers/media/rc/ir-lirc-codec.o
  CC [M]  drivers/media/rc/ir-xmp-decoder.o
  CC [M]  drivers/media/rc/ati_remote.o
  CC [M]  drivers/media/rc/imon.o
  CC [M]  drivers/media/rc/mceusb.o
  CC [M]  drivers/media/rc/redrat3.o
  CC [M]  drivers/media/rc/streamzap.o
  CC [M]  drivers/media/rc/rc-loopback.o
  CC [M]  drivers/media/rc/gpio-ir-recv.o
  CC [M]  drivers/media/rc/igorplugusb.o
  CC [M]  drivers/media/rc/iguanair.o
  CC [M]  drivers/media/rc/ttusbir.o
  CC [M]  drivers/media/rc/keymaps/rc-adstech-dvb-t-pci.o
  CC [M]  drivers/media/rc/keymaps/rc-alink-dtu-m.o
  CC [M]  drivers/media/rc/keymaps/rc-anysee.o
  CC [M]  drivers/media/rc/keymaps/rc-apac-viewcomp.o
  CC [M]  drivers/media/rc/keymaps/rc-asus-pc39.o
  CC [M]  drivers/media/rc/keymaps/rc-asus-ps3-100.o
  CC [M]  drivers/media/rc/keymaps/rc-ati-tv-wonder-hd-600.o
  CC [M]  drivers/media/rc/keymaps/rc-ati-x10.o
  CC [M]  drivers/media/rc/keymaps/rc-avermedia-a16d.o
  CC [M]  drivers/media/rc/keymaps/rc-avermedia.o
  CC [M]  drivers/media/rc/keymaps/rc-avermedia-cardbus.o
  CC [M]  drivers/media/rc/keymaps/rc-avermedia-dvbt.o
  CC [M]  drivers/media/rc/keymaps/rc-avermedia-m135a.o
  CC [M]  drivers/media/rc/keymaps/rc-avermedia-m733a-rm-k6.o
  CC [M]  drivers/media/rc/keymaps/rc-avermedia-rm-ks.o
  CC [M]  drivers/media/rc/keymaps/rc-avertv-303.o
  CC [M]  drivers/media/rc/keymaps/rc-azurewave-ad-tu700.o
  CC [M]  drivers/media/rc/keymaps/rc-behold.o
  CC [M]  drivers/media/rc/keymaps/rc-behold-columbus.o
  CC [M]  drivers/media/rc/keymaps/rc-budget-ci-old.o
  CC [M]  drivers/media/rc/keymaps/rc-cinergy-1400.o
  CC [M]  drivers/media/rc/keymaps/rc-cinergy.o
  CC [M]  drivers/media/rc/keymaps/rc-delock-61959.o
  CC [M]  drivers/media/rc/keymaps/rc-dib0700-nec.o
  CC [M]  drivers/media/rc/keymaps/rc-dib0700-rc5.o
  CC [M]  drivers/media/rc/keymaps/rc-digitalnow-tinytwin.o
  CC [M]  drivers/media/rc/keymaps/rc-digittrade.o
  CC [M]  drivers/media/rc/keymaps/rc-dm1105-nec.o
  CC [M]  drivers/media/rc/keymaps/rc-dntv-live-dvb-t.o
  CC [M]  drivers/media/rc/keymaps/rc-dntv-live-dvbt-pro.o
  CC [M]  drivers/media/rc/keymaps/rc-dvbsky.o
  CC [M]  drivers/media/rc/keymaps/rc-em-terratec.o
  CC [M]  drivers/media/rc/keymaps/rc-encore-enltv2.o
  CC [M]  drivers/media/rc/keymaps/rc-encore-enltv.o
  CC [M]  drivers/media/rc/keymaps/rc-encore-enltv-fm53.o
  CC [M]  drivers/media/rc/keymaps/rc-evga-indtube.o
  CC [M]  drivers/media/rc/keymaps/rc-eztv.o
  CC [M]  drivers/media/rc/keymaps/rc-flydvb.o
  CC [M]  drivers/media/rc/keymaps/rc-flyvideo.o
  CC [M]  drivers/media/rc/keymaps/rc-fusionhdtv-mce.o
  CC [M]  drivers/media/rc/keymaps/rc-gadmei-rm008z.o
  CC [M]  drivers/media/rc/keymaps/rc-genius-tvgo-a11mce.o
  CC [M]  drivers/media/rc/keymaps/rc-gotview7135.o
  CC [M]  drivers/media/rc/keymaps/rc-imon-mce.o
  CC [M]  drivers/media/rc/keymaps/rc-imon-pad.o
  CC [M]  drivers/media/rc/keymaps/rc-iodata-bctv7e.o
  CC [M]  drivers/media/rc/keymaps/rc-it913x-v1.o
  CC [M]  drivers/media/rc/keymaps/rc-it913x-v2.o
  CC [M]  drivers/media/rc/keymaps/rc-kaiomy.o
  CC [M]  drivers/media/rc/keymaps/rc-kworld-315u.o
  CC [M]  drivers/media/rc/keymaps/rc-kworld-pc150u.o
  CC [M]  drivers/media/rc/keymaps/rc-kworld-plus-tv-analog.o
  CC [M]  drivers/media/rc/keymaps/rc-leadtek-y04g0051.o
  CC [M]  drivers/media/rc/keymaps/rc-lirc.o
  CC [M]  drivers/media/rc/keymaps/rc-lme2510.o
  CC [M]  drivers/media/rc/keymaps/rc-manli.o
  CC [M]  drivers/media/rc/keymaps/rc-medion-x10.o
  CC [M]  drivers/media/rc/keymaps/rc-medion-x10-digitainer.o
  CC [M]  drivers/media/rc/keymaps/rc-medion-x10-or2x.o
  CC [M]  drivers/media/rc/keymaps/rc-msi-digivox-ii.o
  CC [M]  drivers/media/rc/keymaps/rc-msi-digivox-iii.o
  CC [M]  drivers/media/rc/keymaps/rc-msi-tvanywhere.o
  CC [M]  drivers/media/rc/keymaps/rc-msi-tvanywhere-plus.o
  CC [M]  drivers/media/rc/keymaps/rc-nebula.o
  CC [M]  drivers/media/rc/keymaps/rc-nec-terratec-cinergy-xs.o
  CC [M]  drivers/media/rc/keymaps/rc-norwood.o
  CC [M]  drivers/media/rc/keymaps/rc-npgtech.o
  CC [M]  drivers/media/rc/keymaps/rc-pctv-sedna.o
  CC [M]  drivers/media/rc/keymaps/rc-pinnacle-color.o
  CC [M]  drivers/media/rc/keymaps/rc-pinnacle-grey.o
  CC [M]  drivers/media/rc/keymaps/rc-pinnacle-pctv-hd.o
  CC [M]  drivers/media/rc/keymaps/rc-pixelview.o
  CC [M]  drivers/media/rc/keymaps/rc-pixelview-mk12.o
  CC [M]  drivers/media/rc/keymaps/rc-pixelview-002t.o
  CC [M]  drivers/media/rc/keymaps/rc-pixelview-new.o
  CC [M]  drivers/media/rc/keymaps/rc-powercolor-real-angel.o
  CC [M]  drivers/media/rc/keymaps/rc-proteus-2309.o
  CC [M]  drivers/media/rc/keymaps/rc-purpletv.o
  CC [M]  drivers/media/rc/keymaps/rc-pv951.o
  CC [M]  drivers/media/rc/keymaps/rc-hauppauge.o
  CC [M]  drivers/media/rc/keymaps/rc-rc6-mce.o
  CC [M]  drivers/media/rc/keymaps/rc-real-audio-220-32-keys.o
  CC [M]  drivers/media/rc/keymaps/rc-reddo.o
  CC [M]  drivers/media/rc/keymaps/rc-snapstream-firefly.o
  CC [M]  drivers/media/rc/keymaps/rc-streamzap.o
  CC [M]  drivers/media/rc/keymaps/rc-tbs-nec.o
  CC [M]  drivers/media/rc/keymaps/rc-technisat-usb2.o
  CC [M]  drivers/media/rc/keymaps/rc-terratec-cinergy-xs.o
  CC [M]  drivers/media/rc/keymaps/rc-terratec-slim.o
  CC [M]  drivers/media/rc/keymaps/rc-terratec-slim-2.o
  CC [M]  drivers/media/rc/keymaps/rc-tevii-nec.o
  CC [M]  drivers/media/rc/keymaps/rc-tivo.o
  CC [M]  drivers/media/rc/keymaps/rc-total-media-in-hand.o
  CC [M]  drivers/media/rc/keymaps/rc-total-media-in-hand-02.o
  CC [M]  drivers/media/rc/keymaps/rc-trekstor.o
  CC [M]  drivers/media/rc/keymaps/rc-tt-1500.o
  CC [M]  drivers/media/rc/keymaps/rc-twinhan1027.o
  CC [M]  drivers/media/rc/keymaps/rc-videomate-m1f.o
  CC [M]  drivers/media/rc/keymaps/rc-videomate-s350.o
  CC [M]  drivers/media/rc/keymaps/rc-videomate-tv-pvr.o
  CC [M]  drivers/media/rc/keymaps/rc-winfast.o
  CC [M]  drivers/media/rc/keymaps/rc-winfast-usbii-deluxe.o
  CC [M]  drivers/media/rc/keymaps/rc-su3000.o
  CC [M]  drivers/media/tuners/tuner-xc2028.o
  CC [M]  drivers/media/tuners/tuner-simple.o
  CC [M]  drivers/media/tuners/tuner-types.o
  CC [M]  drivers/media/tuners/mt20xx.o
  CC [M]  drivers/media/tuners/tda8290.o
  CC [M]  drivers/media/tuners/tea5767.o
  CC [M]  drivers/media/tuners/tea5761.o
  CC [M]  drivers/media/tuners/tda9887.o
  CC [M]  drivers/media/tuners/tda827x.o
  CC [M]  drivers/media/tuners/tda18271-maps.o
  CC [M]  drivers/media/tuners/tda18271-common.o
  CC [M]  drivers/media/tuners/tda18271-fe.o
  LD [M]  drivers/media/tuners/tda18271.o
  CC [M]  drivers/media/tuners/xc5000.o
  CC [M]  drivers/media/tuners/xc4000.o
  CC [M]  drivers/media/tuners/msi001.o
  CC [M]  drivers/media/tuners/mt2060.o
  CC [M]  drivers/media/tuners/mt2063.o
  CC [M]  drivers/media/tuners/mt2266.o
  CC [M]  drivers/media/tuners/qt1010.o
  CC [M]  drivers/media/tuners/mt2131.o
  CC [M]  drivers/media/tuners/mxl5005s.o
  CC [M]  drivers/media/tuners/mxl5007t.o
  CC [M]  drivers/media/tuners/mc44s803.o
  CC [M]  drivers/media/tuners/max2165.o
  CC [M]  drivers/media/tuners/tda18218.o
  CC [M]  drivers/media/tuners/tda18212.o
  CC [M]  drivers/media/tuners/e4000.o
  CC [M]  drivers/media/tuners/fc2580.o
  CC [M]  drivers/media/tuners/tua9001.o
  CC [M]  drivers/media/tuners/si2157.o
  CC [M]  drivers/media/tuners/fc0011.o
  CC [M]  drivers/media/tuners/fc0012.o
  CC [M]  drivers/media/tuners/fc0013.o
  CC [M]  drivers/media/tuners/it913x.o
  CC [M]  drivers/media/tuners/r820t.o
  CC [M]  drivers/media/tuners/mxl301rf.o
  CC [M]  drivers/media/tuners/qm1d1c0042.o
  CC [M]  drivers/media/tuners/m88rs6000t.o
  CC [M]  drivers/media/usb/airspy/airspy.o
  CC [M]  drivers/media/usb/au0828/au0828-core.o
  CC [M]  drivers/media/usb/au0828/au0828-i2c.o
  CC [M]  drivers/media/usb/au0828/au0828-cards.o
  CC [M]  drivers/media/usb/au0828/au0828-dvb.o
  CC [M]  drivers/media/usb/au0828/au0828-video.o
  CC [M]  drivers/media/usb/au0828/au0828-vbi.o
  CC [M]  drivers/media/usb/au0828/au0828-input.o
  LD [M]  drivers/media/usb/au0828/au0828.o
  CC [M]  drivers/media/usb/b2c2/flexcop-usb.o
  LD [M]  drivers/media/usb/b2c2/b2c2-flexcop-usb.o
  CC [M]  drivers/media/usb/cpia2/cpia2_v4l.o
  CC [M]  drivers/media/usb/cpia2/cpia2_usb.o
  CC [M]  drivers/media/usb/cpia2/cpia2_core.o
  LD [M]  drivers/media/usb/cpia2/cpia2.o
  CC [M]  drivers/media/usb/cx231xx/cx231xx-video.o
  CC [M]  drivers/media/usb/cx231xx/cx231xx-i2c.o
  CC [M]  drivers/media/usb/cx231xx/cx231xx-cards.o
  CC [M]  drivers/media/usb/cx231xx/cx231xx-core.o
  CC [M]  drivers/media/usb/cx231xx/cx231xx-avcore.o
  CC [M]  drivers/media/usb/cx231xx/cx231xx-417.o
  CC [M]  drivers/media/usb/cx231xx/cx231xx-pcb-cfg.o
  CC [M]  drivers/media/usb/cx231xx/cx231xx-vbi.o
  CC [M]  drivers/media/usb/cx231xx/cx231xx-input.o
  LD [M]  drivers/media/usb/cx231xx/cx231xx.o
  CC [M]  drivers/media/usb/cx231xx/cx231xx-audio.o
  LD [M]  drivers/media/usb/cx231xx/cx231xx-alsa.o
  CC [M]  drivers/media/usb/cx231xx/cx231xx-dvb.o
  CC [M]  drivers/media/usb/dvb-usb/dvb-usb-firmware.o
  CC [M]  drivers/media/usb/dvb-usb/dvb-usb-init.o
  CC [M]  drivers/media/usb/dvb-usb/dvb-usb-urb.o
  CC [M]  drivers/media/usb/dvb-usb/dvb-usb-i2c.o
  CC [M]  drivers/media/usb/dvb-usb/dvb-usb-dvb.o
  CC [M]  drivers/media/usb/dvb-usb/dvb-usb-remote.o
  CC [M]  drivers/media/usb/dvb-usb/usb-urb.o
  LD [M]  drivers/media/usb/dvb-usb/dvb-usb.o
  CC [M]  drivers/media/usb/dvb-usb/vp7045.o
  CC [M]  drivers/media/usb/dvb-usb/vp7045-fe.o
  LD [M]  drivers/media/usb/dvb-usb/dvb-usb-vp7045.o
  CC [M]  drivers/media/usb/dvb-usb/vp702x.o
  CC [M]  drivers/media/usb/dvb-usb/vp702x-fe.o
  LD [M]  drivers/media/usb/dvb-usb/dvb-usb-vp702x.o
  CC [M]  drivers/media/usb/dvb-usb/gp8psk.o
  CC [M]  drivers/media/usb/dvb-usb/gp8psk-fe.o
  LD [M]  drivers/media/usb/dvb-usb/dvb-usb-gp8psk.o
  CC [M]  drivers/media/usb/dvb-usb/dtt200u.o
  CC [M]  drivers/media/usb/dvb-usb/dtt200u-fe.o
  LD [M]  drivers/media/usb/dvb-usb/dvb-usb-dtt200u.o
  CC [M]  drivers/media/usb/dvb-usb/dibusb-common.o
  LD [M]  drivers/media/usb/dvb-usb/dvb-usb-dibusb-common.o
  CC [M]  drivers/media/usb/dvb-usb/a800.o
  LD [M]  drivers/media/usb/dvb-usb/dvb-usb-a800.o
  CC [M]  drivers/media/usb/dvb-usb/dibusb-mb.o
  LD [M]  drivers/media/usb/dvb-usb/dvb-usb-dibusb-mb.o
  CC [M]  drivers/media/usb/dvb-usb/dibusb-mc.o
  LD [M]  drivers/media/usb/dvb-usb/dvb-usb-dibusb-mc.o
  CC [M]  drivers/media/usb/dvb-usb/nova-t-usb2.o
  LD [M]  drivers/media/usb/dvb-usb/dvb-usb-nova-t-usb2.o
  CC [M]  drivers/media/usb/dvb-usb/umt-010.o
  LD [M]  drivers/media/usb/dvb-usb/dvb-usb-umt-010.o
  CC [M]  drivers/media/usb/dvb-usb/m920x.o
  LD [M]  drivers/media/usb/dvb-usb/dvb-usb-m920x.o
  CC [M]  drivers/media/usb/dvb-usb/digitv.o
  LD [M]  drivers/media/usb/dvb-usb/dvb-usb-digitv.o
  CC [M]  drivers/media/usb/dvb-usb/cxusb.o
  LD [M]  drivers/media/usb/dvb-usb/dvb-usb-cxusb.o
  CC [M]  drivers/media/usb/dvb-usb/ttusb2.o
  LD [M]  drivers/media/usb/dvb-usb/dvb-usb-ttusb2.o
  CC [M]  drivers/media/usb/dvb-usb/dib0700_core.o
  CC [M]  drivers/media/usb/dvb-usb/dib0700_devices.o
  LD [M]  drivers/media/usb/dvb-usb/dvb-usb-dib0700.o
  CC [M]  drivers/media/usb/dvb-usb/opera1.o
  LD [M]  drivers/media/usb/dvb-usb/dvb-usb-opera.o
  CC [M]  drivers/media/usb/dvb-usb/af9005.o
  CC [M]  drivers/media/usb/dvb-usb/af9005-fe.o
  LD [M]  drivers/media/usb/dvb-usb/dvb-usb-af9005.o
  CC [M]  drivers/media/usb/dvb-usb/af9005-remote.o
  LD [M]  drivers/media/usb/dvb-usb/dvb-usb-af9005-remote.o
  CC [M]  drivers/media/usb/dvb-usb/pctv452e.o
  LD [M]  drivers/media/usb/dvb-usb/dvb-usb-pctv452e.o
  CC [M]  drivers/media/usb/dvb-usb/dw2102.o
  LD [M]  drivers/media/usb/dvb-usb/dvb-usb-dw2102.o
  CC [M]  drivers/media/usb/dvb-usb/dtv5100.o
  LD [M]  drivers/media/usb/dvb-usb/dvb-usb-dtv5100.o
  CC [M]  drivers/media/usb/dvb-usb/cinergyT2-core.o
  CC [M]  drivers/media/usb/dvb-usb/cinergyT2-fe.o
  LD [M]  drivers/media/usb/dvb-usb/dvb-usb-cinergyT2.o
  CC [M]  drivers/media/usb/dvb-usb/friio.o
  CC [M]  drivers/media/usb/dvb-usb/friio-fe.o
  LD [M]  drivers/media/usb/dvb-usb/dvb-usb-friio.o
  CC [M]  drivers/media/usb/dvb-usb/az6027.o
  LD [M]  drivers/media/usb/dvb-usb/dvb-usb-az6027.o
  CC [M]  drivers/media/usb/dvb-usb/technisat-usb2.o
  LD [M]  drivers/media/usb/dvb-usb/dvb-usb-technisat-usb2.o
  CC [M]  drivers/media/usb/dvb-usb-v2/dvb_usb_core.o
  CC [M]  drivers/media/usb/dvb-usb-v2/dvb_usb_urb.o
  CC [M]  drivers/media/usb/dvb-usb-v2/usb_urb.o
  LD [M]  drivers/media/usb/dvb-usb-v2/dvb_usb_v2.o
  CC [M]  drivers/media/usb/dvb-usb-v2/af9015.o
  LD [M]  drivers/media/usb/dvb-usb-v2/dvb-usb-af9015.o
  CC [M]  drivers/media/usb/dvb-usb-v2/af9035.o
  LD [M]  drivers/media/usb/dvb-usb-v2/dvb-usb-af9035.o
  CC [M]  drivers/media/usb/dvb-usb-v2/anysee.o
  LD [M]  drivers/media/usb/dvb-usb-v2/dvb-usb-anysee.o
  CC [M]  drivers/media/usb/dvb-usb-v2/au6610.o
  LD [M]  drivers/media/usb/dvb-usb-v2/dvb-usb-au6610.o
  CC [M]  drivers/media/usb/dvb-usb-v2/az6007.o
  LD [M]  drivers/media/usb/dvb-usb-v2/dvb-usb-az6007.o
  CC [M]  drivers/media/usb/dvb-usb-v2/ce6230.o
  LD [M]  drivers/media/usb/dvb-usb-v2/dvb-usb-ce6230.o
  CC [M]  drivers/media/usb/dvb-usb-v2/ec168.o
  LD [M]  drivers/media/usb/dvb-usb-v2/dvb-usb-ec168.o
  CC [M]  drivers/media/usb/dvb-usb-v2/lmedm04.o
  LD [M]  drivers/media/usb/dvb-usb-v2/dvb-usb-lmedm04.o
  CC [M]  drivers/media/usb/dvb-usb-v2/gl861.o
  LD [M]  drivers/media/usb/dvb-usb-v2/dvb-usb-gl861.o
  CC [M]  drivers/media/usb/dvb-usb-v2/mxl111sf.o
  CC [M]  drivers/media/usb/dvb-usb-v2/mxl111sf-phy.o
  CC [M]  drivers/media/usb/dvb-usb-v2/mxl111sf-i2c.o
  CC [M]  drivers/media/usb/dvb-usb-v2/mxl111sf-gpio.o
  LD [M]  drivers/media/usb/dvb-usb-v2/dvb-usb-mxl111sf.o
  CC [M]  drivers/media/usb/dvb-usb-v2/mxl111sf-demod.o
  CC [M]  drivers/media/usb/dvb-usb-v2/mxl111sf-tuner.o
  CC [M]  drivers/media/usb/dvb-usb-v2/rtl28xxu.o
  LD [M]  drivers/media/usb/dvb-usb-v2/dvb-usb-rtl28xxu.o
  CC [M]  drivers/media/usb/dvb-usb-v2/dvbsky.o
  LD [M]  drivers/media/usb/dvb-usb-v2/dvb-usb-dvbsky.o
  CC [M]  drivers/media/usb/em28xx/em28xx-core.o
  CC [M]  drivers/media/usb/em28xx/em28xx-i2c.o
  CC [M]  drivers/media/usb/em28xx/em28xx-cards.o
  CC [M]  drivers/media/usb/em28xx/em28xx-camera.o
  LD [M]  drivers/media/usb/em28xx/em28xx.o
  CC [M]  drivers/media/usb/em28xx/em28xx-video.o
  CC [M]  drivers/media/usb/em28xx/em28xx-vbi.o
  LD [M]  drivers/media/usb/em28xx/em28xx-v4l.o
  CC [M]  drivers/media/usb/em28xx/em28xx-audio.o
  LD [M]  drivers/media/usb/em28xx/em28xx-alsa.o
  CC [M]  drivers/media/usb/em28xx/em28xx-dvb.o
  CC [M]  drivers/media/usb/em28xx/em28xx-input.o
  LD [M]  drivers/media/usb/em28xx/em28xx-rc.o
  CC [M]  drivers/media/usb/gspca/gspca.o
  CC [M]  drivers/media/usb/gspca/autogain_functions.o
  LD [M]  drivers/media/usb/gspca/gspca_main.o
  CC [M]  drivers/media/usb/gspca/benq.o
  LD [M]  drivers/media/usb/gspca/gspca_benq.o
  CC [M]  drivers/media/usb/gspca/conex.o
  LD [M]  drivers/media/usb/gspca/gspca_conex.o
  CC [M]  drivers/media/usb/gspca/cpia1.o
  LD [M]  drivers/media/usb/gspca/gspca_cpia1.o
  CC [M]  drivers/media/usb/gspca/dtcs033.o
  LD [M]  drivers/media/usb/gspca/gspca_dtcs033.o
  CC [M]  drivers/media/usb/gspca/etoms.o
  LD [M]  drivers/media/usb/gspca/gspca_etoms.o
  CC [M]  drivers/media/usb/gspca/finepix.o
  LD [M]  drivers/media/usb/gspca/gspca_finepix.o
  CC [M]  drivers/media/usb/gspca/jeilinj.o
  LD [M]  drivers/media/usb/gspca/gspca_jeilinj.o
  CC [M]  drivers/media/usb/gspca/jl2005bcd.o
  LD [M]  drivers/media/usb/gspca/gspca_jl2005bcd.o
  CC [M]  drivers/media/usb/gspca/kinect.o
  LD [M]  drivers/media/usb/gspca/gspca_kinect.o
  CC [M]  drivers/media/usb/gspca/konica.o
  LD [M]  drivers/media/usb/gspca/gspca_konica.o
  CC [M]  drivers/media/usb/gspca/mars.o
  LD [M]  drivers/media/usb/gspca/gspca_mars.o
  CC [M]  drivers/media/usb/gspca/mr97310a.o
  LD [M]  drivers/media/usb/gspca/gspca_mr97310a.o
  CC [M]  drivers/media/usb/gspca/nw80x.o
  LD [M]  drivers/media/usb/gspca/gspca_nw80x.o
  CC [M]  drivers/media/usb/gspca/ov519.o
  LD [M]  drivers/media/usb/gspca/gspca_ov519.o
  CC [M]  drivers/media/usb/gspca/ov534.o
  LD [M]  drivers/media/usb/gspca/gspca_ov534.o
  CC [M]  drivers/media/usb/gspca/ov534_9.o
  LD [M]  drivers/media/usb/gspca/gspca_ov534_9.o
  CC [M]  drivers/media/usb/gspca/pac207.o
  LD [M]  drivers/media/usb/gspca/gspca_pac207.o
  CC [M]  drivers/media/usb/gspca/pac7302.o
  LD [M]  drivers/media/usb/gspca/gspca_pac7302.o
  CC [M]  drivers/media/usb/gspca/pac7311.o
  LD [M]  drivers/media/usb/gspca/gspca_pac7311.o
  CC [M]  drivers/media/usb/gspca/se401.o
  LD [M]  drivers/media/usb/gspca/gspca_se401.o
  CC [M]  drivers/media/usb/gspca/sn9c2028.o
  LD [M]  drivers/media/usb/gspca/gspca_sn9c2028.o
  CC [M]  drivers/media/usb/gspca/sn9c20x.o
  LD [M]  drivers/media/usb/gspca/gspca_sn9c20x.o
  CC [M]  drivers/media/usb/gspca/sonixb.o
  LD [M]  drivers/media/usb/gspca/gspca_sonixb.o
  CC [M]  drivers/media/usb/gspca/sonixj.o
  LD [M]  drivers/media/usb/gspca/gspca_sonixj.o
  CC [M]  drivers/media/usb/gspca/spca500.o
  LD [M]  drivers/media/usb/gspca/gspca_spca500.o
  CC [M]  drivers/media/usb/gspca/spca501.o
  LD [M]  drivers/media/usb/gspca/gspca_spca501.o
  CC [M]  drivers/media/usb/gspca/spca505.o
  LD [M]  drivers/media/usb/gspca/gspca_spca505.o
  CC [M]  drivers/media/usb/gspca/spca506.o
  LD [M]  drivers/media/usb/gspca/gspca_spca506.o
  CC [M]  drivers/media/usb/gspca/spca508.o
  LD [M]  drivers/media/usb/gspca/gspca_spca508.o
  CC [M]  drivers/media/usb/gspca/spca561.o
  LD [M]  drivers/media/usb/gspca/gspca_spca561.o
  CC [M]  drivers/media/usb/gspca/spca1528.o
  LD [M]  drivers/media/usb/gspca/gspca_spca1528.o
  CC [M]  drivers/media/usb/gspca/sq905.o
  LD [M]  drivers/media/usb/gspca/gspca_sq905.o
  CC [M]  drivers/media/usb/gspca/sq905c.o
  LD [M]  drivers/media/usb/gspca/gspca_sq905c.o
  CC [M]  drivers/media/usb/gspca/sq930x.o
  LD [M]  drivers/media/usb/gspca/gspca_sq930x.o
  CC [M]  drivers/media/usb/gspca/sunplus.o
  LD [M]  drivers/media/usb/gspca/gspca_sunplus.o
  CC [M]  drivers/media/usb/gspca/stk014.o
  LD [M]  drivers/media/usb/gspca/gspca_stk014.o
  CC [M]  drivers/media/usb/gspca/stk1135.o
  LD [M]  drivers/media/usb/gspca/gspca_stk1135.o
  CC [M]  drivers/media/usb/gspca/stv0680.o
  LD [M]  drivers/media/usb/gspca/gspca_stv0680.o
  CC [M]  drivers/media/usb/gspca/t613.o
  LD [M]  drivers/media/usb/gspca/gspca_t613.o
  CC [M]  drivers/media/usb/gspca/topro.o
  LD [M]  drivers/media/usb/gspca/gspca_topro.o
  CC [M]  drivers/media/usb/gspca/tv8532.o
  LD [M]  drivers/media/usb/gspca/gspca_tv8532.o
  CC [M]  drivers/media/usb/gspca/vc032x.o
  LD [M]  drivers/media/usb/gspca/gspca_vc032x.o
  CC [M]  drivers/media/usb/gspca/vicam.o
  LD [M]  drivers/media/usb/gspca/gspca_vicam.o
  CC [M]  drivers/media/usb/gspca/xirlink_cit.o
  LD [M]  drivers/media/usb/gspca/gspca_xirlink_cit.o
  CC [M]  drivers/media/usb/gspca/zc3xx.o
  LD [M]  drivers/media/usb/gspca/gspca_zc3xx.o
  CC [M]  drivers/media/usb/gspca/gl860/gl860.o
  CC [M]  drivers/media/usb/gspca/gl860/gl860-mi1320.o
  CC [M]  drivers/media/usb/gspca/gl860/gl860-ov2640.o
  CC [M]  drivers/media/usb/gspca/gl860/gl860-ov9655.o
  CC [M]  drivers/media/usb/gspca/gl860/gl860-mi2020.o
  LD [M]  drivers/media/usb/gspca/gl860/gspca_gl860.o
  CC [M]  drivers/media/usb/gspca/m5602/m5602_core.o
  CC [M]  drivers/media/usb/gspca/m5602/m5602_ov9650.o
  CC [M]  drivers/media/usb/gspca/m5602/m5602_ov7660.o
  CC [M]  drivers/media/usb/gspca/m5602/m5602_mt9m111.o
  CC [M]  drivers/media/usb/gspca/m5602/m5602_po1030.o
  CC [M]  drivers/media/usb/gspca/m5602/m5602_s5k83a.o
  CC [M]  drivers/media/usb/gspca/m5602/m5602_s5k4aa.o
  LD [M]  drivers/media/usb/gspca/m5602/gspca_m5602.o
  CC [M]  drivers/media/usb/gspca/stv06xx/stv06xx.o
  CC [M]  drivers/media/usb/gspca/stv06xx/stv06xx_vv6410.o
  CC [M]  drivers/media/usb/gspca/stv06xx/stv06xx_hdcs.o
  CC [M]  drivers/media/usb/gspca/stv06xx/stv06xx_pb0100.o
  CC [M]  drivers/media/usb/gspca/stv06xx/stv06xx_st6422.o
  LD [M]  drivers/media/usb/gspca/stv06xx/gspca_stv06xx.o
  CC [M]  drivers/media/usb/hackrf/hackrf.o
  CC [M]  drivers/media/usb/hdpvr/hdpvr-control.o
  CC [M]  drivers/media/usb/hdpvr/hdpvr-core.o
  CC [M]  drivers/media/usb/hdpvr/hdpvr-video.o
  CC [M]  drivers/media/usb/hdpvr/hdpvr-i2c.o
  LD [M]  drivers/media/usb/hdpvr/hdpvr.o
  CC [M]  drivers/media/usb/msi2500/msi2500.o
  CC [M]  drivers/media/usb/pvrusb2/pvrusb2-i2c-core.o
  CC [M]  drivers/media/usb/pvrusb2/pvrusb2-audio.o
  CC [M]  drivers/media/usb/pvrusb2/pvrusb2-encoder.o
  CC [M]  drivers/media/usb/pvrusb2/pvrusb2-video-v4l.o
  CC [M]  drivers/media/usb/pvrusb2/pvrusb2-eeprom.o
  CC [M]  drivers/media/usb/pvrusb2/pvrusb2-main.o
  CC [M]  drivers/media/usb/pvrusb2/pvrusb2-hdw.o
  CC [M]  drivers/media/usb/pvrusb2/pvrusb2-v4l2.o
  CC [M]  drivers/media/usb/pvrusb2/pvrusb2-ctrl.o
  CC [M]  drivers/media/usb/pvrusb2/pvrusb2-std.o
  CC [M]  drivers/media/usb/pvrusb2/pvrusb2-devattr.o
  CC [M]  drivers/media/usb/pvrusb2/pvrusb2-context.o
  CC [M]  drivers/media/usb/pvrusb2/pvrusb2-io.o
  CC [M]  drivers/media/usb/pvrusb2/pvrusb2-ioread.o
  CC [M]  drivers/media/usb/pvrusb2/pvrusb2-cx2584x-v4l.o
  CC [M]  drivers/media/usb/pvrusb2/pvrusb2-wm8775.o
  CC [M]  drivers/media/usb/pvrusb2/pvrusb2-cs53l32a.o
  CC [M]  drivers/media/usb/pvrusb2/pvrusb2-dvb.o
  CC [M]  drivers/media/usb/pvrusb2/pvrusb2-sysfs.o
  LD [M]  drivers/media/usb/pvrusb2/pvrusb2.o
  CC [M]  drivers/media/usb/pwc/pwc-if.o
  CC [M]  drivers/media/usb/pwc/pwc-misc.o
  CC [M]  drivers/media/usb/pwc/pwc-ctrl.o
  CC [M]  drivers/media/usb/pwc/pwc-v4l.o
  CC [M]  drivers/media/usb/pwc/pwc-uncompress.o
  CC [M]  drivers/media/usb/pwc/pwc-dec1.o
  CC [M]  drivers/media/usb/pwc/pwc-dec23.o
  CC [M]  drivers/media/usb/pwc/pwc-kiara.o
  CC [M]  drivers/media/usb/pwc/pwc-timon.o
  LD [M]  drivers/media/usb/pwc/pwc.o
  CC [M]  drivers/media/usb/s2255/s2255drv.o
  CC [M]  drivers/media/usb/siano/smsusb.o
  CC [M]  drivers/media/usb/stk1160/stk1160-core.o
  CC [M]  drivers/media/usb/stk1160/stk1160-v4l.o
  CC [M]  drivers/media/usb/stk1160/stk1160-video.o
  CC [M]  drivers/media/usb/stk1160/stk1160-i2c.o
  CC [M]  drivers/media/usb/stk1160/stk1160-ac97.o
  LD [M]  drivers/media/usb/stk1160/stk1160.o
  CC [M]  drivers/media/usb/stkwebcam/stk-webcam.o
  CC [M]  drivers/media/usb/stkwebcam/stk-sensor.o
  LD [M]  drivers/media/usb/stkwebcam/stkwebcam.o
  CC [M]  drivers/media/usb/usbtv/usbtv-core.o
  CC [M]  drivers/media/usb/usbtv/usbtv-video.o
  CC [M]  drivers/media/usb/usbtv/usbtv-audio.o
  LD [M]  drivers/media/usb/usbtv/usbtv.o
  CC [M]  drivers/media/usb/usbvision/usbvision-core.o
  CC [M]  drivers/media/usb/usbvision/usbvision-video.o
  CC [M]  drivers/media/usb/usbvision/usbvision-i2c.o
  CC [M]  drivers/media/usb/usbvision/usbvision-cards.o
  LD [M]  drivers/media/usb/usbvision/usbvision.o
  CC [M]  drivers/media/usb/uvc/uvc_driver.o
  CC [M]  drivers/media/usb/uvc/uvc_queue.o
  CC [M]  drivers/media/usb/uvc/uvc_v4l2.o
  CC [M]  drivers/media/usb/uvc/uvc_video.o
  CC [M]  drivers/media/usb/uvc/uvc_ctrl.o
  CC [M]  drivers/media/usb/uvc/uvc_status.o
  CC [M]  drivers/media/usb/uvc/uvc_isight.o
  CC [M]  drivers/media/usb/uvc/uvc_debugfs.o
  CC [M]  drivers/media/usb/uvc/uvc_entity.o
  LD [M]  drivers/media/usb/uvc/uvcvideo.o
  CC [M]  drivers/media/usb/zr364xx/zr364xx.o
  CC [M]  drivers/media/v4l2-core/v4l2-dev.o
  CC [M]  drivers/media/v4l2-core/v4l2-ioctl.o
  CC [M]  drivers/media/v4l2-core/v4l2-device.o
  CC [M]  drivers/media/v4l2-core/v4l2-fh.o
  CC [M]  drivers/media/v4l2-core/v4l2-event.o
  CC [M]  drivers/media/v4l2-core/v4l2-ctrls.o
  CC [M]  drivers/media/v4l2-core/v4l2-subdev.o
  CC [M]  drivers/media/v4l2-core/v4l2-clk.o
  CC [M]  drivers/media/v4l2-core/v4l2-async.o
  CC [M]  drivers/media/v4l2-core/v4l2-of.o
  LD [M]  drivers/media/v4l2-core/videodev.o
  CC [M]  drivers/media/v4l2-core/v4l2-common.o
  CC [M]  drivers/media/v4l2-core/v4l2-dv-timings.o
  CC [M]  drivers/media/v4l2-core/tuner-core.o
  LD [M]  drivers/media/v4l2-core/tuner.o
  CC [M]  drivers/media/v4l2-core/v4l2-mem2mem.o
  CC [M]  drivers/media/v4l2-core/videobuf-core.o
  CC [M]  drivers/media/v4l2-core/videobuf-vmalloc.o
  CC [M]  drivers/media/v4l2-core/videobuf-dvb.o
  CC [M]  drivers/media/v4l2-core/videobuf2-core.o
  CC [M]  drivers/media/v4l2-core/videobuf2-memops.o
  CC [M]  drivers/media/v4l2-core/videobuf2-vmalloc.o
  CC [M]  drivers/media/v4l2-core/videobuf2-dma-contig.o
  CC [M]  drivers/media/v4l2-core/videobuf2-dma-sg.o
  CC [M]  drivers/mfd/rtsx_usb.o
  CC [M]  drivers/mfd/ti_am335x_tscadc.o
  CC [M]  drivers/mfd/mc13xxx-core.o
  CC [M]  drivers/mfd/mc13xxx-spi.o
  CC [M]  drivers/mfd/mc13xxx-i2c.o
  CC [M]  drivers/mfd/viperboard.o
  CC [M]  drivers/misc/ad525x_dpot.o
  CC [M]  drivers/misc/ad525x_dpot-i2c.o
  CC [M]  drivers/misc/ad525x_dpot-spi.o
  CC [M]  drivers/misc/ics932s401.o
  CC [M]  drivers/misc/bh1780gli.o
  CC [M]  drivers/misc/bh1770glc.o
  CC [M]  drivers/misc/apds990x.o
  CC [M]  drivers/misc/enclosure.o
  CC [M]  drivers/misc/apds9802als.o
  CC [M]  drivers/misc/isl29003.o
  CC [M]  drivers/misc/isl29020.o
  CC [M]  drivers/misc/tsl2550.o
  CC [M]  drivers/misc/ds1682.o
  CC [M]  drivers/misc/ti_dac7512.o
  CC [M]  drivers/misc/hmc6352.o
  CC [M]  drivers/misc/hwlat_detector.o
  CC [M]  drivers/misc/tieqep.o
  CC [M]  drivers/misc/altera-stapl/altera-lpt.o
  CC [M]  drivers/misc/altera-stapl/altera-jtag.o
  CC [M]  drivers/misc/altera-stapl/altera-comp.o
  CC [M]  drivers/misc/altera-stapl/altera.o
  LD [M]  drivers/misc/altera-stapl/altera-stapl.o
  CC [M]  drivers/misc/c2port/core.o
  CC [M]  drivers/misc/eeprom/at25.o
  CC [M]  drivers/misc/eeprom/eeprom.o
  CC [M]  drivers/misc/eeprom/max6875.o
  CC [M]  drivers/misc/eeprom/eeprom_93cx6.o
  CC [M]  drivers/misc/lis3lv02d/lis3lv02d.o
  CC [M]  drivers/misc/lis3lv02d/lis3lv02d_i2c.o
  CC [M]  drivers/misc/ti-st/st_core.o
  CC [M]  drivers/misc/ti-st/st_kim.o
  CC [M]  drivers/misc/ti-st/st_ll.o
  LD [M]  drivers/misc/ti-st/st_drv.o
  CC [M]  drivers/mmc/card/sdio_uart.o
  CC [M]  drivers/mmc/host/sdhci.o
  CC [M]  drivers/mmc/host/dw_mmc.o
  CC [M]  drivers/mmc/host/dw_mmc-pltfm.o
  CC [M]  drivers/mmc/host/dw_mmc-exynos.o
  CC [M]  drivers/mmc/host/vub300.o
  CC [M]  drivers/mmc/host/ushc.o
  CC [M]  drivers/mmc/host/rtsx_usb_sdmmc.o
  CC [M]  drivers/mmc/host/sdhci-pltfm.o
  CC [M]  drivers/mtd/ofpart.o
  CC [M]  drivers/mtd/ar7part.o
  CC [M]  drivers/mtd/mtd_blkdevs.o
  CC [M]  drivers/mtd/mtdblock.o
  CC [M]  drivers/mtd/mtdblock_ro.o
  CC [M]  drivers/mtd/rfd_ftl.o
  CC [M]  drivers/mtd/ssfdc.o
  CC [M]  drivers/mtd/mtdoops.o
  CC [M]  drivers/mtd/mtdswap.o
  CC [M]  drivers/mtd/chips/map_ram.o
  CC [M]  drivers/mtd/devices/mtd_dataflash.o
  CC [M]  drivers/mtd/devices/m25p80.o
  CC [M]  drivers/mtd/devices/sst25l.o
  CC [M]  drivers/mtd/lpddr/qinfo_probe.o
  CC [M]  drivers/mtd/lpddr/lpddr_cmds.o
  CC [M]  drivers/mtd/maps/physmap.o
  CC [M]  drivers/mtd/maps/plat-ram.o
  CC [M]  drivers/mtd/nand/nandsim.o
  CC [M]  drivers/mtd/nand/omap2.o
  CC [M]  drivers/mtd/spi-nor/spi-nor.o
  CC [M]  drivers/mtd/ubi/vtbl.o
  CC [M]  drivers/mtd/ubi/vmt.o
  CC [M]  drivers/mtd/ubi/upd.o
  CC [M]  drivers/mtd/ubi/build.o
  CC [M]  drivers/mtd/ubi/cdev.o
  CC [M]  drivers/mtd/ubi/kapi.o
  CC [M]  drivers/mtd/ubi/eba.o
  CC [M]  drivers/mtd/ubi/io.o
  CC [M]  drivers/mtd/ubi/wl.o
  CC [M]  drivers/mtd/ubi/attach.o
  CC [M]  drivers/mtd/ubi/misc.o
  CC [M]  drivers/mtd/ubi/debug.o
  CC [M]  drivers/mtd/ubi/block.o
  LD [M]  drivers/mtd/ubi/ubi.o
  CC [M]  drivers/net/dummy.o
  CC [M]  drivers/net/eql.o
  CC [M]  drivers/net/ifb.o
  CC [M]  drivers/net/macvlan.o
  CC [M]  drivers/net/macvtap.o
  CC [M]  drivers/net/netconsole.o
  CC [M]  drivers/net/tun.o
  CC [M]  drivers/net/veth.o
  CC [M]  drivers/net/virtio_net.o
  CC [M]  drivers/net/vxlan.o
  CC [M]  drivers/net/nlmon.o
  CC [M]  drivers/net/appletalk/ipddp.o
  CC [M]  drivers/net/bonding/bond_main.o
  CC [M]  drivers/net/bonding/bond_3ad.o
  CC [M]  drivers/net/bonding/bond_alb.o
  CC [M]  drivers/net/bonding/bond_sysfs.o
  CC [M]  drivers/net/bonding/bond_sysfs_slave.o
  CC [M]  drivers/net/bonding/bond_debugfs.o
  CC [M]  drivers/net/bonding/bond_netlink.o
  CC [M]  drivers/net/bonding/bond_options.o
  CC [M]  drivers/net/bonding/bond_procfs.o
  LD [M]  drivers/net/bonding/bonding.o
  CC [M]  drivers/net/can/vcan.o
  CC [M]  drivers/net/can/slcan.o
  CC [M]  drivers/net/can/dev.o
  LD [M]  drivers/net/can/can-dev.o
  CC [M]  drivers/net/can/c_can/c_can.o
  CC [M]  drivers/net/can/c_can/c_can_platform.o
  CC [M]  drivers/net/can/sja1000/sja1000.o
  CC [M]  drivers/net/can/sja1000/sja1000_isa.o
  CC [M]  drivers/net/can/softing/softing_main.o
  CC [M]  drivers/net/can/softing/softing_fw.o
  LD [M]  drivers/net/can/softing/softing.o
  CC [M]  drivers/net/can/spi/mcp251x.o
  CC [M]  drivers/net/can/usb/ems_usb.o
  CC [M]  drivers/net/can/usb/esd_usb2.o
  CC [M]  drivers/net/can/usb/gs_usb.o
  CC [M]  drivers/net/can/usb/kvaser_usb.o
  CC [M]  drivers/net/can/usb/usb_8dev.o
  CC [M]  drivers/net/can/usb/peak_usb/pcan_usb_core.o
  CC [M]  drivers/net/can/usb/peak_usb/pcan_usb.o
  CC [M]  drivers/net/can/usb/peak_usb/pcan_usb_pro.o
  CC [M]  drivers/net/can/usb/peak_usb/pcan_usb_fd.o
  LD [M]  drivers/net/can/usb/peak_usb/peak_usb.o
  CC [M]  drivers/net/ethernet/microchip/enc28j60.o
  CC [M]  drivers/net/ipvlan/ipvlan_core.o
  CC [M]  drivers/net/ipvlan/ipvlan_main.o
  LD [M]  drivers/net/ipvlan/ipvlan.o
  CC [M]  drivers/net/ppp/ppp_generic.o
  CC [M]  drivers/net/ppp/ppp_async.o
  CC [M]  drivers/net/ppp/bsd_comp.o
  CC [M]  drivers/net/ppp/ppp_deflate.o
  CC [M]  drivers/net/ppp/ppp_mppe.o
  CC [M]  drivers/net/ppp/ppp_synctty.o
  CC [M]  drivers/net/ppp/pppox.o
  CC [M]  drivers/net/ppp/pppoe.o
  CC [M]  drivers/net/ppp/pptp.o
  CC [M]  drivers/net/slip/slip.o
  CC [M]  drivers/net/slip/slhc.o
  CC [M]  drivers/net/team/team.o
  CC [M]  drivers/net/team/team_mode_broadcast.o
  CC [M]  drivers/net/team/team_mode_roundrobin.o
  CC [M]  drivers/net/team/team_mode_random.o
  CC [M]  drivers/net/team/team_mode_activebackup.o
  CC [M]  drivers/net/team/team_mode_loadbalance.o
  CC [M]  drivers/net/usb/catc.o
  CC [M]  drivers/net/usb/kaweth.o
  CC [M]  drivers/net/usb/hso.o
  CC [M]  drivers/net/usb/asix_devices.o
  CC [M]  drivers/net/usb/asix_common.o
  CC [M]  drivers/net/usb/ax88172a.o
  LD [M]  drivers/net/usb/asix.o
  CC [M]  drivers/net/usb/ax88179_178a.o
  CC [M]  drivers/net/usb/cdc_ether.o
  CC [M]  drivers/net/usb/cdc_eem.o
  CC [M]  drivers/net/usb/dm9601.o
  CC [M]  drivers/net/usb/sr9700.o
  CC [M]  drivers/net/usb/sr9800.o
  CC [M]  drivers/net/usb/smsc75xx.o
  CC [M]  drivers/net/usb/smsc95xx.o
  CC [M]  drivers/net/usb/gl620a.o
  CC [M]  drivers/net/usb/net1080.o
  CC [M]  drivers/net/usb/plusb.o
  CC [M]  drivers/net/usb/rndis_host.o
  CC [M]  drivers/net/usb/cdc_subset.o
  CC [M]  drivers/net/usb/zaurus.o
  CC [M]  drivers/net/usb/mcs7830.o
  CC [M]  drivers/net/usb/int51x1.o
  CC [M]  drivers/net/usb/cdc-phonet.o
  CC [M]  drivers/net/usb/kalmia.o
  CC [M]  drivers/net/usb/ipheth.o
  CC [M]  drivers/net/usb/sierra_net.o
  CC [M]  drivers/net/usb/cx82310_eth.o
  CC [M]  drivers/net/usb/cdc_ncm.o
  CC [M]  drivers/net/usb/huawei_cdc_ncm.o
  CC [M]  drivers/net/usb/lg-vl600.o
  CC [M]  drivers/net/usb/qmi_wwan.o
  CC [M]  drivers/net/usb/cdc_mbim.o
  CC [M]  drivers/net/wimax/i2400m/control.o
  CC [M]  drivers/net/wimax/i2400m/driver.o
  CC [M]  drivers/net/wimax/i2400m/fw.o
  CC [M]  drivers/net/wimax/i2400m/op-rfkill.o
  CC [M]  drivers/net/wimax/i2400m/sysfs.o
  CC [M]  drivers/net/wimax/i2400m/netdev.o
  CC [M]  drivers/net/wimax/i2400m/tx.o
  CC [M]  drivers/net/wimax/i2400m/rx.o
  CC [M]  drivers/net/wimax/i2400m/debugfs.o
  LD [M]  drivers/net/wimax/i2400m/i2400m.o
  CC [M]  drivers/net/wimax/i2400m/usb-fw.o
  CC [M]  drivers/net/wimax/i2400m/usb-notif.o
  CC [M]  drivers/net/wimax/i2400m/usb-tx.o
  CC [M]  drivers/net/wimax/i2400m/usb-rx.o
  CC [M]  drivers/net/wimax/i2400m/usb.o
  LD [M]  drivers/net/wimax/i2400m/i2400m-usb.o
  CC [M]  drivers/net/wireless/at76c50x-usb.o
  CC [M]  drivers/net/wireless/rndis_wlan.o
  CC [M]  drivers/net/wireless/mac80211_hwsim.o
  CC [M]  drivers/net/wireless/ath/main.o
  CC [M]  drivers/net/wireless/ath/regd.o
  CC [M]  drivers/net/wireless/ath/hw.o
  CC [M]  drivers/net/wireless/ath/key.o
  CC [M]  drivers/net/wireless/ath/dfs_pattern_detector.o
  CC [M]  drivers/net/wireless/ath/dfs_pri_detector.o
  LD [M]  drivers/net/wireless/ath/ath.o
  CC [M]  drivers/net/wireless/ath/ar5523/ar5523.o
  CC [M]  drivers/net/wireless/ath/ath10k/mac.o
  CC [M]  drivers/net/wireless/ath/ath10k/debug.o
  CC [M]  drivers/net/wireless/ath/ath10k/core.o
  CC [M]  drivers/net/wireless/ath/ath10k/htc.o
  CC [M]  drivers/net/wireless/ath/ath10k/htt.o
  CC [M]  drivers/net/wireless/ath/ath10k/htt_rx.o
  CC [M]  drivers/net/wireless/ath/ath10k/htt_tx.o
  CC [M]  drivers/net/wireless/ath/ath10k/txrx.o
  CC [M]  drivers/net/wireless/ath/ath10k/wmi.o
  CC [M]  drivers/net/wireless/ath/ath10k/wmi-tlv.o
  CC [M]  drivers/net/wireless/ath/ath10k/bmi.o
  CC [M]  drivers/net/wireless/ath/ath10k/hw.o
  CC [M]  drivers/net/wireless/ath/ath10k/thermal.o
  LD [M]  drivers/net/wireless/ath/ath10k/ath10k_core.o
  CC [M]  drivers/net/wireless/ath/ath6kl/debug.o
  CC [M]  drivers/net/wireless/ath/ath6kl/hif.o
  CC [M]  drivers/net/wireless/ath/ath6kl/htc_mbox.o
  CC [M]  drivers/net/wireless/ath/ath6kl/htc_pipe.o
  CC [M]  drivers/net/wireless/ath/ath6kl/bmi.o
  CC [M]  drivers/net/wireless/ath/ath6kl/cfg80211.o
  CC [M]  drivers/net/wireless/ath/ath6kl/init.o
  CC [M]  drivers/net/wireless/ath/ath6kl/main.o
  CC [M]  drivers/net/wireless/ath/ath6kl/txrx.o
  CC [M]  drivers/net/wireless/ath/ath6kl/wmi.o
  CC [M]  drivers/net/wireless/ath/ath6kl/core.o
  CC [M]  drivers/net/wireless/ath/ath6kl/recovery.o
  LD [M]  drivers/net/wireless/ath/ath6kl/ath6kl_core.o
  CC [M]  drivers/net/wireless/ath/ath6kl/sdio.o
  LD [M]  drivers/net/wireless/ath/ath6kl/ath6kl_sdio.o
  CC [M]  drivers/net/wireless/ath/ath6kl/usb.o
  LD [M]  drivers/net/wireless/ath/ath6kl/ath6kl_usb.o
  CC [M]  drivers/net/wireless/ath/ath9k/beacon.o
  CC [M]  drivers/net/wireless/ath/ath9k/gpio.o
  CC [M]  drivers/net/wireless/ath/ath9k/init.o
  CC [M]  drivers/net/wireless/ath/ath9k/main.o
  CC [M]  drivers/net/wireless/ath/ath9k/recv.o
  CC [M]  drivers/net/wireless/ath/ath9k/xmit.o
  CC [M]  drivers/net/wireless/ath/ath9k/link.o
  CC [M]  drivers/net/wireless/ath/ath9k/antenna.o
  CC [M]  drivers/net/wireless/ath/ath9k/channel.o
  CC [M]  drivers/net/wireless/ath/ath9k/mci.o
  CC [M]  drivers/net/wireless/ath/ath9k/pci.o
  LD [M]  drivers/net/wireless/ath/ath9k/ath9k.o
  CC [M]  drivers/net/wireless/ath/ath9k/ar9002_hw.o
  CC [M]  drivers/net/wireless/ath/ath9k/ar9003_hw.o
  CC [M]  drivers/net/wireless/ath/ath9k/hw.o
  CC [M]  drivers/net/wireless/ath/ath9k/ar9003_phy.o
  CC [M]  drivers/net/wireless/ath/ath9k/ar9002_phy.o
  CC [M]  drivers/net/wireless/ath/ath9k/ar5008_phy.o
  CC [M]  drivers/net/wireless/ath/ath9k/ar9002_calib.o
  CC [M]  drivers/net/wireless/ath/ath9k/ar9003_calib.o
  CC [M]  drivers/net/wireless/ath/ath9k/calib.o
  CC [M]  drivers/net/wireless/ath/ath9k/eeprom.o
  CC [M]  drivers/net/wireless/ath/ath9k/eeprom_def.o
  CC [M]  drivers/net/wireless/ath/ath9k/eeprom_4k.o
  CC [M]  drivers/net/wireless/ath/ath9k/eeprom_9287.o
  CC [M]  drivers/net/wireless/ath/ath9k/ani.o
  CC [M]  drivers/net/wireless/ath/ath9k/mac.o
  CC [M]  drivers/net/wireless/ath/ath9k/ar9002_mac.o
  CC [M]  drivers/net/wireless/ath/ath9k/ar9003_mac.o
  CC [M]  drivers/net/wireless/ath/ath9k/ar9003_eeprom.o
  CC [M]  drivers/net/wireless/ath/ath9k/ar9003_paprd.o
  CC [M]  drivers/net/wireless/ath/ath9k/btcoex.o
  CC [M]  drivers/net/wireless/ath/ath9k/ar9003_mci.o
  CC [M]  drivers/net/wireless/ath/ath9k/ar9003_aic.o
  CC [M]  drivers/net/wireless/ath/ath9k/ar9003_rtt.o
  LD [M]  drivers/net/wireless/ath/ath9k/ath9k_hw.o
  CC [M]  drivers/net/wireless/ath/ath9k/common.o
  CC [M]  drivers/net/wireless/ath/ath9k/common-init.o
  CC [M]  drivers/net/wireless/ath/ath9k/common-beacon.o
  CC [M]  drivers/net/wireless/ath/ath9k/common-debug.o
  CC [M]  drivers/net/wireless/ath/ath9k/common-spectral.o
  LD [M]  drivers/net/wireless/ath/ath9k/ath9k_common.o
  CC [M]  drivers/net/wireless/ath/ath9k/htc_hst.o
  CC [M]  drivers/net/wireless/ath/ath9k/hif_usb.o
  CC [M]  drivers/net/wireless/ath/ath9k/wmi.o
  CC [M]  drivers/net/wireless/ath/ath9k/htc_drv_txrx.o
  CC [M]  drivers/net/wireless/ath/ath9k/htc_drv_main.o
  CC [M]  drivers/net/wireless/ath/ath9k/htc_drv_beacon.o
  CC [M]  drivers/net/wireless/ath/ath9k/htc_drv_init.o
  CC [M]  drivers/net/wireless/ath/ath9k/htc_drv_gpio.o
  LD [M]  drivers/net/wireless/ath/ath9k/ath9k_htc.o
  CC [M]  drivers/net/wireless/ath/carl9170/main.o
  CC [M]  drivers/net/wireless/ath/carl9170/usb.o
  CC [M]  drivers/net/wireless/ath/carl9170/cmd.o
  CC [M]  drivers/net/wireless/ath/carl9170/mac.o
  CC [M]  drivers/net/wireless/ath/carl9170/phy.o
  CC [M]  drivers/net/wireless/ath/carl9170/led.o
  CC [M]  drivers/net/wireless/ath/carl9170/fw.o
  CC [M]  drivers/net/wireless/ath/carl9170/tx.o
  CC [M]  drivers/net/wireless/ath/carl9170/rx.o
  LD [M]  drivers/net/wireless/ath/carl9170/carl9170.o
  CC [M]  drivers/net/wireless/b43/main.o
  CC [M]  drivers/net/wireless/b43/bus.o
  CC [M]  drivers/net/wireless/b43/phy_a.o
  CC [M]  drivers/net/wireless/b43/phy_g.o
  CC [M]  drivers/net/wireless/b43/tables.o
  CC [M]  drivers/net/wireless/b43/lo.o
  CC [M]  drivers/net/wireless/b43/wa.o
  CC [M]  drivers/net/wireless/b43/tables_nphy.o
  CC [M]  drivers/net/wireless/b43/radio_2055.o
  CC [M]  drivers/net/wireless/b43/radio_2056.o
  CC [M]  drivers/net/wireless/b43/radio_2057.o
  CC [M]  drivers/net/wireless/b43/phy_common.o
  CC [M]  drivers/net/wireless/b43/phy_n.o
drivers/net/wireless/b43/phy_n.c: In function ‘b43_nphy_rf_ctl_override_rev7’:
drivers/net/wireless/b43/phy_n.c:202:21: warning: ‘val_addr’ may be used uninitialized in this function [-Wuninitialized]
  CC [M]  drivers/net/wireless/b43/phy_lp.o
  CC [M]  drivers/net/wireless/b43/tables_lpphy.o
  CC [M]  drivers/net/wireless/b43/phy_ht.o
  CC [M]  drivers/net/wireless/b43/tables_phy_ht.o
  CC [M]  drivers/net/wireless/b43/radio_2059.o
  CC [M]  drivers/net/wireless/b43/sysfs.o
  CC [M]  drivers/net/wireless/b43/xmit.o
  CC [M]  drivers/net/wireless/b43/dma.o
  CC [M]  drivers/net/wireless/b43/pio.o
  CC [M]  drivers/net/wireless/b43/rfkill.o
  CC [M]  drivers/net/wireless/b43/ppr.o
  CC [M]  drivers/net/wireless/b43/leds.o
  CC [M]  drivers/net/wireless/b43/sdio.o
  LD [M]  drivers/net/wireless/b43/b43.o
  CC [M]  drivers/net/wireless/b43legacy/main.o
  CC [M]  drivers/net/wireless/b43legacy/ilt.o
  CC [M]  drivers/net/wireless/b43legacy/phy.o
  CC [M]  drivers/net/wireless/b43legacy/radio.o
  CC [M]  drivers/net/wireless/b43legacy/sysfs.o
  CC [M]  drivers/net/wireless/b43legacy/xmit.o
  CC [M]  drivers/net/wireless/b43legacy/rfkill.o
  CC [M]  drivers/net/wireless/b43legacy/leds.o
  CC [M]  drivers/net/wireless/b43legacy/debugfs.o
  CC [M]  drivers/net/wireless/b43legacy/dma.o
  CC [M]  drivers/net/wireless/b43legacy/pio.o
  LD [M]  drivers/net/wireless/b43legacy/b43legacy.o
  CC [M]  drivers/net/wireless/brcm80211/brcmfmac/cfg80211.o
  CC [M]  drivers/net/wireless/brcm80211/brcmfmac/chip.o
  CC [M]  drivers/net/wireless/brcm80211/brcmfmac/fwil.o
  CC [M]  drivers/net/wireless/brcm80211/brcmfmac/fweh.o
  CC [M]  drivers/net/wireless/brcm80211/brcmfmac/fwsignal.o
  CC [M]  drivers/net/wireless/brcm80211/brcmfmac/p2p.o
  CC [M]  drivers/net/wireless/brcm80211/brcmfmac/proto.o
  CC [M]  drivers/net/wireless/brcm80211/brcmfmac/common.o
  CC [M]  drivers/net/wireless/brcm80211/brcmfmac/core.o
  CC [M]  drivers/net/wireless/brcm80211/brcmfmac/firmware.o
  CC [M]  drivers/net/wireless/brcm80211/brcmfmac/feature.o
  CC [M]  drivers/net/wireless/brcm80211/brcmfmac/btcoex.o
  CC [M]  drivers/net/wireless/brcm80211/brcmfmac/vendor.o
  CC [M]  drivers/net/wireless/brcm80211/brcmfmac/bcdc.o
  CC [M]  drivers/net/wireless/brcm80211/brcmfmac/sdio.o
  CC [M]  drivers/net/wireless/brcm80211/brcmfmac/bcmsdh.o
  CC [M]  drivers/net/wireless/brcm80211/brcmfmac/usb.o
  CC [M]  drivers/net/wireless/brcm80211/brcmfmac/of.o
  LD [M]  drivers/net/wireless/brcm80211/brcmfmac/brcmfmac.o
  CC [M]  drivers/net/wireless/brcm80211/brcmsmac/mac80211_if.o
  CC [M]  drivers/net/wireless/brcm80211/brcmsmac/ucode_loader.o
  CC [M]  drivers/net/wireless/brcm80211/brcmsmac/ampdu.o
  CC [M]  drivers/net/wireless/brcm80211/brcmsmac/antsel.o
  CC [M]  drivers/net/wireless/brcm80211/brcmsmac/channel.o
  CC [M]  drivers/net/wireless/brcm80211/brcmsmac/main.o
  CC [M]  drivers/net/wireless/brcm80211/brcmsmac/phy_shim.o
  CC [M]  drivers/net/wireless/brcm80211/brcmsmac/pmu.o
  CC [M]  drivers/net/wireless/brcm80211/brcmsmac/rate.o
  CC [M]  drivers/net/wireless/brcm80211/brcmsmac/stf.o
  CC [M]  drivers/net/wireless/brcm80211/brcmsmac/aiutils.o
  CC [M]  drivers/net/wireless/brcm80211/brcmsmac/phy/phy_cmn.o
  CC [M]  drivers/net/wireless/brcm80211/brcmsmac/phy/phy_lcn.o
  CC [M]  drivers/net/wireless/brcm80211/brcmsmac/phy/phy_n.o
  CC [M]  drivers/net/wireless/brcm80211/brcmsmac/phy/phytbl_lcn.o
  CC [M]  drivers/net/wireless/brcm80211/brcmsmac/phy/phytbl_n.o
  CC [M]  drivers/net/wireless/brcm80211/brcmsmac/phy/phy_qmath.o
  CC [M]  drivers/net/wireless/brcm80211/brcmsmac/dma.o
  CC [M]  drivers/net/wireless/brcm80211/brcmsmac/brcms_trace_events.o
  CC [M]  drivers/net/wireless/brcm80211/brcmsmac/debug.o
  LD [M]  drivers/net/wireless/brcm80211/brcmsmac/brcmsmac.o
  CC [M]  drivers/net/wireless/brcm80211/brcmutil/utils.o
  CC [M]  drivers/net/wireless/brcm80211/brcmutil/d11.o
  LD [M]  drivers/net/wireless/brcm80211/brcmutil/brcmutil.o
  CC [M]  drivers/net/wireless/hostap/hostap_80211_rx.o
  CC [M]  drivers/net/wireless/hostap/hostap_80211_tx.o
  CC [M]  drivers/net/wireless/hostap/hostap_ap.o
  CC [M]  drivers/net/wireless/hostap/hostap_info.o
  CC [M]  drivers/net/wireless/hostap/hostap_ioctl.o
  CC [M]  drivers/net/wireless/hostap/hostap_main.o
  CC [M]  drivers/net/wireless/hostap/hostap_proc.o
  LD [M]  drivers/net/wireless/hostap/hostap.o
  CC [M]  drivers/net/wireless/iwlwifi/iwl-io.o
  CC [M]  drivers/net/wireless/iwlwifi/iwl-drv.o
  CC [M]  drivers/net/wireless/iwlwifi/iwl-debug.o
  CC [M]  drivers/net/wireless/iwlwifi/iwl-notif-wait.o
  CC [M]  drivers/net/wireless/iwlwifi/iwl-eeprom-read.o
  CC [M]  drivers/net/wireless/iwlwifi/iwl-eeprom-parse.o
  CC [M]  drivers/net/wireless/iwlwifi/iwl-phy-db.o
  CC [M]  drivers/net/wireless/iwlwifi/iwl-nvm-parse.o
  CC [M]  drivers/net/wireless/iwlwifi/pcie/drv.o
  CC [M]  drivers/net/wireless/iwlwifi/pcie/rx.o
  CC [M]  drivers/net/wireless/iwlwifi/pcie/tx.o
  CC [M]  drivers/net/wireless/iwlwifi/pcie/trans.o
  CC [M]  drivers/net/wireless/iwlwifi/iwl-1000.o
  CC [M]  drivers/net/wireless/iwlwifi/iwl-2000.o
  CC [M]  drivers/net/wireless/iwlwifi/iwl-5000.o
  CC [M]  drivers/net/wireless/iwlwifi/iwl-6000.o
  LD [M]  drivers/net/wireless/iwlwifi/iwlwifi.o
  CC [M]  drivers/net/wireless/iwlwifi/dvm/main.o
  CC [M]  drivers/net/wireless/iwlwifi/dvm/rs.o
  CC [M]  drivers/net/wireless/iwlwifi/dvm/mac80211.o
  CC [M]  drivers/net/wireless/iwlwifi/dvm/ucode.o
  CC [M]  drivers/net/wireless/iwlwifi/dvm/tx.o
  CC [M]  drivers/net/wireless/iwlwifi/dvm/lib.o
  CC [M]  drivers/net/wireless/iwlwifi/dvm/calib.o
  CC [M]  drivers/net/wireless/iwlwifi/dvm/tt.o
  CC [M]  drivers/net/wireless/iwlwifi/dvm/sta.o
  CC [M]  drivers/net/wireless/iwlwifi/dvm/rx.o
  CC [M]  drivers/net/wireless/iwlwifi/dvm/power.o
  CC [M]  drivers/net/wireless/iwlwifi/dvm/scan.o
  CC [M]  drivers/net/wireless/iwlwifi/dvm/rxon.o
  CC [M]  drivers/net/wireless/iwlwifi/dvm/devices.o
  CC [M]  drivers/net/wireless/iwlwifi/dvm/led.o
  LD [M]  drivers/net/wireless/iwlwifi/dvm/iwldvm.o
  CC [M]  drivers/net/wireless/libertas/cfg.o
  CC [M]  drivers/net/wireless/libertas/cmd.o
  CC [M]  drivers/net/wireless/libertas/cmdresp.o
  CC [M]  drivers/net/wireless/libertas/debugfs.o
  CC [M]  drivers/net/wireless/libertas/ethtool.o
  CC [M]  drivers/net/wireless/libertas/main.o
  CC [M]  drivers/net/wireless/libertas/rx.o
  CC [M]  drivers/net/wireless/libertas/tx.o
  CC [M]  drivers/net/wireless/libertas/firmware.o
  CC [M]  drivers/net/wireless/libertas/mesh.o
  LD [M]  drivers/net/wireless/libertas/libertas.o
  CC [M]  drivers/net/wireless/libertas/if_usb.o
  LD [M]  drivers/net/wireless/libertas/usb8xxx.o
  CC [M]  drivers/net/wireless/libertas/if_sdio.o
  LD [M]  drivers/net/wireless/libertas/libertas_sdio.o
  CC [M]  drivers/net/wireless/libertas_tf/main.o
  CC [M]  drivers/net/wireless/libertas_tf/cmd.o
  LD [M]  drivers/net/wireless/libertas_tf/libertas_tf.o
  CC [M]  drivers/net/wireless/libertas_tf/if_usb.o
  LD [M]  drivers/net/wireless/libertas_tf/libertas_tf_usb.o
  CC [M]  drivers/net/wireless/mediatek/mt7601u/usb.o
  CC [M]  drivers/net/wireless/mediatek/mt7601u/init.o
  CC [M]  drivers/net/wireless/mediatek/mt7601u/main.o
  CC [M]  drivers/net/wireless/mediatek/mt7601u/mcu.o
  CC [M]  drivers/net/wireless/mediatek/mt7601u/trace.o
  CC [M]  drivers/net/wireless/mediatek/mt7601u/dma.o
  CC [M]  drivers/net/wireless/mediatek/mt7601u/core.o
  CC [M]  drivers/net/wireless/mediatek/mt7601u/eeprom.o
  CC [M]  drivers/net/wireless/mediatek/mt7601u/phy.o
  CC [M]  drivers/net/wireless/mediatek/mt7601u/mac.o
  CC [M]  drivers/net/wireless/mediatek/mt7601u/util.o
  CC [M]  drivers/net/wireless/mediatek/mt7601u/debugfs.o
  CC [M]  drivers/net/wireless/mediatek/mt7601u/tx.o
  LD [M]  drivers/net/wireless/mediatek/mt7601u/mt7601u.o
  CC [M]  drivers/net/wireless/p54/eeprom.o
  CC [M]  drivers/net/wireless/p54/fwio.o
  CC [M]  drivers/net/wireless/p54/txrx.o
  CC [M]  drivers/net/wireless/p54/main.o
  CC [M]  drivers/net/wireless/p54/led.o
  LD [M]  drivers/net/wireless/p54/p54common.o
  CC [M]  drivers/net/wireless/p54/p54usb.o
  CC [M]  drivers/net/wireless/rsi/rsi_91x_main.o
  CC [M]  drivers/net/wireless/rsi/rsi_91x_core.o
  CC [M]  drivers/net/wireless/rsi/rsi_91x_mac80211.o
  CC [M]  drivers/net/wireless/rsi/rsi_91x_mgmt.o
  CC [M]  drivers/net/wireless/rsi/rsi_91x_pkt.o
  CC [M]  drivers/net/wireless/rsi/rsi_91x_debugfs.o
  LD [M]  drivers/net/wireless/rsi/rsi_91x.o
  CC [M]  drivers/net/wireless/rsi/rsi_91x_usb.o
  CC [M]  drivers/net/wireless/rsi/rsi_91x_usb_ops.o
  LD [M]  drivers/net/wireless/rsi/rsi_usb.o
  CC [M]  drivers/net/wireless/rt2x00/rt2x00dev.o
  CC [M]  drivers/net/wireless/rt2x00/rt2x00mac.o
  CC [M]  drivers/net/wireless/rt2x00/rt2x00config.o
  CC [M]  drivers/net/wireless/rt2x00/rt2x00queue.o
  CC [M]  drivers/net/wireless/rt2x00/rt2x00link.o
  CC [M]  drivers/net/wireless/rt2x00/rt2x00crypto.o
  CC [M]  drivers/net/wireless/rt2x00/rt2x00firmware.o
  CC [M]  drivers/net/wireless/rt2x00/rt2x00leds.o
  LD [M]  drivers/net/wireless/rt2x00/rt2x00lib.o
  CC [M]  drivers/net/wireless/rt2x00/rt2x00usb.o
  CC [M]  drivers/net/wireless/rt2x00/rt2800lib.o
  CC [M]  drivers/net/wireless/rt2x00/rt2500usb.o
  CC [M]  drivers/net/wireless/rt2x00/rt73usb.o
  CC [M]  drivers/net/wireless/rt2x00/rt2800usb.o
  CC [M]  drivers/net/wireless/rtl818x/rtl8187/dev.o
  CC [M]  drivers/net/wireless/rtl818x/rtl8187/rtl8225.o
  CC [M]  drivers/net/wireless/rtl818x/rtl8187/leds.o
  CC [M]  drivers/net/wireless/rtl818x/rtl8187/rfkill.o
  LD [M]  drivers/net/wireless/rtl818x/rtl8187/rtl8187.o
  CC [M]  drivers/net/wireless/rtlwifi/base.o
  CC [M]  drivers/net/wireless/rtlwifi/cam.o
  CC [M]  drivers/net/wireless/rtlwifi/core.o
  CC [M]  drivers/net/wireless/rtlwifi/debug.o
  CC [M]  drivers/net/wireless/rtlwifi/efuse.o
  CC [M]  drivers/net/wireless/rtlwifi/ps.o
  CC [M]  drivers/net/wireless/rtlwifi/rc.o
  CC [M]  drivers/net/wireless/rtlwifi/regd.o
  CC [M]  drivers/net/wireless/rtlwifi/stats.o
  LD [M]  drivers/net/wireless/rtlwifi/rtlwifi.o
  CC [M]  drivers/net/wireless/rtlwifi/usb.o
  LD [M]  drivers/net/wireless/rtlwifi/rtl_usb.o
  CC [M]  drivers/net/wireless/rtlwifi/rtl8192c/main.o
  CC [M]  drivers/net/wireless/rtlwifi/rtl8192c/dm_common.o
  CC [M]  drivers/net/wireless/rtlwifi/rtl8192c/fw_common.o
  CC [M]  drivers/net/wireless/rtlwifi/rtl8192c/phy_common.o
  LD [M]  drivers/net/wireless/rtlwifi/rtl8192c/rtl8192c-common.o
  CC [M]  drivers/net/wireless/rtlwifi/rtl8192cu/dm.o
  CC [M]  drivers/net/wireless/rtlwifi/rtl8192cu/hw.o
  CC [M]  drivers/net/wireless/rtlwifi/rtl8192cu/led.o
  CC [M]  drivers/net/wireless/rtlwifi/rtl8192cu/mac.o
  CC [M]  drivers/net/wireless/rtlwifi/rtl8192cu/phy.o
  CC [M]  drivers/net/wireless/rtlwifi/rtl8192cu/rf.o
  CC [M]  drivers/net/wireless/rtlwifi/rtl8192cu/sw.o
  CC [M]  drivers/net/wireless/rtlwifi/rtl8192cu/table.o
  CC [M]  drivers/net/wireless/rtlwifi/rtl8192cu/trx.o
  LD [M]  drivers/net/wireless/rtlwifi/rtl8192cu/rtl8192cu.o
  CC [M]  drivers/net/wireless/ti/wl1251/main.o
  CC [M]  drivers/net/wireless/ti/wl1251/event.o
  CC [M]  drivers/net/wireless/ti/wl1251/tx.o
  CC [M]  drivers/net/wireless/ti/wl1251/rx.o
  CC [M]  drivers/net/wireless/ti/wl1251/ps.o
  CC [M]  drivers/net/wireless/ti/wl1251/cmd.o
  CC [M]  drivers/net/wireless/ti/wl1251/acx.o
  CC [M]  drivers/net/wireless/ti/wl1251/boot.o
  CC [M]  drivers/net/wireless/ti/wl1251/init.o
  CC [M]  drivers/net/wireless/ti/wl1251/debugfs.o
  CC [M]  drivers/net/wireless/ti/wl1251/io.o
  LD [M]  drivers/net/wireless/ti/wl1251/wl1251.o
  CC [M]  drivers/net/wireless/ti/wl1251/spi.o
  LD [M]  drivers/net/wireless/ti/wl1251/wl1251_spi.o
  CC [M]  drivers/net/wireless/ti/wl1251/sdio.o
  LD [M]  drivers/net/wireless/ti/wl1251/wl1251_sdio.o
  CC [M]  drivers/net/wireless/ti/wl12xx/main.o
  CC [M]  drivers/net/wireless/ti/wl12xx/cmd.o
  CC [M]  drivers/net/wireless/ti/wl12xx/acx.o
  CC [M]  drivers/net/wireless/ti/wl12xx/debugfs.o
  CC [M]  drivers/net/wireless/ti/wl12xx/scan.o
  CC [M]  drivers/net/wireless/ti/wl12xx/event.o
  LD [M]  drivers/net/wireless/ti/wl12xx/wl12xx.o
  CC [M]  drivers/net/wireless/ti/wl18xx/main.o
  CC [M]  drivers/net/wireless/ti/wl18xx/acx.o
  CC [M]  drivers/net/wireless/ti/wl18xx/tx.o
  CC [M]  drivers/net/wireless/ti/wl18xx/io.o
  CC [M]  drivers/net/wireless/ti/wl18xx/debugfs.o
  CC [M]  drivers/net/wireless/ti/wl18xx/scan.o
  CC [M]  drivers/net/wireless/ti/wl18xx/cmd.o
  CC [M]  drivers/net/wireless/ti/wl18xx/event.o
  LD [M]  drivers/net/wireless/ti/wl18xx/wl18xx.o
  CC [M]  drivers/net/wireless/ti/wlcore/main.o
  CC [M]  drivers/net/wireless/ti/wlcore/cmd.o
  CC [M]  drivers/net/wireless/ti/wlcore/io.o
  CC [M]  drivers/net/wireless/ti/wlcore/event.o
  CC [M]  drivers/net/wireless/ti/wlcore/tx.o
  CC [M]  drivers/net/wireless/ti/wlcore/rx.o
  CC [M]  drivers/net/wireless/ti/wlcore/ps.o
  CC [M]  drivers/net/wireless/ti/wlcore/acx.o
  CC [M]  drivers/net/wireless/ti/wlcore/boot.o
  CC [M]  drivers/net/wireless/ti/wlcore/init.o
  CC [M]  drivers/net/wireless/ti/wlcore/debugfs.o
  CC [M]  drivers/net/wireless/ti/wlcore/scan.o
  CC [M]  drivers/net/wireless/ti/wlcore/sysfs.o
  CC [M]  drivers/net/wireless/ti/wlcore/vendor_cmd.o
  LD [M]  drivers/net/wireless/ti/wlcore/wlcore.o
  CC [M]  drivers/net/wireless/ti/wlcore/spi.o
  LD [M]  drivers/net/wireless/ti/wlcore/wlcore_spi.o
  CC [M]  drivers/net/wireless/ti/wlcore/sdio.o
  LD [M]  drivers/net/wireless/ti/wlcore/wlcore_sdio.o
  CC [M]  drivers/net/wireless/zd1211rw/zd_chip.o
  CC [M]  drivers/net/wireless/zd1211rw/zd_mac.o
  CC [M]  drivers/net/wireless/zd1211rw/zd_rf_al2230.o
  CC [M]  drivers/net/wireless/zd1211rw/zd_rf_rf2959.o
  CC [M]  drivers/net/wireless/zd1211rw/zd_rf_al7230b.o
  CC [M]  drivers/net/wireless/zd1211rw/zd_rf_uw2453.o
  CC [M]  drivers/net/wireless/zd1211rw/zd_rf.o
  CC [M]  drivers/net/wireless/zd1211rw/zd_usb.o
  LD [M]  drivers/net/wireless/zd1211rw/zd1211rw.o
  CC [M]  drivers/nfc/pn533.o
  CC [M]  drivers/nfc/nfcsim.o
  CC [M]  drivers/nfc/port100.o
  CC [M]  drivers/parport/share.o
  CC [M]  drivers/parport/ieee1284.o
  CC [M]  drivers/parport/ieee1284_ops.o
  CC [M]  drivers/parport/procfs.o
  CC [M]  drivers/parport/daisy.o
  CC [M]  drivers/parport/probe.o
  LD [M]  drivers/parport/parport.o
  CC [M]  drivers/power/bq27x00_battery.o
  CC [M]  drivers/power/isp1704_charger.o
  CC [M]  drivers/power/bq2415x_charger.o
  CC [M]  drivers/pps/clients/pps-ldisc.o
  CC [M]  drivers/pps/clients/pps_parport.o
  CC [M]  drivers/pps/clients/pps-gpio.o
  CC [M]  drivers/pwm/pwm-tiecap.o
  CC [M]  drivers/pwm/pwm-tiehrpwm.o
  CC [M]  drivers/pwm/pwm-twl.o
  CC [M]  drivers/pwm/pwm-twl-led.o
  CC [M]  drivers/regulator/anatop-regulator.o
  CC [M]  drivers/regulator/axp20x-regulator.o
  CC [M]  drivers/regulator/da9052-regulator.o
  CC [M]  drivers/regulator/mc13783-regulator.o
  CC [M]  drivers/regulator/mc13892-regulator.o
  CC [M]  drivers/regulator/mc13xxx-regulator-core.o
  CC [M]  drivers/regulator/s2mpa01.o
  CC [M]  drivers/regulator/s2mps11.o
  CC [M]  drivers/regulator/s5m8767.o
  CC [M]  drivers/regulator/vexpress.o
  CC [M]  drivers/rtc/rtc-bq32k.o
  CC [M]  drivers/rtc/rtc-bq4802.o
  CC [M]  drivers/rtc/rtc-cmos.o
  CC [M]  drivers/rtc/rtc-ds1286.o
  CC [M]  drivers/rtc/rtc-ds1305.o
  CC [M]  drivers/rtc/rtc-ds1343.o
  CC [M]  drivers/rtc/rtc-ds1347.o
  CC [M]  drivers/rtc/rtc-ds1374.o
  CC [M]  drivers/rtc/rtc-ds1390.o
  CC [M]  drivers/rtc/rtc-ds1511.o
  CC [M]  drivers/rtc/rtc-ds1553.o
  CC [M]  drivers/rtc/rtc-ds1672.o
  CC [M]  drivers/rtc/rtc-ds1685.o
  CC [M]  drivers/rtc/rtc-ds1742.o
  CC [M]  drivers/rtc/rtc-ds2404.o
  CC [M]  drivers/rtc/rtc-ds3232.o
  CC [M]  drivers/rtc/rtc-ds3234.o
  CC [M]  drivers/rtc/rtc-em3027.o
  CC [M]  drivers/rtc/rtc-fm3130.o
  CC [M]  drivers/rtc/rtc-hid-sensor-time.o
  CC [M]  drivers/rtc/rtc-hym8563.o
  CC [M]  drivers/rtc/rtc-isl1208.o
  CC [M]  drivers/rtc/rtc-isl12022.o
  CC [M]  drivers/rtc/rtc-m41t80.o
  CC [M]  drivers/rtc/rtc-m41t93.o
  CC [M]  drivers/rtc/rtc-m41t94.o
  CC [M]  drivers/rtc/rtc-m48t35.o
  CC [M]  drivers/rtc/rtc-m48t59.o
  CC [M]  drivers/rtc/rtc-m48t86.o
  CC [M]  drivers/rtc/rtc-max6900.o
  CC [M]  drivers/rtc/rtc-max6902.o
  CC [M]  drivers/rtc/rtc-mc13xxx.o
  CC [M]  drivers/rtc/rtc-mcp795.o
  CC [M]  drivers/rtc/rtc-msm6242.o
  CC [M]  drivers/rtc/rtc-pcf2127.o
  CC [M]  drivers/rtc/rtc-pcf8563.o
  CC [M]  drivers/rtc/rtc-pcf85063.o
  CC [M]  drivers/rtc/rtc-pcf8583.o
  CC [M]  drivers/rtc/rtc-pcf2123.o
  CC [M]  drivers/rtc/rtc-r9701.o
  CC [M]  drivers/rtc/rtc-rp5c01.o
  CC [M]  drivers/rtc/rtc-rs5c348.o
  CC [M]  drivers/rtc/rtc-rs5c372.o
  CC [M]  drivers/rtc/rtc-rv3029c2.o
  CC [M]  drivers/rtc/rtc-rx4581.o
  CC [M]  drivers/rtc/rtc-rx8025.o
  CC [M]  drivers/rtc/rtc-rx8581.o
  CC [M]  drivers/rtc/rtc-s35390a.o
  CC [M]  drivers/rtc/rtc-stk17ta8.o
  CC [M]  drivers/rtc/rtc-tps65910.o
  CC [M]  drivers/rtc/rtc-v3020.o
  CC [M]  drivers/rtc/rtc-x1205.o
  CC [M]  drivers/scsi/raid_class.o
  CC [M]  drivers/scsi/scsi_transport_spi.o
  CC [M]  drivers/scsi/scsi_transport_fc.o
  CC [M]  drivers/scsi/scsi_transport_iscsi.o
  CC [M]  drivers/scsi/scsi_transport_sas.o
  CC [M]  drivers/scsi/scsi_transport_srp.o
  CC [M]  drivers/scsi/libiscsi.o
  CC [M]  drivers/scsi/libiscsi_tcp.o
  CC [M]  drivers/scsi/iscsi_tcp.o
  CC [M]  drivers/scsi/iscsi_boot_sysfs.o
  CC [M]  drivers/scsi/virtio_scsi.o
  CC [M]  drivers/scsi/st.o
  CC [M]  drivers/scsi/osst.o
  CC [M]  drivers/scsi/sr.o
  CC [M]  drivers/scsi/sr_ioctl.o
  CC [M]  drivers/scsi/sr_vendor.o
  LD [M]  drivers/scsi/sr_mod.o
  CC [M]  drivers/scsi/sg.o
  CC [M]  drivers/scsi/ch.o
  CC [M]  drivers/scsi/ses.o
  CC [M]  drivers/scsi/device_handler/scsi_dh.o
  CC [M]  drivers/scsi/device_handler/scsi_dh_rdac.o
  CC [M]  drivers/scsi/device_handler/scsi_dh_hp_sw.o
  CC [M]  drivers/scsi/device_handler/scsi_dh_emc.o
  CC [M]  drivers/scsi/device_handler/scsi_dh_alua.o
  CC [M]  drivers/scsi/fcoe/fcoe_ctlr.o
  CC [M]  drivers/scsi/fcoe/fcoe_transport.o
  CC [M]  drivers/scsi/fcoe/fcoe_sysfs.o
  LD [M]  drivers/scsi/fcoe/libfcoe.o
  CC [M]  drivers/scsi/libfc/fc_libfc.o
  CC [M]  drivers/scsi/libfc/fc_disc.o
  CC [M]  drivers/scsi/libfc/fc_exch.o
  CC [M]  drivers/scsi/libfc/fc_elsct.o
  CC [M]  drivers/scsi/libfc/fc_frame.o
  CC [M]  drivers/scsi/libfc/fc_lport.o
  CC [M]  drivers/scsi/libfc/fc_rport.o
  CC [M]  drivers/scsi/libfc/fc_fcp.o
  CC [M]  drivers/scsi/libfc/fc_npiv.o
  LD [M]  drivers/scsi/libfc/libfc.o
  CC [M]  drivers/scsi/libsas/sas_init.o
  CC [M]  drivers/scsi/libsas/sas_phy.o
  CC [M]  drivers/scsi/libsas/sas_port.o
  CC [M]  drivers/scsi/libsas/sas_event.o
  CC [M]  drivers/scsi/libsas/sas_dump.o
  CC [M]  drivers/scsi/libsas/sas_discover.o
  CC [M]  drivers/scsi/libsas/sas_expander.o
  CC [M]  drivers/scsi/libsas/sas_scsi_host.o
  CC [M]  drivers/scsi/libsas/sas_task.o
  CC [M]  drivers/scsi/libsas/sas_ata.o
  CC [M]  drivers/scsi/libsas/sas_host_smp.o
  LD [M]  drivers/scsi/libsas/libsas.o
  CC [M]  drivers/scsi/osd/osd_initiator.o
  LD [M]  drivers/scsi/osd/libosd.o
  CC [M]  drivers/scsi/osd/osd_uld.o
  LD [M]  drivers/scsi/osd/osd.o
  CC [M]  drivers/scsi/ufs/ufshcd.o
  CC [M]  drivers/spi/spidev.o
  CC [M]  drivers/spi/spi-butterfly.o
  CC [M]  drivers/spi/spi-lm70llp.o
  CC [M]  drivers/spi/spi-omap2-mcspi.o
  CC [M]  drivers/ssb/main.o
  CC [M]  drivers/ssb/scan.o
  CC [M]  drivers/ssb/sprom.o
  CC [M]  drivers/ssb/pci.o
  CC [M]  drivers/ssb/pcihost_wrapper.o
  CC [M]  drivers/ssb/sdio.o
  CC [M]  drivers/ssb/driver_chipcommon.o
  CC [M]  drivers/ssb/driver_chipcommon_pmu.o
  CC [M]  drivers/ssb/driver_pcicore.o
  CC [M]  drivers/ssb/b43_pci_bridge.o
  LD [M]  drivers/ssb/ssb.o
  CC [M]  drivers/staging/android/timed_gpio.o
  CC [M]  drivers/staging/fbtft/fbtft-core.o
  CC [M]  drivers/staging/fbtft/fbtft-sysfs.o
  CC [M]  drivers/staging/fbtft/fbtft-bus.o
  CC [M]  drivers/staging/fbtft/fbtft-io.o
  LD [M]  drivers/staging/fbtft/fbtft.o
  CC [M]  drivers/staging/fbtft/fb_agm1264k-fl.o
  CC [M]  drivers/staging/fbtft/fb_bd663474.o
  CC [M]  drivers/staging/fbtft/fb_hx8340bn.o
  CC [M]  drivers/staging/fbtft/fb_hx8347d.o
  CC [M]  drivers/staging/fbtft/fb_hx8353d.o
  CC [M]  drivers/staging/fbtft/fb_hx8357d.o
  CC [M]  drivers/staging/fbtft/fb_ili9163.o
  CC [M]  drivers/staging/fbtft/fb_ili9320.o
  CC [M]  drivers/staging/fbtft/fb_ili9325.o
  CC [M]  drivers/staging/fbtft/fb_ili9340.o
  CC [M]  drivers/staging/fbtft/fb_ili9341.o
  CC [M]  drivers/staging/fbtft/fb_ili9481.o
  CC [M]  drivers/staging/fbtft/fb_ili9486.o
  CC [M]  drivers/staging/fbtft/fb_pcd8544.o
  CC [M]  drivers/staging/fbtft/fb_ra8875.o
  CC [M]  drivers/staging/fbtft/fb_s6d02a1.o
  CC [M]  drivers/staging/fbtft/fb_s6d1121.o
  CC [M]  drivers/staging/fbtft/fb_ssd1289.o
  CC [M]  drivers/staging/fbtft/fb_ssd1306.o
  CC [M]  drivers/staging/fbtft/fb_ssd1331.o
  CC [M]  drivers/staging/fbtft/fb_ssd1351.o
  CC [M]  drivers/staging/fbtft/fb_st7735r.o
  CC [M]  drivers/staging/fbtft/fb_st7789v.o
  CC [M]  drivers/staging/fbtft/fb_tinylcd.o
  CC [M]  drivers/staging/fbtft/fb_tls8204.o
  CC [M]  drivers/staging/fbtft/fb_uc1611.o
  CC [M]  drivers/staging/fbtft/fb_uc1701.o
  CC [M]  drivers/staging/fbtft/fb_upd161704.o
  CC [M]  drivers/staging/fbtft/fb_watterott.o
  CC [M]  drivers/staging/fbtft/flexfb.o
  CC [M]  drivers/staging/fbtft/fbtft_device.o
  CC [M]  drivers/staging/iio/accel/lis3l02dq_core.o
  CC [M]  drivers/staging/iio/accel/lis3l02dq_ring.o
  LD [M]  drivers/staging/iio/accel/lis3l02dq.o
  CC [M]  drivers/staging/rtl8188eu/core/rtw_ap.o
  CC [M]  drivers/staging/rtl8188eu/core/rtw_cmd.o
  CC [M]  drivers/staging/rtl8188eu/core/rtw_debug.o
  CC [M]  drivers/staging/rtl8188eu/core/rtw_efuse.o
  CC [M]  drivers/staging/rtl8188eu/core/rtw_ieee80211.o
  CC [M]  drivers/staging/rtl8188eu/core/rtw_ioctl_set.o
  CC [M]  drivers/staging/rtl8188eu/core/rtw_iol.o
  CC [M]  drivers/staging/rtl8188eu/core/rtw_led.o
  CC [M]  drivers/staging/rtl8188eu/core/rtw_mlme.o
  CC [M]  drivers/staging/rtl8188eu/core/rtw_mlme_ext.o
  CC [M]  drivers/staging/rtl8188eu/core/rtw_pwrctrl.o
  CC [M]  drivers/staging/rtl8188eu/core/rtw_recv.o
  CC [M]  drivers/staging/rtl8188eu/core/rtw_rf.o
  CC [M]  drivers/staging/rtl8188eu/core/rtw_security.o
  CC [M]  drivers/staging/rtl8188eu/core/rtw_sreset.o
  CC [M]  drivers/staging/rtl8188eu/core/rtw_sta_mgt.o
  CC [M]  drivers/staging/rtl8188eu/core/rtw_wlan_util.o
  CC [M]  drivers/staging/rtl8188eu/core/rtw_xmit.o
  CC [M]  drivers/staging/rtl8188eu/hal/fw.o
  CC [M]  drivers/staging/rtl8188eu/hal/mac_cfg.o
  CC [M]  drivers/staging/rtl8188eu/hal/bb_cfg.o
  CC [M]  drivers/staging/rtl8188eu/hal/rf_cfg.o
  CC [M]  drivers/staging/rtl8188eu/hal/pwrseqcmd.o
  CC [M]  drivers/staging/rtl8188eu/hal/pwrseq.o
  CC [M]  drivers/staging/rtl8188eu/hal/Hal8188ERateAdaptive.o
  CC [M]  drivers/staging/rtl8188eu/hal/hal_intf.o
  CC [M]  drivers/staging/rtl8188eu/hal/hal_com.o
  CC [M]  drivers/staging/rtl8188eu/hal/odm.o
  CC [M]  drivers/staging/rtl8188eu/hal/odm_HWConfig.o
  CC [M]  drivers/staging/rtl8188eu/hal/odm_RTL8188E.o
  CC [M]  drivers/staging/rtl8188eu/hal/rtl8188e_cmd.o
  CC [M]  drivers/staging/rtl8188eu/hal/rtl8188e_dm.o
  CC [M]  drivers/staging/rtl8188eu/hal/rtl8188e_hal_init.o
  CC [M]  drivers/staging/rtl8188eu/hal/phy.o
  CC [M]  drivers/staging/rtl8188eu/hal/rf.o
  CC [M]  drivers/staging/rtl8188eu/hal/rtl8188e_rxdesc.o
  CC [M]  drivers/staging/rtl8188eu/hal/rtl8188e_xmit.o
  CC [M]  drivers/staging/rtl8188eu/hal/rtl8188eu_led.o
  CC [M]  drivers/staging/rtl8188eu/hal/rtl8188eu_recv.o
  CC [M]  drivers/staging/rtl8188eu/hal/rtl8188eu_xmit.o
  CC [M]  drivers/staging/rtl8188eu/hal/usb_halinit.o
  CC [M]  drivers/staging/rtl8188eu/os_dep/ioctl_linux.o
  CC [M]  drivers/staging/rtl8188eu/os_dep/mlme_linux.o
  CC [M]  drivers/staging/rtl8188eu/os_dep/os_intfs.o
  CC [M]  drivers/staging/rtl8188eu/os_dep/osdep_service.o
  CC [M]  drivers/staging/rtl8188eu/os_dep/recv_linux.o
  CC [M]  drivers/staging/rtl8188eu/os_dep/rtw_android.o
  CC [M]  drivers/staging/rtl8188eu/os_dep/usb_intf.o
  CC [M]  drivers/staging/rtl8188eu/os_dep/usb_ops_linux.o
  CC [M]  drivers/staging/rtl8188eu/os_dep/xmit_linux.o
  LD [M]  drivers/staging/rtl8188eu/r8188eu.o
  CC [M]  drivers/staging/rtl8712/rtl871x_cmd.o
  CC [M]  drivers/staging/rtl8712/rtl8712_cmd.o
  CC [M]  drivers/staging/rtl8712/rtl871x_security.o
  CC [M]  drivers/staging/rtl8712/rtl871x_eeprom.o
  CC [M]  drivers/staging/rtl8712/rtl8712_efuse.o
  CC [M]  drivers/staging/rtl8712/hal_init.o
  CC [M]  drivers/staging/rtl8712/usb_halinit.o
  CC [M]  drivers/staging/rtl8712/usb_ops.o
  CC [M]  drivers/staging/rtl8712/usb_ops_linux.o
  CC [M]  drivers/staging/rtl8712/rtl871x_io.o
  CC [M]  drivers/staging/rtl8712/rtl8712_io.o
  CC [M]  drivers/staging/rtl8712/rtl871x_ioctl_linux.o
  CC [M]  drivers/staging/rtl8712/rtl871x_ioctl_rtl.o
  CC [M]  drivers/staging/rtl8712/rtl871x_ioctl_set.o
  CC [M]  drivers/staging/rtl8712/rtl8712_led.o
  CC [M]  drivers/staging/rtl8712/rtl871x_mlme.o
  CC [M]  drivers/staging/rtl8712/ieee80211.o
  CC [M]  drivers/staging/rtl8712/rtl871x_mp_ioctl.o
  CC [M]  drivers/staging/rtl8712/rtl871x_mp.o
  CC [M]  drivers/staging/rtl8712/mlme_linux.o
  CC [M]  drivers/staging/rtl8712/recv_linux.o
  CC [M]  drivers/staging/rtl8712/xmit_linux.o
  CC [M]  drivers/staging/rtl8712/usb_intf.o
  CC [M]  drivers/staging/rtl8712/os_intfs.o
  CC [M]  drivers/staging/rtl8712/rtl871x_pwrctrl.o
  CC [M]  drivers/staging/rtl8712/rtl8712_recv.o
  CC [M]  drivers/staging/rtl8712/rtl871x_recv.o
  CC [M]  drivers/staging/rtl8712/rtl871x_sta_mgt.o
  CC [M]  drivers/staging/rtl8712/rtl871x_xmit.o
  CC [M]  drivers/staging/rtl8712/rtl8712_xmit.o
  LD [M]  drivers/staging/rtl8712/r8712u.o
  CC [M]  drivers/staging/speakup/speakup_acntsa.o
  CC [M]  drivers/staging/speakup/speakup_apollo.o
  CC [M]  drivers/staging/speakup/speakup_audptr.o
  CC [M]  drivers/staging/speakup/speakup_bns.o
  CC [M]  drivers/staging/speakup/speakup_dectlk.o
  CC [M]  drivers/staging/speakup/speakup_decext.o
  CC [M]  drivers/staging/speakup/speakup_ltlk.o
  CC [M]  drivers/staging/speakup/speakup_soft.o
  CC [M]  drivers/staging/speakup/speakup_spkout.o
  CC [M]  drivers/staging/speakup/speakup_txprt.o
  CC [M]  drivers/staging/speakup/speakup_dummy.o
  CC [M]  drivers/staging/speakup/buffers.o
  CC [M]  drivers/staging/speakup/devsynth.o
  CC [M]  drivers/staging/speakup/i18n.o
  CC [M]  drivers/staging/speakup/fakekey.o
  CC [M]  drivers/staging/speakup/main.o
  CC [M]  drivers/staging/speakup/keyhelp.o
  CC [M]  drivers/staging/speakup/kobjects.o
  CC [M]  drivers/staging/speakup/selection.o
  CC [M]  drivers/staging/speakup/serialio.o
  CC [M]  drivers/staging/speakup/synth.o
  CC [M]  drivers/staging/speakup/thread.o
  CC [M]  drivers/staging/speakup/varhandlers.o
  LD [M]  drivers/staging/speakup/speakup.o
  CC [M]  drivers/target/target_core_configfs.o
  CC [M]  drivers/target/target_core_device.o
  CC [M]  drivers/target/target_core_fabric_configfs.o
  CC [M]  drivers/target/target_core_fabric_lib.o
  CC [M]  drivers/target/target_core_hba.o
  CC [M]  drivers/target/target_core_pr.o
drivers/target/target_core_pr.c: In function ‘core_scsi3_pr_seq_non_holder’:
drivers/target/target_core_pr.c:332:3: warning: ‘return’ with no value, in function returning non-void [-Wreturn-type]
  CC [M]  drivers/target/target_core_alua.o
  CC [M]  drivers/target/target_core_tmr.o
  CC [M]  drivers/target/target_core_tpg.o
  CC [M]  drivers/target/target_core_transport.o
  CC [M]  drivers/target/target_core_sbc.o
  CC [M]  drivers/target/target_core_spc.o
  CC [M]  drivers/target/target_core_ua.o
  CC [M]  drivers/target/target_core_rd.o
  CC [M]  drivers/target/target_core_stat.o
  CC [M]  drivers/target/target_core_xcopy.o
  LD [M]  drivers/target/target_core_mod.o
  CC [M]  drivers/target/target_core_iblock.o
  CC [M]  drivers/target/target_core_file.o
  CC [M]  drivers/target/target_core_pscsi.o
  CC [M]  drivers/target/iscsi/iscsi_target_parameters.o
  CC [M]  drivers/target/iscsi/iscsi_target_seq_pdu_list.o
  CC [M]  drivers/target/iscsi/iscsi_target_auth.o
  CC [M]  drivers/target/iscsi/iscsi_target_datain_values.o
  CC [M]  drivers/target/iscsi/iscsi_target_device.o
  CC [M]  drivers/target/iscsi/iscsi_target_erl0.o
  CC [M]  drivers/target/iscsi/iscsi_target_erl1.o
  CC [M]  drivers/target/iscsi/iscsi_target_erl2.o
  CC [M]  drivers/target/iscsi/iscsi_target_login.o
  CC [M]  drivers/target/iscsi/iscsi_target_nego.o
  CC [M]  drivers/target/iscsi/iscsi_target_nodeattrib.o
  CC [M]  drivers/target/iscsi/iscsi_target_tmr.o
  CC [M]  drivers/target/iscsi/iscsi_target_tpg.o
  CC [M]  drivers/target/iscsi/iscsi_target_util.o
  CC [M]  drivers/target/iscsi/iscsi_target.o
  CC [M]  drivers/target/iscsi/iscsi_target_configfs.o
  CC [M]  drivers/target/iscsi/iscsi_target_stat.o
  CC [M]  drivers/target/iscsi/iscsi_target_transport.o
  LD [M]  drivers/target/iscsi/iscsi_target_mod.o
  CC [M]  drivers/target/loopback/tcm_loop.o
  CC [M]  drivers/target/tcm_fc/tfc_cmd.o
  CC [M]  drivers/target/tcm_fc/tfc_conf.o
  CC [M]  drivers/target/tcm_fc/tfc_io.o
  CC [M]  drivers/target/tcm_fc/tfc_sess.o
  LD [M]  drivers/target/tcm_fc/tcm_fc.o
  CC [M]  drivers/tty/n_gsm.o
  CC [M]  drivers/uio/uio.o
  CC [M]  drivers/uio/uio_pdrv_genirq.o
  CC [M]  drivers/uio/uio_dmem_genirq.o
  CC [M]  drivers/usb/class/cdc-acm.o
  CC [M]  drivers/usb/class/usblp.o
  CC [M]  drivers/usb/class/cdc-wdm.o
  CC [M]  drivers/usb/class/usbtmc.o
  CC [M]  drivers/usb/host/u132-hcd.o
  CC [M]  drivers/usb/host/hwa-hc.o
  CC [M]  drivers/usb/image/mdc800.o
  CC [M]  drivers/usb/image/microtek.o
  CC [M]  drivers/usb/misc/adutux.o
  CC [M]  drivers/usb/misc/appledisplay.o
  CC [M]  drivers/usb/misc/cypress_cy7c63.o
  CC [M]  drivers/usb/misc/cytherm.o
  CC [M]  drivers/usb/misc/emi26.o
  CC [M]  drivers/usb/misc/emi62.o
  CC [M]  drivers/usb/misc/ezusb.o
  CC [M]  drivers/usb/misc/ftdi-elan.o
  CC [M]  drivers/usb/misc/idmouse.o
  CC [M]  drivers/usb/misc/iowarrior.o
  CC [M]  drivers/usb/misc/isight_firmware.o
  CC [M]  drivers/usb/misc/usblcd.o
  CC [M]  drivers/usb/misc/ldusb.o
  CC [M]  drivers/usb/misc/usbled.o
  CC [M]  drivers/usb/misc/legousbtower.o
  CC [M]  drivers/usb/misc/rio500.o
  CC [M]  drivers/usb/misc/usbtest.o
  CC [M]  drivers/usb/misc/ehset.o
  CC [M]  drivers/usb/misc/trancevibrator.o
  CC [M]  drivers/usb/misc/usbsevseg.o
  CC [M]  drivers/usb/misc/yurex.o
  CC [M]  drivers/usb/misc/usb3503.o
  CC [M]  drivers/usb/misc/chaoskey.o
  CC [M]  drivers/usb/misc/sisusbvga/sisusb.o
  CC [M]  drivers/usb/misc/sisusbvga/sisusb_init.o
  CC [M]  drivers/usb/misc/sisusbvga/sisusb_con.o
  LD [M]  drivers/usb/misc/sisusbvga/sisusbvga.o
  CC [M]  drivers/usb/serial/usb-serial.o
  CC [M]  drivers/usb/serial/generic.o
  CC [M]  drivers/usb/serial/bus.o
  LD [M]  drivers/usb/serial/usbserial.o
  CC [M]  drivers/usb/serial/aircable.o
  CC [M]  drivers/usb/serial/ark3116.o
  CC [M]  drivers/usb/serial/belkin_sa.o
  CC [M]  drivers/usb/serial/ch341.o
  CC [M]  drivers/usb/serial/cp210x.o
  CC [M]  drivers/usb/serial/cyberjack.o
  CC [M]  drivers/usb/serial/cypress_m8.o
  CC [M]  drivers/usb/serial/usb_debug.o
  CC [M]  drivers/usb/serial/digi_acceleport.o
  CC [M]  drivers/usb/serial/io_edgeport.o
  CC [M]  drivers/usb/serial/io_ti.o
  CC [M]  drivers/usb/serial/empeg.o
  CC [M]  drivers/usb/serial/f81232.o
  CC [M]  drivers/usb/serial/ftdi_sio.o
  CC [M]  drivers/usb/serial/garmin_gps.o
  CC [M]  drivers/usb/serial/ipaq.o
  CC [M]  drivers/usb/serial/ipw.o
  CC [M]  drivers/usb/serial/ir-usb.o
  CC [M]  drivers/usb/serial/iuu_phoenix.o
  CC [M]  drivers/usb/serial/keyspan.o
  CC [M]  drivers/usb/serial/keyspan_pda.o
  CC [M]  drivers/usb/serial/kl5kusb105.o
  CC [M]  drivers/usb/serial/kobil_sct.o
  CC [M]  drivers/usb/serial/mct_u232.o
  CC [M]  drivers/usb/serial/metro-usb.o
  CC [M]  drivers/usb/serial/mos7720.o
  CC [M]  drivers/usb/serial/mos7840.o
  CC [M]  drivers/usb/serial/mxuport.o
  CC [M]  drivers/usb/serial/navman.o
  CC [M]  drivers/usb/serial/omninet.o
  CC [M]  drivers/usb/serial/opticon.o
  CC [M]  drivers/usb/serial/option.o
  CC [M]  drivers/usb/serial/oti6858.o
  CC [M]  drivers/usb/serial/pl2303.o
  CC [M]  drivers/usb/serial/qcaux.o
  CC [M]  drivers/usb/serial/qcserial.o
  CC [M]  drivers/usb/serial/quatech2.o
  CC [M]  drivers/usb/serial/safe_serial.o
  CC [M]  drivers/usb/serial/sierra.o
  CC [M]  drivers/usb/serial/usb-serial-simple.o
  CC [M]  drivers/usb/serial/spcp8x5.o
  CC [M]  drivers/usb/serial/ssu100.o
  CC [M]  drivers/usb/serial/symbolserial.o
  CC [M]  drivers/usb/serial/usb_wwan.o
  CC [M]  drivers/usb/serial/ti_usb_3410_5052.o
  CC [M]  drivers/usb/serial/visor.o
  CC [M]  drivers/usb/serial/wishbone-serial.o
  CC [M]  drivers/usb/serial/whiteheat.o
  CC [M]  drivers/usb/serial/xsens_mt.o
  CC [M]  drivers/usb/storage/uas.o
  CC [M]  drivers/usb/storage/scsiglue.o
  CC [M]  drivers/usb/storage/protocol.o
  CC [M]  drivers/usb/storage/transport.o
  CC [M]  drivers/usb/storage/usb.o
  CC [M]  drivers/usb/storage/initializers.o
  CC [M]  drivers/usb/storage/sierra_ms.o
  CC [M]  drivers/usb/storage/option_ms.o
  CC [M]  drivers/usb/storage/usual-tables.o
  LD [M]  drivers/usb/storage/usb-storage.o
  CC [M]  drivers/usb/storage/alauda.o
  LD [M]  drivers/usb/storage/ums-alauda.o
  CC [M]  drivers/usb/storage/cypress_atacb.o
  LD [M]  drivers/usb/storage/ums-cypress.o
  CC [M]  drivers/usb/storage/datafab.o
  LD [M]  drivers/usb/storage/ums-datafab.o
  CC [M]  drivers/usb/storage/ene_ub6250.o
  LD [M]  drivers/usb/storage/ums-eneub6250.o
  CC [M]  drivers/usb/storage/freecom.o
  LD [M]  drivers/usb/storage/ums-freecom.o
  CC [M]  drivers/usb/storage/isd200.o
  LD [M]  drivers/usb/storage/ums-isd200.o
  CC [M]  drivers/usb/storage/jumpshot.o
  LD [M]  drivers/usb/storage/ums-jumpshot.o
  CC [M]  drivers/usb/storage/karma.o
  LD [M]  drivers/usb/storage/ums-karma.o
  CC [M]  drivers/usb/storage/onetouch.o
  LD [M]  drivers/usb/storage/ums-onetouch.o
  CC [M]  drivers/usb/storage/realtek_cr.o
  LD [M]  drivers/usb/storage/ums-realtek.o
  CC [M]  drivers/usb/storage/sddr09.o
  LD [M]  drivers/usb/storage/ums-sddr09.o
  CC [M]  drivers/usb/storage/sddr55.o
  LD [M]  drivers/usb/storage/ums-sddr55.o
  CC [M]  drivers/usb/storage/shuttle_usbat.o
  LD [M]  drivers/usb/storage/ums-usbat.o
  CC [M]  drivers/usb/usbip/usbip_common.o
  CC [M]  drivers/usb/usbip/usbip_event.o
  LD [M]  drivers/usb/usbip/usbip-core.o
  CC [M]  drivers/usb/usbip/vhci_sysfs.o
  CC [M]  drivers/usb/usbip/vhci_tx.o
  CC [M]  drivers/usb/usbip/vhci_rx.o
  CC [M]  drivers/usb/usbip/vhci_hcd.o
  LD [M]  drivers/usb/usbip/vhci-hcd.o
  CC [M]  drivers/usb/usbip/stub_dev.o
  CC [M]  drivers/usb/usbip/stub_main.o
  CC [M]  drivers/usb/usbip/stub_rx.o
  CC [M]  drivers/usb/usbip/stub_tx.o
  LD [M]  drivers/usb/usbip/usbip-host.o
  CC [M]  drivers/usb/wusbcore/crypto.o
  CC [M]  drivers/usb/wusbcore/devconnect.o
  CC [M]  drivers/usb/wusbcore/dev-sysfs.o
  CC [M]  drivers/usb/wusbcore/mmc.o
  CC [M]  drivers/usb/wusbcore/pal.o
  CC [M]  drivers/usb/wusbcore/rh.o
  CC [M]  drivers/usb/wusbcore/reservation.o
  CC [M]  drivers/usb/wusbcore/security.o
  CC [M]  drivers/usb/wusbcore/wusbhc.o
  LD [M]  drivers/usb/wusbcore/wusbcore.o
  CC [M]  drivers/usb/wusbcore/wa-hc.o
  CC [M]  drivers/usb/wusbcore/wa-nep.o
  CC [M]  drivers/usb/wusbcore/wa-rpipe.o
  CC [M]  drivers/usb/wusbcore/wa-xfer.o
  LD [M]  drivers/usb/wusbcore/wusb-wa.o
  CC [M]  drivers/usb/wusbcore/cbaf.o
  LD [M]  drivers/usb/wusbcore/wusb-cbaf.o
  CC [M]  drivers/uwb/address.o
  CC [M]  drivers/uwb/allocator.o
  CC [M]  drivers/uwb/beacon.o
  CC [M]  drivers/uwb/driver.o
  CC [M]  drivers/uwb/drp.o
  CC [M]  drivers/uwb/drp-avail.o
  CC [M]  drivers/uwb/drp-ie.o
  CC [M]  drivers/uwb/est.o
  CC [M]  drivers/uwb/ie.o
  CC [M]  drivers/uwb/ie-rcv.o
  CC [M]  drivers/uwb/lc-dev.o
  CC [M]  drivers/uwb/lc-rc.o
  CC [M]  drivers/uwb/neh.o
  CC [M]  drivers/uwb/pal.o
  CC [M]  drivers/uwb/radio.o
  CC [M]  drivers/uwb/reset.o
  CC [M]  drivers/uwb/rsv.o
  CC [M]  drivers/uwb/scan.o
  CC [M]  drivers/uwb/uwb-debug.o
  CC [M]  drivers/uwb/uwbd.o
  LD [M]  drivers/uwb/uwb.o
  CC [M]  drivers/uwb/hwa-rc.o
  CC [M]  drivers/uwb/i1480/i1480-est.o
  CC [M]  drivers/uwb/i1480/dfu/dfu.o
  CC [M]  drivers/uwb/i1480/dfu/mac.o
  CC [M]  drivers/uwb/i1480/dfu/phy.o
  CC [M]  drivers/uwb/i1480/dfu/usb.o
  LD [M]  drivers/uwb/i1480/dfu/i1480-dfu-usb.o
  CC [M]  drivers/video/fbdev/udlfb.o
  CC [M]  drivers/video/fbdev/smscufx.o
  CC [M]  drivers/video/fbdev/omap2/displays-new/dra7-evm-encoder-tpd12s015.o
  CC [M]  drivers/video/fbdev/omap2/displays-new/panel-sony-acx565akm.o
  CC [M]  drivers/virtio/virtio_mmio.o
  CC [M]  drivers/virtio/virtio_balloon.o
  CC [M]  drivers/virtio/virtio_input.o
  CC [M]  drivers/w1/w1.o
  CC [M]  drivers/w1/w1_int.o
  CC [M]  drivers/w1/w1_family.o
  CC [M]  drivers/w1/w1_netlink.o
  CC [M]  drivers/w1/w1_io.o
  LD [M]  drivers/w1/wire.o
  CC [M]  drivers/w1/masters/ds2490.o
  CC [M]  drivers/w1/masters/ds2482.o
  CC [M]  drivers/w1/masters/w1-gpio.o
  CC [M]  drivers/w1/slaves/w1_therm.o
  CC [M]  drivers/w1/slaves/w1_smem.o
  CC [M]  drivers/w1/slaves/w1_ds2431.o
  CC [M]  drivers/w1/slaves/w1_ds2433.o
  CC [M]  drivers/w1/slaves/w1_bq27000.o
  CC [M]  drivers/watchdog/twl4030_wdt.o
  CC [M]  drivers/watchdog/da9052_wdt.o
  CC [M]  drivers/watchdog/softdog.o
  CC [M]  sound/ac97_bus.o
  CC [M]  sound/core/hwdep.o
  LD [M]  sound/core/snd-hwdep.o
  CC [M]  sound/core/hrtimer.o
  LD [M]  sound/core/snd-hrtimer.o
  CC [M]  sound/core/rawmidi.o
  LD [M]  sound/core/snd-rawmidi.o
  CC [M]  sound/core/oss/mixer_oss.o
  LD [M]  sound/core/oss/snd-mixer-oss.o
  CC [M]  sound/core/oss/pcm_oss.o
  CC [M]  sound/core/oss/pcm_plugin.o
  CC [M]  sound/core/oss/io.o
  CC [M]  sound/core/oss/copy.o
  CC [M]  sound/core/oss/linear.o
  CC [M]  sound/core/oss/mulaw.o
  CC [M]  sound/core/oss/route.o
  CC [M]  sound/core/oss/rate.o
  LD [M]  sound/core/oss/snd-pcm-oss.o
  CC [M]  sound/core/seq/seq.o
  CC [M]  sound/core/seq/seq_lock.o
  CC [M]  sound/core/seq/seq_clientmgr.o
  CC [M]  sound/core/seq/seq_memory.o
  CC [M]  sound/core/seq/seq_queue.o
  CC [M]  sound/core/seq/seq_fifo.o
  CC [M]  sound/core/seq/seq_prioq.o
  CC [M]  sound/core/seq/seq_timer.o
  CC [M]  sound/core/seq/seq_system.o
  CC [M]  sound/core/seq/seq_ports.o
  CC [M]  sound/core/seq/seq_info.o
  LD [M]  sound/core/seq/snd-seq.o
  CC [M]  sound/core/seq/seq_device.o
  LD [M]  sound/core/seq/snd-seq-device.o
  CC [M]  sound/core/seq/seq_midi_event.o
  LD [M]  sound/core/seq/snd-seq-midi-event.o
  CC [M]  sound/core/seq/seq_dummy.o
  LD [M]  sound/core/seq/snd-seq-dummy.o
  CC [M]  sound/core/seq/seq_midi.o
  LD [M]  sound/core/seq/snd-seq-midi.o
  CC [M]  sound/core/seq/oss/seq_oss.o
  CC [M]  sound/core/seq/oss/seq_oss_init.o
  CC [M]  sound/core/seq/oss/seq_oss_timer.o
  CC [M]  sound/core/seq/oss/seq_oss_ioctl.o
  CC [M]  sound/core/seq/oss/seq_oss_event.o
  CC [M]  sound/core/seq/oss/seq_oss_rw.o
  CC [M]  sound/core/seq/oss/seq_oss_synth.o
  CC [M]  sound/core/seq/oss/seq_oss_midi.o
  CC [M]  sound/core/seq/oss/seq_oss_readq.o
  CC [M]  sound/core/seq/oss/seq_oss_writeq.o
  LD [M]  sound/core/seq/oss/snd-seq-oss.o
  CC [M]  sound/drivers/dummy.o
  LD [M]  sound/drivers/snd-dummy.o
  CC [M]  sound/drivers/aloop.o
  LD [M]  sound/drivers/snd-aloop.o
  CC [M]  sound/drivers/mts64.o
  LD [M]  sound/drivers/snd-mts64.o
  CC [M]  sound/drivers/portman2x4.o
  LD [M]  sound/drivers/snd-portman2x4.o
  CC [M]  sound/pci/ac97/ac97_codec.o
  CC [M]  sound/pci/ac97/ac97_pcm.o
  CC [M]  sound/pci/ac97/ac97_proc.o
  LD [M]  sound/pci/ac97/snd-ac97-codec.o
  CC [M]  sound/soc/codecs/hdmi.o
  LD [M]  sound/soc/codecs/snd-soc-hdmi-codec.o
  CC [M]  sound/soc/codecs/sgtl5000.o
  LD [M]  sound/soc/codecs/snd-soc-sgtl5000.o
  CC [M]  sound/soc/codecs/tlv320aic23.o
  LD [M]  sound/soc/codecs/snd-soc-tlv320aic23.o
  CC [M]  sound/soc/codecs/tlv320aic23-i2c.o
  LD [M]  sound/soc/codecs/snd-soc-tlv320aic23-i2c.o
  CC [M]  sound/soc/codecs/tlv320aic31xx.o
  LD [M]  sound/soc/codecs/snd-soc-tlv320aic31xx.o
  CC [M]  sound/soc/codecs/tlv320aic3x.o
  LD [M]  sound/soc/codecs/snd-soc-tlv320aic3x.o
  CC [M]  sound/soc/codecs/twl4030.o
  LD [M]  sound/soc/codecs/snd-soc-twl4030.o
  CC [M]  sound/soc/codecs/tpa6130a2.o
  LD [M]  sound/soc/codecs/snd-soc-tpa6130a2.o
  CC [M]  sound/soc/davinci/edma-pcm.o
  LD [M]  sound/soc/davinci/snd-soc-edma.o
  CC [M]  sound/soc/davinci/davinci-mcasp.o
  LD [M]  sound/soc/davinci/snd-soc-davinci-mcasp.o
  CC [M]  sound/soc/davinci/davinci-evm.o
  LD [M]  sound/soc/davinci/snd-soc-evm.o
  CC [M]  sound/soc/fsl/fsl_ssi.o
  CC [M]  sound/soc/fsl/fsl_ssi_dbg.o
  LD [M]  sound/soc/fsl/snd-soc-fsl-ssi.o
  CC [M]  sound/soc/fsl/fsl_spdif.o
  LD [M]  sound/soc/fsl/snd-soc-fsl-spdif.o
  CC [M]  sound/soc/fsl/imx-audmux.o
  LD [M]  sound/soc/fsl/snd-soc-imx-audmux.o
  CC [M]  sound/soc/generic/simple-card.o
  LD [M]  sound/soc/generic/snd-soc-simple-card.o
  CC [M]  sound/soc/omap/omap-mcbsp.o
  CC [M]  sound/soc/omap/mcbsp.o
  LD [M]  sound/soc/omap/snd-soc-omap-mcbsp.o
  CC [M]  sound/soc/omap/omap-hdmi-audio.o
  LD [M]  sound/soc/omap/snd-soc-omap-hdmi-audio.o
  CC [M]  sound/soc/omap/rx51.o
  LD [M]  sound/soc/omap/snd-soc-rx51.o
  CC [M]  sound/soc/omap/omap-twl4030.o
  LD [M]  sound/soc/omap/snd-soc-omap-twl4030.o
  CC [M]  sound/usb/card.o
  CC [M]  sound/usb/clock.o
  CC [M]  sound/usb/endpoint.o
  CC [M]  sound/usb/format.o
  CC [M]  sound/usb/helper.o
  CC [M]  sound/usb/mixer.o
  CC [M]  sound/usb/mixer_quirks.o
  CC [M]  sound/usb/mixer_scarlett.o
  CC [M]  sound/usb/pcm.o
  CC [M]  sound/usb/proc.o
  CC [M]  sound/usb/quirks.o
  CC [M]  sound/usb/stream.o
  LD [M]  sound/usb/snd-usb-audio.o
  CC [M]  sound/usb/midi.o
  LD [M]  sound/usb/snd-usbmidi-lib.o
  CC [M]  sound/usb/6fire/chip.o
  CC [M]  sound/usb/6fire/comm.o
  CC [M]  sound/usb/6fire/midi.o
  CC [M]  sound/usb/6fire/control.o
  CC [M]  sound/usb/6fire/firmware.o
  CC [M]  sound/usb/6fire/pcm.o
  LD [M]  sound/usb/6fire/snd-usb-6fire.o
  CC [M]  sound/usb/bcd2000/bcd2000.o
  LD [M]  sound/usb/bcd2000/snd-bcd2000.o
  CC [M]  sound/usb/caiaq/device.o
  CC [M]  sound/usb/caiaq/audio.o
  CC [M]  sound/usb/caiaq/midi.o
  CC [M]  sound/usb/caiaq/control.o
  CC [M]  sound/usb/caiaq/input.o
  LD [M]  sound/usb/caiaq/snd-usb-caiaq.o
  CC [M]  sound/usb/hiface/chip.o
  CC [M]  sound/usb/hiface/pcm.o
  LD [M]  sound/usb/hiface/snd-usb-hiface.o
  CC [M]  sound/usb/line6/capture.o
  CC [M]  sound/usb/line6/driver.o
  CC [M]  sound/usb/line6/midi.o
  CC [M]  sound/usb/line6/midibuf.o
  CC [M]  sound/usb/line6/pcm.o
  CC [M]  sound/usb/line6/playback.o
  LD [M]  sound/usb/line6/snd-usb-line6.o
  CC [M]  sound/usb/line6/pod.o
  LD [M]  sound/usb/line6/snd-usb-pod.o
  CC [M]  sound/usb/line6/podhd.o
  LD [M]  sound/usb/line6/snd-usb-podhd.o
  CC [M]  sound/usb/line6/toneport.o
  LD [M]  sound/usb/line6/snd-usb-toneport.o
  CC [M]  sound/usb/line6/variax.o
  LD [M]  sound/usb/line6/snd-usb-variax.o
  CC [M]  sound/usb/misc/ua101.o
  LD [M]  sound/usb/misc/snd-ua101.o
  CC [M]  net/6lowpan/iphc.o
  CC [M]  net/6lowpan/nhc.o
  LD [M]  net/6lowpan/6lowpan.o
  CC [M]  net/6lowpan/nhc_dest.o
  CC [M]  net/6lowpan/nhc_fragment.o
  CC [M]  net/6lowpan/nhc_hop.o
  CC [M]  net/6lowpan/nhc_ipv6.o
  CC [M]  net/6lowpan/nhc_mobility.o
  CC [M]  net/6lowpan/nhc_routing.o
  CC [M]  net/6lowpan/nhc_udp.o
  CC [M]  net/802/p8022.o
  CC [M]  net/802/psnap.o
  CC [M]  net/802/stp.o
  CC [M]  net/802/garp.o
  CC [M]  net/802/mrp.o
  CC [M]  net/8021q/vlan.o
  CC [M]  net/8021q/vlan_dev.o
  CC [M]  net/8021q/vlan_netlink.o
  CC [M]  net/8021q/vlan_gvrp.o
  CC [M]  net/8021q/vlan_mvrp.o
  CC [M]  net/8021q/vlanproc.o
  LD [M]  net/8021q/8021q.o
  CC [M]  net/9p/mod.o
  CC [M]  net/9p/client.o
  CC [M]  net/9p/error.o
  CC [M]  net/9p/util.o
  CC [M]  net/9p/protocol.o
  CC [M]  net/9p/trans_fd.o
  CC [M]  net/9p/trans_common.o
  LD [M]  net/9p/9pnet.o
  CC [M]  net/9p/trans_virtio.o
  LD [M]  net/9p/9pnet_virtio.o
  CC [M]  net/appletalk/aarp.o
  CC [M]  net/appletalk/ddp.o
  CC [M]  net/appletalk/dev.o
  CC [M]  net/appletalk/atalk_proc.o
  CC [M]  net/appletalk/sysctl_net_atalk.o
  LD [M]  net/appletalk/appletalk.o
  CC [M]  net/atm/addr.o
  CC [M]  net/atm/pvc.o
  CC [M]  net/atm/signaling.o
  CC [M]  net/atm/svc.o
  CC [M]  net/atm/ioctl.o
  CC [M]  net/atm/common.o
  CC [M]  net/atm/atm_misc.o
  CC [M]  net/atm/raw.o
  CC [M]  net/atm/resources.o
  CC [M]  net/atm/atm_sysfs.o
  CC [M]  net/atm/proc.o
  LD [M]  net/atm/atm.o
  CC [M]  net/atm/clip.o
  CC [M]  net/atm/br2684.o
  CC [M]  net/atm/lec.o
  CC [M]  net/atm/mpc.o
  CC [M]  net/atm/mpoa_caches.o
  CC [M]  net/atm/mpoa_proc.o
  LD [M]  net/atm/mpoa.o
  CC [M]  net/atm/pppoatm.o
  CC [M]  net/batman-adv/bat_iv_ogm.o
  CC [M]  net/batman-adv/bitarray.o
  CC [M]  net/batman-adv/bridge_loop_avoidance.o
  CC [M]  net/batman-adv/debugfs.o
  CC [M]  net/batman-adv/distributed-arp-table.o
  CC [M]  net/batman-adv/fragmentation.o
  CC [M]  net/batman-adv/gateway_client.o
  CC [M]  net/batman-adv/gateway_common.o
  CC [M]  net/batman-adv/hard-interface.o
  CC [M]  net/batman-adv/hash.o
  CC [M]  net/batman-adv/icmp_socket.o
  CC [M]  net/batman-adv/main.o
  CC [M]  net/batman-adv/network-coding.o
  CC [M]  net/batman-adv/originator.o
  CC [M]  net/batman-adv/routing.o
  CC [M]  net/batman-adv/send.o
  CC [M]  net/batman-adv/soft-interface.o
  CC [M]  net/batman-adv/sysfs.o
  CC [M]  net/batman-adv/translation-table.o
  CC [M]  net/batman-adv/multicast.o
  LD [M]  net/batman-adv/batman-adv.o
  CC [M]  net/bluetooth/af_bluetooth.o
  CC [M]  net/bluetooth/hci_core.o
  CC [M]  net/bluetooth/hci_conn.o
  CC [M]  net/bluetooth/hci_event.o
  CC [M]  net/bluetooth/mgmt.o
  CC [M]  net/bluetooth/hci_sock.o
  CC [M]  net/bluetooth/hci_sysfs.o
  CC [M]  net/bluetooth/l2cap_core.o
  CC [M]  net/bluetooth/l2cap_sock.o
  CC [M]  net/bluetooth/smp.o
  CC [M]  net/bluetooth/sco.o
  CC [M]  net/bluetooth/lib.o
  CC [M]  net/bluetooth/a2mp.o
  CC [M]  net/bluetooth/amp.o
  CC [M]  net/bluetooth/ecc.o
  CC [M]  net/bluetooth/hci_request.o
  CC [M]  net/bluetooth/mgmt_util.o
  CC [M]  net/bluetooth/hci_debugfs.o
  LD [M]  net/bluetooth/bluetooth.o
  CC [M]  net/bluetooth/6lowpan.o
  LD [M]  net/bluetooth/bluetooth_6lowpan.o
  CC [M]  net/bluetooth/bnep/core.o
  CC [M]  net/bluetooth/bnep/sock.o
  CC [M]  net/bluetooth/bnep/netdev.o
  LD [M]  net/bluetooth/bnep/bnep.o
  CC [M]  net/bluetooth/hidp/core.o
  CC [M]  net/bluetooth/hidp/sock.o
  LD [M]  net/bluetooth/hidp/hidp.o
  CC [M]  net/bluetooth/rfcomm/core.o
  CC [M]  net/bluetooth/rfcomm/sock.o
  CC [M]  net/bluetooth/rfcomm/tty.o
  LD [M]  net/bluetooth/rfcomm/rfcomm.o
  CC [M]  net/bridge/br.o
  CC [M]  net/bridge/br_device.o
  CC [M]  net/bridge/br_fdb.o
  CC [M]  net/bridge/br_forward.o
  CC [M]  net/bridge/br_if.o
  CC [M]  net/bridge/br_input.o
  CC [M]  net/bridge/br_ioctl.o
  CC [M]  net/bridge/br_stp.o
  CC [M]  net/bridge/br_stp_bpdu.o
  CC [M]  net/bridge/br_stp_if.o
  CC [M]  net/bridge/br_stp_timer.o
  CC [M]  net/bridge/br_netlink.o
  CC [M]  net/bridge/br_sysfs_if.o
  CC [M]  net/bridge/br_sysfs_br.o
  CC [M]  net/bridge/br_nf_core.o
  CC [M]  net/bridge/br_multicast.o
  CC [M]  net/bridge/br_mdb.o
  CC [M]  net/bridge/br_vlan.o
  LD [M]  net/bridge/bridge.o
  CC [M]  net/bridge/br_netfilter.o
  CC [M]  net/bridge/netfilter/nf_tables_bridge.o
  CC [M]  net/bridge/netfilter/nft_meta_bridge.o
  CC [M]  net/bridge/netfilter/nft_reject_bridge.o
  CC [M]  net/bridge/netfilter/nf_log_bridge.o
  CC [M]  net/bridge/netfilter/ebtables.o
  CC [M]  net/bridge/netfilter/ebtable_broute.o
  CC [M]  net/bridge/netfilter/ebtable_filter.o
  CC [M]  net/bridge/netfilter/ebtable_nat.o
  CC [M]  net/bridge/netfilter/ebt_802_3.o
  CC [M]  net/bridge/netfilter/ebt_among.o
  CC [M]  net/bridge/netfilter/ebt_arp.o
  CC [M]  net/bridge/netfilter/ebt_ip.o
  CC [M]  net/bridge/netfilter/ebt_ip6.o
  CC [M]  net/bridge/netfilter/ebt_limit.o
  CC [M]  net/bridge/netfilter/ebt_mark_m.o
  CC [M]  net/bridge/netfilter/ebt_pkttype.o
  CC [M]  net/bridge/netfilter/ebt_stp.o
  CC [M]  net/bridge/netfilter/ebt_vlan.o
  CC [M]  net/bridge/netfilter/ebt_arpreply.o
  CC [M]  net/bridge/netfilter/ebt_mark.o
  CC [M]  net/bridge/netfilter/ebt_dnat.o
  CC [M]  net/bridge/netfilter/ebt_redirect.o
  CC [M]  net/bridge/netfilter/ebt_snat.o
  CC [M]  net/bridge/netfilter/ebt_log.o
  CC [M]  net/bridge/netfilter/ebt_nflog.o
  CC [M]  net/can/af_can.o
  CC [M]  net/can/proc.o
  LD [M]  net/can/can.o
  CC [M]  net/can/raw.o
  LD [M]  net/can/can-raw.o
  CC [M]  net/can/bcm.o
  LD [M]  net/can/can-bcm.o
  CC [M]  net/can/gw.o
  LD [M]  net/can/can-gw.o
  CC [M]  net/ceph/ceph_common.o
  CC [M]  net/ceph/messenger.o
  CC [M]  net/ceph/msgpool.o
  CC [M]  net/ceph/buffer.o
  CC [M]  net/ceph/pagelist.o
  CC [M]  net/ceph/mon_client.o
  CC [M]  net/ceph/osd_client.o
  CC [M]  net/ceph/osdmap.o
  CC [M]  net/ceph/crush/crush.o
  CC [M]  net/ceph/crush/mapper.o
  CC [M]  net/ceph/crush/hash.o
  CC [M]  net/ceph/debugfs.o
  CC [M]  net/ceph/auth.o
  CC [M]  net/ceph/auth_none.o
  CC [M]  net/ceph/crypto.o
  CC [M]  net/ceph/armor.o
  CC [M]  net/ceph/auth_x.o
  CC [M]  net/ceph/ceph_fs.o
  CC [M]  net/ceph/ceph_strings.o
  CC [M]  net/ceph/ceph_hash.o
  CC [M]  net/ceph/pagevec.o
  CC [M]  net/ceph/snapshot.o
  LD [M]  net/ceph/libceph.o
  CC [M]  net/core/pktgen.o
  CC [M]  net/core/drop_monitor.o
  CC [M]  net/dccp/ccid.o
  CC [M]  net/dccp/feat.o
  CC [M]  net/dccp/input.o
  CC [M]  net/dccp/minisocks.o
  CC [M]  net/dccp/options.o
  CC [M]  net/dccp/output.o
  CC [M]  net/dccp/proto.o
  CC [M]  net/dccp/timer.o
  CC [M]  net/dccp/qpolicy.o
  CC [M]  net/dccp/ccids/ccid2.o
  CC [M]  net/dccp/ackvec.o
  CC [M]  net/dccp/ccids/ccid3.o
  CC [M]  net/dccp/ccids/lib/tfrc.o
  CC [M]  net/dccp/ccids/lib/tfrc_equation.o
  CC [M]  net/dccp/ccids/lib/packet_history.o
  CC [M]  net/dccp/ccids/lib/loss_interval.o
  CC [M]  net/dccp/sysctl.o
  LD [M]  net/dccp/dccp.o
  CC [M]  net/dccp/ipv4.o
  LD [M]  net/dccp/dccp_ipv4.o
  CC [M]  net/dccp/ipv6.o
  LD [M]  net/dccp/dccp_ipv6.o
  CC [M]  net/dccp/diag.o
  LD [M]  net/dccp/dccp_diag.o
  CC [M]  net/dccp/probe.o
  LD [M]  net/dccp/dccp_probe.o
  CC [M]  net/ieee802154/netlink.o
  CC [M]  net/ieee802154/nl-mac.o
  CC [M]  net/ieee802154/nl-phy.o
  CC [M]  net/ieee802154/nl_policy.o
  CC [M]  net/ieee802154/core.o
  CC [M]  net/ieee802154/header_ops.o
  CC [M]  net/ieee802154/sysfs.o
  CC [M]  net/ieee802154/nl802154.o
  CC [M]  net/ieee802154/trace.o
  LD [M]  net/ieee802154/ieee802154.o
  CC [M]  net/ieee802154/socket.o
  LD [M]  net/ieee802154/ieee802154_socket.o
  CC [M]  net/ieee802154/6lowpan/core.o
  CC [M]  net/ieee802154/6lowpan/rx.o
  CC [M]  net/ieee802154/6lowpan/reassembly.o
  CC [M]  net/ieee802154/6lowpan/tx.o
  LD [M]  net/ieee802154/6lowpan/ieee802154_6lowpan.o
  CC [M]  net/ipv4/ip_tunnel.o
  CC [M]  net/ipv4/ipip.o
  CC [M]  net/ipv4/fou.o
  CC [M]  net/ipv4/gre_demux.o
  LD [M]  net/ipv4/gre.o
  CC [M]  net/ipv4/ip_gre.o
  CC [M]  net/ipv4/udp_tunnel.o
  CC [M]  net/ipv4/ip_vti.o
  CC [M]  net/ipv4/ah4.o
  CC [M]  net/ipv4/esp4.o
  CC [M]  net/ipv4/ipcomp.o
  CC [M]  net/ipv4/xfrm4_tunnel.o
  CC [M]  net/ipv4/xfrm4_mode_beet.o
  CC [M]  net/ipv4/inet_lro.o
  CC [M]  net/ipv4/tunnel4.o
  CC [M]  net/ipv4/xfrm4_mode_transport.o
  CC [M]  net/ipv4/xfrm4_mode_tunnel.o
  CC [M]  net/ipv4/inet_diag.o
  CC [M]  net/ipv4/tcp_diag.o
  CC [M]  net/ipv4/udp_diag.o
  CC [M]  net/ipv4/tcp_bic.o
  CC [M]  net/ipv4/tcp_dctcp.o
  CC [M]  net/ipv4/tcp_westwood.o
  CC [M]  net/ipv4/tcp_highspeed.o
  CC [M]  net/ipv4/tcp_hybla.o
  CC [M]  net/ipv4/tcp_htcp.o
  CC [M]  net/ipv4/tcp_vegas.o
  CC [M]  net/ipv4/tcp_veno.o
  CC [M]  net/ipv4/tcp_scalable.o
  CC [M]  net/ipv4/tcp_lp.o
  CC [M]  net/ipv4/tcp_yeah.o
  CC [M]  net/ipv4/tcp_illinois.o
  CC [M]  net/ipv4/geneve.o
  CC [M]  net/ipv4/netfilter/nf_conntrack_l3proto_ipv4_compat.o
  CC [M]  net/ipv4/netfilter/nf_conntrack_l3proto_ipv4.o
  CC [M]  net/ipv4/netfilter/nf_conntrack_proto_icmp.o
  LD [M]  net/ipv4/netfilter/nf_conntrack_ipv4.o
  CC [M]  net/ipv4/netfilter/nf_nat_l3proto_ipv4.o
  CC [M]  net/ipv4/netfilter/nf_nat_proto_icmp.o
  LD [M]  net/ipv4/netfilter/nf_nat_ipv4.o
  CC [M]  net/ipv4/netfilter/nf_defrag_ipv4.o
  CC [M]  net/ipv4/netfilter/nf_log_arp.o
  CC [M]  net/ipv4/netfilter/nf_log_ipv4.o
  CC [M]  net/ipv4/netfilter/nf_reject_ipv4.o
  CC [M]  net/ipv4/netfilter/nf_nat_h323.o
  CC [M]  net/ipv4/netfilter/nf_nat_pptp.o
  CC [M]  net/ipv4/netfilter/nf_nat_snmp_basic.o
  CC [M]  net/ipv4/netfilter/nf_nat_masquerade_ipv4.o
  CC [M]  net/ipv4/netfilter/nf_nat_proto_gre.o
  CC [M]  net/ipv4/netfilter/nf_tables_ipv4.o
  CC [M]  net/ipv4/netfilter/nft_chain_route_ipv4.o
  CC [M]  net/ipv4/netfilter/nft_chain_nat_ipv4.o
  CC [M]  net/ipv4/netfilter/nft_reject_ipv4.o
  CC [M]  net/ipv4/netfilter/nft_masq_ipv4.o
  CC [M]  net/ipv4/netfilter/nf_tables_arp.o
  CC [M]  net/ipv4/netfilter/ip_tables.o
  CC [M]  net/ipv4/netfilter/iptable_filter.o
  CC [M]  net/ipv4/netfilter/iptable_mangle.o
  CC [M]  net/ipv4/netfilter/iptable_nat.o
  CC [M]  net/ipv4/netfilter/iptable_raw.o
  CC [M]  net/ipv4/netfilter/iptable_security.o
  CC [M]  net/ipv4/netfilter/ipt_ah.o
  CC [M]  net/ipv4/netfilter/ipt_rpfilter.o
  CC [M]  net/ipv4/netfilter/ipt_CLUSTERIP.o
  CC [M]  net/ipv4/netfilter/ipt_ECN.o
  CC [M]  net/ipv4/netfilter/ipt_MASQUERADE.o
  CC [M]  net/ipv4/netfilter/ipt_REJECT.o
  CC [M]  net/ipv4/netfilter/ipt_SYNPROXY.o
  CC [M]  net/ipv4/netfilter/arp_tables.o
  CC [M]  net/ipv4/netfilter/arpt_mangle.o
  CC [M]  net/ipv4/netfilter/arptable_filter.o
  CC [M]  net/ipv6/ah6.o
  CC [M]  net/ipv6/esp6.o
  CC [M]  net/ipv6/ipcomp6.o
  CC [M]  net/ipv6/xfrm6_tunnel.o
  CC [M]  net/ipv6/tunnel6.o
  CC [M]  net/ipv6/xfrm6_mode_transport.o
  CC [M]  net/ipv6/xfrm6_mode_tunnel.o
  CC [M]  net/ipv6/xfrm6_mode_ro.o
  CC [M]  net/ipv6/xfrm6_mode_beet.o
  CC [M]  net/ipv6/ip6_vti.o
  CC [M]  net/ipv6/sit.o
  CC [M]  net/ipv6/ip6_tunnel.o
  CC [M]  net/ipv6/ip6_gre.o
  CC [M]  net/ipv6/ip6_udp_tunnel.o
  CC [M]  net/ipv6/netfilter/ip6_tables.o
  CC [M]  net/ipv6/netfilter/ip6table_filter.o
  CC [M]  net/ipv6/netfilter/ip6table_mangle.o
  CC [M]  net/ipv6/netfilter/ip6table_raw.o
  CC [M]  net/ipv6/netfilter/ip6table_security.o
  CC [M]  net/ipv6/netfilter/ip6table_nat.o
  CC [M]  net/ipv6/netfilter/nf_conntrack_l3proto_ipv6.o
  CC [M]  net/ipv6/netfilter/nf_conntrack_proto_icmpv6.o
  LD [M]  net/ipv6/netfilter/nf_conntrack_ipv6.o
  CC [M]  net/ipv6/netfilter/nf_nat_l3proto_ipv6.o
  CC [M]  net/ipv6/netfilter/nf_nat_proto_icmpv6.o
  LD [M]  net/ipv6/netfilter/nf_nat_ipv6.o
  CC [M]  net/ipv6/netfilter/nf_nat_masquerade_ipv6.o
  CC [M]  net/ipv6/netfilter/nf_defrag_ipv6_hooks.o
  CC [M]  net/ipv6/netfilter/nf_conntrack_reasm.o
  LD [M]  net/ipv6/netfilter/nf_defrag_ipv6.o
  CC [M]  net/ipv6/netfilter/nf_log_ipv6.o
  CC [M]  net/ipv6/netfilter/nf_reject_ipv6.o
  CC [M]  net/ipv6/netfilter/nf_tables_ipv6.o
  CC [M]  net/ipv6/netfilter/nft_chain_route_ipv6.o
  CC [M]  net/ipv6/netfilter/nft_chain_nat_ipv6.o
  CC [M]  net/ipv6/netfilter/nft_reject_ipv6.o
  CC [M]  net/ipv6/netfilter/nft_masq_ipv6.o
  CC [M]  net/ipv6/netfilter/ip6t_ah.o
  CC [M]  net/ipv6/netfilter/ip6t_eui64.o
  CC [M]  net/ipv6/netfilter/ip6t_frag.o
  CC [M]  net/ipv6/netfilter/ip6t_ipv6header.o
  CC [M]  net/ipv6/netfilter/ip6t_mh.o
  CC [M]  net/ipv6/netfilter/ip6t_hbh.o
  CC [M]  net/ipv6/netfilter/ip6t_rpfilter.o
  CC [M]  net/ipv6/netfilter/ip6t_rt.o
  CC [M]  net/ipv6/netfilter/ip6t_MASQUERADE.o
  CC [M]  net/ipv6/netfilter/ip6t_NPT.o
  CC [M]  net/ipv6/netfilter/ip6t_REJECT.o
  CC [M]  net/ipv6/netfilter/ip6t_SYNPROXY.o
  CC [M]  net/key/af_key.o
  CC [M]  net/l2tp/l2tp_core.o
  CC [M]  net/l2tp/l2tp_ppp.o
  CC [M]  net/l2tp/l2tp_ip.o
  CC [M]  net/l2tp/l2tp_netlink.o
  CC [M]  net/l2tp/l2tp_eth.o
  CC [M]  net/l2tp/l2tp_debugfs.o
  CC [M]  net/l2tp/l2tp_ip6.o
  CC [M]  net/llc/llc_core.o
  CC [M]  net/llc/llc_input.o
  CC [M]  net/llc/llc_output.o
  LD [M]  net/llc/llc.o
  CC [M]  net/llc/llc_if.o
  CC [M]  net/llc/llc_c_ev.o
  CC [M]  net/llc/llc_c_ac.o
  CC [M]  net/llc/llc_conn.o
  CC [M]  net/llc/llc_c_st.o
  CC [M]  net/llc/llc_pdu.o
  CC [M]  net/llc/llc_sap.o
  CC [M]  net/llc/llc_s_ac.o
  CC [M]  net/llc/llc_s_ev.o
  CC [M]  net/llc/llc_s_st.o
  CC [M]  net/llc/af_llc.o
  CC [M]  net/llc/llc_station.o
  CC [M]  net/llc/llc_proc.o
  CC [M]  net/llc/sysctl_net_llc.o
  LD [M]  net/llc/llc2.o
  CC [M]  net/mac80211/main.o
  CC [M]  net/mac80211/status.o
  CC [M]  net/mac80211/sta_info.o
  CC [M]  net/mac80211/wep.o
  CC [M]  net/mac80211/wpa.o
  CC [M]  net/mac80211/scan.o
  CC [M]  net/mac80211/offchannel.o
  CC [M]  net/mac80211/ht.o
  CC [M]  net/mac80211/agg-tx.o
  CC [M]  net/mac80211/agg-rx.o
  CC [M]  net/mac80211/vht.o
  CC [M]  net/mac80211/ibss.o
  CC [M]  net/mac80211/iface.o
  CC [M]  net/mac80211/rate.o
  CC [M]  net/mac80211/michael.o
  CC [M]  net/mac80211/tkip.o
  CC [M]  net/mac80211/aes_ccm.o
  CC [M]  net/mac80211/aes_gcm.o
  CC [M]  net/mac80211/aes_cmac.o
  CC [M]  net/mac80211/aes_gmac.o
  CC [M]  net/mac80211/cfg.o
  CC [M]  net/mac80211/ethtool.o
  CC [M]  net/mac80211/rx.o
  CC [M]  net/mac80211/spectmgmt.o
  CC [M]  net/mac80211/tx.o
  CC [M]  net/mac80211/key.o
  CC [M]  net/mac80211/util.o
  CC [M]  net/mac80211/wme.o
  CC [M]  net/mac80211/event.o
  CC [M]  net/mac80211/chan.o
  CC [M]  net/mac80211/trace.o
  CC [M]  net/mac80211/mlme.o
net/mac80211/mlme.c: In function ‘ieee80211_rx_mgmt_beacon’:
net/mac80211/mlme.c:1357:99: warning: ‘pwr_level_cisco’ may be used uninitialized in this function [-Wuninitialized]
net/mac80211/mlme.c:1323:6: note: ‘pwr_level_cisco’ was declared here
  CC [M]  net/mac80211/tdls.o
  CC [M]  net/mac80211/ocb.o
  CC [M]  net/mac80211/led.o
  CC [M]  net/mac80211/mesh.o
  CC [M]  net/mac80211/mesh_pathtbl.o
  CC [M]  net/mac80211/mesh_plink.o
  CC [M]  net/mac80211/mesh_hwmp.o
  CC [M]  net/mac80211/mesh_sync.o
  CC [M]  net/mac80211/mesh_ps.o
  CC [M]  net/mac80211/pm.o
  CC [M]  net/mac80211/rc80211_minstrel.o
  CC [M]  net/mac80211/rc80211_minstrel_ht.o
  LD [M]  net/mac80211/mac80211.o
  CC [M]  net/mpls/af_mpls.o
  LD [M]  net/mpls/mpls_router.o
  CC [M]  net/netfilter/nfnetlink.o
  CC [M]  net/netfilter/nfnetlink_acct.o
  CC [M]  net/netfilter/nfnetlink_queue_core.o
  CC [M]  net/netfilter/nfnetlink_queue_ct.o
  LD [M]  net/netfilter/nfnetlink_queue.o
  CC [M]  net/netfilter/nfnetlink_log.o
  CC [M]  net/netfilter/nf_conntrack_core.o
  CC [M]  net/netfilter/nf_conntrack_standalone.o
  CC [M]  net/netfilter/nf_conntrack_expect.o
  CC [M]  net/netfilter/nf_conntrack_helper.o
  CC [M]  net/netfilter/nf_conntrack_proto.o
  CC [M]  net/netfilter/nf_conntrack_l3proto_generic.o
  CC [M]  net/netfilter/nf_conntrack_proto_generic.o
  CC [M]  net/netfilter/nf_conntrack_proto_tcp.o
  CC [M]  net/netfilter/nf_conntrack_proto_udp.o
  CC [M]  net/netfilter/nf_conntrack_extend.o
  CC [M]  net/netfilter/nf_conntrack_acct.o
  CC [M]  net/netfilter/nf_conntrack_seqadj.o
  CC [M]  net/netfilter/nf_conntrack_timeout.o
  CC [M]  net/netfilter/nf_conntrack_timestamp.o
  CC [M]  net/netfilter/nf_conntrack_ecache.o
  CC [M]  net/netfilter/nf_conntrack_labels.o
  LD [M]  net/netfilter/nf_conntrack.o
  CC [M]  net/netfilter/nf_conntrack_proto_dccp.o
  CC [M]  net/netfilter/nf_conntrack_proto_gre.o
  CC [M]  net/netfilter/nf_conntrack_proto_sctp.o
  CC [M]  net/netfilter/nf_conntrack_proto_udplite.o
  CC [M]  net/netfilter/nf_conntrack_netlink.o
  CC [M]  net/netfilter/nfnetlink_cttimeout.o
  CC [M]  net/netfilter/nfnetlink_cthelper.o
  CC [M]  net/netfilter/nf_conntrack_amanda.o
  CC [M]  net/netfilter/nf_conntrack_ftp.o
  CC [M]  net/netfilter/nf_conntrack_h323_main.o
  CC [M]  net/netfilter/nf_conntrack_h323_asn1.o
  LD [M]  net/netfilter/nf_conntrack_h323.o
  CC [M]  net/netfilter/nf_conntrack_irc.o
  CC [M]  net/netfilter/nf_conntrack_broadcast.o
  CC [M]  net/netfilter/nf_conntrack_netbios_ns.o
  CC [M]  net/netfilter/nf_conntrack_snmp.o
  CC [M]  net/netfilter/nf_conntrack_pptp.o
  CC [M]  net/netfilter/nf_conntrack_sane.o
  CC [M]  net/netfilter/nf_conntrack_sip.o
  CC [M]  net/netfilter/nf_conntrack_tftp.o
  CC [M]  net/netfilter/nf_log_common.o
  CC [M]  net/netfilter/nf_nat_core.o
  CC [M]  net/netfilter/nf_nat_proto_unknown.o
  CC [M]  net/netfilter/nf_nat_proto_common.o
  CC [M]  net/netfilter/nf_nat_proto_udp.o
  CC [M]  net/netfilter/nf_nat_proto_tcp.o
  CC [M]  net/netfilter/nf_nat_helper.o
  LD [M]  net/netfilter/nf_nat.o
  CC [M]  net/netfilter/nf_nat_redirect.o
  CC [M]  net/netfilter/nf_nat_proto_dccp.o
  CC [M]  net/netfilter/nf_nat_proto_udplite.o
  CC [M]  net/netfilter/nf_nat_proto_sctp.o
  CC [M]  net/netfilter/nf_nat_amanda.o
  CC [M]  net/netfilter/nf_nat_ftp.o
  CC [M]  net/netfilter/nf_nat_irc.o
  CC [M]  net/netfilter/nf_nat_sip.o
  CC [M]  net/netfilter/nf_nat_tftp.o
  CC [M]  net/netfilter/nf_synproxy_core.o
  CC [M]  net/netfilter/nf_tables_core.o
  CC [M]  net/netfilter/nf_tables_api.o
  CC [M]  net/netfilter/nft_immediate.o
  CC [M]  net/netfilter/nft_cmp.o
  CC [M]  net/netfilter/nft_lookup.o
  CC [M]  net/netfilter/nft_dynset.o
  CC [M]  net/netfilter/nft_bitwise.o
  CC [M]  net/netfilter/nft_byteorder.o
  CC [M]  net/netfilter/nft_payload.o
  LD [M]  net/netfilter/nf_tables.o
  CC [M]  net/netfilter/nf_tables_inet.o
  CC [M]  net/netfilter/nft_compat.o
  CC [M]  net/netfilter/nft_exthdr.o
  CC [M]  net/netfilter/nft_meta.o
  CC [M]  net/netfilter/nft_ct.o
  CC [M]  net/netfilter/nft_limit.o
  CC [M]  net/netfilter/nft_nat.o
  CC [M]  net/netfilter/nft_queue.o
  CC [M]  net/netfilter/nft_reject.o
  CC [M]  net/netfilter/nft_reject_inet.o
  CC [M]  net/netfilter/nft_rbtree.o
  CC [M]  net/netfilter/nft_hash.o
  CC [M]  net/netfilter/nft_counter.o
  CC [M]  net/netfilter/nft_log.o
  CC [M]  net/netfilter/nft_masq.o
  CC [M]  net/netfilter/nft_redir.o
  CC [M]  net/netfilter/x_tables.o
  CC [M]  net/netfilter/xt_tcpudp.o
  CC [M]  net/netfilter/xt_mark.o
  CC [M]  net/netfilter/xt_connmark.o
  CC [M]  net/netfilter/xt_set.o
  CC [M]  net/netfilter/xt_nat.o
  CC [M]  net/netfilter/xt_AUDIT.o
  CC [M]  net/netfilter/xt_CHECKSUM.o
  CC [M]  net/netfilter/xt_CLASSIFY.o
  CC [M]  net/netfilter/xt_CONNSECMARK.o
  CC [M]  net/netfilter/xt_CT.o
  CC [M]  net/netfilter/xt_DSCP.o
  CC [M]  net/netfilter/xt_HL.o
  CC [M]  net/netfilter/xt_HMARK.o
  CC [M]  net/netfilter/xt_LED.o
  CC [M]  net/netfilter/xt_LOG.o
  CC [M]  net/netfilter/xt_NETMAP.o
  CC [M]  net/netfilter/xt_NFLOG.o
  CC [M]  net/netfilter/xt_NFQUEUE.o
  CC [M]  net/netfilter/xt_RATEEST.o
  CC [M]  net/netfilter/xt_REDIRECT.o
  CC [M]  net/netfilter/xt_SECMARK.o
  CC [M]  net/netfilter/xt_TPROXY.o
  CC [M]  net/netfilter/xt_TCPMSS.o
  CC [M]  net/netfilter/xt_TCPOPTSTRIP.o
  CC [M]  net/netfilter/xt_TEE.o
  CC [M]  net/netfilter/xt_TRACE.o
  CC [M]  net/netfilter/xt_IDLETIMER.o
  CC [M]  net/netfilter/xt_addrtype.o
  CC [M]  net/netfilter/xt_bpf.o
  CC [M]  net/netfilter/xt_cluster.o
  CC [M]  net/netfilter/xt_comment.o
  CC [M]  net/netfilter/xt_connbytes.o
  CC [M]  net/netfilter/xt_connlabel.o
  CC [M]  net/netfilter/xt_connlimit.o
  CC [M]  net/netfilter/xt_conntrack.o
  CC [M]  net/netfilter/xt_cpu.o
  CC [M]  net/netfilter/xt_dccp.o
  CC [M]  net/netfilter/xt_devgroup.o
  CC [M]  net/netfilter/xt_dscp.o
  CC [M]  net/netfilter/xt_ecn.o
  CC [M]  net/netfilter/xt_esp.o
  CC [M]  net/netfilter/xt_hashlimit.o
  CC [M]  net/netfilter/xt_helper.o
  CC [M]  net/netfilter/xt_hl.o
  CC [M]  net/netfilter/xt_ipcomp.o
  CC [M]  net/netfilter/xt_iprange.o
  CC [M]  net/netfilter/xt_ipvs.o
  CC [M]  net/netfilter/xt_l2tp.o
  CC [M]  net/netfilter/xt_length.o
  CC [M]  net/netfilter/xt_limit.o
  CC [M]  net/netfilter/xt_mac.o
  CC [M]  net/netfilter/xt_multiport.o
  CC [M]  net/netfilter/xt_nfacct.o
  CC [M]  net/netfilter/xt_osf.o
  CC [M]  net/netfilter/xt_owner.o
  CC [M]  net/netfilter/xt_cgroup.o
  CC [M]  net/netfilter/xt_physdev.o
  CC [M]  net/netfilter/xt_pkttype.o
  CC [M]  net/netfilter/xt_policy.o
  CC [M]  net/netfilter/xt_quota.o
  CC [M]  net/netfilter/xt_rateest.o
  CC [M]  net/netfilter/xt_realm.o
  CC [M]  net/netfilter/xt_recent.o
  CC [M]  net/netfilter/xt_sctp.o
  CC [M]  net/netfilter/xt_socket.o
  CC [M]  net/netfilter/xt_state.o
  CC [M]  net/netfilter/xt_statistic.o
  CC [M]  net/netfilter/xt_string.o
  CC [M]  net/netfilter/xt_tcpmss.o
  CC [M]  net/netfilter/xt_time.o
  CC [M]  net/netfilter/xt_u32.o
  CC [M]  net/netfilter/ipset/ip_set_core.o
  CC [M]  net/netfilter/ipset/ip_set_getport.o
  CC [M]  net/netfilter/ipset/pfxlen.o
  LD [M]  net/netfilter/ipset/ip_set.o
  CC [M]  net/netfilter/ipset/ip_set_bitmap_ip.o
  CC [M]  net/netfilter/ipset/ip_set_bitmap_ipmac.o
  CC [M]  net/netfilter/ipset/ip_set_bitmap_port.o
  CC [M]  net/netfilter/ipset/ip_set_hash_ip.o
  CC [M]  net/netfilter/ipset/ip_set_hash_ipmark.o
  CC [M]  net/netfilter/ipset/ip_set_hash_ipport.o
  CC [M]  net/netfilter/ipset/ip_set_hash_ipportip.o
  CC [M]  net/netfilter/ipset/ip_set_hash_ipportnet.o
  CC [M]  net/netfilter/ipset/ip_set_hash_mac.o
  CC [M]  net/netfilter/ipset/ip_set_hash_net.o
  CC [M]  net/netfilter/ipset/ip_set_hash_netport.o
  CC [M]  net/netfilter/ipset/ip_set_hash_netiface.o
  CC [M]  net/netfilter/ipset/ip_set_hash_netnet.o
  CC [M]  net/netfilter/ipset/ip_set_hash_netportnet.o
  CC [M]  net/netfilter/ipset/ip_set_list_set.o
  CC [M]  net/netfilter/ipvs/ip_vs_conn.o
  CC [M]  net/netfilter/ipvs/ip_vs_core.o
  CC [M]  net/netfilter/ipvs/ip_vs_ctl.o
  CC [M]  net/netfilter/ipvs/ip_vs_sched.o
  CC [M]  net/netfilter/ipvs/ip_vs_xmit.o
  CC [M]  net/netfilter/ipvs/ip_vs_app.o
  CC [M]  net/netfilter/ipvs/ip_vs_sync.o
  CC [M]  net/netfilter/ipvs/ip_vs_est.o
  CC [M]  net/netfilter/ipvs/ip_vs_proto.o
  CC [M]  net/netfilter/ipvs/ip_vs_pe.o
  CC [M]  net/netfilter/ipvs/ip_vs_proto_tcp.o
  CC [M]  net/netfilter/ipvs/ip_vs_proto_udp.o
  CC [M]  net/netfilter/ipvs/ip_vs_proto_ah_esp.o
  CC [M]  net/netfilter/ipvs/ip_vs_proto_sctp.o
  CC [M]  net/netfilter/ipvs/ip_vs_nfct.o
  LD [M]  net/netfilter/ipvs/ip_vs.o
  CC [M]  net/netfilter/ipvs/ip_vs_rr.o
  CC [M]  net/netfilter/ipvs/ip_vs_wrr.o
  CC [M]  net/netfilter/ipvs/ip_vs_lc.o
  CC [M]  net/netfilter/ipvs/ip_vs_wlc.o
  CC [M]  net/netfilter/ipvs/ip_vs_fo.o
  CC [M]  net/netfilter/ipvs/ip_vs_lblc.o
  CC [M]  net/netfilter/ipvs/ip_vs_lblcr.o
  CC [M]  net/netfilter/ipvs/ip_vs_dh.o
  CC [M]  net/netfilter/ipvs/ip_vs_sh.o
  CC [M]  net/netfilter/ipvs/ip_vs_sed.o
  CC [M]  net/netfilter/ipvs/ip_vs_nq.o
  CC [M]  net/netfilter/ipvs/ip_vs_ftp.o
  CC [M]  net/netfilter/ipvs/ip_vs_pe_sip.o
  CC [M]  net/netlink/diag.o
  LD [M]  net/netlink/netlink_diag.o
  CC [M]  net/nfc/core.o
  CC [M]  net/nfc/netlink.o
  CC [M]  net/nfc/af_nfc.o
  CC [M]  net/nfc/rawsock.o
  CC [M]  net/nfc/llcp_core.o
  CC [M]  net/nfc/llcp_commands.o
  CC [M]  net/nfc/llcp_sock.o
  LD [M]  net/nfc/nfc.o
  CC [M]  net/nfc/digital_core.o
  CC [M]  net/nfc/digital_technology.o
  CC [M]  net/nfc/digital_dep.o
  LD [M]  net/nfc/nfc_digital.o
  CC [M]  net/openvswitch/actions.o
  CC [M]  net/openvswitch/datapath.o
  CC [M]  net/openvswitch/dp_notify.o
  CC [M]  net/openvswitch/flow.o
  CC [M]  net/openvswitch/flow_netlink.o
  CC [M]  net/openvswitch/flow_table.o
  CC [M]  net/openvswitch/vport.o
  CC [M]  net/openvswitch/vport-internal_dev.o
  CC [M]  net/openvswitch/vport-netdev.o
  LD [M]  net/openvswitch/openvswitch.o
  CC [M]  net/openvswitch/vport-geneve.o
  CC [M]  net/openvswitch/vport-vxlan.o
  CC [M]  net/openvswitch/vport-gre.o
  CC [M]  net/packet/diag.o
  LD [M]  net/packet/af_packet_diag.o
  CC [M]  net/phonet/pn_dev.o
  CC [M]  net/phonet/pn_netlink.o
  CC [M]  net/phonet/socket.o
  CC [M]  net/phonet/datagram.o
  CC [M]  net/phonet/sysctl.o
  CC [M]  net/phonet/af_phonet.o
  LD [M]  net/phonet/phonet.o
  CC [M]  net/phonet/pep.o
  CC [M]  net/phonet/pep-gprs.o
  LD [M]  net/phonet/pn_pep.o
  CC [M]  net/rds/af_rds.o
  CC [M]  net/rds/bind.o
  CC [M]  net/rds/cong.o
  CC [M]  net/rds/connection.o
  CC [M]  net/rds/info.o
  CC [M]  net/rds/message.o
  CC [M]  net/rds/recv.o
  CC [M]  net/rds/send.o
  CC [M]  net/rds/stats.o
  CC [M]  net/rds/sysctl.o
  CC [M]  net/rds/threads.o
  CC [M]  net/rds/transport.o
  CC [M]  net/rds/loop.o
  CC [M]  net/rds/page.o
  CC [M]  net/rds/rdma.o
  LD [M]  net/rds/rds.o
  CC [M]  net/rds/tcp.o
  CC [M]  net/rds/tcp_connect.o
  CC [M]  net/rds/tcp_listen.o
  CC [M]  net/rds/tcp_recv.o
  CC [M]  net/rds/tcp_send.o
  CC [M]  net/rds/tcp_stats.o
  LD [M]  net/rds/rds_tcp.o
  CC [M]  net/rfkill/core.o
  CC [M]  net/rfkill/input.o
  LD [M]  net/rfkill/rfkill.o
  CC [M]  net/rxrpc/af_rxrpc.o
  CC [M]  net/rxrpc/ar-accept.o
  CC [M]  net/rxrpc/ar-ack.o
  CC [M]  net/rxrpc/ar-call.o
  CC [M]  net/rxrpc/ar-connection.o
  CC [M]  net/rxrpc/ar-connevent.o
  CC [M]  net/rxrpc/ar-error.o
  CC [M]  net/rxrpc/ar-input.o
  CC [M]  net/rxrpc/ar-key.o
  CC [M]  net/rxrpc/ar-local.o
  CC [M]  net/rxrpc/ar-output.o
  CC [M]  net/rxrpc/ar-peer.o
  CC [M]  net/rxrpc/ar-recvmsg.o
  CC [M]  net/rxrpc/ar-security.o
  CC [M]  net/rxrpc/ar-skbuff.o
  CC [M]  net/rxrpc/ar-transport.o
  CC [M]  net/rxrpc/ar-proc.o
  CC [M]  net/rxrpc/sysctl.o
  LD [M]  net/rxrpc/af-rxrpc.o
  CC [M]  net/rxrpc/rxkad.o
  CC [M]  net/sched/act_police.o
  CC [M]  net/sched/act_gact.o
  CC [M]  net/sched/act_mirred.o
  CC [M]  net/sched/act_ipt.o
  CC [M]  net/sched/act_nat.o
  CC [M]  net/sched/act_pedit.o
  CC [M]  net/sched/act_simple.o
  CC [M]  net/sched/act_skbedit.o
  CC [M]  net/sched/act_csum.o
  CC [M]  net/sched/act_vlan.o
  CC [M]  net/sched/act_bpf.o
  CC [M]  net/sched/act_connmark.o
  CC [M]  net/sched/sch_cbq.o
  CC [M]  net/sched/sch_htb.o
  CC [M]  net/sched/sch_hfsc.o
  CC [M]  net/sched/sch_red.o
  CC [M]  net/sched/sch_gred.o
  CC [M]  net/sched/sch_ingress.o
  CC [M]  net/sched/sch_dsmark.o
  CC [M]  net/sched/sch_sfb.o
  CC [M]  net/sched/sch_sfq.o
  CC [M]  net/sched/sch_tbf.o
  CC [M]  net/sched/sch_teql.o
  CC [M]  net/sched/sch_prio.o
  CC [M]  net/sched/sch_multiq.o
  CC [M]  net/sched/sch_atm.o
  CC [M]  net/sched/sch_netem.o
  CC [M]  net/sched/sch_drr.o
  CC [M]  net/sched/sch_plug.o
  CC [M]  net/sched/sch_mqprio.o
  CC [M]  net/sched/sch_choke.o
  CC [M]  net/sched/sch_qfq.o
  CC [M]  net/sched/sch_codel.o
  CC [M]  net/sched/sch_fq_codel.o
  CC [M]  net/sched/sch_fq.o
  CC [M]  net/sched/sch_hhf.o
  CC [M]  net/sched/sch_pie.o
  CC [M]  net/sched/cls_u32.o
  CC [M]  net/sched/cls_route.o
  CC [M]  net/sched/cls_fw.o
  CC [M]  net/sched/cls_rsvp.o
  CC [M]  net/sched/cls_tcindex.o
  CC [M]  net/sched/cls_rsvp6.o
  CC [M]  net/sched/cls_basic.o
  CC [M]  net/sched/cls_flow.o
  CC [M]  net/sched/cls_cgroup.o
  CC [M]  net/sched/cls_bpf.o
  CC [M]  net/sched/em_cmp.o
  CC [M]  net/sched/em_nbyte.o
  CC [M]  net/sched/em_u32.o
  CC [M]  net/sched/em_meta.o
  CC [M]  net/sched/em_text.o
  CC [M]  net/sched/em_canid.o
  CC [M]  net/sched/em_ipset.o
  CC [M]  net/sctp/sm_statetable.o
  CC [M]  net/sctp/sm_statefuns.o
  CC [M]  net/sctp/sm_sideeffect.o
  CC [M]  net/sctp/protocol.o
  CC [M]  net/sctp/endpointola.o
  CC [M]  net/sctp/associola.o
  CC [M]  net/sctp/transport.o
  CC [M]  net/sctp/chunk.o
  CC [M]  net/sctp/sm_make_chunk.o
  CC [M]  net/sctp/ulpevent.o
  CC [M]  net/sctp/inqueue.o
  CC [M]  net/sctp/outqueue.o
  CC [M]  net/sctp/ulpqueue.o
  CC [M]  net/sctp/tsnmap.o
  CC [M]  net/sctp/bind_addr.o
  CC [M]  net/sctp/socket.o
  CC [M]  net/sctp/primitive.o
  CC [M]  net/sctp/output.o
  CC [M]  net/sctp/input.o
  CC [M]  net/sctp/debug.o
  CC [M]  net/sctp/ssnmap.o
  CC [M]  net/sctp/auth.o
  CC [M]  net/sctp/proc.o
  CC [M]  net/sctp/sysctl.o
  CC [M]  net/sctp/ipv6.o
  LD [M]  net/sctp/sctp.o
  CC [M]  net/sctp/probe.o
  LD [M]  net/sctp/sctp_probe.o
  CC [M]  net/sunrpc/auth_gss/gss_krb5_mech.o
  CC [M]  net/sunrpc/auth_gss/gss_krb5_seal.o
  CC [M]  net/sunrpc/auth_gss/gss_krb5_unseal.o
  CC [M]  net/sunrpc/auth_gss/gss_krb5_seqnum.o
  CC [M]  net/sunrpc/auth_gss/gss_krb5_wrap.o
  CC [M]  net/sunrpc/auth_gss/gss_krb5_crypto.o
  CC [M]  net/sunrpc/auth_gss/gss_krb5_keys.o
  LD [M]  net/sunrpc/auth_gss/rpcsec_gss_krb5.o
  CC [M]  net/tipc/addr.o
  CC [M]  net/tipc/bcast.o
  CC [M]  net/tipc/bearer.o
  CC [M]  net/tipc/core.o
  CC [M]  net/tipc/link.o
  CC [M]  net/tipc/discover.o
  CC [M]  net/tipc/msg.o
  CC [M]  net/tipc/name_distr.o
  CC [M]  net/tipc/subscr.o
  CC [M]  net/tipc/name_table.o
  CC [M]  net/tipc/net.o
  CC [M]  net/tipc/netlink.o
  CC [M]  net/tipc/netlink_compat.o
  CC [M]  net/tipc/node.o
  CC [M]  net/tipc/socket.o
  CC [M]  net/tipc/eth_media.o
  CC [M]  net/tipc/server.o
  CC [M]  net/tipc/udp_media.o
  CC [M]  net/tipc/sysctl.o
  LD [M]  net/tipc/tipc.o
  CC [M]  net/unix/diag.o
  LD [M]  net/unix/unix_diag.o
  CC [M]  net/wimax/id-table.o
  CC [M]  net/wimax/op-msg.o
  CC [M]  net/wimax/op-reset.o
  CC [M]  net/wimax/op-rfkill.o
  CC [M]  net/wimax/op-state-get.o
  CC [M]  net/wimax/stack.o
  CC [M]  net/wimax/debugfs.o
  LD [M]  net/wimax/wimax.o
  CC [M]  net/wireless/core.o
  CC [M]  net/wireless/sysfs.o
  CC [M]  net/wireless/radiotap.o
  CC [M]  net/wireless/util.o
  CC [M]  net/wireless/reg.o
  CC [M]  net/wireless/scan.o
  CC [M]  net/wireless/nl80211.o
  CC [M]  net/wireless/mlme.o
  CC [M]  net/wireless/ibss.o
  CC [M]  net/wireless/sme.o
  CC [M]  net/wireless/chan.o
  CC [M]  net/wireless/ethtool.o
  CC [M]  net/wireless/mesh.o
  CC [M]  net/wireless/ap.o
  CC [M]  net/wireless/trace.o
  CC [M]  net/wireless/ocb.o
  CC [M]  net/wireless/wext-compat.o
  CC [M]  net/wireless/wext-sme.o
  LD [M]  net/wireless/cfg80211.o
  CC [M]  net/wireless/lib80211.o
  CC [M]  net/wireless/lib80211_crypt_wep.o
  CC [M]  net/wireless/lib80211_crypt_ccmp.o
  CC [M]  net/wireless/lib80211_crypt_tkip.o
  CC [M]  net/xfrm/xfrm_algo.o
  CC [M]  net/xfrm/xfrm_user.o
  CC [M]  net/xfrm/xfrm_ipcomp.o
  CC [M]  lib/crc-ccitt.o
  CC [M]  lib/crc-itu-t.o
  CC [M]  lib/crc7.o
  CC [M]  lib/ts_kmp.o
  CC [M]  lib/ts_bm.o
  CC [M]  lib/ts_fsm.o
  CC [M]  lib/lru_cache.o
  CC [M]  lib/cordic.o
  CC [M]  lib/lz4/lz4_compress.o
  CC [M]  lib/lz4/lz4hc_compress.o
  Building modules, stage 2.
  MODPOST 1881 modules
  CC      arch/arm/crypto/aes-arm-bs.mod.o
  LD [M]  arch/arm/crypto/aes-arm-bs.ko
  CC      arch/arm/crypto/aes-arm.mod.o
  LD [M]  arch/arm/crypto/aes-arm.ko
  CC      arch/arm/crypto/sha1-arm-neon.mod.o
  LD [M]  arch/arm/crypto/sha1-arm-neon.ko
  CC      arch/arm/crypto/sha1-arm.mod.o
  LD [M]  arch/arm/crypto/sha1-arm.ko
  CC      arch/arm/crypto/sha256-arm.mod.o
  LD [M]  arch/arm/crypto/sha256-arm.ko
  CC      arch/arm/crypto/sha512-arm-neon.mod.o
  LD [M]  arch/arm/crypto/sha512-arm-neon.ko
  CC      crypto/ablk_helper.mod.o
  LD [M]  crypto/ablk_helper.ko
  CC      crypto/ansi_cprng.mod.o
  LD [M]  crypto/ansi_cprng.ko
  CC      crypto/anubis.mod.o
  LD [M]  crypto/anubis.ko
  CC      crypto/arc4.mod.o
  LD [M]  crypto/arc4.ko
  CC      crypto/async_tx/async_memcpy.mod.o
  LD [M]  crypto/async_tx/async_memcpy.ko
  CC      crypto/async_tx/async_pq.mod.o
  LD [M]  crypto/async_tx/async_pq.ko
  CC      crypto/async_tx/async_raid6_recov.mod.o
  LD [M]  crypto/async_tx/async_raid6_recov.ko
  CC      crypto/async_tx/async_tx.mod.o
  LD [M]  crypto/async_tx/async_tx.ko
  CC      crypto/async_tx/async_xor.mod.o
  LD [M]  crypto/async_tx/async_xor.ko
  CC      crypto/authenc.mod.o
  LD [M]  crypto/authenc.ko
  CC      crypto/authencesn.mod.o
  LD [M]  crypto/authencesn.ko
  CC      crypto/blowfish_common.mod.o
  LD [M]  crypto/blowfish_common.ko
  CC      crypto/blowfish_generic.mod.o
  LD [M]  crypto/blowfish_generic.ko
  CC      crypto/camellia_generic.mod.o
  LD [M]  crypto/camellia_generic.ko
  CC      crypto/cast5_generic.mod.o
  LD [M]  crypto/cast5_generic.ko
  CC      crypto/cast6_generic.mod.o
  LD [M]  crypto/cast6_generic.ko
  CC      crypto/cast_common.mod.o
  LD [M]  crypto/cast_common.ko
  CC      crypto/ccm.mod.o
  LD [M]  crypto/ccm.ko
  CC      crypto/cmac.mod.o
  LD [M]  crypto/cmac.ko
  CC      crypto/crc32.mod.o
  LD [M]  crypto/crc32.ko
  CC      crypto/cryptd.mod.o
  LD [M]  crypto/cryptd.ko
  CC      crypto/crypto_null.mod.o
  LD [M]  crypto/crypto_null.ko
  CC      crypto/ctr.mod.o
  LD [M]  crypto/ctr.ko
  CC      crypto/deflate.mod.o
  LD [M]  crypto/deflate.ko
  CC      crypto/fcrypt.mod.o
  LD [M]  crypto/fcrypt.ko
  CC      crypto/gcm.mod.o
  LD [M]  crypto/gcm.ko
  CC      crypto/ghash-generic.mod.o
  LD [M]  crypto/ghash-generic.ko
  CC      crypto/khazad.mod.o
  LD [M]  crypto/khazad.ko
  CC      crypto/lrw.mod.o
  LD [M]  crypto/lrw.ko
  CC      crypto/lz4.mod.o
  LD [M]  crypto/lz4.ko
  CC      crypto/lz4hc.mod.o
  LD [M]  crypto/lz4hc.ko
  CC      crypto/md4.mod.o
  LD [M]  crypto/md4.ko
  CC      crypto/michael_mic.mod.o
  LD [M]  crypto/michael_mic.ko
  CC      crypto/pcbc.mod.o
  LD [M]  crypto/pcbc.ko
  CC      crypto/rmd128.mod.o
  LD [M]  crypto/rmd128.ko
  CC      crypto/rmd160.mod.o
  LD [M]  crypto/rmd160.ko
  CC      crypto/rmd256.mod.o
  LD [M]  crypto/rmd256.ko
  CC      crypto/rmd320.mod.o
  LD [M]  crypto/rmd320.ko
  CC      crypto/salsa20_generic.mod.o
  LD [M]  crypto/salsa20_generic.ko
  CC      crypto/seed.mod.o
  LD [M]  crypto/seed.ko
  CC      crypto/seqiv.mod.o
  LD [M]  crypto/seqiv.ko
  CC      crypto/serpent_generic.mod.o
  LD [M]  crypto/serpent_generic.ko
  CC      crypto/tcrypt.mod.o
  LD [M]  crypto/tcrypt.ko
  CC      crypto/tea.mod.o
  LD [M]  crypto/tea.ko
  CC      crypto/tgr192.mod.o
  LD [M]  crypto/tgr192.ko
  CC      crypto/twofish_common.mod.o
  LD [M]  crypto/twofish_common.ko
  CC      crypto/twofish_generic.mod.o
  LD [M]  crypto/twofish_generic.ko
  CC      crypto/vmac.mod.o
  LD [M]  crypto/vmac.ko
  CC      crypto/wp512.mod.o
  LD [M]  crypto/wp512.ko
  CC      crypto/xcbc.mod.o
  LD [M]  crypto/xcbc.ko
  CC      crypto/zlib.mod.o
  LD [M]  crypto/zlib.ko
  CC      drivers/atm/adummy.mod.o
  LD [M]  drivers/atm/adummy.ko
  CC      drivers/bcma/bcma.mod.o
  LD [M]  drivers/bcma/bcma.ko
  CC      drivers/block/aoe/aoe.mod.o
  LD [M]  drivers/block/aoe/aoe.ko
  CC      drivers/block/brd.mod.o
  LD [M]  drivers/block/brd.ko
  CC      drivers/block/drbd/drbd.mod.o
  LD [M]  drivers/block/drbd/drbd.ko
  CC      drivers/block/loop.mod.o
  LD [M]  drivers/block/loop.ko
  CC      drivers/block/nbd.mod.o
  LD [M]  drivers/block/nbd.ko
  CC      drivers/block/null_blk.mod.o
  LD [M]  drivers/block/null_blk.ko
  CC      drivers/block/osdblk.mod.o
  LD [M]  drivers/block/osdblk.ko
  CC      drivers/block/rbd.mod.o
  LD [M]  drivers/block/rbd.ko
  CC      drivers/block/virtio_blk.mod.o
  LD [M]  drivers/block/virtio_blk.ko
  CC      drivers/block/zram/zram.mod.o
  LD [M]  drivers/block/zram/zram.ko
  CC      drivers/bluetooth/ath3k.mod.o
  LD [M]  drivers/bluetooth/ath3k.ko
  CC      drivers/bluetooth/bcm203x.mod.o
  LD [M]  drivers/bluetooth/bcm203x.ko
  CC      drivers/bluetooth/bfusb.mod.o
  LD [M]  drivers/bluetooth/bfusb.ko
  CC      drivers/bluetooth/bpa10x.mod.o
  LD [M]  drivers/bluetooth/bpa10x.ko
  CC      drivers/bluetooth/btbcm.mod.o
  LD [M]  drivers/bluetooth/btbcm.ko
  CC      drivers/bluetooth/btintel.mod.o
  LD [M]  drivers/bluetooth/btintel.ko
  CC      drivers/bluetooth/btmrvl.mod.o
  LD [M]  drivers/bluetooth/btmrvl.ko
  CC      drivers/bluetooth/btmrvl_sdio.mod.o
  LD [M]  drivers/bluetooth/btmrvl_sdio.ko
  CC      drivers/bluetooth/btsdio.mod.o
  LD [M]  drivers/bluetooth/btsdio.ko
  CC      drivers/bluetooth/btusb.mod.o
  LD [M]  drivers/bluetooth/btusb.ko
  CC      drivers/bluetooth/btwilink.mod.o
  LD [M]  drivers/bluetooth/btwilink.ko
  CC      drivers/bluetooth/hci_uart.mod.o
  LD [M]  drivers/bluetooth/hci_uart.ko
  CC      drivers/cdrom/cdrom.mod.o
  LD [M]  drivers/cdrom/cdrom.ko
  CC      drivers/char/hw_random/omap-rng.mod.o
  LD [M]  drivers/char/hw_random/omap-rng.ko
  CC      drivers/char/hw_random/rng-core.mod.o
  LD [M]  drivers/char/hw_random/rng-core.ko
  CC      drivers/char/hw_random/tpm-rng.mod.o
  LD [M]  drivers/char/hw_random/tpm-rng.ko
  CC      drivers/char/hw_random/virtio-rng.mod.o
  LD [M]  drivers/char/hw_random/virtio-rng.ko
  CC      drivers/char/tpm/tpm.mod.o
  LD [M]  drivers/char/tpm/tpm.ko
  CC      drivers/char/tpm/tpm_i2c_atmel.mod.o
  LD [M]  drivers/char/tpm/tpm_i2c_atmel.ko
  CC      drivers/char/virtio_console.mod.o
  LD [M]  drivers/char/virtio_console.ko
  CC      drivers/clk/clk-s2mps11.mod.o
  LD [M]  drivers/clk/clk-s2mps11.ko
  CC      drivers/clk/clk-twl6040.mod.o
  LD [M]  drivers/clk/clk-twl6040.ko
  CC      drivers/gpio/gpio-da9052.mod.o
  LD [M]  drivers/gpio/gpio-da9052.ko
  CC      drivers/gpio/gpio-pca953x.mod.o
  LD [M]  drivers/gpio/gpio-pca953x.ko
  CC      drivers/gpio/gpio-viperboard.mod.o
  LD [M]  drivers/gpio/gpio-viperboard.ko
  CC      drivers/gpu/drm/i2c/adihdmi.mod.o
  LD [M]  drivers/gpu/drm/i2c/adihdmi.ko
  CC      drivers/gpu/drm/i2c/tda998x.mod.o
  LD [M]  drivers/gpu/drm/i2c/tda998x.ko
  CC      drivers/gpu/drm/tilcdc/tilcdc.mod.o
  LD [M]  drivers/gpu/drm/tilcdc/tilcdc.ko
  CC      drivers/hid/hid-appleir.mod.o
  LD [M]  drivers/hid/hid-appleir.ko
  CC      drivers/hid/hid-aureal.mod.o
  LD [M]  drivers/hid/hid-aureal.ko
  CC      drivers/hid/hid-axff.mod.o
  LD [M]  drivers/hid/hid-axff.ko
  CC      drivers/hid/hid-betopff.mod.o
  LD [M]  drivers/hid/hid-betopff.ko
  CC      drivers/hid/hid-cp2112.mod.o
  LD [M]  drivers/hid/hid-cp2112.ko
  CC      drivers/hid/hid-dr.mod.o
  LD [M]  drivers/hid/hid-dr.ko
  CC      drivers/hid/hid-elecom.mod.o
  LD [M]  drivers/hid/hid-elecom.ko
  CC      drivers/hid/hid-elo.mod.o
  LD [M]  drivers/hid/hid-elo.ko
  CC      drivers/hid/hid-emsff.mod.o
  LD [M]  drivers/hid/hid-emsff.ko
  CC      drivers/hid/hid-gaff.mod.o
  LD [M]  drivers/hid/hid-gaff.ko
  CC      drivers/hid/hid-gt683r.mod.o
  LD [M]  drivers/hid/hid-gt683r.ko
  CC      drivers/hid/hid-gyration.mod.o
  LD [M]  drivers/hid/hid-gyration.ko
  CC      drivers/hid/hid-holtek-kbd.mod.o
  LD [M]  drivers/hid/hid-holtek-kbd.ko
  CC      drivers/hid/hid-holtek-mouse.mod.o
  LD [M]  drivers/hid/hid-holtek-mouse.ko
  CC      drivers/hid/hid-holtekff.mod.o
  LD [M]  drivers/hid/hid-holtekff.ko
  CC      drivers/hid/hid-icade.mod.o
  LD [M]  drivers/hid/hid-icade.ko
  CC      drivers/hid/hid-keytouch.mod.o
  LD [M]  drivers/hid/hid-keytouch.ko
  CC      drivers/hid/hid-kye.mod.o
  LD [M]  drivers/hid/hid-kye.ko
  CC      drivers/hid/hid-lcpower.mod.o
  LD [M]  drivers/hid/hid-lcpower.ko
  CC      drivers/hid/hid-lenovo.mod.o
  LD [M]  drivers/hid/hid-lenovo.ko
  CC      drivers/hid/hid-magicmouse.mod.o
  LD [M]  drivers/hid/hid-magicmouse.ko
  CC      drivers/hid/hid-multitouch.mod.o
  LD [M]  drivers/hid/hid-multitouch.ko
  CC      drivers/hid/hid-ntrig.mod.o
  LD [M]  drivers/hid/hid-ntrig.ko
  CC      drivers/hid/hid-ortek.mod.o
  LD [M]  drivers/hid/hid-ortek.ko
  CC      drivers/hid/hid-penmount.mod.o
  LD [M]  drivers/hid/hid-penmount.ko
  CC      drivers/hid/hid-petalynx.mod.o
  LD [M]  drivers/hid/hid-petalynx.ko
  CC      drivers/hid/hid-picolcd.mod.o
  LD [M]  drivers/hid/hid-picolcd.ko
  CC      drivers/hid/hid-pl.mod.o
  LD [M]  drivers/hid/hid-pl.ko
  CC      drivers/hid/hid-plantronics.mod.o
  LD [M]  drivers/hid/hid-plantronics.ko
  CC      drivers/hid/hid-primax.mod.o
  LD [M]  drivers/hid/hid-primax.ko
  CC      drivers/hid/hid-prodikeys.mod.o
  LD [M]  drivers/hid/hid-prodikeys.ko
  CC      drivers/hid/hid-rmi.mod.o
  LD [M]  drivers/hid/hid-rmi.ko
  CC      drivers/hid/hid-roccat-arvo.mod.o
  LD [M]  drivers/hid/hid-roccat-arvo.ko
  CC      drivers/hid/hid-roccat-common.mod.o
  LD [M]  drivers/hid/hid-roccat-common.ko
  CC      drivers/hid/hid-roccat-isku.mod.o
  LD [M]  drivers/hid/hid-roccat-isku.ko
  CC      drivers/hid/hid-roccat-kone.mod.o
  LD [M]  drivers/hid/hid-roccat-kone.ko
  CC      drivers/hid/hid-roccat-koneplus.mod.o
  LD [M]  drivers/hid/hid-roccat-koneplus.ko
  CC      drivers/hid/hid-roccat-konepure.mod.o
  LD [M]  drivers/hid/hid-roccat-konepure.ko
  CC      drivers/hid/hid-roccat-kovaplus.mod.o
  LD [M]  drivers/hid/hid-roccat-kovaplus.ko
  CC      drivers/hid/hid-roccat-lua.mod.o
  LD [M]  drivers/hid/hid-roccat-lua.ko
  CC      drivers/hid/hid-roccat-pyra.mod.o
  LD [M]  drivers/hid/hid-roccat-pyra.ko
  CC      drivers/hid/hid-roccat-ryos.mod.o
  LD [M]  drivers/hid/hid-roccat-ryos.ko
  CC      drivers/hid/hid-roccat-savu.mod.o
  LD [M]  drivers/hid/hid-roccat-savu.ko
  CC      drivers/hid/hid-roccat.mod.o
  LD [M]  drivers/hid/hid-roccat.ko
  CC      drivers/hid/hid-saitek.mod.o
  LD [M]  drivers/hid/hid-saitek.ko
  CC      drivers/hid/hid-samsung.mod.o
  LD [M]  drivers/hid/hid-samsung.ko
  CC      drivers/hid/hid-sensor-custom.mod.o
  LD [M]  drivers/hid/hid-sensor-custom.ko
  CC      drivers/hid/hid-sensor-hub.mod.o
  LD [M]  drivers/hid/hid-sensor-hub.ko
  CC      drivers/hid/hid-sjoy.mod.o
  LD [M]  drivers/hid/hid-sjoy.ko
  CC      drivers/hid/hid-sony.mod.o
  LD [M]  drivers/hid/hid-sony.ko
  CC      drivers/hid/hid-speedlink.mod.o
  LD [M]  drivers/hid/hid-speedlink.ko
  CC      drivers/hid/hid-steelseries.mod.o
  LD [M]  drivers/hid/hid-steelseries.ko
  CC      drivers/hid/hid-sunplus.mod.o
  LD [M]  drivers/hid/hid-sunplus.ko
  CC      drivers/hid/hid-thingm.mod.o
  LD [M]  drivers/hid/hid-thingm.ko
  CC      drivers/hid/hid-tivo.mod.o
  LD [M]  drivers/hid/hid-tivo.ko
  CC      drivers/hid/hid-tmff.mod.o
  LD [M]  drivers/hid/hid-tmff.ko
  CC      drivers/hid/hid-topseed.mod.o
  LD [M]  drivers/hid/hid-topseed.ko
  CC      drivers/hid/hid-twinhan.mod.o
  LD [M]  drivers/hid/hid-twinhan.ko
  CC      drivers/hid/hid-uclogic.mod.o
  LD [M]  drivers/hid/hid-uclogic.ko
  CC      drivers/hid/hid-waltop.mod.o
  LD [M]  drivers/hid/hid-waltop.ko
  CC      drivers/hid/hid-wiimote.mod.o
  LD [M]  drivers/hid/hid-wiimote.ko
  CC      drivers/hid/hid-xinmo.mod.o
  LD [M]  drivers/hid/hid-xinmo.ko
  CC      drivers/hid/hid-zpff.mod.o
  LD [M]  drivers/hid/hid-zpff.ko
  CC      drivers/hid/hid-zydacron.mod.o
  LD [M]  drivers/hid/hid-zydacron.ko
  CC      drivers/hid/wacom.mod.o
  LD [M]  drivers/hid/wacom.ko
  CC      drivers/hsi/hsi.mod.o
  LD [M]  drivers/hsi/hsi.ko
  CC      drivers/hwmon/ad7414.mod.o
  LD [M]  drivers/hwmon/ad7414.ko
  CC      drivers/hwmon/ad7418.mod.o
  LD [M]  drivers/hwmon/ad7418.ko
  CC      drivers/hwmon/adcxx.mod.o
  LD [M]  drivers/hwmon/adcxx.ko
  CC      drivers/hwmon/adm1029.mod.o
  LD [M]  drivers/hwmon/adm1029.ko
  CC      drivers/hwmon/adm9240.mod.o
  LD [M]  drivers/hwmon/adm9240.ko
  CC      drivers/hwmon/ads1015.mod.o
  LD [M]  drivers/hwmon/ads1015.ko
  CC      drivers/hwmon/ads7828.mod.o
  LD [M]  drivers/hwmon/ads7828.ko
  CC      drivers/hwmon/ads7871.mod.o
  LD [M]  drivers/hwmon/ads7871.ko
  CC      drivers/hwmon/adt7411.mod.o
  LD [M]  drivers/hwmon/adt7411.ko
  CC      drivers/hwmon/adt7462.mod.o
  LD [M]  drivers/hwmon/adt7462.ko
  CC      drivers/hwmon/adt7470.mod.o
  LD [M]  drivers/hwmon/adt7470.ko
  CC      drivers/hwmon/adt7475.mod.o
  LD [M]  drivers/hwmon/adt7475.ko
  CC      drivers/hwmon/amc6821.mod.o
  LD [M]  drivers/hwmon/amc6821.ko
  CC      drivers/hwmon/asc7621.mod.o
  LD [M]  drivers/hwmon/asc7621.ko
  CC      drivers/hwmon/atxp1.mod.o
  LD [M]  drivers/hwmon/atxp1.ko
  CC      drivers/hwmon/dme1737.mod.o
  LD [M]  drivers/hwmon/dme1737.ko
  CC      drivers/hwmon/ds620.mod.o
  LD [M]  drivers/hwmon/ds620.ko
  CC      drivers/hwmon/emc1403.mod.o
  LD [M]  drivers/hwmon/emc1403.ko
  CC      drivers/hwmon/emc2103.mod.o
  LD [M]  drivers/hwmon/emc2103.ko
  CC      drivers/hwmon/emc6w201.mod.o
  LD [M]  drivers/hwmon/emc6w201.ko
  CC      drivers/hwmon/f71882fg.mod.o
  LD [M]  drivers/hwmon/f71882fg.ko
  CC      drivers/hwmon/f75375s.mod.o
  LD [M]  drivers/hwmon/f75375s.ko
  CC      drivers/hwmon/g760a.mod.o
  LD [M]  drivers/hwmon/g760a.ko
  CC      drivers/hwmon/g762.mod.o
  LD [M]  drivers/hwmon/g762.ko
  CC      drivers/hwmon/hwmon-vid.mod.o
  LD [M]  drivers/hwmon/hwmon-vid.ko
  CC      drivers/hwmon/jc42.mod.o
  LD [M]  drivers/hwmon/jc42.ko
  CC      drivers/hwmon/lineage-pem.mod.o
  LD [M]  drivers/hwmon/lineage-pem.ko
  CC      drivers/hwmon/lm70.mod.o
  LD [M]  drivers/hwmon/lm70.ko
  CC      drivers/hwmon/lm73.mod.o
  LD [M]  drivers/hwmon/lm73.ko
  CC      drivers/hwmon/lm75.mod.o
  LD [M]  drivers/hwmon/lm75.ko
  CC      drivers/hwmon/lm93.mod.o
  LD [M]  drivers/hwmon/lm93.ko
  CC      drivers/hwmon/lm95241.mod.o
  LD [M]  drivers/hwmon/lm95241.ko
  CC      drivers/hwmon/lm95245.mod.o
  LD [M]  drivers/hwmon/lm95245.ko
  CC      drivers/hwmon/ltc4151.mod.o
  LD [M]  drivers/hwmon/ltc4151.ko
  CC      drivers/hwmon/ltc4215.mod.o
  LD [M]  drivers/hwmon/ltc4215.ko
  CC      drivers/hwmon/ltc4245.mod.o
  LD [M]  drivers/hwmon/ltc4245.ko
  CC      drivers/hwmon/ltc4261.mod.o
  LD [M]  drivers/hwmon/ltc4261.ko
  CC      drivers/hwmon/max1111.mod.o
  LD [M]  drivers/hwmon/max1111.ko
  CC      drivers/hwmon/max16065.mod.o
  LD [M]  drivers/hwmon/max16065.ko
  CC      drivers/hwmon/max1668.mod.o
  LD [M]  drivers/hwmon/max1668.ko
  CC      drivers/hwmon/max6639.mod.o
  LD [M]  drivers/hwmon/max6639.ko
  CC      drivers/hwmon/max6642.mod.o
  LD [M]  drivers/hwmon/max6642.ko
  CC      drivers/hwmon/max6650.mod.o
  LD [M]  drivers/hwmon/max6650.ko
  CC      drivers/hwmon/mc13783-adc.mod.o
  LD [M]  drivers/hwmon/mc13783-adc.ko
  CC      drivers/hwmon/nct6683.mod.o
  LD [M]  drivers/hwmon/nct6683.ko
  CC      drivers/hwmon/nct6775.mod.o
  LD [M]  drivers/hwmon/nct6775.ko
  CC      drivers/hwmon/ntc_thermistor.mod.o
  LD [M]  drivers/hwmon/ntc_thermistor.ko
  CC      drivers/hwmon/pc87427.mod.o
  LD [M]  drivers/hwmon/pc87427.ko
  CC      drivers/hwmon/sch5627.mod.o
  LD [M]  drivers/hwmon/sch5627.ko
  CC      drivers/hwmon/sch56xx-common.mod.o
  LD [M]  drivers/hwmon/sch56xx-common.ko
  CC      drivers/hwmon/sht21.mod.o
  LD [M]  drivers/hwmon/sht21.ko
  CC      drivers/hwmon/smm665.mod.o
  LD [M]  drivers/hwmon/smm665.ko
  CC      drivers/hwmon/smsc47m192.mod.o
  LD [M]  drivers/hwmon/smsc47m192.ko
  CC      drivers/hwmon/thmc50.mod.o
  LD [M]  drivers/hwmon/thmc50.ko
  CC      drivers/hwmon/tmp401.mod.o
  LD [M]  drivers/hwmon/tmp401.ko
  CC      drivers/hwmon/tmp421.mod.o
  LD [M]  drivers/hwmon/tmp421.ko
  CC      drivers/hwmon/vt1211.mod.o
  LD [M]  drivers/hwmon/vt1211.ko
  CC      drivers/hwmon/w83627ehf.mod.o
  LD [M]  drivers/hwmon/w83627ehf.ko
  CC      drivers/hwmon/w83791d.mod.o
  LD [M]  drivers/hwmon/w83791d.ko
  CC      drivers/hwmon/w83792d.mod.o
  LD [M]  drivers/hwmon/w83792d.ko
  CC      drivers/hwmon/w83793.mod.o
  LD [M]  drivers/hwmon/w83793.ko
  CC      drivers/hwmon/w83795.mod.o
  LD [M]  drivers/hwmon/w83795.ko
  CC      drivers/hwmon/w83l786ng.mod.o
  LD [M]  drivers/hwmon/w83l786ng.ko
  CC      drivers/i2c/algos/i2c-algo-pca.mod.o
  LD [M]  drivers/i2c/algos/i2c-algo-pca.ko
  CC      drivers/i2c/busses/i2c-diolan-u2c.mod.o
  LD [M]  drivers/i2c/busses/i2c-diolan-u2c.ko
  CC      drivers/i2c/busses/i2c-ocores.mod.o
  LD [M]  drivers/i2c/busses/i2c-ocores.ko
  CC      drivers/i2c/busses/i2c-pca-platform.mod.o
  LD [M]  drivers/i2c/busses/i2c-pca-platform.ko
  CC      drivers/i2c/busses/i2c-robotfuzz-osif.mod.o
  LD [M]  drivers/i2c/busses/i2c-robotfuzz-osif.ko
  CC      drivers/i2c/busses/i2c-simtec.mod.o
  LD [M]  drivers/i2c/busses/i2c-simtec.ko
  CC      drivers/i2c/busses/i2c-taos-evm.mod.o
  LD [M]  drivers/i2c/busses/i2c-taos-evm.ko
  CC      drivers/i2c/busses/i2c-tiny-usb.mod.o
  LD [M]  drivers/i2c/busses/i2c-tiny-usb.ko
  CC      drivers/i2c/busses/i2c-viperboard.mod.o
  LD [M]  drivers/i2c/busses/i2c-viperboard.ko
  CC      drivers/i2c/muxes/i2c-arb-gpio-challenge.mod.o
  LD [M]  drivers/i2c/muxes/i2c-arb-gpio-challenge.ko
  CC      drivers/iio/accel/hid-sensor-accel-3d.mod.o
  LD [M]  drivers/iio/accel/hid-sensor-accel-3d.ko
  CC      drivers/iio/adc/mcp320x.mod.o
  LD [M]  drivers/iio/adc/mcp320x.ko
  CC      drivers/iio/adc/ti_am335x_adc.mod.o
  LD [M]  drivers/iio/adc/ti_am335x_adc.ko
  CC      drivers/iio/adc/twl4030-madc.mod.o
  LD [M]  drivers/iio/adc/twl4030-madc.ko
  CC      drivers/iio/adc/viperboard_adc.mod.o
  LD [M]  drivers/iio/adc/viperboard_adc.ko
  CC      drivers/iio/common/hid-sensors/hid-sensor-iio-common.mod.o
  LD [M]  drivers/iio/common/hid-sensors/hid-sensor-iio-common.ko
  CC      drivers/iio/common/hid-sensors/hid-sensor-trigger.mod.o
  LD [M]  drivers/iio/common/hid-sensors/hid-sensor-trigger.ko
  CC      drivers/iio/gyro/hid-sensor-gyro-3d.mod.o
  LD [M]  drivers/iio/gyro/hid-sensor-gyro-3d.ko
  CC      drivers/iio/industrialio-triggered-buffer.mod.o
  LD [M]  drivers/iio/industrialio-triggered-buffer.ko
  CC      drivers/iio/industrialio.mod.o
  LD [M]  drivers/iio/industrialio.ko
  CC      drivers/iio/kfifo_buf.mod.o
  LD [M]  drivers/iio/kfifo_buf.ko
  CC      drivers/iio/light/hid-sensor-als.mod.o
  LD [M]  drivers/iio/light/hid-sensor-als.ko
  CC      drivers/iio/light/hid-sensor-prox.mod.o
  LD [M]  drivers/iio/light/hid-sensor-prox.ko
  CC      drivers/iio/light/tsl2563.mod.o
  LD [M]  drivers/iio/light/tsl2563.ko
  CC      drivers/iio/magnetometer/hid-sensor-magn-3d.mod.o
  LD [M]  drivers/iio/magnetometer/hid-sensor-magn-3d.ko
  CC      drivers/iio/orientation/hid-sensor-incl-3d.mod.o
  LD [M]  drivers/iio/orientation/hid-sensor-incl-3d.ko
  CC      drivers/iio/orientation/hid-sensor-rotation.mod.o
  LD [M]  drivers/iio/orientation/hid-sensor-rotation.ko
  CC      drivers/iio/pressure/hid-sensor-press.mod.o
  LD [M]  drivers/iio/pressure/hid-sensor-press.ko
  CC      drivers/iio/trigger/iio-trig-interrupt.mod.o
  LD [M]  drivers/iio/trigger/iio-trig-interrupt.ko
  CC      drivers/iio/trigger/iio-trig-sysfs.mod.o
  LD [M]  drivers/iio/trigger/iio-trig-sysfs.ko
  CC      drivers/input/input-polldev.mod.o
  LD [M]  drivers/input/input-polldev.ko
  CC      drivers/input/keyboard/adp5588-keys.mod.o
  LD [M]  drivers/input/keyboard/adp5588-keys.ko
  CC      drivers/input/keyboard/lm8323.mod.o
  LD [M]  drivers/input/keyboard/lm8323.ko
  CC      drivers/input/keyboard/max7359_keypad.mod.o
  LD [M]  drivers/input/keyboard/max7359_keypad.ko
  CC      drivers/input/keyboard/omap4-keypad.mod.o
  LD [M]  drivers/input/keyboard/omap4-keypad.ko
  CC      drivers/input/keyboard/opencores-kbd.mod.o
  LD [M]  drivers/input/keyboard/opencores-kbd.ko
  CC      drivers/input/keyboard/qt2160.mod.o
  LD [M]  drivers/input/keyboard/qt2160.ko
  CC      drivers/input/keyboard/stowaway.mod.o
  LD [M]  drivers/input/keyboard/stowaway.ko
  CC      drivers/input/keyboard/twl4030_keypad.mod.o
  LD [M]  drivers/input/keyboard/twl4030_keypad.ko
  CC      drivers/input/matrix-keymap.mod.o
  LD [M]  drivers/input/matrix-keymap.ko
  CC      drivers/input/misc/ati_remote2.mod.o
  LD [M]  drivers/input/misc/ati_remote2.ko
  CC      drivers/input/misc/cm109.mod.o
  LD [M]  drivers/input/misc/cm109.ko
  CC      drivers/input/misc/keyspan_remote.mod.o
  LD [M]  drivers/input/misc/keyspan_remote.ko
  CC      drivers/input/misc/mma8450.mod.o
  LD [M]  drivers/input/misc/mma8450.ko
  CC      drivers/input/misc/powermate.mod.o
  LD [M]  drivers/input/misc/powermate.ko
  CC      drivers/input/misc/twl4030-pwrbutton.mod.o
  LD [M]  drivers/input/misc/twl4030-pwrbutton.ko
  CC      drivers/input/misc/twl4030-vibra.mod.o
  LD [M]  drivers/input/misc/twl4030-vibra.ko
  CC      drivers/input/misc/twl6040-vibra.mod.o
  LD [M]  drivers/input/misc/twl6040-vibra.ko
  CC      drivers/input/misc/uinput.mod.o
  LD [M]  drivers/input/misc/uinput.ko
  CC      drivers/input/misc/yealink.mod.o
  LD [M]  drivers/input/misc/yealink.ko
  CC      drivers/input/mouse/appletouch.mod.o
  LD [M]  drivers/input/mouse/appletouch.ko
  CC      drivers/input/mouse/psmouse.mod.o
  LD [M]  drivers/input/mouse/psmouse.ko
  CC      drivers/input/mouse/synaptics_i2c.mod.o
  LD [M]  drivers/input/mouse/synaptics_i2c.ko
  CC      drivers/input/mouse/synaptics_usb.mod.o
  LD [M]  drivers/input/mouse/synaptics_usb.ko
  CC      drivers/input/serio/altera_ps2.mod.o
  LD [M]  drivers/input/serio/altera_ps2.ko
  CC      drivers/input/sparse-keymap.mod.o
  LD [M]  drivers/input/sparse-keymap.ko
  CC      drivers/input/tablet/acecad.mod.o
  LD [M]  drivers/input/tablet/acecad.ko
  CC      drivers/input/tablet/aiptek.mod.o
  LD [M]  drivers/input/tablet/aiptek.ko
  CC      drivers/input/tablet/gtco.mod.o
  LD [M]  drivers/input/tablet/gtco.ko
  CC      drivers/input/tablet/hanwang.mod.o
  LD [M]  drivers/input/tablet/hanwang.ko
  CC      drivers/input/tablet/kbtab.mod.o
  LD [M]  drivers/input/tablet/kbtab.ko
  CC      drivers/input/tablet/wacom_serial4.mod.o
  LD [M]  drivers/input/tablet/wacom_serial4.ko
  CC      drivers/input/touchscreen/ad7877.mod.o
  LD [M]  drivers/input/touchscreen/ad7877.ko
  CC      drivers/input/touchscreen/ad7879-i2c.mod.o
  LD [M]  drivers/input/touchscreen/ad7879-i2c.ko
  CC      drivers/input/touchscreen/ad7879.mod.o
  LD [M]  drivers/input/touchscreen/ad7879.ko
  CC      drivers/input/touchscreen/ads7846.mod.o
  LD [M]  drivers/input/touchscreen/ads7846.ko
  CC      drivers/input/touchscreen/atmel_mxt_ts.mod.o
  LD [M]  drivers/input/touchscreen/atmel_mxt_ts.ko
  CC      drivers/input/touchscreen/dynapro.mod.o
  LD [M]  drivers/input/touchscreen/dynapro.ko
  CC      drivers/input/touchscreen/elo.mod.o
  LD [M]  drivers/input/touchscreen/elo.ko
  CC      drivers/input/touchscreen/fujitsu_ts.mod.o
  LD [M]  drivers/input/touchscreen/fujitsu_ts.ko
  CC      drivers/input/touchscreen/gunze.mod.o
  LD [M]  drivers/input/touchscreen/gunze.ko
  CC      drivers/input/touchscreen/hampshire.mod.o
  LD [M]  drivers/input/touchscreen/hampshire.ko
  CC      drivers/input/touchscreen/inexio.mod.o
  LD [M]  drivers/input/touchscreen/inexio.ko
  CC      drivers/input/touchscreen/mc13783_ts.mod.o
  LD [M]  drivers/input/touchscreen/mc13783_ts.ko
  CC      drivers/input/touchscreen/mcs5000_ts.mod.o
  LD [M]  drivers/input/touchscreen/mcs5000_ts.ko
  CC      drivers/input/touchscreen/mk712.mod.o
  LD [M]  drivers/input/touchscreen/mk712.ko
  CC      drivers/input/touchscreen/mtouch.mod.o
  LD [M]  drivers/input/touchscreen/mtouch.ko
  CC      drivers/input/touchscreen/penmount.mod.o
  LD [M]  drivers/input/touchscreen/penmount.ko
  CC      drivers/input/touchscreen/sur40.mod.o
  LD [M]  drivers/input/touchscreen/sur40.ko
  CC      drivers/input/touchscreen/ti_am335x_tsc.mod.o
  LD [M]  drivers/input/touchscreen/ti_am335x_tsc.ko
  CC      drivers/input/touchscreen/touchit213.mod.o
  LD [M]  drivers/input/touchscreen/touchit213.ko
  CC      drivers/input/touchscreen/touchright.mod.o
  LD [M]  drivers/input/touchscreen/touchright.ko
  CC      drivers/input/touchscreen/touchwin.mod.o
  LD [M]  drivers/input/touchscreen/touchwin.ko
  CC      drivers/input/touchscreen/tps6507x-ts.mod.o
  LD [M]  drivers/input/touchscreen/tps6507x-ts.ko
  CC      drivers/input/touchscreen/tsc2005.mod.o
  LD [M]  drivers/input/touchscreen/tsc2005.ko
  CC      drivers/input/touchscreen/tsc2007.mod.o
  LD [M]  drivers/input/touchscreen/tsc2007.ko
  CC      drivers/input/touchscreen/usbtouchscreen.mod.o
  LD [M]  drivers/input/touchscreen/usbtouchscreen.ko
  CC      drivers/input/touchscreen/wacom_w8001.mod.o
  LD [M]  drivers/input/touchscreen/wacom_w8001.ko
  CC      drivers/input/touchscreen/wm97xx-ts.mod.o
  LD [M]  drivers/input/touchscreen/wm97xx-ts.ko
  CC      drivers/leds/leds-bd2802.mod.o
  LD [M]  drivers/leds/leds-bd2802.ko
  CC      drivers/leds/leds-da9052.mod.o
  LD [M]  drivers/leds/leds-da9052.ko
  CC      drivers/leds/leds-dac124s085.mod.o
  LD [M]  drivers/leds/leds-dac124s085.ko
  CC      drivers/leds/leds-lp3944.mod.o
  LD [M]  drivers/leds/leds-lp3944.ko
  CC      drivers/leds/leds-lp5523.mod.o
  LD [M]  drivers/leds/leds-lp5523.ko
  CC      drivers/leds/leds-lp55xx-common.mod.o
  LD [M]  drivers/leds/leds-lp55xx-common.ko
  CC      drivers/leds/leds-lt3593.mod.o
  LD [M]  drivers/leds/leds-lt3593.ko
  CC      drivers/leds/leds-mc13783.mod.o
  LD [M]  drivers/leds/leds-mc13783.ko
  CC      drivers/leds/leds-pca955x.mod.o
  LD [M]  drivers/leds/leds-pca955x.ko
  CC      drivers/leds/leds-pwm.mod.o
  LD [M]  drivers/leds/leds-pwm.ko
  CC      drivers/leds/leds-regulator.mod.o
  LD [M]  drivers/leds/leds-regulator.ko
  CC      drivers/leds/trigger/ledtrig-camera.mod.o
  LD [M]  drivers/leds/trigger/ledtrig-camera.ko
  CC      drivers/leds/trigger/ledtrig-transient.mod.o
  LD [M]  drivers/leds/trigger/ledtrig-transient.ko
  CC      drivers/md/dm-bio-prison.mod.o
  LD [M]  drivers/md/dm-bio-prison.ko
  CC      drivers/md/dm-bufio.mod.o
  LD [M]  drivers/md/dm-bufio.ko
  CC      drivers/md/dm-cache-cleaner.mod.o
  LD [M]  drivers/md/dm-cache-cleaner.ko
  CC      drivers/md/dm-cache-mq.mod.o
  LD [M]  drivers/md/dm-cache-mq.ko
  CC      drivers/md/dm-cache.mod.o
  LD [M]  drivers/md/dm-cache.ko
  CC      drivers/md/dm-crypt.mod.o
  LD [M]  drivers/md/dm-crypt.ko
  CC      drivers/md/dm-delay.mod.o
  LD [M]  drivers/md/dm-delay.ko
  CC      drivers/md/dm-era.mod.o
  LD [M]  drivers/md/dm-era.ko
  CC      drivers/md/dm-flakey.mod.o
  LD [M]  drivers/md/dm-flakey.ko
  CC      drivers/md/dm-log-userspace.mod.o
  LD [M]  drivers/md/dm-log-userspace.ko
  CC      drivers/md/dm-log-writes.mod.o
  LD [M]  drivers/md/dm-log-writes.ko
  CC      drivers/md/dm-log.mod.o
  LD [M]  drivers/md/dm-log.ko
  CC      drivers/md/dm-mirror.mod.o
  LD [M]  drivers/md/dm-mirror.ko
  CC      drivers/md/dm-mod.mod.o
  LD [M]  drivers/md/dm-mod.ko
  CC      drivers/md/dm-multipath.mod.o
  LD [M]  drivers/md/dm-multipath.ko
  CC      drivers/md/dm-queue-length.mod.o
  LD [M]  drivers/md/dm-queue-length.ko
  CC      drivers/md/dm-raid.mod.o
  LD [M]  drivers/md/dm-raid.ko
  CC      drivers/md/dm-region-hash.mod.o
  LD [M]  drivers/md/dm-region-hash.ko
  CC      drivers/md/dm-round-robin.mod.o
  LD [M]  drivers/md/dm-round-robin.ko
  CC      drivers/md/dm-service-time.mod.o
  LD [M]  drivers/md/dm-service-time.ko
  CC      drivers/md/dm-snapshot.mod.o
  LD [M]  drivers/md/dm-snapshot.ko
  CC      drivers/md/dm-switch.mod.o
  LD [M]  drivers/md/dm-switch.ko
  CC      drivers/md/dm-thin-pool.mod.o
  LD [M]  drivers/md/dm-thin-pool.ko
  CC      drivers/md/dm-verity.mod.o
  LD [M]  drivers/md/dm-verity.ko
  CC      drivers/md/dm-zero.mod.o
  LD [M]  drivers/md/dm-zero.ko
  CC      drivers/md/faulty.mod.o
  LD [M]  drivers/md/faulty.ko
  CC      drivers/md/linear.mod.o
  LD [M]  drivers/md/linear.ko
  CC      drivers/md/md-mod.mod.o
  LD [M]  drivers/md/md-mod.ko
  CC      drivers/md/multipath.mod.o
  LD [M]  drivers/md/multipath.ko
  CC      drivers/md/persistent-data/dm-persistent-data.mod.o
  LD [M]  drivers/md/persistent-data/dm-persistent-data.ko
  CC      drivers/md/raid0.mod.o
  LD [M]  drivers/md/raid0.ko
  CC      drivers/md/raid1.mod.o
  LD [M]  drivers/md/raid1.ko
  CC      drivers/md/raid10.mod.o
  LD [M]  drivers/md/raid10.ko
  CC      drivers/md/raid456.mod.o
  LD [M]  drivers/md/raid456.ko
  CC      drivers/media/common/b2c2/b2c2-flexcop.mod.o
  LD [M]  drivers/media/common/b2c2/b2c2-flexcop.ko
  CC      drivers/media/common/cx2341x.mod.o
  LD [M]  drivers/media/common/cx2341x.ko
  CC      drivers/media/common/cypress_firmware.mod.o
  LD [M]  drivers/media/common/cypress_firmware.ko
  CC      drivers/media/common/siano/smsdvb.mod.o
  LD [M]  drivers/media/common/siano/smsdvb.ko
  CC      drivers/media/common/siano/smsmdtv.mod.o
  LD [M]  drivers/media/common/siano/smsmdtv.ko
  CC      drivers/media/common/tveeprom.mod.o
  LD [M]  drivers/media/common/tveeprom.ko
  CC      drivers/media/dvb-core/dvb-core.mod.o
  LD [M]  drivers/media/dvb-core/dvb-core.ko
  CC      drivers/media/dvb-frontends/a8293.mod.o
  LD [M]  drivers/media/dvb-frontends/a8293.ko
  CC      drivers/media/dvb-frontends/af9013.mod.o
  LD [M]  drivers/media/dvb-frontends/af9013.ko
  CC      drivers/media/dvb-frontends/af9033.mod.o
  LD [M]  drivers/media/dvb-frontends/af9033.ko
  CC      drivers/media/dvb-frontends/atbm8830.mod.o
  LD [M]  drivers/media/dvb-frontends/atbm8830.ko
  CC      drivers/media/dvb-frontends/au8522_common.mod.o
  LD [M]  drivers/media/dvb-frontends/au8522_common.ko
  CC      drivers/media/dvb-frontends/au8522_decoder.mod.o
  LD [M]  drivers/media/dvb-frontends/au8522_decoder.ko
  CC      drivers/media/dvb-frontends/au8522_dig.mod.o
  LD [M]  drivers/media/dvb-frontends/au8522_dig.ko
  CC      drivers/media/dvb-frontends/bcm3510.mod.o
  LD [M]  drivers/media/dvb-frontends/bcm3510.ko
  CC      drivers/media/dvb-frontends/cx22700.mod.o
  LD [M]  drivers/media/dvb-frontends/cx22700.ko
  CC      drivers/media/dvb-frontends/cx22702.mod.o
  LD [M]  drivers/media/dvb-frontends/cx22702.ko
  CC      drivers/media/dvb-frontends/cx24110.mod.o
  LD [M]  drivers/media/dvb-frontends/cx24110.ko
  CC      drivers/media/dvb-frontends/cx24113.mod.o
  LD [M]  drivers/media/dvb-frontends/cx24113.ko
  CC      drivers/media/dvb-frontends/cx24116.mod.o
  LD [M]  drivers/media/dvb-frontends/cx24116.ko
  CC      drivers/media/dvb-frontends/cx24117.mod.o
  LD [M]  drivers/media/dvb-frontends/cx24117.ko
  CC      drivers/media/dvb-frontends/cx24123.mod.o
  LD [M]  drivers/media/dvb-frontends/cx24123.ko
  CC      drivers/media/dvb-frontends/cxd2820r.mod.o
  LD [M]  drivers/media/dvb-frontends/cxd2820r.ko
  CC      drivers/media/dvb-frontends/dib0070.mod.o
  LD [M]  drivers/media/dvb-frontends/dib0070.ko
  CC      drivers/media/dvb-frontends/dib0090.mod.o
  LD [M]  drivers/media/dvb-frontends/dib0090.ko
  CC      drivers/media/dvb-frontends/dib3000mb.mod.o
  LD [M]  drivers/media/dvb-frontends/dib3000mb.ko
  CC      drivers/media/dvb-frontends/dib3000mc.mod.o
  LD [M]  drivers/media/dvb-frontends/dib3000mc.ko
  CC      drivers/media/dvb-frontends/dib7000m.mod.o
  LD [M]  drivers/media/dvb-frontends/dib7000m.ko
  CC      drivers/media/dvb-frontends/dib7000p.mod.o
  LD [M]  drivers/media/dvb-frontends/dib7000p.ko
  CC      drivers/media/dvb-frontends/dib8000.mod.o
  LD [M]  drivers/media/dvb-frontends/dib8000.ko
  CC      drivers/media/dvb-frontends/dib9000.mod.o
  LD [M]  drivers/media/dvb-frontends/dib9000.ko
  CC      drivers/media/dvb-frontends/dibx000_common.mod.o
  LD [M]  drivers/media/dvb-frontends/dibx000_common.ko
  CC      drivers/media/dvb-frontends/drx39xyj/drx39xyj.mod.o
  LD [M]  drivers/media/dvb-frontends/drx39xyj/drx39xyj.ko
  CC      drivers/media/dvb-frontends/drxd.mod.o
  LD [M]  drivers/media/dvb-frontends/drxd.ko
  CC      drivers/media/dvb-frontends/drxk.mod.o
  LD [M]  drivers/media/dvb-frontends/drxk.ko
  CC      drivers/media/dvb-frontends/ds3000.mod.o
  LD [M]  drivers/media/dvb-frontends/ds3000.ko
  CC      drivers/media/dvb-frontends/dvb-pll.mod.o
  LD [M]  drivers/media/dvb-frontends/dvb-pll.ko
  CC      drivers/media/dvb-frontends/ec100.mod.o
  LD [M]  drivers/media/dvb-frontends/ec100.ko
  CC      drivers/media/dvb-frontends/hd29l2.mod.o
  LD [M]  drivers/media/dvb-frontends/hd29l2.ko
  CC      drivers/media/dvb-frontends/isl6405.mod.o
  LD [M]  drivers/media/dvb-frontends/isl6405.ko
  CC      drivers/media/dvb-frontends/isl6421.mod.o
  LD [M]  drivers/media/dvb-frontends/isl6421.ko
  CC      drivers/media/dvb-frontends/isl6423.mod.o
  LD [M]  drivers/media/dvb-frontends/isl6423.ko
  CC      drivers/media/dvb-frontends/itd1000.mod.o
  LD [M]  drivers/media/dvb-frontends/itd1000.ko
  CC      drivers/media/dvb-frontends/ix2505v.mod.o
  LD [M]  drivers/media/dvb-frontends/ix2505v.ko
  CC      drivers/media/dvb-frontends/l64781.mod.o
  LD [M]  drivers/media/dvb-frontends/l64781.ko
  CC      drivers/media/dvb-frontends/lg2160.mod.o
  LD [M]  drivers/media/dvb-frontends/lg2160.ko
  CC      drivers/media/dvb-frontends/lgdt3305.mod.o
  LD [M]  drivers/media/dvb-frontends/lgdt3305.ko
  CC      drivers/media/dvb-frontends/lgdt3306a.mod.o
  LD [M]  drivers/media/dvb-frontends/lgdt3306a.ko
  CC      drivers/media/dvb-frontends/lgdt330x.mod.o
  LD [M]  drivers/media/dvb-frontends/lgdt330x.ko
  CC      drivers/media/dvb-frontends/lgs8gl5.mod.o
  LD [M]  drivers/media/dvb-frontends/lgs8gl5.ko
  CC      drivers/media/dvb-frontends/lgs8gxx.mod.o
  LD [M]  drivers/media/dvb-frontends/lgs8gxx.ko
  CC      drivers/media/dvb-frontends/lnbp21.mod.o
  LD [M]  drivers/media/dvb-frontends/lnbp21.ko
  CC      drivers/media/dvb-frontends/lnbp22.mod.o
  LD [M]  drivers/media/dvb-frontends/lnbp22.ko
  CC      drivers/media/dvb-frontends/m88ds3103.mod.o
  LD [M]  drivers/media/dvb-frontends/m88ds3103.ko
  CC      drivers/media/dvb-frontends/m88rs2000.mod.o
  LD [M]  drivers/media/dvb-frontends/m88rs2000.ko
  CC      drivers/media/dvb-frontends/mb86a16.mod.o
  LD [M]  drivers/media/dvb-frontends/mb86a16.ko
  CC      drivers/media/dvb-frontends/mb86a20s.mod.o
  LD [M]  drivers/media/dvb-frontends/mb86a20s.ko
  CC      drivers/media/dvb-frontends/mt312.mod.o
  LD [M]  drivers/media/dvb-frontends/mt312.ko
  CC      drivers/media/dvb-frontends/mt352.mod.o
  LD [M]  drivers/media/dvb-frontends/mt352.ko
  CC      drivers/media/dvb-frontends/nxt200x.mod.o
  LD [M]  drivers/media/dvb-frontends/nxt200x.ko
  CC      drivers/media/dvb-frontends/nxt6000.mod.o
  LD [M]  drivers/media/dvb-frontends/nxt6000.ko
  CC      drivers/media/dvb-frontends/or51132.mod.o
  LD [M]  drivers/media/dvb-frontends/or51132.ko
  CC      drivers/media/dvb-frontends/or51211.mod.o
  LD [M]  drivers/media/dvb-frontends/or51211.ko
  CC      drivers/media/dvb-frontends/rtl2830.mod.o
  LD [M]  drivers/media/dvb-frontends/rtl2830.ko
  CC      drivers/media/dvb-frontends/rtl2832.mod.o
  LD [M]  drivers/media/dvb-frontends/rtl2832.ko
  CC      drivers/media/dvb-frontends/rtl2832_sdr.mod.o
  LD [M]  drivers/media/dvb-frontends/rtl2832_sdr.ko
  CC      drivers/media/dvb-frontends/s5h1409.mod.o
  LD [M]  drivers/media/dvb-frontends/s5h1409.ko
  CC      drivers/media/dvb-frontends/s5h1411.mod.o
  LD [M]  drivers/media/dvb-frontends/s5h1411.ko
  CC      drivers/media/dvb-frontends/s5h1420.mod.o
  LD [M]  drivers/media/dvb-frontends/s5h1420.ko
  CC      drivers/media/dvb-frontends/s5h1432.mod.o
  LD [M]  drivers/media/dvb-frontends/s5h1432.ko
  CC      drivers/media/dvb-frontends/s921.mod.o
  LD [M]  drivers/media/dvb-frontends/s921.ko
  CC      drivers/media/dvb-frontends/si2165.mod.o
  LD [M]  drivers/media/dvb-frontends/si2165.ko
  CC      drivers/media/dvb-frontends/si2168.mod.o
  LD [M]  drivers/media/dvb-frontends/si2168.ko
  CC      drivers/media/dvb-frontends/si21xx.mod.o
  LD [M]  drivers/media/dvb-frontends/si21xx.ko
  CC      drivers/media/dvb-frontends/sp2.mod.o
  LD [M]  drivers/media/dvb-frontends/sp2.ko
  CC      drivers/media/dvb-frontends/sp8870.mod.o
  LD [M]  drivers/media/dvb-frontends/sp8870.ko
  CC      drivers/media/dvb-frontends/sp887x.mod.o
  LD [M]  drivers/media/dvb-frontends/sp887x.ko
  CC      drivers/media/dvb-frontends/stb0899.mod.o
  LD [M]  drivers/media/dvb-frontends/stb0899.ko
  CC      drivers/media/dvb-frontends/stb6000.mod.o
  LD [M]  drivers/media/dvb-frontends/stb6000.ko
  CC      drivers/media/dvb-frontends/stb6100.mod.o
  LD [M]  drivers/media/dvb-frontends/stb6100.ko
  CC      drivers/media/dvb-frontends/stv0288.mod.o
  LD [M]  drivers/media/dvb-frontends/stv0288.ko
  CC      drivers/media/dvb-frontends/stv0297.mod.o
  LD [M]  drivers/media/dvb-frontends/stv0297.ko
  CC      drivers/media/dvb-frontends/stv0299.mod.o
  LD [M]  drivers/media/dvb-frontends/stv0299.ko
  CC      drivers/media/dvb-frontends/stv0367.mod.o
  LD [M]  drivers/media/dvb-frontends/stv0367.ko
  CC      drivers/media/dvb-frontends/stv0900.mod.o
  LD [M]  drivers/media/dvb-frontends/stv0900.ko
  CC      drivers/media/dvb-frontends/stv090x.mod.o
  LD [M]  drivers/media/dvb-frontends/stv090x.ko
  CC      drivers/media/dvb-frontends/stv6110.mod.o
  LD [M]  drivers/media/dvb-frontends/stv6110.ko
  CC      drivers/media/dvb-frontends/stv6110x.mod.o
  LD [M]  drivers/media/dvb-frontends/stv6110x.ko
  CC      drivers/media/dvb-frontends/tc90522.mod.o
  LD [M]  drivers/media/dvb-frontends/tc90522.ko
  CC      drivers/media/dvb-frontends/tda10021.mod.o
  LD [M]  drivers/media/dvb-frontends/tda10021.ko
  CC      drivers/media/dvb-frontends/tda10023.mod.o
  LD [M]  drivers/media/dvb-frontends/tda10023.ko
  CC      drivers/media/dvb-frontends/tda10048.mod.o
  LD [M]  drivers/media/dvb-frontends/tda10048.ko
  CC      drivers/media/dvb-frontends/tda1004x.mod.o
  LD [M]  drivers/media/dvb-frontends/tda1004x.ko
  CC      drivers/media/dvb-frontends/tda10071.mod.o
  LD [M]  drivers/media/dvb-frontends/tda10071.ko
  CC      drivers/media/dvb-frontends/tda10086.mod.o
  LD [M]  drivers/media/dvb-frontends/tda10086.ko
  CC      drivers/media/dvb-frontends/tda18271c2dd.mod.o
  LD [M]  drivers/media/dvb-frontends/tda18271c2dd.ko
  CC      drivers/media/dvb-frontends/tda665x.mod.o
  LD [M]  drivers/media/dvb-frontends/tda665x.ko
  CC      drivers/media/dvb-frontends/tda8083.mod.o
  LD [M]  drivers/media/dvb-frontends/tda8083.ko
  CC      drivers/media/dvb-frontends/tda8261.mod.o
  LD [M]  drivers/media/dvb-frontends/tda8261.ko
  CC      drivers/media/dvb-frontends/tda826x.mod.o
  LD [M]  drivers/media/dvb-frontends/tda826x.ko
  CC      drivers/media/dvb-frontends/ts2020.mod.o
  LD [M]  drivers/media/dvb-frontends/ts2020.ko
  CC      drivers/media/dvb-frontends/tua6100.mod.o
  LD [M]  drivers/media/dvb-frontends/tua6100.ko
  CC      drivers/media/dvb-frontends/ves1820.mod.o
  LD [M]  drivers/media/dvb-frontends/ves1820.ko
  CC      drivers/media/dvb-frontends/ves1x93.mod.o
  LD [M]  drivers/media/dvb-frontends/ves1x93.ko
  CC      drivers/media/dvb-frontends/zl10036.mod.o
  LD [M]  drivers/media/dvb-frontends/zl10036.ko
  CC      drivers/media/dvb-frontends/zl10039.mod.o
  LD [M]  drivers/media/dvb-frontends/zl10039.ko
  CC      drivers/media/dvb-frontends/zl10353.mod.o
  LD [M]  drivers/media/dvb-frontends/zl10353.ko
  CC      drivers/media/i2c/cs5345.mod.o
  LD [M]  drivers/media/i2c/cs5345.ko
  CC      drivers/media/i2c/cs53l32a.mod.o
  LD [M]  drivers/media/i2c/cs53l32a.ko
  CC      drivers/media/i2c/cx25840/cx25840.mod.o
  LD [M]  drivers/media/i2c/cx25840/cx25840.ko
  CC      drivers/media/i2c/ir-kbd-i2c.mod.o
  LD [M]  drivers/media/i2c/ir-kbd-i2c.ko
  CC      drivers/media/i2c/m52790.mod.o
  LD [M]  drivers/media/i2c/m52790.ko
  CC      drivers/media/i2c/msp3400.mod.o
  LD [M]  drivers/media/i2c/msp3400.ko
  CC      drivers/media/i2c/mt9t11x.mod.o
  LD [M]  drivers/media/i2c/mt9t11x.ko
  CC      drivers/media/i2c/mt9v011.mod.o
  LD [M]  drivers/media/i2c/mt9v011.ko
  CC      drivers/media/i2c/ov1063x.mod.o
  LD [M]  drivers/media/i2c/ov1063x.ko
  CC      drivers/media/i2c/ov2659.mod.o
  LD [M]  drivers/media/i2c/ov2659.ko
  CC      drivers/media/i2c/ov7670.mod.o
  LD [M]  drivers/media/i2c/ov7670.ko
  CC      drivers/media/i2c/saa6588.mod.o
  LD [M]  drivers/media/i2c/saa6588.ko
  CC      drivers/media/i2c/saa6752hs.mod.o
  LD [M]  drivers/media/i2c/saa6752hs.ko
  CC      drivers/media/i2c/saa7115.mod.o
  LD [M]  drivers/media/i2c/saa7115.ko
  CC      drivers/media/i2c/saa7127.mod.o
  LD [M]  drivers/media/i2c/saa7127.ko
  CC      drivers/media/i2c/saa717x.mod.o
  LD [M]  drivers/media/i2c/saa717x.ko
  CC      drivers/media/i2c/tda7432.mod.o
  LD [M]  drivers/media/i2c/tda7432.ko
  CC      drivers/media/i2c/tda9840.mod.o
  LD [M]  drivers/media/i2c/tda9840.ko
  CC      drivers/media/i2c/tea6415c.mod.o
  LD [M]  drivers/media/i2c/tea6415c.ko
  CC      drivers/media/i2c/tea6420.mod.o
  LD [M]  drivers/media/i2c/tea6420.ko
  CC      drivers/media/i2c/tvaudio.mod.o
  LD [M]  drivers/media/i2c/tvaudio.ko
  CC      drivers/media/i2c/tvp5150.mod.o
  LD [M]  drivers/media/i2c/tvp5150.ko
  CC      drivers/media/i2c/upd64031a.mod.o
  LD [M]  drivers/media/i2c/upd64031a.ko
  CC      drivers/media/i2c/upd64083.mod.o
  LD [M]  drivers/media/i2c/upd64083.ko
  CC      drivers/media/i2c/vp27smpx.mod.o
  LD [M]  drivers/media/i2c/vp27smpx.ko
  CC      drivers/media/i2c/wm8739.mod.o
  LD [M]  drivers/media/i2c/wm8739.ko
  CC      drivers/media/i2c/wm8775.mod.o
  LD [M]  drivers/media/i2c/wm8775.ko
  CC      drivers/media/media.mod.o
  LD [M]  drivers/media/media.ko
  CC      drivers/media/mmc/siano/smssdio.mod.o
  LD [M]  drivers/media/mmc/siano/smssdio.ko
  CC      drivers/media/pci/ttpci/ttpci-eeprom.mod.o
  LD [M]  drivers/media/pci/ttpci/ttpci-eeprom.ko
  CC      drivers/media/platform/m2m-deinterlace.mod.o
  LD [M]  drivers/media/platform/m2m-deinterlace.ko
  CC      drivers/media/platform/soc_camera/soc_camera.mod.o
  LD [M]  drivers/media/platform/soc_camera/soc_camera.ko
  CC      drivers/media/platform/soc_camera/soc_camera_platform.mod.o
  LD [M]  drivers/media/platform/soc_camera/soc_camera_platform.ko
  CC      drivers/media/platform/soc_camera/soc_mediabus.mod.o
  LD [M]  drivers/media/platform/soc_camera/soc_mediabus.ko
  CC      drivers/media/platform/vivid/vivid.mod.o
  LD [M]  drivers/media/platform/vivid/vivid.ko
  CC      drivers/media/radio/radio-keene.mod.o
  LD [M]  drivers/media/radio/radio-keene.ko
  CC      drivers/media/radio/radio-ma901.mod.o
  LD [M]  drivers/media/radio/radio-ma901.ko
  CC      drivers/media/radio/radio-mr800.mod.o
  LD [M]  drivers/media/radio/radio-mr800.ko
  CC      drivers/media/radio/radio-raremono.mod.o
  LD [M]  drivers/media/radio/radio-raremono.ko
  CC      drivers/media/radio/radio-shark.mod.o
  LD [M]  drivers/media/radio/radio-shark.ko
  CC      drivers/media/radio/shark2.mod.o
  LD [M]  drivers/media/radio/shark2.ko
  CC      drivers/media/radio/si470x/radio-usb-si470x.mod.o
  LD [M]  drivers/media/radio/si470x/radio-usb-si470x.ko
  CC      drivers/media/radio/si4713/si4713.mod.o
  LD [M]  drivers/media/radio/si4713/si4713.ko
  CC      drivers/media/radio/tea575x.mod.o
  LD [M]  drivers/media/radio/tea575x.ko
  CC      drivers/media/radio/wl128x/fm_drv.mod.o
  LD [M]  drivers/media/radio/wl128x/fm_drv.ko
  CC      drivers/media/rc/ati_remote.mod.o
  LD [M]  drivers/media/rc/ati_remote.ko
  CC      drivers/media/rc/gpio-ir-recv.mod.o
  LD [M]  drivers/media/rc/gpio-ir-recv.ko
  CC      drivers/media/rc/igorplugusb.mod.o
  LD [M]  drivers/media/rc/igorplugusb.ko
  CC      drivers/media/rc/iguanair.mod.o
  LD [M]  drivers/media/rc/iguanair.ko
  CC      drivers/media/rc/imon.mod.o
  LD [M]  drivers/media/rc/imon.ko
  CC      drivers/media/rc/ir-jvc-decoder.mod.o
  LD [M]  drivers/media/rc/ir-jvc-decoder.ko
  CC      drivers/media/rc/ir-lirc-codec.mod.o
  LD [M]  drivers/media/rc/ir-lirc-codec.ko
  CC      drivers/media/rc/ir-mce_kbd-decoder.mod.o
  LD [M]  drivers/media/rc/ir-mce_kbd-decoder.ko
  CC      drivers/media/rc/ir-nec-decoder.mod.o
  LD [M]  drivers/media/rc/ir-nec-decoder.ko
  CC      drivers/media/rc/ir-rc5-decoder.mod.o
  LD [M]  drivers/media/rc/ir-rc5-decoder.ko
  CC      drivers/media/rc/ir-rc6-decoder.mod.o
  LD [M]  drivers/media/rc/ir-rc6-decoder.ko
  CC      drivers/media/rc/ir-sanyo-decoder.mod.o
  LD [M]  drivers/media/rc/ir-sanyo-decoder.ko
  CC      drivers/media/rc/ir-sharp-decoder.mod.o
  LD [M]  drivers/media/rc/ir-sharp-decoder.ko
  CC      drivers/media/rc/ir-sony-decoder.mod.o
  LD [M]  drivers/media/rc/ir-sony-decoder.ko
  CC      drivers/media/rc/ir-xmp-decoder.mod.o
  LD [M]  drivers/media/rc/ir-xmp-decoder.ko
  CC      drivers/media/rc/keymaps/rc-adstech-dvb-t-pci.mod.o
  LD [M]  drivers/media/rc/keymaps/rc-adstech-dvb-t-pci.ko
  CC      drivers/media/rc/keymaps/rc-alink-dtu-m.mod.o
  LD [M]  drivers/media/rc/keymaps/rc-alink-dtu-m.ko
  CC      drivers/media/rc/keymaps/rc-anysee.mod.o
  LD [M]  drivers/media/rc/keymaps/rc-anysee.ko
  CC      drivers/media/rc/keymaps/rc-apac-viewcomp.mod.o
  LD [M]  drivers/media/rc/keymaps/rc-apac-viewcomp.ko
  CC      drivers/media/rc/keymaps/rc-asus-pc39.mod.o
  LD [M]  drivers/media/rc/keymaps/rc-asus-pc39.ko
  CC      drivers/media/rc/keymaps/rc-asus-ps3-100.mod.o
  LD [M]  drivers/media/rc/keymaps/rc-asus-ps3-100.ko
  CC      drivers/media/rc/keymaps/rc-ati-tv-wonder-hd-600.mod.o
  LD [M]  drivers/media/rc/keymaps/rc-ati-tv-wonder-hd-600.ko
  CC      drivers/media/rc/keymaps/rc-ati-x10.mod.o
  LD [M]  drivers/media/rc/keymaps/rc-ati-x10.ko
  CC      drivers/media/rc/keymaps/rc-avermedia-a16d.mod.o
  LD [M]  drivers/media/rc/keymaps/rc-avermedia-a16d.ko
  CC      drivers/media/rc/keymaps/rc-avermedia-cardbus.mod.o
  LD [M]  drivers/media/rc/keymaps/rc-avermedia-cardbus.ko
  CC      drivers/media/rc/keymaps/rc-avermedia-dvbt.mod.o
  LD [M]  drivers/media/rc/keymaps/rc-avermedia-dvbt.ko
  CC      drivers/media/rc/keymaps/rc-avermedia-m135a.mod.o
  LD [M]  drivers/media/rc/keymaps/rc-avermedia-m135a.ko
  CC      drivers/media/rc/keymaps/rc-avermedia-m733a-rm-k6.mod.o
  LD [M]  drivers/media/rc/keymaps/rc-avermedia-m733a-rm-k6.ko
  CC      drivers/media/rc/keymaps/rc-avermedia-rm-ks.mod.o
  LD [M]  drivers/media/rc/keymaps/rc-avermedia-rm-ks.ko
  CC      drivers/media/rc/keymaps/rc-avermedia.mod.o
  LD [M]  drivers/media/rc/keymaps/rc-avermedia.ko
  CC      drivers/media/rc/keymaps/rc-avertv-303.mod.o
  LD [M]  drivers/media/rc/keymaps/rc-avertv-303.ko
  CC      drivers/media/rc/keymaps/rc-azurewave-ad-tu700.mod.o
  LD [M]  drivers/media/rc/keymaps/rc-azurewave-ad-tu700.ko
  CC      drivers/media/rc/keymaps/rc-behold-columbus.mod.o
  LD [M]  drivers/media/rc/keymaps/rc-behold-columbus.ko
  CC      drivers/media/rc/keymaps/rc-behold.mod.o
  LD [M]  drivers/media/rc/keymaps/rc-behold.ko
  CC      drivers/media/rc/keymaps/rc-budget-ci-old.mod.o
  LD [M]  drivers/media/rc/keymaps/rc-budget-ci-old.ko
  CC      drivers/media/rc/keymaps/rc-cinergy-1400.mod.o
  LD [M]  drivers/media/rc/keymaps/rc-cinergy-1400.ko
  CC      drivers/media/rc/keymaps/rc-cinergy.mod.o
  LD [M]  drivers/media/rc/keymaps/rc-cinergy.ko
  CC      drivers/media/rc/keymaps/rc-delock-61959.mod.o
  LD [M]  drivers/media/rc/keymaps/rc-delock-61959.ko
  CC      drivers/media/rc/keymaps/rc-dib0700-nec.mod.o
  LD [M]  drivers/media/rc/keymaps/rc-dib0700-nec.ko
  CC      drivers/media/rc/keymaps/rc-dib0700-rc5.mod.o
  LD [M]  drivers/media/rc/keymaps/rc-dib0700-rc5.ko
  CC      drivers/media/rc/keymaps/rc-digitalnow-tinytwin.mod.o
  LD [M]  drivers/media/rc/keymaps/rc-digitalnow-tinytwin.ko
  CC      drivers/media/rc/keymaps/rc-digittrade.mod.o
  LD [M]  drivers/media/rc/keymaps/rc-digittrade.ko
  CC      drivers/media/rc/keymaps/rc-dm1105-nec.mod.o
  LD [M]  drivers/media/rc/keymaps/rc-dm1105-nec.ko
  CC      drivers/media/rc/keymaps/rc-dntv-live-dvb-t.mod.o
  LD [M]  drivers/media/rc/keymaps/rc-dntv-live-dvb-t.ko
  CC      drivers/media/rc/keymaps/rc-dntv-live-dvbt-pro.mod.o
  LD [M]  drivers/media/rc/keymaps/rc-dntv-live-dvbt-pro.ko
  CC      drivers/media/rc/keymaps/rc-dvbsky.mod.o
  LD [M]  drivers/media/rc/keymaps/rc-dvbsky.ko
  CC      drivers/media/rc/keymaps/rc-em-terratec.mod.o
  LD [M]  drivers/media/rc/keymaps/rc-em-terratec.ko
  CC      drivers/media/rc/keymaps/rc-encore-enltv-fm53.mod.o
  LD [M]  drivers/media/rc/keymaps/rc-encore-enltv-fm53.ko
  CC      drivers/media/rc/keymaps/rc-encore-enltv.mod.o
  LD [M]  drivers/media/rc/keymaps/rc-encore-enltv.ko
  CC      drivers/media/rc/keymaps/rc-encore-enltv2.mod.o
  LD [M]  drivers/media/rc/keymaps/rc-encore-enltv2.ko
  CC      drivers/media/rc/keymaps/rc-evga-indtube.mod.o
  LD [M]  drivers/media/rc/keymaps/rc-evga-indtube.ko
  CC      drivers/media/rc/keymaps/rc-eztv.mod.o
  LD [M]  drivers/media/rc/keymaps/rc-eztv.ko
  CC      drivers/media/rc/keymaps/rc-flydvb.mod.o
  LD [M]  drivers/media/rc/keymaps/rc-flydvb.ko
  CC      drivers/media/rc/keymaps/rc-flyvideo.mod.o
  LD [M]  drivers/media/rc/keymaps/rc-flyvideo.ko
  CC      drivers/media/rc/keymaps/rc-fusionhdtv-mce.mod.o
  LD [M]  drivers/media/rc/keymaps/rc-fusionhdtv-mce.ko
  CC      drivers/media/rc/keymaps/rc-gadmei-rm008z.mod.o
  LD [M]  drivers/media/rc/keymaps/rc-gadmei-rm008z.ko
  CC      drivers/media/rc/keymaps/rc-genius-tvgo-a11mce.mod.o
  LD [M]  drivers/media/rc/keymaps/rc-genius-tvgo-a11mce.ko
  CC      drivers/media/rc/keymaps/rc-gotview7135.mod.o
  LD [M]  drivers/media/rc/keymaps/rc-gotview7135.ko
  CC      drivers/media/rc/keymaps/rc-hauppauge.mod.o
  LD [M]  drivers/media/rc/keymaps/rc-hauppauge.ko
  CC      drivers/media/rc/keymaps/rc-imon-mce.mod.o
  LD [M]  drivers/media/rc/keymaps/rc-imon-mce.ko
  CC      drivers/media/rc/keymaps/rc-imon-pad.mod.o
  LD [M]  drivers/media/rc/keymaps/rc-imon-pad.ko
  CC      drivers/media/rc/keymaps/rc-iodata-bctv7e.mod.o
  LD [M]  drivers/media/rc/keymaps/rc-iodata-bctv7e.ko
  CC      drivers/media/rc/keymaps/rc-it913x-v1.mod.o
  LD [M]  drivers/media/rc/keymaps/rc-it913x-v1.ko
  CC      drivers/media/rc/keymaps/rc-it913x-v2.mod.o
  LD [M]  drivers/media/rc/keymaps/rc-it913x-v2.ko
  CC      drivers/media/rc/keymaps/rc-kaiomy.mod.o
  LD [M]  drivers/media/rc/keymaps/rc-kaiomy.ko
  CC      drivers/media/rc/keymaps/rc-kworld-315u.mod.o
  LD [M]  drivers/media/rc/keymaps/rc-kworld-315u.ko
  CC      drivers/media/rc/keymaps/rc-kworld-pc150u.mod.o
  LD [M]  drivers/media/rc/keymaps/rc-kworld-pc150u.ko
  CC      drivers/media/rc/keymaps/rc-kworld-plus-tv-analog.mod.o
  LD [M]  drivers/media/rc/keymaps/rc-kworld-plus-tv-analog.ko
  CC      drivers/media/rc/keymaps/rc-leadtek-y04g0051.mod.o
  LD [M]  drivers/media/rc/keymaps/rc-leadtek-y04g0051.ko
  CC      drivers/media/rc/keymaps/rc-lirc.mod.o
  LD [M]  drivers/media/rc/keymaps/rc-lirc.ko
  CC      drivers/media/rc/keymaps/rc-lme2510.mod.o
  LD [M]  drivers/media/rc/keymaps/rc-lme2510.ko
  CC      drivers/media/rc/keymaps/rc-manli.mod.o
  LD [M]  drivers/media/rc/keymaps/rc-manli.ko
  CC      drivers/media/rc/keymaps/rc-medion-x10-digitainer.mod.o
  LD [M]  drivers/media/rc/keymaps/rc-medion-x10-digitainer.ko
  CC      drivers/media/rc/keymaps/rc-medion-x10-or2x.mod.o
  LD [M]  drivers/media/rc/keymaps/rc-medion-x10-or2x.ko
  CC      drivers/media/rc/keymaps/rc-medion-x10.mod.o
  LD [M]  drivers/media/rc/keymaps/rc-medion-x10.ko
  CC      drivers/media/rc/keymaps/rc-msi-digivox-ii.mod.o
  LD [M]  drivers/media/rc/keymaps/rc-msi-digivox-ii.ko
  CC      drivers/media/rc/keymaps/rc-msi-digivox-iii.mod.o
  LD [M]  drivers/media/rc/keymaps/rc-msi-digivox-iii.ko
  CC      drivers/media/rc/keymaps/rc-msi-tvanywhere-plus.mod.o
  LD [M]  drivers/media/rc/keymaps/rc-msi-tvanywhere-plus.ko
  CC      drivers/media/rc/keymaps/rc-msi-tvanywhere.mod.o
  LD [M]  drivers/media/rc/keymaps/rc-msi-tvanywhere.ko
  CC      drivers/media/rc/keymaps/rc-nebula.mod.o
  LD [M]  drivers/media/rc/keymaps/rc-nebula.ko
  CC      drivers/media/rc/keymaps/rc-nec-terratec-cinergy-xs.mod.o
  LD [M]  drivers/media/rc/keymaps/rc-nec-terratec-cinergy-xs.ko
  CC      drivers/media/rc/keymaps/rc-norwood.mod.o
  LD [M]  drivers/media/rc/keymaps/rc-norwood.ko
  CC      drivers/media/rc/keymaps/rc-npgtech.mod.o
  LD [M]  drivers/media/rc/keymaps/rc-npgtech.ko
  CC      drivers/media/rc/keymaps/rc-pctv-sedna.mod.o
  LD [M]  drivers/media/rc/keymaps/rc-pctv-sedna.ko
  CC      drivers/media/rc/keymaps/rc-pinnacle-color.mod.o
  LD [M]  drivers/media/rc/keymaps/rc-pinnacle-color.ko
  CC      drivers/media/rc/keymaps/rc-pinnacle-grey.mod.o
  LD [M]  drivers/media/rc/keymaps/rc-pinnacle-grey.ko
  CC      drivers/media/rc/keymaps/rc-pinnacle-pctv-hd.mod.o
  LD [M]  drivers/media/rc/keymaps/rc-pinnacle-pctv-hd.ko
  CC      drivers/media/rc/keymaps/rc-pixelview-002t.mod.o
  LD [M]  drivers/media/rc/keymaps/rc-pixelview-002t.ko
  CC      drivers/media/rc/keymaps/rc-pixelview-mk12.mod.o
  LD [M]  drivers/media/rc/keymaps/rc-pixelview-mk12.ko
  CC      drivers/media/rc/keymaps/rc-pixelview-new.mod.o
  LD [M]  drivers/media/rc/keymaps/rc-pixelview-new.ko
  CC      drivers/media/rc/keymaps/rc-pixelview.mod.o
  LD [M]  drivers/media/rc/keymaps/rc-pixelview.ko
  CC      drivers/media/rc/keymaps/rc-powercolor-real-angel.mod.o
  LD [M]  drivers/media/rc/keymaps/rc-powercolor-real-angel.ko
  CC      drivers/media/rc/keymaps/rc-proteus-2309.mod.o
  LD [M]  drivers/media/rc/keymaps/rc-proteus-2309.ko
  CC      drivers/media/rc/keymaps/rc-purpletv.mod.o
  LD [M]  drivers/media/rc/keymaps/rc-purpletv.ko
  CC      drivers/media/rc/keymaps/rc-pv951.mod.o
  LD [M]  drivers/media/rc/keymaps/rc-pv951.ko
  CC      drivers/media/rc/keymaps/rc-rc6-mce.mod.o
  LD [M]  drivers/media/rc/keymaps/rc-rc6-mce.ko
  CC      drivers/media/rc/keymaps/rc-real-audio-220-32-keys.mod.o
  LD [M]  drivers/media/rc/keymaps/rc-real-audio-220-32-keys.ko
  CC      drivers/media/rc/keymaps/rc-reddo.mod.o
  LD [M]  drivers/media/rc/keymaps/rc-reddo.ko
  CC      drivers/media/rc/keymaps/rc-snapstream-firefly.mod.o
  LD [M]  drivers/media/rc/keymaps/rc-snapstream-firefly.ko
  CC      drivers/media/rc/keymaps/rc-streamzap.mod.o
  LD [M]  drivers/media/rc/keymaps/rc-streamzap.ko
  CC      drivers/media/rc/keymaps/rc-su3000.mod.o
  LD [M]  drivers/media/rc/keymaps/rc-su3000.ko
  CC      drivers/media/rc/keymaps/rc-tbs-nec.mod.o
  LD [M]  drivers/media/rc/keymaps/rc-tbs-nec.ko
  CC      drivers/media/rc/keymaps/rc-technisat-usb2.mod.o
  LD [M]  drivers/media/rc/keymaps/rc-technisat-usb2.ko
  CC      drivers/media/rc/keymaps/rc-terratec-cinergy-xs.mod.o
  LD [M]  drivers/media/rc/keymaps/rc-terratec-cinergy-xs.ko
  CC      drivers/media/rc/keymaps/rc-terratec-slim-2.mod.o
  LD [M]  drivers/media/rc/keymaps/rc-terratec-slim-2.ko
  CC      drivers/media/rc/keymaps/rc-terratec-slim.mod.o
  LD [M]  drivers/media/rc/keymaps/rc-terratec-slim.ko
  CC      drivers/media/rc/keymaps/rc-tevii-nec.mod.o
  LD [M]  drivers/media/rc/keymaps/rc-tevii-nec.ko
  CC      drivers/media/rc/keymaps/rc-tivo.mod.o
  LD [M]  drivers/media/rc/keymaps/rc-tivo.ko
  CC      drivers/media/rc/keymaps/rc-total-media-in-hand-02.mod.o
  LD [M]  drivers/media/rc/keymaps/rc-total-media-in-hand-02.ko
  CC      drivers/media/rc/keymaps/rc-total-media-in-hand.mod.o
  LD [M]  drivers/media/rc/keymaps/rc-total-media-in-hand.ko
  CC      drivers/media/rc/keymaps/rc-trekstor.mod.o
  LD [M]  drivers/media/rc/keymaps/rc-trekstor.ko
  CC      drivers/media/rc/keymaps/rc-tt-1500.mod.o
  LD [M]  drivers/media/rc/keymaps/rc-tt-1500.ko
  CC      drivers/media/rc/keymaps/rc-twinhan1027.mod.o
  LD [M]  drivers/media/rc/keymaps/rc-twinhan1027.ko
  CC      drivers/media/rc/keymaps/rc-videomate-m1f.mod.o
  LD [M]  drivers/media/rc/keymaps/rc-videomate-m1f.ko
  CC      drivers/media/rc/keymaps/rc-videomate-s350.mod.o
  LD [M]  drivers/media/rc/keymaps/rc-videomate-s350.ko
  CC      drivers/media/rc/keymaps/rc-videomate-tv-pvr.mod.o
  LD [M]  drivers/media/rc/keymaps/rc-videomate-tv-pvr.ko
  CC      drivers/media/rc/keymaps/rc-winfast-usbii-deluxe.mod.o
  LD [M]  drivers/media/rc/keymaps/rc-winfast-usbii-deluxe.ko
  CC      drivers/media/rc/keymaps/rc-winfast.mod.o
  LD [M]  drivers/media/rc/keymaps/rc-winfast.ko
  CC      drivers/media/rc/lirc_dev.mod.o
  LD [M]  drivers/media/rc/lirc_dev.ko
  CC      drivers/media/rc/mceusb.mod.o
  LD [M]  drivers/media/rc/mceusb.ko
  CC      drivers/media/rc/rc-core.mod.o
  LD [M]  drivers/media/rc/rc-core.ko
  CC      drivers/media/rc/rc-loopback.mod.o
  LD [M]  drivers/media/rc/rc-loopback.ko
  CC      drivers/media/rc/redrat3.mod.o
  LD [M]  drivers/media/rc/redrat3.ko
  CC      drivers/media/rc/streamzap.mod.o
  LD [M]  drivers/media/rc/streamzap.ko
  CC      drivers/media/rc/ttusbir.mod.o
  LD [M]  drivers/media/rc/ttusbir.ko
  CC      drivers/media/tuners/e4000.mod.o
  LD [M]  drivers/media/tuners/e4000.ko
  CC      drivers/media/tuners/fc0011.mod.o
  LD [M]  drivers/media/tuners/fc0011.ko
  CC      drivers/media/tuners/fc0012.mod.o
  LD [M]  drivers/media/tuners/fc0012.ko
  CC      drivers/media/tuners/fc0013.mod.o
  LD [M]  drivers/media/tuners/fc0013.ko
  CC      drivers/media/tuners/fc2580.mod.o
  LD [M]  drivers/media/tuners/fc2580.ko
  CC      drivers/media/tuners/it913x.mod.o
  LD [M]  drivers/media/tuners/it913x.ko
  CC      drivers/media/tuners/m88rs6000t.mod.o
  LD [M]  drivers/media/tuners/m88rs6000t.ko
  CC      drivers/media/tuners/max2165.mod.o
  LD [M]  drivers/media/tuners/max2165.ko
  CC      drivers/media/tuners/mc44s803.mod.o
  LD [M]  drivers/media/tuners/mc44s803.ko
  CC      drivers/media/tuners/msi001.mod.o
  LD [M]  drivers/media/tuners/msi001.ko
  CC      drivers/media/tuners/mt2060.mod.o
  LD [M]  drivers/media/tuners/mt2060.ko
  CC      drivers/media/tuners/mt2063.mod.o
  LD [M]  drivers/media/tuners/mt2063.ko
  CC      drivers/media/tuners/mt20xx.mod.o
  LD [M]  drivers/media/tuners/mt20xx.ko
  CC      drivers/media/tuners/mt2131.mod.o
  LD [M]  drivers/media/tuners/mt2131.ko
  CC      drivers/media/tuners/mt2266.mod.o
  LD [M]  drivers/media/tuners/mt2266.ko
  CC      drivers/media/tuners/mxl301rf.mod.o
  LD [M]  drivers/media/tuners/mxl301rf.ko
  CC      drivers/media/tuners/mxl5005s.mod.o
  LD [M]  drivers/media/tuners/mxl5005s.ko
  CC      drivers/media/tuners/mxl5007t.mod.o
  LD [M]  drivers/media/tuners/mxl5007t.ko
  CC      drivers/media/tuners/qm1d1c0042.mod.o
  LD [M]  drivers/media/tuners/qm1d1c0042.ko
  CC      drivers/media/tuners/qt1010.mod.o
  LD [M]  drivers/media/tuners/qt1010.ko
  CC      drivers/media/tuners/r820t.mod.o
  LD [M]  drivers/media/tuners/r820t.ko
  CC      drivers/media/tuners/si2157.mod.o
  LD [M]  drivers/media/tuners/si2157.ko
  CC      drivers/media/tuners/tda18212.mod.o
  LD [M]  drivers/media/tuners/tda18212.ko
  CC      drivers/media/tuners/tda18218.mod.o
  LD [M]  drivers/media/tuners/tda18218.ko
  CC      drivers/media/tuners/tda18271.mod.o
  LD [M]  drivers/media/tuners/tda18271.ko
  CC      drivers/media/tuners/tda827x.mod.o
  LD [M]  drivers/media/tuners/tda827x.ko
  CC      drivers/media/tuners/tda8290.mod.o
  LD [M]  drivers/media/tuners/tda8290.ko
  CC      drivers/media/tuners/tda9887.mod.o
  LD [M]  drivers/media/tuners/tda9887.ko
  CC      drivers/media/tuners/tea5761.mod.o
  LD [M]  drivers/media/tuners/tea5761.ko
  CC      drivers/media/tuners/tea5767.mod.o
  LD [M]  drivers/media/tuners/tea5767.ko
  CC      drivers/media/tuners/tua9001.mod.o
  LD [M]  drivers/media/tuners/tua9001.ko
  CC      drivers/media/tuners/tuner-simple.mod.o
  LD [M]  drivers/media/tuners/tuner-simple.ko
  CC      drivers/media/tuners/tuner-types.mod.o
  LD [M]  drivers/media/tuners/tuner-types.ko
  CC      drivers/media/tuners/tuner-xc2028.mod.o
  LD [M]  drivers/media/tuners/tuner-xc2028.ko
  CC      drivers/media/tuners/xc4000.mod.o
  LD [M]  drivers/media/tuners/xc4000.ko
  CC      drivers/media/tuners/xc5000.mod.o
  LD [M]  drivers/media/tuners/xc5000.ko
  CC      drivers/media/usb/airspy/airspy.mod.o
  LD [M]  drivers/media/usb/airspy/airspy.ko
  CC      drivers/media/usb/au0828/au0828.mod.o
  LD [M]  drivers/media/usb/au0828/au0828.ko
  CC      drivers/media/usb/b2c2/b2c2-flexcop-usb.mod.o
  LD [M]  drivers/media/usb/b2c2/b2c2-flexcop-usb.ko
  CC      drivers/media/usb/cpia2/cpia2.mod.o
  LD [M]  drivers/media/usb/cpia2/cpia2.ko
  CC      drivers/media/usb/cx231xx/cx231xx-alsa.mod.o
  LD [M]  drivers/media/usb/cx231xx/cx231xx-alsa.ko
  CC      drivers/media/usb/cx231xx/cx231xx-dvb.mod.o
  LD [M]  drivers/media/usb/cx231xx/cx231xx-dvb.ko
  CC      drivers/media/usb/cx231xx/cx231xx.mod.o
  LD [M]  drivers/media/usb/cx231xx/cx231xx.ko
  CC      drivers/media/usb/dvb-usb-v2/dvb-usb-af9015.mod.o
  LD [M]  drivers/media/usb/dvb-usb-v2/dvb-usb-af9015.ko
  CC      drivers/media/usb/dvb-usb-v2/dvb-usb-af9035.mod.o
  LD [M]  drivers/media/usb/dvb-usb-v2/dvb-usb-af9035.ko
  CC      drivers/media/usb/dvb-usb-v2/dvb-usb-anysee.mod.o
  LD [M]  drivers/media/usb/dvb-usb-v2/dvb-usb-anysee.ko
  CC      drivers/media/usb/dvb-usb-v2/dvb-usb-au6610.mod.o
  LD [M]  drivers/media/usb/dvb-usb-v2/dvb-usb-au6610.ko
  CC      drivers/media/usb/dvb-usb-v2/dvb-usb-az6007.mod.o
  LD [M]  drivers/media/usb/dvb-usb-v2/dvb-usb-az6007.ko
  CC      drivers/media/usb/dvb-usb-v2/dvb-usb-ce6230.mod.o
  LD [M]  drivers/media/usb/dvb-usb-v2/dvb-usb-ce6230.ko
  CC      drivers/media/usb/dvb-usb-v2/dvb-usb-dvbsky.mod.o
  LD [M]  drivers/media/usb/dvb-usb-v2/dvb-usb-dvbsky.ko
  CC      drivers/media/usb/dvb-usb-v2/dvb-usb-ec168.mod.o
  LD [M]  drivers/media/usb/dvb-usb-v2/dvb-usb-ec168.ko
  CC      drivers/media/usb/dvb-usb-v2/dvb-usb-gl861.mod.o
  LD [M]  drivers/media/usb/dvb-usb-v2/dvb-usb-gl861.ko
  CC      drivers/media/usb/dvb-usb-v2/dvb-usb-lmedm04.mod.o
  LD [M]  drivers/media/usb/dvb-usb-v2/dvb-usb-lmedm04.ko
  CC      drivers/media/usb/dvb-usb-v2/dvb-usb-mxl111sf.mod.o
  LD [M]  drivers/media/usb/dvb-usb-v2/dvb-usb-mxl111sf.ko
  CC      drivers/media/usb/dvb-usb-v2/dvb-usb-rtl28xxu.mod.o
  LD [M]  drivers/media/usb/dvb-usb-v2/dvb-usb-rtl28xxu.ko
  CC      drivers/media/usb/dvb-usb-v2/dvb_usb_v2.mod.o
  LD [M]  drivers/media/usb/dvb-usb-v2/dvb_usb_v2.ko
  CC      drivers/media/usb/dvb-usb-v2/mxl111sf-demod.mod.o
  LD [M]  drivers/media/usb/dvb-usb-v2/mxl111sf-demod.ko
  CC      drivers/media/usb/dvb-usb-v2/mxl111sf-tuner.mod.o
  LD [M]  drivers/media/usb/dvb-usb-v2/mxl111sf-tuner.ko
  CC      drivers/media/usb/dvb-usb/dvb-usb-a800.mod.o
  LD [M]  drivers/media/usb/dvb-usb/dvb-usb-a800.ko
  CC      drivers/media/usb/dvb-usb/dvb-usb-af9005-remote.mod.o
  LD [M]  drivers/media/usb/dvb-usb/dvb-usb-af9005-remote.ko
  CC      drivers/media/usb/dvb-usb/dvb-usb-af9005.mod.o
  LD [M]  drivers/media/usb/dvb-usb/dvb-usb-af9005.ko
  CC      drivers/media/usb/dvb-usb/dvb-usb-az6027.mod.o
  LD [M]  drivers/media/usb/dvb-usb/dvb-usb-az6027.ko
  CC      drivers/media/usb/dvb-usb/dvb-usb-cinergyT2.mod.o
  LD [M]  drivers/media/usb/dvb-usb/dvb-usb-cinergyT2.ko
  CC      drivers/media/usb/dvb-usb/dvb-usb-cxusb.mod.o
  LD [M]  drivers/media/usb/dvb-usb/dvb-usb-cxusb.ko
  CC      drivers/media/usb/dvb-usb/dvb-usb-dib0700.mod.o
  LD [M]  drivers/media/usb/dvb-usb/dvb-usb-dib0700.ko
  CC      drivers/media/usb/dvb-usb/dvb-usb-dibusb-common.mod.o
  LD [M]  drivers/media/usb/dvb-usb/dvb-usb-dibusb-common.ko
  CC      drivers/media/usb/dvb-usb/dvb-usb-dibusb-mb.mod.o
  LD [M]  drivers/media/usb/dvb-usb/dvb-usb-dibusb-mb.ko
  CC      drivers/media/usb/dvb-usb/dvb-usb-dibusb-mc.mod.o
  LD [M]  drivers/media/usb/dvb-usb/dvb-usb-dibusb-mc.ko
  CC      drivers/media/usb/dvb-usb/dvb-usb-digitv.mod.o
  LD [M]  drivers/media/usb/dvb-usb/dvb-usb-digitv.ko
  CC      drivers/media/usb/dvb-usb/dvb-usb-dtt200u.mod.o
  LD [M]  drivers/media/usb/dvb-usb/dvb-usb-dtt200u.ko
  CC      drivers/media/usb/dvb-usb/dvb-usb-dtv5100.mod.o
  LD [M]  drivers/media/usb/dvb-usb/dvb-usb-dtv5100.ko
  CC      drivers/media/usb/dvb-usb/dvb-usb-dw2102.mod.o
  LD [M]  drivers/media/usb/dvb-usb/dvb-usb-dw2102.ko
  CC      drivers/media/usb/dvb-usb/dvb-usb-friio.mod.o
  LD [M]  drivers/media/usb/dvb-usb/dvb-usb-friio.ko
  CC      drivers/media/usb/dvb-usb/dvb-usb-gp8psk.mod.o
  LD [M]  drivers/media/usb/dvb-usb/dvb-usb-gp8psk.ko
  CC      drivers/media/usb/dvb-usb/dvb-usb-m920x.mod.o
  LD [M]  drivers/media/usb/dvb-usb/dvb-usb-m920x.ko
  CC      drivers/media/usb/dvb-usb/dvb-usb-nova-t-usb2.mod.o
  LD [M]  drivers/media/usb/dvb-usb/dvb-usb-nova-t-usb2.ko
  CC      drivers/media/usb/dvb-usb/dvb-usb-opera.mod.o
  LD [M]  drivers/media/usb/dvb-usb/dvb-usb-opera.ko
  CC      drivers/media/usb/dvb-usb/dvb-usb-pctv452e.mod.o
  LD [M]  drivers/media/usb/dvb-usb/dvb-usb-pctv452e.ko
  CC      drivers/media/usb/dvb-usb/dvb-usb-technisat-usb2.mod.o
  LD [M]  drivers/media/usb/dvb-usb/dvb-usb-technisat-usb2.ko
  CC      drivers/media/usb/dvb-usb/dvb-usb-ttusb2.mod.o
  LD [M]  drivers/media/usb/dvb-usb/dvb-usb-ttusb2.ko
  CC      drivers/media/usb/dvb-usb/dvb-usb-umt-010.mod.o
  LD [M]  drivers/media/usb/dvb-usb/dvb-usb-umt-010.ko
  CC      drivers/media/usb/dvb-usb/dvb-usb-vp702x.mod.o
  LD [M]  drivers/media/usb/dvb-usb/dvb-usb-vp702x.ko
  CC      drivers/media/usb/dvb-usb/dvb-usb-vp7045.mod.o
  LD [M]  drivers/media/usb/dvb-usb/dvb-usb-vp7045.ko
  CC      drivers/media/usb/dvb-usb/dvb-usb.mod.o
  LD [M]  drivers/media/usb/dvb-usb/dvb-usb.ko
  CC      drivers/media/usb/em28xx/em28xx-alsa.mod.o
  LD [M]  drivers/media/usb/em28xx/em28xx-alsa.ko
  CC      drivers/media/usb/em28xx/em28xx-dvb.mod.o
  LD [M]  drivers/media/usb/em28xx/em28xx-dvb.ko
  CC      drivers/media/usb/em28xx/em28xx-rc.mod.o
  LD [M]  drivers/media/usb/em28xx/em28xx-rc.ko
  CC      drivers/media/usb/em28xx/em28xx-v4l.mod.o
  LD [M]  drivers/media/usb/em28xx/em28xx-v4l.ko
  CC      drivers/media/usb/em28xx/em28xx.mod.o
  LD [M]  drivers/media/usb/em28xx/em28xx.ko
  CC      drivers/media/usb/gspca/gl860/gspca_gl860.mod.o
  LD [M]  drivers/media/usb/gspca/gl860/gspca_gl860.ko
  CC      drivers/media/usb/gspca/gspca_benq.mod.o
  LD [M]  drivers/media/usb/gspca/gspca_benq.ko
  CC      drivers/media/usb/gspca/gspca_conex.mod.o
  LD [M]  drivers/media/usb/gspca/gspca_conex.ko
  CC      drivers/media/usb/gspca/gspca_cpia1.mod.o
  LD [M]  drivers/media/usb/gspca/gspca_cpia1.ko
  CC      drivers/media/usb/gspca/gspca_dtcs033.mod.o
  LD [M]  drivers/media/usb/gspca/gspca_dtcs033.ko
  CC      drivers/media/usb/gspca/gspca_etoms.mod.o
  LD [M]  drivers/media/usb/gspca/gspca_etoms.ko
  CC      drivers/media/usb/gspca/gspca_finepix.mod.o
  LD [M]  drivers/media/usb/gspca/gspca_finepix.ko
  CC      drivers/media/usb/gspca/gspca_jeilinj.mod.o
  LD [M]  drivers/media/usb/gspca/gspca_jeilinj.ko
  CC      drivers/media/usb/gspca/gspca_jl2005bcd.mod.o
  LD [M]  drivers/media/usb/gspca/gspca_jl2005bcd.ko
  CC      drivers/media/usb/gspca/gspca_kinect.mod.o
  LD [M]  drivers/media/usb/gspca/gspca_kinect.ko
  CC      drivers/media/usb/gspca/gspca_konica.mod.o
  LD [M]  drivers/media/usb/gspca/gspca_konica.ko
  CC      drivers/media/usb/gspca/gspca_main.mod.o
  LD [M]  drivers/media/usb/gspca/gspca_main.ko
  CC      drivers/media/usb/gspca/gspca_mars.mod.o
  LD [M]  drivers/media/usb/gspca/gspca_mars.ko
  CC      drivers/media/usb/gspca/gspca_mr97310a.mod.o
  LD [M]  drivers/media/usb/gspca/gspca_mr97310a.ko
  CC      drivers/media/usb/gspca/gspca_nw80x.mod.o
  LD [M]  drivers/media/usb/gspca/gspca_nw80x.ko
  CC      drivers/media/usb/gspca/gspca_ov519.mod.o
  LD [M]  drivers/media/usb/gspca/gspca_ov519.ko
  CC      drivers/media/usb/gspca/gspca_ov534.mod.o
  LD [M]  drivers/media/usb/gspca/gspca_ov534.ko
  CC      drivers/media/usb/gspca/gspca_ov534_9.mod.o
  LD [M]  drivers/media/usb/gspca/gspca_ov534_9.ko
  CC      drivers/media/usb/gspca/gspca_pac207.mod.o
  LD [M]  drivers/media/usb/gspca/gspca_pac207.ko
  CC      drivers/media/usb/gspca/gspca_pac7302.mod.o
  LD [M]  drivers/media/usb/gspca/gspca_pac7302.ko
  CC      drivers/media/usb/gspca/gspca_pac7311.mod.o
  LD [M]  drivers/media/usb/gspca/gspca_pac7311.ko
  CC      drivers/media/usb/gspca/gspca_se401.mod.o
  LD [M]  drivers/media/usb/gspca/gspca_se401.ko
  CC      drivers/media/usb/gspca/gspca_sn9c2028.mod.o
  LD [M]  drivers/media/usb/gspca/gspca_sn9c2028.ko
  CC      drivers/media/usb/gspca/gspca_sn9c20x.mod.o
  LD [M]  drivers/media/usb/gspca/gspca_sn9c20x.ko
  CC      drivers/media/usb/gspca/gspca_sonixb.mod.o
  LD [M]  drivers/media/usb/gspca/gspca_sonixb.ko
  CC      drivers/media/usb/gspca/gspca_sonixj.mod.o
  LD [M]  drivers/media/usb/gspca/gspca_sonixj.ko
  CC      drivers/media/usb/gspca/gspca_spca1528.mod.o
  LD [M]  drivers/media/usb/gspca/gspca_spca1528.ko
  CC      drivers/media/usb/gspca/gspca_spca500.mod.o
  LD [M]  drivers/media/usb/gspca/gspca_spca500.ko
  CC      drivers/media/usb/gspca/gspca_spca501.mod.o
  LD [M]  drivers/media/usb/gspca/gspca_spca501.ko
  CC      drivers/media/usb/gspca/gspca_spca505.mod.o
  LD [M]  drivers/media/usb/gspca/gspca_spca505.ko
  CC      drivers/media/usb/gspca/gspca_spca506.mod.o
  LD [M]  drivers/media/usb/gspca/gspca_spca506.ko
  CC      drivers/media/usb/gspca/gspca_spca508.mod.o
  LD [M]  drivers/media/usb/gspca/gspca_spca508.ko
  CC      drivers/media/usb/gspca/gspca_spca561.mod.o
  LD [M]  drivers/media/usb/gspca/gspca_spca561.ko
  CC      drivers/media/usb/gspca/gspca_sq905.mod.o
  LD [M]  drivers/media/usb/gspca/gspca_sq905.ko
  CC      drivers/media/usb/gspca/gspca_sq905c.mod.o
  LD [M]  drivers/media/usb/gspca/gspca_sq905c.ko
  CC      drivers/media/usb/gspca/gspca_sq930x.mod.o
  LD [M]  drivers/media/usb/gspca/gspca_sq930x.ko
  CC      drivers/media/usb/gspca/gspca_stk014.mod.o
  LD [M]  drivers/media/usb/gspca/gspca_stk014.ko
  CC      drivers/media/usb/gspca/gspca_stk1135.mod.o
  LD [M]  drivers/media/usb/gspca/gspca_stk1135.ko
  CC      drivers/media/usb/gspca/gspca_stv0680.mod.o
  LD [M]  drivers/media/usb/gspca/gspca_stv0680.ko
  CC      drivers/media/usb/gspca/gspca_sunplus.mod.o
  LD [M]  drivers/media/usb/gspca/gspca_sunplus.ko
  CC      drivers/media/usb/gspca/gspca_t613.mod.o
  LD [M]  drivers/media/usb/gspca/gspca_t613.ko
  CC      drivers/media/usb/gspca/gspca_topro.mod.o
  LD [M]  drivers/media/usb/gspca/gspca_topro.ko
  CC      drivers/media/usb/gspca/gspca_tv8532.mod.o
  LD [M]  drivers/media/usb/gspca/gspca_tv8532.ko
  CC      drivers/media/usb/gspca/gspca_vc032x.mod.o
  LD [M]  drivers/media/usb/gspca/gspca_vc032x.ko
  CC      drivers/media/usb/gspca/gspca_vicam.mod.o
  LD [M]  drivers/media/usb/gspca/gspca_vicam.ko
  CC      drivers/media/usb/gspca/gspca_xirlink_cit.mod.o
  LD [M]  drivers/media/usb/gspca/gspca_xirlink_cit.ko
  CC      drivers/media/usb/gspca/gspca_zc3xx.mod.o
  LD [M]  drivers/media/usb/gspca/gspca_zc3xx.ko
  CC      drivers/media/usb/gspca/m5602/gspca_m5602.mod.o
  LD [M]  drivers/media/usb/gspca/m5602/gspca_m5602.ko
  CC      drivers/media/usb/gspca/stv06xx/gspca_stv06xx.mod.o
  LD [M]  drivers/media/usb/gspca/stv06xx/gspca_stv06xx.ko
  CC      drivers/media/usb/hackrf/hackrf.mod.o
  LD [M]  drivers/media/usb/hackrf/hackrf.ko
  CC      drivers/media/usb/hdpvr/hdpvr.mod.o
  LD [M]  drivers/media/usb/hdpvr/hdpvr.ko
  CC      drivers/media/usb/msi2500/msi2500.mod.o
  LD [M]  drivers/media/usb/msi2500/msi2500.ko
  CC      drivers/media/usb/pvrusb2/pvrusb2.mod.o
  LD [M]  drivers/media/usb/pvrusb2/pvrusb2.ko
  CC      drivers/media/usb/pwc/pwc.mod.o
  LD [M]  drivers/media/usb/pwc/pwc.ko
  CC      drivers/media/usb/s2255/s2255drv.mod.o
  LD [M]  drivers/media/usb/s2255/s2255drv.ko
  CC      drivers/media/usb/siano/smsusb.mod.o
  LD [M]  drivers/media/usb/siano/smsusb.ko
  CC      drivers/media/usb/stk1160/stk1160.mod.o
  LD [M]  drivers/media/usb/stk1160/stk1160.ko
  CC      drivers/media/usb/stkwebcam/stkwebcam.mod.o
  LD [M]  drivers/media/usb/stkwebcam/stkwebcam.ko
  CC      drivers/media/usb/usbtv/usbtv.mod.o
  LD [M]  drivers/media/usb/usbtv/usbtv.ko
  CC      drivers/media/usb/usbvision/usbvision.mod.o
  LD [M]  drivers/media/usb/usbvision/usbvision.ko
  CC      drivers/media/usb/uvc/uvcvideo.mod.o
  LD [M]  drivers/media/usb/uvc/uvcvideo.ko
  CC      drivers/media/usb/zr364xx/zr364xx.mod.o
  LD [M]  drivers/media/usb/zr364xx/zr364xx.ko
  CC      drivers/media/v4l2-core/tuner.mod.o
  LD [M]  drivers/media/v4l2-core/tuner.ko
  CC      drivers/media/v4l2-core/v4l2-common.mod.o
  LD [M]  drivers/media/v4l2-core/v4l2-common.ko
  CC      drivers/media/v4l2-core/v4l2-dv-timings.mod.o
  LD [M]  drivers/media/v4l2-core/v4l2-dv-timings.ko
  CC      drivers/media/v4l2-core/v4l2-mem2mem.mod.o
  LD [M]  drivers/media/v4l2-core/v4l2-mem2mem.ko
  CC      drivers/media/v4l2-core/videobuf-core.mod.o
  LD [M]  drivers/media/v4l2-core/videobuf-core.ko
  CC      drivers/media/v4l2-core/videobuf-dvb.mod.o
  LD [M]  drivers/media/v4l2-core/videobuf-dvb.ko
  CC      drivers/media/v4l2-core/videobuf-vmalloc.mod.o
  LD [M]  drivers/media/v4l2-core/videobuf-vmalloc.ko
  CC      drivers/media/v4l2-core/videobuf2-core.mod.o
  LD [M]  drivers/media/v4l2-core/videobuf2-core.ko
  CC      drivers/media/v4l2-core/videobuf2-dma-contig.mod.o
  LD [M]  drivers/media/v4l2-core/videobuf2-dma-contig.ko
  CC      drivers/media/v4l2-core/videobuf2-dma-sg.mod.o
  LD [M]  drivers/media/v4l2-core/videobuf2-dma-sg.ko
  CC      drivers/media/v4l2-core/videobuf2-memops.mod.o
  LD [M]  drivers/media/v4l2-core/videobuf2-memops.ko
  CC      drivers/media/v4l2-core/videobuf2-vmalloc.mod.o
  LD [M]  drivers/media/v4l2-core/videobuf2-vmalloc.ko
  CC      drivers/media/v4l2-core/videodev.mod.o
  LD [M]  drivers/media/v4l2-core/videodev.ko
  CC      drivers/mfd/mc13xxx-core.mod.o
  LD [M]  drivers/mfd/mc13xxx-core.ko
  CC      drivers/mfd/mc13xxx-i2c.mod.o
  LD [M]  drivers/mfd/mc13xxx-i2c.ko
  CC      drivers/mfd/mc13xxx-spi.mod.o
  LD [M]  drivers/mfd/mc13xxx-spi.ko
  CC      drivers/mfd/rtsx_usb.mod.o
  LD [M]  drivers/mfd/rtsx_usb.ko
  CC      drivers/mfd/ti_am335x_tscadc.mod.o
  LD [M]  drivers/mfd/ti_am335x_tscadc.ko
  CC      drivers/mfd/viperboard.mod.o
  LD [M]  drivers/mfd/viperboard.ko
  CC      drivers/misc/ad525x_dpot-i2c.mod.o
  LD [M]  drivers/misc/ad525x_dpot-i2c.ko
  CC      drivers/misc/ad525x_dpot-spi.mod.o
  LD [M]  drivers/misc/ad525x_dpot-spi.ko
  CC      drivers/misc/ad525x_dpot.mod.o
  LD [M]  drivers/misc/ad525x_dpot.ko
  CC      drivers/misc/altera-stapl/altera-stapl.mod.o
  LD [M]  drivers/misc/altera-stapl/altera-stapl.ko
  CC      drivers/misc/apds9802als.mod.o
  LD [M]  drivers/misc/apds9802als.ko
  CC      drivers/misc/apds990x.mod.o
  LD [M]  drivers/misc/apds990x.ko
  CC      drivers/misc/bh1770glc.mod.o
  LD [M]  drivers/misc/bh1770glc.ko
  CC      drivers/misc/bh1780gli.mod.o
  LD [M]  drivers/misc/bh1780gli.ko
  CC      drivers/misc/c2port/core.mod.o
  LD [M]  drivers/misc/c2port/core.ko
  CC      drivers/misc/ds1682.mod.o
  LD [M]  drivers/misc/ds1682.ko
  CC      drivers/misc/eeprom/at25.mod.o
  LD [M]  drivers/misc/eeprom/at25.ko
  CC      drivers/misc/eeprom/eeprom.mod.o
  LD [M]  drivers/misc/eeprom/eeprom.ko
  CC      drivers/misc/eeprom/eeprom_93cx6.mod.o
  LD [M]  drivers/misc/eeprom/eeprom_93cx6.ko
  CC      drivers/misc/eeprom/max6875.mod.o
  LD [M]  drivers/misc/eeprom/max6875.ko
  CC      drivers/misc/enclosure.mod.o
  LD [M]  drivers/misc/enclosure.ko
  CC      drivers/misc/hmc6352.mod.o
  LD [M]  drivers/misc/hmc6352.ko
  CC      drivers/misc/hwlat_detector.mod.o
  LD [M]  drivers/misc/hwlat_detector.ko
  CC      drivers/misc/ics932s401.mod.o
  LD [M]  drivers/misc/ics932s401.ko
  CC      drivers/misc/isl29003.mod.o
  LD [M]  drivers/misc/isl29003.ko
  CC      drivers/misc/isl29020.mod.o
  LD [M]  drivers/misc/isl29020.ko
  CC      drivers/misc/lis3lv02d/lis3lv02d.mod.o
  LD [M]  drivers/misc/lis3lv02d/lis3lv02d.ko
  CC      drivers/misc/lis3lv02d/lis3lv02d_i2c.mod.o
  LD [M]  drivers/misc/lis3lv02d/lis3lv02d_i2c.ko
  CC      drivers/misc/ti-st/st_drv.mod.o
  LD [M]  drivers/misc/ti-st/st_drv.ko
  CC      drivers/misc/ti_dac7512.mod.o
  LD [M]  drivers/misc/ti_dac7512.ko
  CC      drivers/misc/tieqep.mod.o
  LD [M]  drivers/misc/tieqep.ko
  CC      drivers/misc/tsl2550.mod.o
  LD [M]  drivers/misc/tsl2550.ko
  CC      drivers/mmc/card/sdio_uart.mod.o
  LD [M]  drivers/mmc/card/sdio_uart.ko
  CC      drivers/mmc/host/dw_mmc-exynos.mod.o
  LD [M]  drivers/mmc/host/dw_mmc-exynos.ko
  CC      drivers/mmc/host/dw_mmc-pltfm.mod.o
  LD [M]  drivers/mmc/host/dw_mmc-pltfm.ko
  CC      drivers/mmc/host/dw_mmc.mod.o
  LD [M]  drivers/mmc/host/dw_mmc.ko
  CC      drivers/mmc/host/rtsx_usb_sdmmc.mod.o
  LD [M]  drivers/mmc/host/rtsx_usb_sdmmc.ko
  CC      drivers/mmc/host/sdhci-pltfm.mod.o
  LD [M]  drivers/mmc/host/sdhci-pltfm.ko
  CC      drivers/mmc/host/sdhci.mod.o
  LD [M]  drivers/mmc/host/sdhci.ko
  CC      drivers/mmc/host/ushc.mod.o
  LD [M]  drivers/mmc/host/ushc.ko
  CC      drivers/mmc/host/vub300.mod.o
  LD [M]  drivers/mmc/host/vub300.ko
  CC      drivers/mtd/ar7part.mod.o
  LD [M]  drivers/mtd/ar7part.ko
  CC      drivers/mtd/chips/map_ram.mod.o
  LD [M]  drivers/mtd/chips/map_ram.ko
  CC      drivers/mtd/devices/m25p80.mod.o
  LD [M]  drivers/mtd/devices/m25p80.ko
  CC      drivers/mtd/devices/mtd_dataflash.mod.o
  LD [M]  drivers/mtd/devices/mtd_dataflash.ko
  CC      drivers/mtd/devices/sst25l.mod.o
  LD [M]  drivers/mtd/devices/sst25l.ko
  CC      drivers/mtd/lpddr/lpddr_cmds.mod.o
  LD [M]  drivers/mtd/lpddr/lpddr_cmds.ko
  CC      drivers/mtd/lpddr/qinfo_probe.mod.o
  LD [M]  drivers/mtd/lpddr/qinfo_probe.ko
  CC      drivers/mtd/maps/physmap.mod.o
  LD [M]  drivers/mtd/maps/physmap.ko
  CC      drivers/mtd/maps/plat-ram.mod.o
  LD [M]  drivers/mtd/maps/plat-ram.ko
  CC      drivers/mtd/mtd_blkdevs.mod.o
  LD [M]  drivers/mtd/mtd_blkdevs.ko
  CC      drivers/mtd/mtdblock.mod.o
  LD [M]  drivers/mtd/mtdblock.ko
  CC      drivers/mtd/mtdblock_ro.mod.o
  LD [M]  drivers/mtd/mtdblock_ro.ko
  CC      drivers/mtd/mtdoops.mod.o
  LD [M]  drivers/mtd/mtdoops.ko
  CC      drivers/mtd/mtdswap.mod.o
  LD [M]  drivers/mtd/mtdswap.ko
  CC      drivers/mtd/nand/nandsim.mod.o
  LD [M]  drivers/mtd/nand/nandsim.ko
  CC      drivers/mtd/nand/omap2.mod.o
  LD [M]  drivers/mtd/nand/omap2.ko
  CC      drivers/mtd/ofpart.mod.o
  LD [M]  drivers/mtd/ofpart.ko
  CC      drivers/mtd/rfd_ftl.mod.o
  LD [M]  drivers/mtd/rfd_ftl.ko
  CC      drivers/mtd/spi-nor/spi-nor.mod.o
  LD [M]  drivers/mtd/spi-nor/spi-nor.ko
  CC      drivers/mtd/ssfdc.mod.o
  LD [M]  drivers/mtd/ssfdc.ko
  CC      drivers/mtd/ubi/ubi.mod.o
  LD [M]  drivers/mtd/ubi/ubi.ko
  CC      drivers/net/appletalk/ipddp.mod.o
  LD [M]  drivers/net/appletalk/ipddp.ko
  CC      drivers/net/bonding/bonding.mod.o
  LD [M]  drivers/net/bonding/bonding.ko
  CC      drivers/net/can/c_can/c_can.mod.o
  LD [M]  drivers/net/can/c_can/c_can.ko
  CC      drivers/net/can/c_can/c_can_platform.mod.o
  LD [M]  drivers/net/can/c_can/c_can_platform.ko
  CC      drivers/net/can/can-dev.mod.o
  LD [M]  drivers/net/can/can-dev.ko
  CC      drivers/net/can/sja1000/sja1000.mod.o
  LD [M]  drivers/net/can/sja1000/sja1000.ko
  CC      drivers/net/can/sja1000/sja1000_isa.mod.o
  LD [M]  drivers/net/can/sja1000/sja1000_isa.ko
  CC      drivers/net/can/slcan.mod.o
  LD [M]  drivers/net/can/slcan.ko
  CC      drivers/net/can/softing/softing.mod.o
  LD [M]  drivers/net/can/softing/softing.ko
  CC      drivers/net/can/spi/mcp251x.mod.o
  LD [M]  drivers/net/can/spi/mcp251x.ko
  CC      drivers/net/can/usb/ems_usb.mod.o
  LD [M]  drivers/net/can/usb/ems_usb.ko
  CC      drivers/net/can/usb/esd_usb2.mod.o
  LD [M]  drivers/net/can/usb/esd_usb2.ko
  CC      drivers/net/can/usb/gs_usb.mod.o
  LD [M]  drivers/net/can/usb/gs_usb.ko
  CC      drivers/net/can/usb/kvaser_usb.mod.o
  LD [M]  drivers/net/can/usb/kvaser_usb.ko
  CC      drivers/net/can/usb/peak_usb/peak_usb.mod.o
  LD [M]  drivers/net/can/usb/peak_usb/peak_usb.ko
  CC      drivers/net/can/usb/usb_8dev.mod.o
  LD [M]  drivers/net/can/usb/usb_8dev.ko
  CC      drivers/net/can/vcan.mod.o
  LD [M]  drivers/net/can/vcan.ko
  CC      drivers/net/dummy.mod.o
  LD [M]  drivers/net/dummy.ko
  CC      drivers/net/eql.mod.o
  LD [M]  drivers/net/eql.ko
  CC      drivers/net/ethernet/microchip/enc28j60.mod.o
  LD [M]  drivers/net/ethernet/microchip/enc28j60.ko
  CC      drivers/net/ifb.mod.o
  LD [M]  drivers/net/ifb.ko
  CC      drivers/net/ipvlan/ipvlan.mod.o
  LD [M]  drivers/net/ipvlan/ipvlan.ko
  CC      drivers/net/macvlan.mod.o
  LD [M]  drivers/net/macvlan.ko
  CC      drivers/net/macvtap.mod.o
  LD [M]  drivers/net/macvtap.ko
  CC      drivers/net/netconsole.mod.o
  LD [M]  drivers/net/netconsole.ko
  CC      drivers/net/nlmon.mod.o
  LD [M]  drivers/net/nlmon.ko
  CC      drivers/net/ppp/bsd_comp.mod.o
  LD [M]  drivers/net/ppp/bsd_comp.ko
  CC      drivers/net/ppp/ppp_async.mod.o
  LD [M]  drivers/net/ppp/ppp_async.ko
  CC      drivers/net/ppp/ppp_deflate.mod.o
  LD [M]  drivers/net/ppp/ppp_deflate.ko
  CC      drivers/net/ppp/ppp_generic.mod.o
  LD [M]  drivers/net/ppp/ppp_generic.ko
  CC      drivers/net/ppp/ppp_mppe.mod.o
  LD [M]  drivers/net/ppp/ppp_mppe.ko
  CC      drivers/net/ppp/ppp_synctty.mod.o
  LD [M]  drivers/net/ppp/ppp_synctty.ko
  CC      drivers/net/ppp/pppoe.mod.o
  LD [M]  drivers/net/ppp/pppoe.ko
  CC      drivers/net/ppp/pppox.mod.o
  LD [M]  drivers/net/ppp/pppox.ko
  CC      drivers/net/ppp/pptp.mod.o
  LD [M]  drivers/net/ppp/pptp.ko
  CC      drivers/net/slip/slhc.mod.o
  LD [M]  drivers/net/slip/slhc.ko
  CC      drivers/net/slip/slip.mod.o
  LD [M]  drivers/net/slip/slip.ko
  CC      drivers/net/team/team.mod.o
  LD [M]  drivers/net/team/team.ko
  CC      drivers/net/team/team_mode_activebackup.mod.o
  LD [M]  drivers/net/team/team_mode_activebackup.ko
  CC      drivers/net/team/team_mode_broadcast.mod.o
  LD [M]  drivers/net/team/team_mode_broadcast.ko
  CC      drivers/net/team/team_mode_loadbalance.mod.o
  LD [M]  drivers/net/team/team_mode_loadbalance.ko
  CC      drivers/net/team/team_mode_random.mod.o
  LD [M]  drivers/net/team/team_mode_random.ko
  CC      drivers/net/team/team_mode_roundrobin.mod.o
  LD [M]  drivers/net/team/team_mode_roundrobin.ko
  CC      drivers/net/tun.mod.o
  LD [M]  drivers/net/tun.ko
  CC      drivers/net/usb/asix.mod.o
  LD [M]  drivers/net/usb/asix.ko
  CC      drivers/net/usb/ax88179_178a.mod.o
  LD [M]  drivers/net/usb/ax88179_178a.ko
  CC      drivers/net/usb/catc.mod.o
  LD [M]  drivers/net/usb/catc.ko
  CC      drivers/net/usb/cdc-phonet.mod.o
  LD [M]  drivers/net/usb/cdc-phonet.ko
  CC      drivers/net/usb/cdc_eem.mod.o
  LD [M]  drivers/net/usb/cdc_eem.ko
  CC      drivers/net/usb/cdc_ether.mod.o
  LD [M]  drivers/net/usb/cdc_ether.ko
  CC      drivers/net/usb/cdc_mbim.mod.o
  LD [M]  drivers/net/usb/cdc_mbim.ko
  CC      drivers/net/usb/cdc_ncm.mod.o
  LD [M]  drivers/net/usb/cdc_ncm.ko
  CC      drivers/net/usb/cdc_subset.mod.o
  LD [M]  drivers/net/usb/cdc_subset.ko
  CC      drivers/net/usb/cx82310_eth.mod.o
  LD [M]  drivers/net/usb/cx82310_eth.ko
  CC      drivers/net/usb/dm9601.mod.o
  LD [M]  drivers/net/usb/dm9601.ko
  CC      drivers/net/usb/gl620a.mod.o
  LD [M]  drivers/net/usb/gl620a.ko
  CC      drivers/net/usb/hso.mod.o
  LD [M]  drivers/net/usb/hso.ko
  CC      drivers/net/usb/huawei_cdc_ncm.mod.o
  LD [M]  drivers/net/usb/huawei_cdc_ncm.ko
  CC      drivers/net/usb/int51x1.mod.o
  LD [M]  drivers/net/usb/int51x1.ko
  CC      drivers/net/usb/ipheth.mod.o
  LD [M]  drivers/net/usb/ipheth.ko
  CC      drivers/net/usb/kalmia.mod.o
  LD [M]  drivers/net/usb/kalmia.ko
  CC      drivers/net/usb/kaweth.mod.o
  LD [M]  drivers/net/usb/kaweth.ko
  CC      drivers/net/usb/lg-vl600.mod.o
  LD [M]  drivers/net/usb/lg-vl600.ko
  CC      drivers/net/usb/mcs7830.mod.o
  LD [M]  drivers/net/usb/mcs7830.ko
  CC      drivers/net/usb/net1080.mod.o
  LD [M]  drivers/net/usb/net1080.ko
  CC      drivers/net/usb/plusb.mod.o
  LD [M]  drivers/net/usb/plusb.ko
  CC      drivers/net/usb/qmi_wwan.mod.o
  LD [M]  drivers/net/usb/qmi_wwan.ko
  CC      drivers/net/usb/rndis_host.mod.o
  LD [M]  drivers/net/usb/rndis_host.ko
  CC      drivers/net/usb/sierra_net.mod.o
  LD [M]  drivers/net/usb/sierra_net.ko
  CC      drivers/net/usb/smsc75xx.mod.o
  LD [M]  drivers/net/usb/smsc75xx.ko
  CC      drivers/net/usb/smsc95xx.mod.o
  LD [M]  drivers/net/usb/smsc95xx.ko
  CC      drivers/net/usb/sr9700.mod.o
  LD [M]  drivers/net/usb/sr9700.ko
  CC      drivers/net/usb/sr9800.mod.o
  LD [M]  drivers/net/usb/sr9800.ko
  CC      drivers/net/usb/zaurus.mod.o
  LD [M]  drivers/net/usb/zaurus.ko
  CC      drivers/net/veth.mod.o
  LD [M]  drivers/net/veth.ko
  CC      drivers/net/virtio_net.mod.o
  LD [M]  drivers/net/virtio_net.ko
  CC      drivers/net/vxlan.mod.o
  LD [M]  drivers/net/vxlan.ko
  CC      drivers/net/wimax/i2400m/i2400m-usb.mod.o
  LD [M]  drivers/net/wimax/i2400m/i2400m-usb.ko
  CC      drivers/net/wimax/i2400m/i2400m.mod.o
  LD [M]  drivers/net/wimax/i2400m/i2400m.ko
  CC      drivers/net/wireless/at76c50x-usb.mod.o
  LD [M]  drivers/net/wireless/at76c50x-usb.ko
  CC      drivers/net/wireless/ath/ar5523/ar5523.mod.o
  LD [M]  drivers/net/wireless/ath/ar5523/ar5523.ko
  CC      drivers/net/wireless/ath/ath.mod.o
  LD [M]  drivers/net/wireless/ath/ath.ko
  CC      drivers/net/wireless/ath/ath10k/ath10k_core.mod.o
  LD [M]  drivers/net/wireless/ath/ath10k/ath10k_core.ko
  CC      drivers/net/wireless/ath/ath6kl/ath6kl_core.mod.o
  LD [M]  drivers/net/wireless/ath/ath6kl/ath6kl_core.ko
  CC      drivers/net/wireless/ath/ath6kl/ath6kl_sdio.mod.o
  LD [M]  drivers/net/wireless/ath/ath6kl/ath6kl_sdio.ko
  CC      drivers/net/wireless/ath/ath6kl/ath6kl_usb.mod.o
  LD [M]  drivers/net/wireless/ath/ath6kl/ath6kl_usb.ko
  CC      drivers/net/wireless/ath/ath9k/ath9k.mod.o
  LD [M]  drivers/net/wireless/ath/ath9k/ath9k.ko
  CC      drivers/net/wireless/ath/ath9k/ath9k_common.mod.o
  LD [M]  drivers/net/wireless/ath/ath9k/ath9k_common.ko
  CC      drivers/net/wireless/ath/ath9k/ath9k_htc.mod.o
  LD [M]  drivers/net/wireless/ath/ath9k/ath9k_htc.ko
  CC      drivers/net/wireless/ath/ath9k/ath9k_hw.mod.o
  LD [M]  drivers/net/wireless/ath/ath9k/ath9k_hw.ko
  CC      drivers/net/wireless/ath/carl9170/carl9170.mod.o
  LD [M]  drivers/net/wireless/ath/carl9170/carl9170.ko
  CC      drivers/net/wireless/b43/b43.mod.o
  LD [M]  drivers/net/wireless/b43/b43.ko
  CC      drivers/net/wireless/b43legacy/b43legacy.mod.o
  LD [M]  drivers/net/wireless/b43legacy/b43legacy.ko
  CC      drivers/net/wireless/brcm80211/brcmfmac/brcmfmac.mod.o
  LD [M]  drivers/net/wireless/brcm80211/brcmfmac/brcmfmac.ko
  CC      drivers/net/wireless/brcm80211/brcmsmac/brcmsmac.mod.o
  LD [M]  drivers/net/wireless/brcm80211/brcmsmac/brcmsmac.ko
  CC      drivers/net/wireless/brcm80211/brcmutil/brcmutil.mod.o
  LD [M]  drivers/net/wireless/brcm80211/brcmutil/brcmutil.ko
  CC      drivers/net/wireless/hostap/hostap.mod.o
  LD [M]  drivers/net/wireless/hostap/hostap.ko
  CC      drivers/net/wireless/iwlwifi/dvm/iwldvm.mod.o
  LD [M]  drivers/net/wireless/iwlwifi/dvm/iwldvm.ko
  CC      drivers/net/wireless/iwlwifi/iwlwifi.mod.o
  LD [M]  drivers/net/wireless/iwlwifi/iwlwifi.ko
  CC      drivers/net/wireless/libertas/libertas.mod.o
  LD [M]  drivers/net/wireless/libertas/libertas.ko
  CC      drivers/net/wireless/libertas/libertas_sdio.mod.o
  LD [M]  drivers/net/wireless/libertas/libertas_sdio.ko
  CC      drivers/net/wireless/libertas/usb8xxx.mod.o
  LD [M]  drivers/net/wireless/libertas/usb8xxx.ko
  CC      drivers/net/wireless/libertas_tf/libertas_tf.mod.o
  LD [M]  drivers/net/wireless/libertas_tf/libertas_tf.ko
  CC      drivers/net/wireless/libertas_tf/libertas_tf_usb.mod.o
  LD [M]  drivers/net/wireless/libertas_tf/libertas_tf_usb.ko
  CC      drivers/net/wireless/mac80211_hwsim.mod.o
  LD [M]  drivers/net/wireless/mac80211_hwsim.ko
  CC      drivers/net/wireless/mediatek/mt7601u/mt7601u.mod.o
  LD [M]  drivers/net/wireless/mediatek/mt7601u/mt7601u.ko
  CC      drivers/net/wireless/p54/p54common.mod.o
  LD [M]  drivers/net/wireless/p54/p54common.ko
  CC      drivers/net/wireless/p54/p54usb.mod.o
  LD [M]  drivers/net/wireless/p54/p54usb.ko
  CC      drivers/net/wireless/rndis_wlan.mod.o
  LD [M]  drivers/net/wireless/rndis_wlan.ko
  CC      drivers/net/wireless/rsi/rsi_91x.mod.o
  LD [M]  drivers/net/wireless/rsi/rsi_91x.ko
  CC      drivers/net/wireless/rsi/rsi_usb.mod.o
  LD [M]  drivers/net/wireless/rsi/rsi_usb.ko
  CC      drivers/net/wireless/rt2x00/rt2500usb.mod.o
  LD [M]  drivers/net/wireless/rt2x00/rt2500usb.ko
  CC      drivers/net/wireless/rt2x00/rt2800lib.mod.o
  LD [M]  drivers/net/wireless/rt2x00/rt2800lib.ko
  CC      drivers/net/wireless/rt2x00/rt2800usb.mod.o
  LD [M]  drivers/net/wireless/rt2x00/rt2800usb.ko
  CC      drivers/net/wireless/rt2x00/rt2x00lib.mod.o
  LD [M]  drivers/net/wireless/rt2x00/rt2x00lib.ko
  CC      drivers/net/wireless/rt2x00/rt2x00usb.mod.o
  LD [M]  drivers/net/wireless/rt2x00/rt2x00usb.ko
  CC      drivers/net/wireless/rt2x00/rt73usb.mod.o
  LD [M]  drivers/net/wireless/rt2x00/rt73usb.ko
  CC      drivers/net/wireless/rtl818x/rtl8187/rtl8187.mod.o
  LD [M]  drivers/net/wireless/rtl818x/rtl8187/rtl8187.ko
  CC      drivers/net/wireless/rtlwifi/rtl8192c/rtl8192c-common.mod.o
  LD [M]  drivers/net/wireless/rtlwifi/rtl8192c/rtl8192c-common.ko
  CC      drivers/net/wireless/rtlwifi/rtl8192cu/rtl8192cu.mod.o
  LD [M]  drivers/net/wireless/rtlwifi/rtl8192cu/rtl8192cu.ko
  CC      drivers/net/wireless/rtlwifi/rtl_usb.mod.o
  LD [M]  drivers/net/wireless/rtlwifi/rtl_usb.ko
  CC      drivers/net/wireless/rtlwifi/rtlwifi.mod.o
  LD [M]  drivers/net/wireless/rtlwifi/rtlwifi.ko
  CC      drivers/net/wireless/ti/wl1251/wl1251.mod.o
  LD [M]  drivers/net/wireless/ti/wl1251/wl1251.ko
  CC      drivers/net/wireless/ti/wl1251/wl1251_sdio.mod.o
  LD [M]  drivers/net/wireless/ti/wl1251/wl1251_sdio.ko
  CC      drivers/net/wireless/ti/wl1251/wl1251_spi.mod.o
  LD [M]  drivers/net/wireless/ti/wl1251/wl1251_spi.ko
  CC      drivers/net/wireless/ti/wl12xx/wl12xx.mod.o
  LD [M]  drivers/net/wireless/ti/wl12xx/wl12xx.ko
  CC      drivers/net/wireless/ti/wl18xx/wl18xx.mod.o
  LD [M]  drivers/net/wireless/ti/wl18xx/wl18xx.ko
  CC      drivers/net/wireless/ti/wlcore/wlcore.mod.o
  LD [M]  drivers/net/wireless/ti/wlcore/wlcore.ko
  CC      drivers/net/wireless/ti/wlcore/wlcore_sdio.mod.o
  LD [M]  drivers/net/wireless/ti/wlcore/wlcore_sdio.ko
  CC      drivers/net/wireless/ti/wlcore/wlcore_spi.mod.o
  LD [M]  drivers/net/wireless/ti/wlcore/wlcore_spi.ko
  CC      drivers/net/wireless/zd1211rw/zd1211rw.mod.o
  LD [M]  drivers/net/wireless/zd1211rw/zd1211rw.ko
  CC      drivers/nfc/nfcsim.mod.o
  LD [M]  drivers/nfc/nfcsim.ko
  CC      drivers/nfc/pn533.mod.o
  LD [M]  drivers/nfc/pn533.ko
  CC      drivers/nfc/port100.mod.o
  LD [M]  drivers/nfc/port100.ko
  CC      drivers/parport/parport.mod.o
  LD [M]  drivers/parport/parport.ko
  CC      drivers/power/bq2415x_charger.mod.o
  LD [M]  drivers/power/bq2415x_charger.ko
  CC      drivers/power/bq27x00_battery.mod.o
  LD [M]  drivers/power/bq27x00_battery.ko
  CC      drivers/power/isp1704_charger.mod.o
  LD [M]  drivers/power/isp1704_charger.ko
  CC      drivers/pps/clients/pps-gpio.mod.o
  LD [M]  drivers/pps/clients/pps-gpio.ko
  CC      drivers/pps/clients/pps-ldisc.mod.o
  LD [M]  drivers/pps/clients/pps-ldisc.ko
  CC      drivers/pps/clients/pps_parport.mod.o
  LD [M]  drivers/pps/clients/pps_parport.ko
  CC      drivers/pwm/pwm-tiecap.mod.o
  LD [M]  drivers/pwm/pwm-tiecap.ko
  CC      drivers/pwm/pwm-tiehrpwm.mod.o
  LD [M]  drivers/pwm/pwm-tiehrpwm.ko
  CC      drivers/pwm/pwm-twl-led.mod.o
  LD [M]  drivers/pwm/pwm-twl-led.ko
  CC      drivers/pwm/pwm-twl.mod.o
  LD [M]  drivers/pwm/pwm-twl.ko
  CC      drivers/regulator/anatop-regulator.mod.o
  LD [M]  drivers/regulator/anatop-regulator.ko
  CC      drivers/regulator/axp20x-regulator.mod.o
  LD [M]  drivers/regulator/axp20x-regulator.ko
  CC      drivers/regulator/da9052-regulator.mod.o
  LD [M]  drivers/regulator/da9052-regulator.ko
  CC      drivers/regulator/mc13783-regulator.mod.o
  LD [M]  drivers/regulator/mc13783-regulator.ko
  CC      drivers/regulator/mc13892-regulator.mod.o
  LD [M]  drivers/regulator/mc13892-regulator.ko
  CC      drivers/regulator/mc13xxx-regulator-core.mod.o
  LD [M]  drivers/regulator/mc13xxx-regulator-core.ko
  CC      drivers/regulator/s2mpa01.mod.o
  LD [M]  drivers/regulator/s2mpa01.ko
  CC      drivers/regulator/s2mps11.mod.o
  LD [M]  drivers/regulator/s2mps11.ko
  CC      drivers/regulator/s5m8767.mod.o
  LD [M]  drivers/regulator/s5m8767.ko
  CC      drivers/regulator/vexpress.mod.o
  LD [M]  drivers/regulator/vexpress.ko
  CC      drivers/rtc/rtc-bq32k.mod.o
  LD [M]  drivers/rtc/rtc-bq32k.ko
  CC      drivers/rtc/rtc-bq4802.mod.o
  LD [M]  drivers/rtc/rtc-bq4802.ko
  CC      drivers/rtc/rtc-cmos.mod.o
  LD [M]  drivers/rtc/rtc-cmos.ko
  CC      drivers/rtc/rtc-ds1286.mod.o
  LD [M]  drivers/rtc/rtc-ds1286.ko
  CC      drivers/rtc/rtc-ds1305.mod.o
  LD [M]  drivers/rtc/rtc-ds1305.ko
  CC      drivers/rtc/rtc-ds1343.mod.o
  LD [M]  drivers/rtc/rtc-ds1343.ko
  CC      drivers/rtc/rtc-ds1347.mod.o
  LD [M]  drivers/rtc/rtc-ds1347.ko
  CC      drivers/rtc/rtc-ds1374.mod.o
  LD [M]  drivers/rtc/rtc-ds1374.ko
  CC      drivers/rtc/rtc-ds1390.mod.o
  LD [M]  drivers/rtc/rtc-ds1390.ko
  CC      drivers/rtc/rtc-ds1511.mod.o
  LD [M]  drivers/rtc/rtc-ds1511.ko
  CC      drivers/rtc/rtc-ds1553.mod.o
  LD [M]  drivers/rtc/rtc-ds1553.ko
  CC      drivers/rtc/rtc-ds1672.mod.o
  LD [M]  drivers/rtc/rtc-ds1672.ko
  CC      drivers/rtc/rtc-ds1685.mod.o
  LD [M]  drivers/rtc/rtc-ds1685.ko
  CC      drivers/rtc/rtc-ds1742.mod.o
  LD [M]  drivers/rtc/rtc-ds1742.ko
  CC      drivers/rtc/rtc-ds2404.mod.o
  LD [M]  drivers/rtc/rtc-ds2404.ko
  CC      drivers/rtc/rtc-ds3232.mod.o
  LD [M]  drivers/rtc/rtc-ds3232.ko
  CC      drivers/rtc/rtc-ds3234.mod.o
  LD [M]  drivers/rtc/rtc-ds3234.ko
  CC      drivers/rtc/rtc-em3027.mod.o
  LD [M]  drivers/rtc/rtc-em3027.ko
  CC      drivers/rtc/rtc-fm3130.mod.o
  LD [M]  drivers/rtc/rtc-fm3130.ko
  CC      drivers/rtc/rtc-hid-sensor-time.mod.o
  LD [M]  drivers/rtc/rtc-hid-sensor-time.ko
  CC      drivers/rtc/rtc-hym8563.mod.o
  LD [M]  drivers/rtc/rtc-hym8563.ko
  CC      drivers/rtc/rtc-isl12022.mod.o
  LD [M]  drivers/rtc/rtc-isl12022.ko
  CC      drivers/rtc/rtc-isl1208.mod.o
  LD [M]  drivers/rtc/rtc-isl1208.ko
  CC      drivers/rtc/rtc-m41t80.mod.o
  LD [M]  drivers/rtc/rtc-m41t80.ko
  CC      drivers/rtc/rtc-m41t93.mod.o
  LD [M]  drivers/rtc/rtc-m41t93.ko
  CC      drivers/rtc/rtc-m41t94.mod.o
  LD [M]  drivers/rtc/rtc-m41t94.ko
  CC      drivers/rtc/rtc-m48t35.mod.o
  LD [M]  drivers/rtc/rtc-m48t35.ko
  CC      drivers/rtc/rtc-m48t59.mod.o
  LD [M]  drivers/rtc/rtc-m48t59.ko
  CC      drivers/rtc/rtc-m48t86.mod.o
  LD [M]  drivers/rtc/rtc-m48t86.ko
  CC      drivers/rtc/rtc-max6900.mod.o
  LD [M]  drivers/rtc/rtc-max6900.ko
  CC      drivers/rtc/rtc-max6902.mod.o
  LD [M]  drivers/rtc/rtc-max6902.ko
  CC      drivers/rtc/rtc-mc13xxx.mod.o
  LD [M]  drivers/rtc/rtc-mc13xxx.ko
  CC      drivers/rtc/rtc-mcp795.mod.o
  LD [M]  drivers/rtc/rtc-mcp795.ko
  CC      drivers/rtc/rtc-msm6242.mod.o
  LD [M]  drivers/rtc/rtc-msm6242.ko
  CC      drivers/rtc/rtc-pcf2123.mod.o
  LD [M]  drivers/rtc/rtc-pcf2123.ko
  CC      drivers/rtc/rtc-pcf2127.mod.o
  LD [M]  drivers/rtc/rtc-pcf2127.ko
  CC      drivers/rtc/rtc-pcf85063.mod.o
  LD [M]  drivers/rtc/rtc-pcf85063.ko
  CC      drivers/rtc/rtc-pcf8563.mod.o
  LD [M]  drivers/rtc/rtc-pcf8563.ko
  CC      drivers/rtc/rtc-pcf8583.mod.o
  LD [M]  drivers/rtc/rtc-pcf8583.ko
  CC      drivers/rtc/rtc-r9701.mod.o
  LD [M]  drivers/rtc/rtc-r9701.ko
  CC      drivers/rtc/rtc-rp5c01.mod.o
  LD [M]  drivers/rtc/rtc-rp5c01.ko
  CC      drivers/rtc/rtc-rs5c348.mod.o
  LD [M]  drivers/rtc/rtc-rs5c348.ko
  CC      drivers/rtc/rtc-rs5c372.mod.o
  LD [M]  drivers/rtc/rtc-rs5c372.ko
  CC      drivers/rtc/rtc-rv3029c2.mod.o
  LD [M]  drivers/rtc/rtc-rv3029c2.ko
  CC      drivers/rtc/rtc-rx4581.mod.o
  LD [M]  drivers/rtc/rtc-rx4581.ko
  CC      drivers/rtc/rtc-rx8025.mod.o
  LD [M]  drivers/rtc/rtc-rx8025.ko
  CC      drivers/rtc/rtc-rx8581.mod.o
  LD [M]  drivers/rtc/rtc-rx8581.ko
  CC      drivers/rtc/rtc-s35390a.mod.o
  LD [M]  drivers/rtc/rtc-s35390a.ko
  CC      drivers/rtc/rtc-stk17ta8.mod.o
  LD [M]  drivers/rtc/rtc-stk17ta8.ko
  CC      drivers/rtc/rtc-tps65910.mod.o
  LD [M]  drivers/rtc/rtc-tps65910.ko
  CC      drivers/rtc/rtc-v3020.mod.o
  LD [M]  drivers/rtc/rtc-v3020.ko
  CC      drivers/rtc/rtc-x1205.mod.o
  LD [M]  drivers/rtc/rtc-x1205.ko
  CC      drivers/scsi/ch.mod.o
  LD [M]  drivers/scsi/ch.ko
  CC      drivers/scsi/device_handler/scsi_dh.mod.o
  LD [M]  drivers/scsi/device_handler/scsi_dh.ko
  CC      drivers/scsi/device_handler/scsi_dh_alua.mod.o
  LD [M]  drivers/scsi/device_handler/scsi_dh_alua.ko
  CC      drivers/scsi/device_handler/scsi_dh_emc.mod.o
  LD [M]  drivers/scsi/device_handler/scsi_dh_emc.ko
  CC      drivers/scsi/device_handler/scsi_dh_hp_sw.mod.o
  LD [M]  drivers/scsi/device_handler/scsi_dh_hp_sw.ko
  CC      drivers/scsi/device_handler/scsi_dh_rdac.mod.o
  LD [M]  drivers/scsi/device_handler/scsi_dh_rdac.ko
  CC      drivers/scsi/fcoe/libfcoe.mod.o
  LD [M]  drivers/scsi/fcoe/libfcoe.ko
  CC      drivers/scsi/iscsi_boot_sysfs.mod.o
  LD [M]  drivers/scsi/iscsi_boot_sysfs.ko
  CC      drivers/scsi/iscsi_tcp.mod.o
  LD [M]  drivers/scsi/iscsi_tcp.ko
  CC      drivers/scsi/libfc/libfc.mod.o
  LD [M]  drivers/scsi/libfc/libfc.ko
  CC      drivers/scsi/libiscsi.mod.o
  LD [M]  drivers/scsi/libiscsi.ko
  CC      drivers/scsi/libiscsi_tcp.mod.o
  LD [M]  drivers/scsi/libiscsi_tcp.ko
  CC      drivers/scsi/libsas/libsas.mod.o
  LD [M]  drivers/scsi/libsas/libsas.ko
  CC      drivers/scsi/osd/libosd.mod.o
  LD [M]  drivers/scsi/osd/libosd.ko
  CC      drivers/scsi/osd/osd.mod.o
  LD [M]  drivers/scsi/osd/osd.ko
  CC      drivers/scsi/osst.mod.o
  LD [M]  drivers/scsi/osst.ko
  CC      drivers/scsi/raid_class.mod.o
  LD [M]  drivers/scsi/raid_class.ko
  CC      drivers/scsi/scsi_transport_fc.mod.o
  LD [M]  drivers/scsi/scsi_transport_fc.ko
  CC      drivers/scsi/scsi_transport_iscsi.mod.o
  LD [M]  drivers/scsi/scsi_transport_iscsi.ko
  CC      drivers/scsi/scsi_transport_sas.mod.o
  LD [M]  drivers/scsi/scsi_transport_sas.ko
  CC      drivers/scsi/scsi_transport_spi.mod.o
  LD [M]  drivers/scsi/scsi_transport_spi.ko
  CC      drivers/scsi/scsi_transport_srp.mod.o
  LD [M]  drivers/scsi/scsi_transport_srp.ko
  CC      drivers/scsi/ses.mod.o
  LD [M]  drivers/scsi/ses.ko
  CC      drivers/scsi/sg.mod.o
  LD [M]  drivers/scsi/sg.ko
  CC      drivers/scsi/sr_mod.mod.o
  LD [M]  drivers/scsi/sr_mod.ko
  CC      drivers/scsi/st.mod.o
  LD [M]  drivers/scsi/st.ko
  CC      drivers/scsi/ufs/ufshcd.mod.o
  LD [M]  drivers/scsi/ufs/ufshcd.ko
  CC      drivers/scsi/virtio_scsi.mod.o
  LD [M]  drivers/scsi/virtio_scsi.ko
  CC      drivers/spi/spi-butterfly.mod.o
  LD [M]  drivers/spi/spi-butterfly.ko
  CC      drivers/spi/spi-lm70llp.mod.o
  LD [M]  drivers/spi/spi-lm70llp.ko
  CC      drivers/spi/spi-omap2-mcspi.mod.o
  LD [M]  drivers/spi/spi-omap2-mcspi.ko
  CC      drivers/spi/spidev.mod.o
  LD [M]  drivers/spi/spidev.ko
  CC      drivers/ssb/ssb.mod.o
  LD [M]  drivers/ssb/ssb.ko
  CC      drivers/staging/android/timed_gpio.mod.o
  LD [M]  drivers/staging/android/timed_gpio.ko
  CC      drivers/staging/fbtft/fb_agm1264k-fl.mod.o
  LD [M]  drivers/staging/fbtft/fb_agm1264k-fl.ko
  CC      drivers/staging/fbtft/fb_bd663474.mod.o
  LD [M]  drivers/staging/fbtft/fb_bd663474.ko
  CC      drivers/staging/fbtft/fb_hx8340bn.mod.o
  LD [M]  drivers/staging/fbtft/fb_hx8340bn.ko
  CC      drivers/staging/fbtft/fb_hx8347d.mod.o
  LD [M]  drivers/staging/fbtft/fb_hx8347d.ko
  CC      drivers/staging/fbtft/fb_hx8353d.mod.o
  LD [M]  drivers/staging/fbtft/fb_hx8353d.ko
  CC      drivers/staging/fbtft/fb_hx8357d.mod.o
  LD [M]  drivers/staging/fbtft/fb_hx8357d.ko
  CC      drivers/staging/fbtft/fb_ili9163.mod.o
  LD [M]  drivers/staging/fbtft/fb_ili9163.ko
  CC      drivers/staging/fbtft/fb_ili9320.mod.o
  LD [M]  drivers/staging/fbtft/fb_ili9320.ko
  CC      drivers/staging/fbtft/fb_ili9325.mod.o
  LD [M]  drivers/staging/fbtft/fb_ili9325.ko
  CC      drivers/staging/fbtft/fb_ili9340.mod.o
  LD [M]  drivers/staging/fbtft/fb_ili9340.ko
  CC      drivers/staging/fbtft/fb_ili9341.mod.o
  LD [M]  drivers/staging/fbtft/fb_ili9341.ko
  CC      drivers/staging/fbtft/fb_ili9481.mod.o
  LD [M]  drivers/staging/fbtft/fb_ili9481.ko
  CC      drivers/staging/fbtft/fb_ili9486.mod.o
  LD [M]  drivers/staging/fbtft/fb_ili9486.ko
  CC      drivers/staging/fbtft/fb_pcd8544.mod.o
  LD [M]  drivers/staging/fbtft/fb_pcd8544.ko
  CC      drivers/staging/fbtft/fb_ra8875.mod.o
  LD [M]  drivers/staging/fbtft/fb_ra8875.ko
  CC      drivers/staging/fbtft/fb_s6d02a1.mod.o
  LD [M]  drivers/staging/fbtft/fb_s6d02a1.ko
  CC      drivers/staging/fbtft/fb_s6d1121.mod.o
  LD [M]  drivers/staging/fbtft/fb_s6d1121.ko
  CC      drivers/staging/fbtft/fb_ssd1289.mod.o
  LD [M]  drivers/staging/fbtft/fb_ssd1289.ko
  CC      drivers/staging/fbtft/fb_ssd1306.mod.o
  LD [M]  drivers/staging/fbtft/fb_ssd1306.ko
  CC      drivers/staging/fbtft/fb_ssd1331.mod.o
  LD [M]  drivers/staging/fbtft/fb_ssd1331.ko
  CC      drivers/staging/fbtft/fb_ssd1351.mod.o
  LD [M]  drivers/staging/fbtft/fb_ssd1351.ko
  CC      drivers/staging/fbtft/fb_st7735r.mod.o
  LD [M]  drivers/staging/fbtft/fb_st7735r.ko
  CC      drivers/staging/fbtft/fb_st7789v.mod.o
  LD [M]  drivers/staging/fbtft/fb_st7789v.ko
  CC      drivers/staging/fbtft/fb_tinylcd.mod.o
  LD [M]  drivers/staging/fbtft/fb_tinylcd.ko
  CC      drivers/staging/fbtft/fb_tls8204.mod.o
  LD [M]  drivers/staging/fbtft/fb_tls8204.ko
  CC      drivers/staging/fbtft/fb_uc1611.mod.o
  LD [M]  drivers/staging/fbtft/fb_uc1611.ko
  CC      drivers/staging/fbtft/fb_uc1701.mod.o
  LD [M]  drivers/staging/fbtft/fb_uc1701.ko
  CC      drivers/staging/fbtft/fb_upd161704.mod.o
  LD [M]  drivers/staging/fbtft/fb_upd161704.ko
  CC      drivers/staging/fbtft/fb_watterott.mod.o
  LD [M]  drivers/staging/fbtft/fb_watterott.ko
  CC      drivers/staging/fbtft/fbtft.mod.o
  LD [M]  drivers/staging/fbtft/fbtft.ko
  CC      drivers/staging/fbtft/fbtft_device.mod.o
  LD [M]  drivers/staging/fbtft/fbtft_device.ko
  CC      drivers/staging/fbtft/flexfb.mod.o
  LD [M]  drivers/staging/fbtft/flexfb.ko
  CC      drivers/staging/iio/accel/lis3l02dq.mod.o
  LD [M]  drivers/staging/iio/accel/lis3l02dq.ko
  CC      drivers/staging/rtl8188eu/r8188eu.mod.o
  LD [M]  drivers/staging/rtl8188eu/r8188eu.ko
  CC      drivers/staging/rtl8712/r8712u.mod.o
  LD [M]  drivers/staging/rtl8712/r8712u.ko
  CC      drivers/staging/speakup/speakup.mod.o
  LD [M]  drivers/staging/speakup/speakup.ko
  CC      drivers/staging/speakup/speakup_acntsa.mod.o
  LD [M]  drivers/staging/speakup/speakup_acntsa.ko
  CC      drivers/staging/speakup/speakup_apollo.mod.o
  LD [M]  drivers/staging/speakup/speakup_apollo.ko
  CC      drivers/staging/speakup/speakup_audptr.mod.o
  LD [M]  drivers/staging/speakup/speakup_audptr.ko
  CC      drivers/staging/speakup/speakup_bns.mod.o
  LD [M]  drivers/staging/speakup/speakup_bns.ko
  CC      drivers/staging/speakup/speakup_decext.mod.o
  LD [M]  drivers/staging/speakup/speakup_decext.ko
  CC      drivers/staging/speakup/speakup_dectlk.mod.o
  LD [M]  drivers/staging/speakup/speakup_dectlk.ko
  CC      drivers/staging/speakup/speakup_dummy.mod.o
  LD [M]  drivers/staging/speakup/speakup_dummy.ko
  CC      drivers/staging/speakup/speakup_ltlk.mod.o
  LD [M]  drivers/staging/speakup/speakup_ltlk.ko
  CC      drivers/staging/speakup/speakup_soft.mod.o
  LD [M]  drivers/staging/speakup/speakup_soft.ko
  CC      drivers/staging/speakup/speakup_spkout.mod.o
  LD [M]  drivers/staging/speakup/speakup_spkout.ko
  CC      drivers/staging/speakup/speakup_txprt.mod.o
  LD [M]  drivers/staging/speakup/speakup_txprt.ko
  CC      drivers/target/iscsi/iscsi_target_mod.mod.o
  LD [M]  drivers/target/iscsi/iscsi_target_mod.ko
  CC      drivers/target/loopback/tcm_loop.mod.o
  LD [M]  drivers/target/loopback/tcm_loop.ko
  CC      drivers/target/target_core_file.mod.o
  LD [M]  drivers/target/target_core_file.ko
  CC      drivers/target/target_core_iblock.mod.o
  LD [M]  drivers/target/target_core_iblock.ko
  CC      drivers/target/target_core_mod.mod.o
  LD [M]  drivers/target/target_core_mod.ko
  CC      drivers/target/target_core_pscsi.mod.o
  LD [M]  drivers/target/target_core_pscsi.ko
  CC      drivers/target/tcm_fc/tcm_fc.mod.o
  LD [M]  drivers/target/tcm_fc/tcm_fc.ko
  CC      drivers/tty/n_gsm.mod.o
  LD [M]  drivers/tty/n_gsm.ko
  CC      drivers/uio/uio.mod.o
  LD [M]  drivers/uio/uio.ko
  CC      drivers/uio/uio_dmem_genirq.mod.o
  LD [M]  drivers/uio/uio_dmem_genirq.ko
  CC      drivers/uio/uio_pdrv_genirq.mod.o
  LD [M]  drivers/uio/uio_pdrv_genirq.ko
  CC      drivers/usb/class/cdc-acm.mod.o
  LD [M]  drivers/usb/class/cdc-acm.ko
  CC      drivers/usb/class/cdc-wdm.mod.o
  LD [M]  drivers/usb/class/cdc-wdm.ko
  CC      drivers/usb/class/usblp.mod.o
  LD [M]  drivers/usb/class/usblp.ko
  CC      drivers/usb/class/usbtmc.mod.o
  LD [M]  drivers/usb/class/usbtmc.ko
  CC      drivers/usb/host/hwa-hc.mod.o
  LD [M]  drivers/usb/host/hwa-hc.ko
  CC      drivers/usb/host/u132-hcd.mod.o
  LD [M]  drivers/usb/host/u132-hcd.ko
  CC      drivers/usb/image/mdc800.mod.o
  LD [M]  drivers/usb/image/mdc800.ko
  CC      drivers/usb/image/microtek.mod.o
  LD [M]  drivers/usb/image/microtek.ko
  CC      drivers/usb/misc/adutux.mod.o
  LD [M]  drivers/usb/misc/adutux.ko
  CC      drivers/usb/misc/appledisplay.mod.o
  LD [M]  drivers/usb/misc/appledisplay.ko
  CC      drivers/usb/misc/chaoskey.mod.o
  LD [M]  drivers/usb/misc/chaoskey.ko
  CC      drivers/usb/misc/cypress_cy7c63.mod.o
  LD [M]  drivers/usb/misc/cypress_cy7c63.ko
  CC      drivers/usb/misc/cytherm.mod.o
  LD [M]  drivers/usb/misc/cytherm.ko
  CC      drivers/usb/misc/ehset.mod.o
  LD [M]  drivers/usb/misc/ehset.ko
  CC      drivers/usb/misc/emi26.mod.o
  LD [M]  drivers/usb/misc/emi26.ko
  CC      drivers/usb/misc/emi62.mod.o
  LD [M]  drivers/usb/misc/emi62.ko
  CC      drivers/usb/misc/ezusb.mod.o
  LD [M]  drivers/usb/misc/ezusb.ko
  CC      drivers/usb/misc/ftdi-elan.mod.o
  LD [M]  drivers/usb/misc/ftdi-elan.ko
  CC      drivers/usb/misc/idmouse.mod.o
  LD [M]  drivers/usb/misc/idmouse.ko
  CC      drivers/usb/misc/iowarrior.mod.o
  LD [M]  drivers/usb/misc/iowarrior.ko
  CC      drivers/usb/misc/isight_firmware.mod.o
  LD [M]  drivers/usb/misc/isight_firmware.ko
  CC      drivers/usb/misc/ldusb.mod.o
  LD [M]  drivers/usb/misc/ldusb.ko
  CC      drivers/usb/misc/legousbtower.mod.o
  LD [M]  drivers/usb/misc/legousbtower.ko
  CC      drivers/usb/misc/rio500.mod.o
  LD [M]  drivers/usb/misc/rio500.ko
  CC      drivers/usb/misc/sisusbvga/sisusbvga.mod.o
  LD [M]  drivers/usb/misc/sisusbvga/sisusbvga.ko
  CC      drivers/usb/misc/trancevibrator.mod.o
  LD [M]  drivers/usb/misc/trancevibrator.ko
  CC      drivers/usb/misc/usb3503.mod.o
  LD [M]  drivers/usb/misc/usb3503.ko
  CC      drivers/usb/misc/usblcd.mod.o
  LD [M]  drivers/usb/misc/usblcd.ko
  CC      drivers/usb/misc/usbled.mod.o
  LD [M]  drivers/usb/misc/usbled.ko
  CC      drivers/usb/misc/usbsevseg.mod.o
  LD [M]  drivers/usb/misc/usbsevseg.ko
  CC      drivers/usb/misc/usbtest.mod.o
  LD [M]  drivers/usb/misc/usbtest.ko
  CC      drivers/usb/misc/yurex.mod.o
  LD [M]  drivers/usb/misc/yurex.ko
  CC      drivers/usb/serial/aircable.mod.o
  LD [M]  drivers/usb/serial/aircable.ko
  CC      drivers/usb/serial/ark3116.mod.o
  LD [M]  drivers/usb/serial/ark3116.ko
  CC      drivers/usb/serial/belkin_sa.mod.o
  LD [M]  drivers/usb/serial/belkin_sa.ko
  CC      drivers/usb/serial/ch341.mod.o
  LD [M]  drivers/usb/serial/ch341.ko
  CC      drivers/usb/serial/cp210x.mod.o
  LD [M]  drivers/usb/serial/cp210x.ko
  CC      drivers/usb/serial/cyberjack.mod.o
  LD [M]  drivers/usb/serial/cyberjack.ko
  CC      drivers/usb/serial/cypress_m8.mod.o
  LD [M]  drivers/usb/serial/cypress_m8.ko
  CC      drivers/usb/serial/digi_acceleport.mod.o
  LD [M]  drivers/usb/serial/digi_acceleport.ko
  CC      drivers/usb/serial/empeg.mod.o
  LD [M]  drivers/usb/serial/empeg.ko
  CC      drivers/usb/serial/f81232.mod.o
  LD [M]  drivers/usb/serial/f81232.ko
  CC      drivers/usb/serial/ftdi_sio.mod.o
  LD [M]  drivers/usb/serial/ftdi_sio.ko
  CC      drivers/usb/serial/garmin_gps.mod.o
  LD [M]  drivers/usb/serial/garmin_gps.ko
  CC      drivers/usb/serial/io_edgeport.mod.o
  LD [M]  drivers/usb/serial/io_edgeport.ko
  CC      drivers/usb/serial/io_ti.mod.o
  LD [M]  drivers/usb/serial/io_ti.ko
  CC      drivers/usb/serial/ipaq.mod.o
  LD [M]  drivers/usb/serial/ipaq.ko
  CC      drivers/usb/serial/ipw.mod.o
  LD [M]  drivers/usb/serial/ipw.ko
  CC      drivers/usb/serial/ir-usb.mod.o
  LD [M]  drivers/usb/serial/ir-usb.ko
  CC      drivers/usb/serial/iuu_phoenix.mod.o
  LD [M]  drivers/usb/serial/iuu_phoenix.ko
  CC      drivers/usb/serial/keyspan.mod.o
  LD [M]  drivers/usb/serial/keyspan.ko
  CC      drivers/usb/serial/keyspan_pda.mod.o
  LD [M]  drivers/usb/serial/keyspan_pda.ko
  CC      drivers/usb/serial/kl5kusb105.mod.o
  LD [M]  drivers/usb/serial/kl5kusb105.ko
  CC      drivers/usb/serial/kobil_sct.mod.o
  LD [M]  drivers/usb/serial/kobil_sct.ko
  CC      drivers/usb/serial/mct_u232.mod.o
  LD [M]  drivers/usb/serial/mct_u232.ko
  CC      drivers/usb/serial/metro-usb.mod.o
  LD [M]  drivers/usb/serial/metro-usb.ko
  CC      drivers/usb/serial/mos7720.mod.o
  LD [M]  drivers/usb/serial/mos7720.ko
  CC      drivers/usb/serial/mos7840.mod.o
  LD [M]  drivers/usb/serial/mos7840.ko
  CC      drivers/usb/serial/mxuport.mod.o
  LD [M]  drivers/usb/serial/mxuport.ko
  CC      drivers/usb/serial/navman.mod.o
  LD [M]  drivers/usb/serial/navman.ko
  CC      drivers/usb/serial/omninet.mod.o
  LD [M]  drivers/usb/serial/omninet.ko
  CC      drivers/usb/serial/opticon.mod.o
  LD [M]  drivers/usb/serial/opticon.ko
  CC      drivers/usb/serial/option.mod.o
  LD [M]  drivers/usb/serial/option.ko
  CC      drivers/usb/serial/oti6858.mod.o
  LD [M]  drivers/usb/serial/oti6858.ko
  CC      drivers/usb/serial/pl2303.mod.o
  LD [M]  drivers/usb/serial/pl2303.ko
  CC      drivers/usb/serial/qcaux.mod.o
  LD [M]  drivers/usb/serial/qcaux.ko
  CC      drivers/usb/serial/qcserial.mod.o
  LD [M]  drivers/usb/serial/qcserial.ko
  CC      drivers/usb/serial/quatech2.mod.o
  LD [M]  drivers/usb/serial/quatech2.ko
  CC      drivers/usb/serial/safe_serial.mod.o
  LD [M]  drivers/usb/serial/safe_serial.ko
  CC      drivers/usb/serial/sierra.mod.o
  LD [M]  drivers/usb/serial/sierra.ko
  CC      drivers/usb/serial/spcp8x5.mod.o
  LD [M]  drivers/usb/serial/spcp8x5.ko
  CC      drivers/usb/serial/ssu100.mod.o
  LD [M]  drivers/usb/serial/ssu100.ko
  CC      drivers/usb/serial/symbolserial.mod.o
  LD [M]  drivers/usb/serial/symbolserial.ko
  CC      drivers/usb/serial/ti_usb_3410_5052.mod.o
  LD [M]  drivers/usb/serial/ti_usb_3410_5052.ko
  CC      drivers/usb/serial/usb-serial-simple.mod.o
  LD [M]  drivers/usb/serial/usb-serial-simple.ko
  CC      drivers/usb/serial/usb_debug.mod.o
  LD [M]  drivers/usb/serial/usb_debug.ko
  CC      drivers/usb/serial/usb_wwan.mod.o
  LD [M]  drivers/usb/serial/usb_wwan.ko
  CC      drivers/usb/serial/usbserial.mod.o
  LD [M]  drivers/usb/serial/usbserial.ko
  CC      drivers/usb/serial/visor.mod.o
  LD [M]  drivers/usb/serial/visor.ko
  CC      drivers/usb/serial/whiteheat.mod.o
  LD [M]  drivers/usb/serial/whiteheat.ko
  CC      drivers/usb/serial/wishbone-serial.mod.o
  LD [M]  drivers/usb/serial/wishbone-serial.ko
  CC      drivers/usb/serial/xsens_mt.mod.o
  LD [M]  drivers/usb/serial/xsens_mt.ko
  CC      drivers/usb/storage/uas.mod.o
  LD [M]  drivers/usb/storage/uas.ko
  CC      drivers/usb/storage/ums-alauda.mod.o
  LD [M]  drivers/usb/storage/ums-alauda.ko
  CC      drivers/usb/storage/ums-cypress.mod.o
  LD [M]  drivers/usb/storage/ums-cypress.ko
  CC      drivers/usb/storage/ums-datafab.mod.o
  LD [M]  drivers/usb/storage/ums-datafab.ko
  CC      drivers/usb/storage/ums-eneub6250.mod.o
  LD [M]  drivers/usb/storage/ums-eneub6250.ko
  CC      drivers/usb/storage/ums-freecom.mod.o
  LD [M]  drivers/usb/storage/ums-freecom.ko
  CC      drivers/usb/storage/ums-isd200.mod.o
  LD [M]  drivers/usb/storage/ums-isd200.ko
  CC      drivers/usb/storage/ums-jumpshot.mod.o
  LD [M]  drivers/usb/storage/ums-jumpshot.ko
  CC      drivers/usb/storage/ums-karma.mod.o
  LD [M]  drivers/usb/storage/ums-karma.ko
  CC      drivers/usb/storage/ums-onetouch.mod.o
  LD [M]  drivers/usb/storage/ums-onetouch.ko
  CC      drivers/usb/storage/ums-realtek.mod.o
  LD [M]  drivers/usb/storage/ums-realtek.ko
  CC      drivers/usb/storage/ums-sddr09.mod.o
  LD [M]  drivers/usb/storage/ums-sddr09.ko
  CC      drivers/usb/storage/ums-sddr55.mod.o
  LD [M]  drivers/usb/storage/ums-sddr55.ko
  CC      drivers/usb/storage/ums-usbat.mod.o
  LD [M]  drivers/usb/storage/ums-usbat.ko
  CC      drivers/usb/storage/usb-storage.mod.o
  LD [M]  drivers/usb/storage/usb-storage.ko
  CC      drivers/usb/usbip/usbip-core.mod.o
  LD [M]  drivers/usb/usbip/usbip-core.ko
  CC      drivers/usb/usbip/usbip-host.mod.o
  LD [M]  drivers/usb/usbip/usbip-host.ko
  CC      drivers/usb/usbip/vhci-hcd.mod.o
  LD [M]  drivers/usb/usbip/vhci-hcd.ko
  CC      drivers/usb/wusbcore/wusb-cbaf.mod.o
  LD [M]  drivers/usb/wusbcore/wusb-cbaf.ko
  CC      drivers/usb/wusbcore/wusb-wa.mod.o
  LD [M]  drivers/usb/wusbcore/wusb-wa.ko
  CC      drivers/usb/wusbcore/wusbcore.mod.o
  LD [M]  drivers/usb/wusbcore/wusbcore.ko
  CC      drivers/uwb/hwa-rc.mod.o
  LD [M]  drivers/uwb/hwa-rc.ko
  CC      drivers/uwb/i1480/dfu/i1480-dfu-usb.mod.o
  LD [M]  drivers/uwb/i1480/dfu/i1480-dfu-usb.ko
  CC      drivers/uwb/i1480/i1480-est.mod.o
  LD [M]  drivers/uwb/i1480/i1480-est.ko
  CC      drivers/uwb/uwb.mod.o
  LD [M]  drivers/uwb/uwb.ko
  CC      drivers/video/fbdev/omap2/displays-new/dra7-evm-encoder-tpd12s015.mod.o
  LD [M]  drivers/video/fbdev/omap2/displays-new/dra7-evm-encoder-tpd12s015.ko
  CC      drivers/video/fbdev/omap2/displays-new/panel-sony-acx565akm.mod.o
  LD [M]  drivers/video/fbdev/omap2/displays-new/panel-sony-acx565akm.ko
  CC      drivers/video/fbdev/smscufx.mod.o
  LD [M]  drivers/video/fbdev/smscufx.ko
  CC      drivers/video/fbdev/udlfb.mod.o
  LD [M]  drivers/video/fbdev/udlfb.ko
  CC      drivers/virtio/virtio_balloon.mod.o
  LD [M]  drivers/virtio/virtio_balloon.ko
  CC      drivers/virtio/virtio_input.mod.o
  LD [M]  drivers/virtio/virtio_input.ko
  CC      drivers/virtio/virtio_mmio.mod.o
  LD [M]  drivers/virtio/virtio_mmio.ko
  CC      drivers/w1/masters/ds2482.mod.o
  LD [M]  drivers/w1/masters/ds2482.ko
  CC      drivers/w1/masters/ds2490.mod.o
  LD [M]  drivers/w1/masters/ds2490.ko
  CC      drivers/w1/masters/w1-gpio.mod.o
  LD [M]  drivers/w1/masters/w1-gpio.ko
  CC      drivers/w1/slaves/w1_bq27000.mod.o
  LD [M]  drivers/w1/slaves/w1_bq27000.ko
  CC      drivers/w1/slaves/w1_ds2431.mod.o
  LD [M]  drivers/w1/slaves/w1_ds2431.ko
  CC      drivers/w1/slaves/w1_ds2433.mod.o
  LD [M]  drivers/w1/slaves/w1_ds2433.ko
  CC      drivers/w1/slaves/w1_smem.mod.o
  LD [M]  drivers/w1/slaves/w1_smem.ko
  CC      drivers/w1/slaves/w1_therm.mod.o
  LD [M]  drivers/w1/slaves/w1_therm.ko
  CC      drivers/w1/wire.mod.o
  LD [M]  drivers/w1/wire.ko
  CC      drivers/watchdog/da9052_wdt.mod.o
  LD [M]  drivers/watchdog/da9052_wdt.ko
  CC      drivers/watchdog/softdog.mod.o
  LD [M]  drivers/watchdog/softdog.ko
  CC      drivers/watchdog/twl4030_wdt.mod.o
  LD [M]  drivers/watchdog/twl4030_wdt.ko
  CC      fs/9p/9p.mod.o
  LD [M]  fs/9p/9p.ko
  CC      fs/adfs/adfs.mod.o
  LD [M]  fs/adfs/adfs.ko
  CC      fs/affs/affs.mod.o
  LD [M]  fs/affs/affs.ko
  CC      fs/afs/kafs.mod.o
  LD [M]  fs/afs/kafs.ko
  CC      fs/aufs/aufs.mod.o
  LD [M]  fs/aufs/aufs.ko
  CC      fs/befs/befs.mod.o
  LD [M]  fs/befs/befs.ko
  CC      fs/bfs/bfs.mod.o
  LD [M]  fs/bfs/bfs.ko
  CC      fs/binfmt_misc.mod.o
  LD [M]  fs/binfmt_misc.ko
  CC      fs/cachefiles/cachefiles.mod.o
  LD [M]  fs/cachefiles/cachefiles.ko
  CC      fs/ceph/ceph.mod.o
  LD [M]  fs/ceph/ceph.ko
  CC      fs/cifs/cifs.mod.o
  LD [M]  fs/cifs/cifs.ko
  CC      fs/coda/coda.mod.o
  LD [M]  fs/coda/coda.ko
  CC      fs/dlm/dlm.mod.o
  LD [M]  fs/dlm/dlm.ko
  CC      fs/ecryptfs/ecryptfs.mod.o
  LD [M]  fs/ecryptfs/ecryptfs.ko
  CC      fs/efs/efs.mod.o
  LD [M]  fs/efs/efs.ko
  CC      fs/exofs/exofs.mod.o
  LD [M]  fs/exofs/exofs.ko
  CC      fs/exofs/libore.mod.o
  LD [M]  fs/exofs/libore.ko
  CC      fs/freevxfs/freevxfs.mod.o
  LD [M]  fs/freevxfs/freevxfs.ko
  CC      fs/fscache/fscache.mod.o
  LD [M]  fs/fscache/fscache.ko
  CC      fs/fuse/cuse.mod.o
  LD [M]  fs/fuse/cuse.ko
  CC      fs/gfs2/gfs2.mod.o
  LD [M]  fs/gfs2/gfs2.ko
  CC      fs/hfs/hfs.mod.o
  LD [M]  fs/hfs/hfs.ko
  CC      fs/hfsplus/hfsplus.mod.o
  LD [M]  fs/hfsplus/hfsplus.ko
  CC      fs/isofs/isofs.mod.o
  LD [M]  fs/isofs/isofs.ko
  CC      fs/jffs2/jffs2.mod.o
  LD [M]  fs/jffs2/jffs2.ko
  CC      fs/jfs/jfs.mod.o
  LD [M]  fs/jfs/jfs.ko
  CC      fs/logfs/logfs.mod.o
  LD [M]  fs/logfs/logfs.ko
  CC      fs/minix/minix.mod.o
  LD [M]  fs/minix/minix.ko
  CC      fs/ncpfs/ncpfs.mod.o
  LD [M]  fs/ncpfs/ncpfs.ko
  CC      fs/nfs/blocklayout/blocklayoutdriver.mod.o
  LD [M]  fs/nfs/blocklayout/blocklayoutdriver.ko
  CC      fs/nfs/flexfilelayout/nfs_layout_flexfiles.mod.o
  LD [M]  fs/nfs/flexfilelayout/nfs_layout_flexfiles.ko
  CC      fs/nfs/objlayout/objlayoutdriver.mod.o
  LD [M]  fs/nfs/objlayout/objlayoutdriver.ko
  CC      fs/nfsd/nfsd.mod.o
  LD [M]  fs/nfsd/nfsd.ko
  CC      fs/nilfs2/nilfs2.mod.o
  LD [M]  fs/nilfs2/nilfs2.ko
  CC      fs/nls/mac-celtic.mod.o
  LD [M]  fs/nls/mac-celtic.ko
  CC      fs/nls/mac-centeuro.mod.o
  LD [M]  fs/nls/mac-centeuro.ko
  CC      fs/nls/mac-croatian.mod.o
  LD [M]  fs/nls/mac-croatian.ko
  CC      fs/nls/mac-cyrillic.mod.o
  LD [M]  fs/nls/mac-cyrillic.ko
  CC      fs/nls/mac-gaelic.mod.o
  LD [M]  fs/nls/mac-gaelic.ko
  CC      fs/nls/mac-greek.mod.o
  LD [M]  fs/nls/mac-greek.ko
  CC      fs/nls/mac-iceland.mod.o
  LD [M]  fs/nls/mac-iceland.ko
  CC      fs/nls/mac-inuit.mod.o
  LD [M]  fs/nls/mac-inuit.ko
  CC      fs/nls/mac-roman.mod.o
  LD [M]  fs/nls/mac-roman.ko
  CC      fs/nls/mac-romanian.mod.o
  LD [M]  fs/nls/mac-romanian.ko
  CC      fs/nls/mac-turkish.mod.o
  LD [M]  fs/nls/mac-turkish.ko
  CC      fs/nls/nls_ascii.mod.o
  LD [M]  fs/nls/nls_ascii.ko
  CC      fs/nls/nls_cp1250.mod.o
  LD [M]  fs/nls/nls_cp1250.ko
  CC      fs/nls/nls_cp1251.mod.o
  LD [M]  fs/nls/nls_cp1251.ko
  CC      fs/nls/nls_cp1255.mod.o
  LD [M]  fs/nls/nls_cp1255.ko
  CC      fs/nls/nls_cp737.mod.o
  LD [M]  fs/nls/nls_cp737.ko
  CC      fs/nls/nls_cp775.mod.o
  LD [M]  fs/nls/nls_cp775.ko
  CC      fs/nls/nls_cp850.mod.o
  LD [M]  fs/nls/nls_cp850.ko
  CC      fs/nls/nls_cp852.mod.o
  LD [M]  fs/nls/nls_cp852.ko
  CC      fs/nls/nls_cp855.mod.o
  LD [M]  fs/nls/nls_cp855.ko
  CC      fs/nls/nls_cp857.mod.o
  LD [M]  fs/nls/nls_cp857.ko
  CC      fs/nls/nls_cp860.mod.o
  LD [M]  fs/nls/nls_cp860.ko
  CC      fs/nls/nls_cp861.mod.o
  LD [M]  fs/nls/nls_cp861.ko
  CC      fs/nls/nls_cp862.mod.o
  LD [M]  fs/nls/nls_cp862.ko
  CC      fs/nls/nls_cp863.mod.o
  LD [M]  fs/nls/nls_cp863.ko
  CC      fs/nls/nls_cp864.mod.o
  LD [M]  fs/nls/nls_cp864.ko
  CC      fs/nls/nls_cp865.mod.o
  LD [M]  fs/nls/nls_cp865.ko
  CC      fs/nls/nls_cp866.mod.o
  LD [M]  fs/nls/nls_cp866.ko
  CC      fs/nls/nls_cp869.mod.o
  LD [M]  fs/nls/nls_cp869.ko
  CC      fs/nls/nls_cp874.mod.o
  LD [M]  fs/nls/nls_cp874.ko
  CC      fs/nls/nls_cp932.mod.o
  LD [M]  fs/nls/nls_cp932.ko
  CC      fs/nls/nls_cp936.mod.o
  LD [M]  fs/nls/nls_cp936.ko
  CC      fs/nls/nls_cp949.mod.o
  LD [M]  fs/nls/nls_cp949.ko
  CC      fs/nls/nls_cp950.mod.o
  LD [M]  fs/nls/nls_cp950.ko
  CC      fs/nls/nls_euc-jp.mod.o
  LD [M]  fs/nls/nls_euc-jp.ko
  CC      fs/nls/nls_iso8859-13.mod.o
  LD [M]  fs/nls/nls_iso8859-13.ko
  CC      fs/nls/nls_iso8859-14.mod.o
  LD [M]  fs/nls/nls_iso8859-14.ko
  CC      fs/nls/nls_iso8859-15.mod.o
  LD [M]  fs/nls/nls_iso8859-15.ko
  CC      fs/nls/nls_iso8859-2.mod.o
  LD [M]  fs/nls/nls_iso8859-2.ko
  CC      fs/nls/nls_iso8859-3.mod.o
  LD [M]  fs/nls/nls_iso8859-3.ko
  CC      fs/nls/nls_iso8859-4.mod.o
  LD [M]  fs/nls/nls_iso8859-4.ko
  CC      fs/nls/nls_iso8859-5.mod.o
  LD [M]  fs/nls/nls_iso8859-5.ko
  CC      fs/nls/nls_iso8859-6.mod.o
  LD [M]  fs/nls/nls_iso8859-6.ko
  CC      fs/nls/nls_iso8859-7.mod.o
  LD [M]  fs/nls/nls_iso8859-7.ko
  CC      fs/nls/nls_iso8859-9.mod.o
  LD [M]  fs/nls/nls_iso8859-9.ko
  CC      fs/nls/nls_koi8-r.mod.o
  LD [M]  fs/nls/nls_koi8-r.ko
  CC      fs/nls/nls_koi8-ru.mod.o
  LD [M]  fs/nls/nls_koi8-ru.ko
  CC      fs/nls/nls_koi8-u.mod.o
  LD [M]  fs/nls/nls_koi8-u.ko
  CC      fs/nls/nls_utf8.mod.o
  LD [M]  fs/nls/nls_utf8.ko
  CC      fs/ntfs/ntfs.mod.o
  LD [M]  fs/ntfs/ntfs.ko
  CC      fs/ocfs2/cluster/ocfs2_nodemanager.mod.o
  LD [M]  fs/ocfs2/cluster/ocfs2_nodemanager.ko
  CC      fs/ocfs2/dlm/ocfs2_dlm.mod.o
  LD [M]  fs/ocfs2/dlm/ocfs2_dlm.ko
  CC      fs/ocfs2/dlmfs/ocfs2_dlmfs.mod.o
  LD [M]  fs/ocfs2/dlmfs/ocfs2_dlmfs.ko
  CC      fs/ocfs2/ocfs2.mod.o
  LD [M]  fs/ocfs2/ocfs2.ko
  CC      fs/ocfs2/ocfs2_stack_o2cb.mod.o
  LD [M]  fs/ocfs2/ocfs2_stack_o2cb.ko
  CC      fs/ocfs2/ocfs2_stack_user.mod.o
  LD [M]  fs/ocfs2/ocfs2_stack_user.ko
  CC      fs/ocfs2/ocfs2_stackglue.mod.o
  LD [M]  fs/ocfs2/ocfs2_stackglue.ko
  CC      fs/omfs/omfs.mod.o
  LD [M]  fs/omfs/omfs.ko
  CC      fs/qnx4/qnx4.mod.o
  LD [M]  fs/qnx4/qnx4.ko
  CC      fs/qnx6/qnx6.mod.o
  LD [M]  fs/qnx6/qnx6.ko
  CC      fs/quota/quota_tree.mod.o
  LD [M]  fs/quota/quota_tree.ko
  CC      fs/quota/quota_v1.mod.o
  LD [M]  fs/quota/quota_v1.ko
  CC      fs/quota/quota_v2.mod.o
  LD [M]  fs/quota/quota_v2.ko
  CC      fs/reiserfs/reiserfs.mod.o
  LD [M]  fs/reiserfs/reiserfs.ko
  CC      fs/romfs/romfs.mod.o
  LD [M]  fs/romfs/romfs.ko
  CC      fs/squashfs/squashfs.mod.o
  LD [M]  fs/squashfs/squashfs.ko
  CC      fs/sysv/sysv.mod.o
  LD [M]  fs/sysv/sysv.ko
  CC      fs/ubifs/ubifs.mod.o
  LD [M]  fs/ubifs/ubifs.ko
  CC      fs/udf/udf.mod.o
  LD [M]  fs/udf/udf.ko
  CC      fs/ufs/ufs.mod.o
  LD [M]  fs/ufs/ufs.ko
  CC      lib/cordic.mod.o
  LD [M]  lib/cordic.ko
  CC      lib/crc-ccitt.mod.o
  LD [M]  lib/crc-ccitt.ko
  CC      lib/crc-itu-t.mod.o
  LD [M]  lib/crc-itu-t.ko
  CC      lib/crc7.mod.o
  LD [M]  lib/crc7.ko
  CC      lib/lru_cache.mod.o
  LD [M]  lib/lru_cache.ko
  CC      lib/lz4/lz4_compress.mod.o
  LD [M]  lib/lz4/lz4_compress.ko
  CC      lib/lz4/lz4hc_compress.mod.o
  LD [M]  lib/lz4/lz4hc_compress.ko
  CC      lib/ts_bm.mod.o
  LD [M]  lib/ts_bm.ko
  CC      lib/ts_fsm.mod.o
  LD [M]  lib/ts_fsm.ko
  CC      lib/ts_kmp.mod.o
  LD [M]  lib/ts_kmp.ko
  CC      mm/zsmalloc.mod.o
  LD [M]  mm/zsmalloc.ko
  CC      net/6lowpan/6lowpan.mod.o
  LD [M]  net/6lowpan/6lowpan.ko
  CC      net/6lowpan/nhc_dest.mod.o
  LD [M]  net/6lowpan/nhc_dest.ko
  CC      net/6lowpan/nhc_fragment.mod.o
  LD [M]  net/6lowpan/nhc_fragment.ko
  CC      net/6lowpan/nhc_hop.mod.o
  LD [M]  net/6lowpan/nhc_hop.ko
  CC      net/6lowpan/nhc_ipv6.mod.o
  LD [M]  net/6lowpan/nhc_ipv6.ko
  CC      net/6lowpan/nhc_mobility.mod.o
  LD [M]  net/6lowpan/nhc_mobility.ko
  CC      net/6lowpan/nhc_routing.mod.o
  LD [M]  net/6lowpan/nhc_routing.ko
  CC      net/6lowpan/nhc_udp.mod.o
  LD [M]  net/6lowpan/nhc_udp.ko
  CC      net/802/garp.mod.o
  LD [M]  net/802/garp.ko
  CC      net/802/mrp.mod.o
  LD [M]  net/802/mrp.ko
  CC      net/802/p8022.mod.o
  LD [M]  net/802/p8022.ko
  CC      net/802/psnap.mod.o
  LD [M]  net/802/psnap.ko
  CC      net/802/stp.mod.o
  LD [M]  net/802/stp.ko
  CC      net/8021q/8021q.mod.o
  LD [M]  net/8021q/8021q.ko
  CC      net/9p/9pnet.mod.o
  LD [M]  net/9p/9pnet.ko
  CC      net/9p/9pnet_virtio.mod.o
  LD [M]  net/9p/9pnet_virtio.ko
  CC      net/appletalk/appletalk.mod.o
  LD [M]  net/appletalk/appletalk.ko
  CC      net/atm/atm.mod.o
  LD [M]  net/atm/atm.ko
  CC      net/atm/br2684.mod.o
  LD [M]  net/atm/br2684.ko
  CC      net/atm/clip.mod.o
  LD [M]  net/atm/clip.ko
  CC      net/atm/lec.mod.o
  LD [M]  net/atm/lec.ko
  CC      net/atm/mpoa.mod.o
  LD [M]  net/atm/mpoa.ko
  CC      net/atm/pppoatm.mod.o
  LD [M]  net/atm/pppoatm.ko
  CC      net/batman-adv/batman-adv.mod.o
  LD [M]  net/batman-adv/batman-adv.ko
  CC      net/bluetooth/bluetooth.mod.o
  LD [M]  net/bluetooth/bluetooth.ko
  CC      net/bluetooth/bluetooth_6lowpan.mod.o
  LD [M]  net/bluetooth/bluetooth_6lowpan.ko
  CC      net/bluetooth/bnep/bnep.mod.o
  LD [M]  net/bluetooth/bnep/bnep.ko
  CC      net/bluetooth/hidp/hidp.mod.o
  LD [M]  net/bluetooth/hidp/hidp.ko
  CC      net/bluetooth/rfcomm/rfcomm.mod.o
  LD [M]  net/bluetooth/rfcomm/rfcomm.ko
  CC      net/bridge/br_netfilter.mod.o
  LD [M]  net/bridge/br_netfilter.ko
  CC      net/bridge/bridge.mod.o
  LD [M]  net/bridge/bridge.ko
  CC      net/bridge/netfilter/ebt_802_3.mod.o
  LD [M]  net/bridge/netfilter/ebt_802_3.ko
  CC      net/bridge/netfilter/ebt_among.mod.o
  LD [M]  net/bridge/netfilter/ebt_among.ko
  CC      net/bridge/netfilter/ebt_arp.mod.o
  LD [M]  net/bridge/netfilter/ebt_arp.ko
  CC      net/bridge/netfilter/ebt_arpreply.mod.o
  LD [M]  net/bridge/netfilter/ebt_arpreply.ko
  CC      net/bridge/netfilter/ebt_dnat.mod.o
  LD [M]  net/bridge/netfilter/ebt_dnat.ko
  CC      net/bridge/netfilter/ebt_ip.mod.o
  LD [M]  net/bridge/netfilter/ebt_ip.ko
  CC      net/bridge/netfilter/ebt_ip6.mod.o
  LD [M]  net/bridge/netfilter/ebt_ip6.ko
  CC      net/bridge/netfilter/ebt_limit.mod.o
  LD [M]  net/bridge/netfilter/ebt_limit.ko
  CC      net/bridge/netfilter/ebt_log.mod.o
  LD [M]  net/bridge/netfilter/ebt_log.ko
  CC      net/bridge/netfilter/ebt_mark.mod.o
  LD [M]  net/bridge/netfilter/ebt_mark.ko
  CC      net/bridge/netfilter/ebt_mark_m.mod.o
  LD [M]  net/bridge/netfilter/ebt_mark_m.ko
  CC      net/bridge/netfilter/ebt_nflog.mod.o
  LD [M]  net/bridge/netfilter/ebt_nflog.ko
  CC      net/bridge/netfilter/ebt_pkttype.mod.o
  LD [M]  net/bridge/netfilter/ebt_pkttype.ko
  CC      net/bridge/netfilter/ebt_redirect.mod.o
  LD [M]  net/bridge/netfilter/ebt_redirect.ko
  CC      net/bridge/netfilter/ebt_snat.mod.o
  LD [M]  net/bridge/netfilter/ebt_snat.ko
  CC      net/bridge/netfilter/ebt_stp.mod.o
  LD [M]  net/bridge/netfilter/ebt_stp.ko
  CC      net/bridge/netfilter/ebt_vlan.mod.o
  LD [M]  net/bridge/netfilter/ebt_vlan.ko
  CC      net/bridge/netfilter/ebtable_broute.mod.o
  LD [M]  net/bridge/netfilter/ebtable_broute.ko
  CC      net/bridge/netfilter/ebtable_filter.mod.o
  LD [M]  net/bridge/netfilter/ebtable_filter.ko
  CC      net/bridge/netfilter/ebtable_nat.mod.o
  LD [M]  net/bridge/netfilter/ebtable_nat.ko
  CC      net/bridge/netfilter/ebtables.mod.o
  LD [M]  net/bridge/netfilter/ebtables.ko
  CC      net/bridge/netfilter/nf_log_bridge.mod.o
  LD [M]  net/bridge/netfilter/nf_log_bridge.ko
  CC      net/bridge/netfilter/nf_tables_bridge.mod.o
  LD [M]  net/bridge/netfilter/nf_tables_bridge.ko
  CC      net/bridge/netfilter/nft_meta_bridge.mod.o
  LD [M]  net/bridge/netfilter/nft_meta_bridge.ko
  CC      net/bridge/netfilter/nft_reject_bridge.mod.o
  LD [M]  net/bridge/netfilter/nft_reject_bridge.ko
  CC      net/can/can-bcm.mod.o
  LD [M]  net/can/can-bcm.ko
  CC      net/can/can-gw.mod.o
  LD [M]  net/can/can-gw.ko
  CC      net/can/can-raw.mod.o
  LD [M]  net/can/can-raw.ko
  CC      net/can/can.mod.o
  LD [M]  net/can/can.ko
  CC      net/ceph/libceph.mod.o
  LD [M]  net/ceph/libceph.ko
  CC      net/core/drop_monitor.mod.o
  LD [M]  net/core/drop_monitor.ko
  CC      net/core/pktgen.mod.o
  LD [M]  net/core/pktgen.ko
  CC      net/dccp/dccp.mod.o
  LD [M]  net/dccp/dccp.ko
  CC      net/dccp/dccp_diag.mod.o
  LD [M]  net/dccp/dccp_diag.ko
  CC      net/dccp/dccp_ipv4.mod.o
  LD [M]  net/dccp/dccp_ipv4.ko
  CC      net/dccp/dccp_ipv6.mod.o
  LD [M]  net/dccp/dccp_ipv6.ko
  CC      net/dccp/dccp_probe.mod.o
  LD [M]  net/dccp/dccp_probe.ko
  CC      net/ieee802154/6lowpan/ieee802154_6lowpan.mod.o
  LD [M]  net/ieee802154/6lowpan/ieee802154_6lowpan.ko
  CC      net/ieee802154/ieee802154.mod.o
  LD [M]  net/ieee802154/ieee802154.ko
  CC      net/ieee802154/ieee802154_socket.mod.o
  LD [M]  net/ieee802154/ieee802154_socket.ko
  CC      net/ipv4/ah4.mod.o
  LD [M]  net/ipv4/ah4.ko
  CC      net/ipv4/esp4.mod.o
  LD [M]  net/ipv4/esp4.ko
  CC      net/ipv4/fou.mod.o
  LD [M]  net/ipv4/fou.ko
  CC      net/ipv4/geneve.mod.o
  LD [M]  net/ipv4/geneve.ko
  CC      net/ipv4/gre.mod.o
  LD [M]  net/ipv4/gre.ko
  CC      net/ipv4/inet_diag.mod.o
  LD [M]  net/ipv4/inet_diag.ko
  CC      net/ipv4/inet_lro.mod.o
  LD [M]  net/ipv4/inet_lro.ko
  CC      net/ipv4/ip_gre.mod.o
  LD [M]  net/ipv4/ip_gre.ko
  CC      net/ipv4/ip_tunnel.mod.o
  LD [M]  net/ipv4/ip_tunnel.ko
  CC      net/ipv4/ip_vti.mod.o
  LD [M]  net/ipv4/ip_vti.ko
  CC      net/ipv4/ipcomp.mod.o
  LD [M]  net/ipv4/ipcomp.ko
  CC      net/ipv4/ipip.mod.o
  LD [M]  net/ipv4/ipip.ko
  CC      net/ipv4/netfilter/arp_tables.mod.o
  LD [M]  net/ipv4/netfilter/arp_tables.ko
  CC      net/ipv4/netfilter/arpt_mangle.mod.o
  LD [M]  net/ipv4/netfilter/arpt_mangle.ko
  CC      net/ipv4/netfilter/arptable_filter.mod.o
  LD [M]  net/ipv4/netfilter/arptable_filter.ko
  CC      net/ipv4/netfilter/ip_tables.mod.o
  LD [M]  net/ipv4/netfilter/ip_tables.ko
  CC      net/ipv4/netfilter/ipt_CLUSTERIP.mod.o
  LD [M]  net/ipv4/netfilter/ipt_CLUSTERIP.ko
  CC      net/ipv4/netfilter/ipt_ECN.mod.o
  LD [M]  net/ipv4/netfilter/ipt_ECN.ko
  CC      net/ipv4/netfilter/ipt_MASQUERADE.mod.o
  LD [M]  net/ipv4/netfilter/ipt_MASQUERADE.ko
  CC      net/ipv4/netfilter/ipt_REJECT.mod.o
  LD [M]  net/ipv4/netfilter/ipt_REJECT.ko
  CC      net/ipv4/netfilter/ipt_SYNPROXY.mod.o
  LD [M]  net/ipv4/netfilter/ipt_SYNPROXY.ko
  CC      net/ipv4/netfilter/ipt_ah.mod.o
  LD [M]  net/ipv4/netfilter/ipt_ah.ko
  CC      net/ipv4/netfilter/ipt_rpfilter.mod.o
  LD [M]  net/ipv4/netfilter/ipt_rpfilter.ko
  CC      net/ipv4/netfilter/iptable_filter.mod.o
  LD [M]  net/ipv4/netfilter/iptable_filter.ko
  CC      net/ipv4/netfilter/iptable_mangle.mod.o
  LD [M]  net/ipv4/netfilter/iptable_mangle.ko
  CC      net/ipv4/netfilter/iptable_nat.mod.o
  LD [M]  net/ipv4/netfilter/iptable_nat.ko
  CC      net/ipv4/netfilter/iptable_raw.mod.o
  LD [M]  net/ipv4/netfilter/iptable_raw.ko
  CC      net/ipv4/netfilter/iptable_security.mod.o
  LD [M]  net/ipv4/netfilter/iptable_security.ko
  CC      net/ipv4/netfilter/nf_conntrack_ipv4.mod.o
  LD [M]  net/ipv4/netfilter/nf_conntrack_ipv4.ko
  CC      net/ipv4/netfilter/nf_defrag_ipv4.mod.o
  LD [M]  net/ipv4/netfilter/nf_defrag_ipv4.ko
  CC      net/ipv4/netfilter/nf_log_arp.mod.o
  LD [M]  net/ipv4/netfilter/nf_log_arp.ko
  CC      net/ipv4/netfilter/nf_log_ipv4.mod.o
  LD [M]  net/ipv4/netfilter/nf_log_ipv4.ko
  CC      net/ipv4/netfilter/nf_nat_h323.mod.o
  LD [M]  net/ipv4/netfilter/nf_nat_h323.ko
  CC      net/ipv4/netfilter/nf_nat_ipv4.mod.o
  LD [M]  net/ipv4/netfilter/nf_nat_ipv4.ko
  CC      net/ipv4/netfilter/nf_nat_masquerade_ipv4.mod.o
  LD [M]  net/ipv4/netfilter/nf_nat_masquerade_ipv4.ko
  CC      net/ipv4/netfilter/nf_nat_pptp.mod.o
  LD [M]  net/ipv4/netfilter/nf_nat_pptp.ko
  CC      net/ipv4/netfilter/nf_nat_proto_gre.mod.o
  LD [M]  net/ipv4/netfilter/nf_nat_proto_gre.ko
  CC      net/ipv4/netfilter/nf_nat_snmp_basic.mod.o
  LD [M]  net/ipv4/netfilter/nf_nat_snmp_basic.ko
  CC      net/ipv4/netfilter/nf_reject_ipv4.mod.o
  LD [M]  net/ipv4/netfilter/nf_reject_ipv4.ko
  CC      net/ipv4/netfilter/nf_tables_arp.mod.o
  LD [M]  net/ipv4/netfilter/nf_tables_arp.ko
  CC      net/ipv4/netfilter/nf_tables_ipv4.mod.o
  LD [M]  net/ipv4/netfilter/nf_tables_ipv4.ko
  CC      net/ipv4/netfilter/nft_chain_nat_ipv4.mod.o
  LD [M]  net/ipv4/netfilter/nft_chain_nat_ipv4.ko
  CC      net/ipv4/netfilter/nft_chain_route_ipv4.mod.o
  LD [M]  net/ipv4/netfilter/nft_chain_route_ipv4.ko
  CC      net/ipv4/netfilter/nft_masq_ipv4.mod.o
  LD [M]  net/ipv4/netfilter/nft_masq_ipv4.ko
  CC      net/ipv4/netfilter/nft_reject_ipv4.mod.o
  LD [M]  net/ipv4/netfilter/nft_reject_ipv4.ko
  CC      net/ipv4/tcp_bic.mod.o
  LD [M]  net/ipv4/tcp_bic.ko
  CC      net/ipv4/tcp_dctcp.mod.o
  LD [M]  net/ipv4/tcp_dctcp.ko
  CC      net/ipv4/tcp_diag.mod.o
  LD [M]  net/ipv4/tcp_diag.ko
  CC      net/ipv4/tcp_highspeed.mod.o
  LD [M]  net/ipv4/tcp_highspeed.ko
  CC      net/ipv4/tcp_htcp.mod.o
  LD [M]  net/ipv4/tcp_htcp.ko
  CC      net/ipv4/tcp_hybla.mod.o
  LD [M]  net/ipv4/tcp_hybla.ko
  CC      net/ipv4/tcp_illinois.mod.o
  LD [M]  net/ipv4/tcp_illinois.ko
  CC      net/ipv4/tcp_lp.mod.o
  LD [M]  net/ipv4/tcp_lp.ko
  CC      net/ipv4/tcp_scalable.mod.o
  LD [M]  net/ipv4/tcp_scalable.ko
  CC      net/ipv4/tcp_vegas.mod.o
  LD [M]  net/ipv4/tcp_vegas.ko
  CC      net/ipv4/tcp_veno.mod.o
  LD [M]  net/ipv4/tcp_veno.ko
  CC      net/ipv4/tcp_westwood.mod.o
  LD [M]  net/ipv4/tcp_westwood.ko
  CC      net/ipv4/tcp_yeah.mod.o
  LD [M]  net/ipv4/tcp_yeah.ko
  CC      net/ipv4/tunnel4.mod.o
  LD [M]  net/ipv4/tunnel4.ko
  CC      net/ipv4/udp_diag.mod.o
  LD [M]  net/ipv4/udp_diag.ko
  CC      net/ipv4/udp_tunnel.mod.o
  LD [M]  net/ipv4/udp_tunnel.ko
  CC      net/ipv4/xfrm4_mode_beet.mod.o
  LD [M]  net/ipv4/xfrm4_mode_beet.ko
  CC      net/ipv4/xfrm4_mode_transport.mod.o
  LD [M]  net/ipv4/xfrm4_mode_transport.ko
  CC      net/ipv4/xfrm4_mode_tunnel.mod.o
  LD [M]  net/ipv4/xfrm4_mode_tunnel.ko
  CC      net/ipv4/xfrm4_tunnel.mod.o
  LD [M]  net/ipv4/xfrm4_tunnel.ko
  CC      net/ipv6/ah6.mod.o
  LD [M]  net/ipv6/ah6.ko
  CC      net/ipv6/esp6.mod.o
  LD [M]  net/ipv6/esp6.ko
  CC      net/ipv6/ip6_gre.mod.o
  LD [M]  net/ipv6/ip6_gre.ko
  CC      net/ipv6/ip6_tunnel.mod.o
  LD [M]  net/ipv6/ip6_tunnel.ko
  CC      net/ipv6/ip6_udp_tunnel.mod.o
  LD [M]  net/ipv6/ip6_udp_tunnel.ko
  CC      net/ipv6/ip6_vti.mod.o
  LD [M]  net/ipv6/ip6_vti.ko
  CC      net/ipv6/ipcomp6.mod.o
  LD [M]  net/ipv6/ipcomp6.ko
  CC      net/ipv6/netfilter/ip6_tables.mod.o
  LD [M]  net/ipv6/netfilter/ip6_tables.ko
  CC      net/ipv6/netfilter/ip6t_MASQUERADE.mod.o
  LD [M]  net/ipv6/netfilter/ip6t_MASQUERADE.ko
  CC      net/ipv6/netfilter/ip6t_NPT.mod.o
  LD [M]  net/ipv6/netfilter/ip6t_NPT.ko
  CC      net/ipv6/netfilter/ip6t_REJECT.mod.o
  LD [M]  net/ipv6/netfilter/ip6t_REJECT.ko
  CC      net/ipv6/netfilter/ip6t_SYNPROXY.mod.o
  LD [M]  net/ipv6/netfilter/ip6t_SYNPROXY.ko
  CC      net/ipv6/netfilter/ip6t_ah.mod.o
  LD [M]  net/ipv6/netfilter/ip6t_ah.ko
  CC      net/ipv6/netfilter/ip6t_eui64.mod.o
  LD [M]  net/ipv6/netfilter/ip6t_eui64.ko
  CC      net/ipv6/netfilter/ip6t_frag.mod.o
  LD [M]  net/ipv6/netfilter/ip6t_frag.ko
  CC      net/ipv6/netfilter/ip6t_hbh.mod.o
  LD [M]  net/ipv6/netfilter/ip6t_hbh.ko
  CC      net/ipv6/netfilter/ip6t_ipv6header.mod.o
  LD [M]  net/ipv6/netfilter/ip6t_ipv6header.ko
  CC      net/ipv6/netfilter/ip6t_mh.mod.o
  LD [M]  net/ipv6/netfilter/ip6t_mh.ko
  CC      net/ipv6/netfilter/ip6t_rpfilter.mod.o
  LD [M]  net/ipv6/netfilter/ip6t_rpfilter.ko
  CC      net/ipv6/netfilter/ip6t_rt.mod.o
  LD [M]  net/ipv6/netfilter/ip6t_rt.ko
  CC      net/ipv6/netfilter/ip6table_filter.mod.o
  LD [M]  net/ipv6/netfilter/ip6table_filter.ko
  CC      net/ipv6/netfilter/ip6table_mangle.mod.o
  LD [M]  net/ipv6/netfilter/ip6table_mangle.ko
  CC      net/ipv6/netfilter/ip6table_nat.mod.o
  LD [M]  net/ipv6/netfilter/ip6table_nat.ko
  CC      net/ipv6/netfilter/ip6table_raw.mod.o
  LD [M]  net/ipv6/netfilter/ip6table_raw.ko
  CC      net/ipv6/netfilter/ip6table_security.mod.o
  LD [M]  net/ipv6/netfilter/ip6table_security.ko
  CC      net/ipv6/netfilter/nf_conntrack_ipv6.mod.o
  LD [M]  net/ipv6/netfilter/nf_conntrack_ipv6.ko
  CC      net/ipv6/netfilter/nf_defrag_ipv6.mod.o
  LD [M]  net/ipv6/netfilter/nf_defrag_ipv6.ko
  CC      net/ipv6/netfilter/nf_log_ipv6.mod.o
  LD [M]  net/ipv6/netfilter/nf_log_ipv6.ko
  CC      net/ipv6/netfilter/nf_nat_ipv6.mod.o
  LD [M]  net/ipv6/netfilter/nf_nat_ipv6.ko
  CC      net/ipv6/netfilter/nf_nat_masquerade_ipv6.mod.o
  LD [M]  net/ipv6/netfilter/nf_nat_masquerade_ipv6.ko
  CC      net/ipv6/netfilter/nf_reject_ipv6.mod.o
  LD [M]  net/ipv6/netfilter/nf_reject_ipv6.ko
  CC      net/ipv6/netfilter/nf_tables_ipv6.mod.o
  LD [M]  net/ipv6/netfilter/nf_tables_ipv6.ko
  CC      net/ipv6/netfilter/nft_chain_nat_ipv6.mod.o
  LD [M]  net/ipv6/netfilter/nft_chain_nat_ipv6.ko
  CC      net/ipv6/netfilter/nft_chain_route_ipv6.mod.o
  LD [M]  net/ipv6/netfilter/nft_chain_route_ipv6.ko
  CC      net/ipv6/netfilter/nft_masq_ipv6.mod.o
  LD [M]  net/ipv6/netfilter/nft_masq_ipv6.ko
  CC      net/ipv6/netfilter/nft_reject_ipv6.mod.o
  LD [M]  net/ipv6/netfilter/nft_reject_ipv6.ko
  CC      net/ipv6/sit.mod.o
  LD [M]  net/ipv6/sit.ko
  CC      net/ipv6/tunnel6.mod.o
  LD [M]  net/ipv6/tunnel6.ko
  CC      net/ipv6/xfrm6_mode_beet.mod.o
  LD [M]  net/ipv6/xfrm6_mode_beet.ko
  CC      net/ipv6/xfrm6_mode_ro.mod.o
  LD [M]  net/ipv6/xfrm6_mode_ro.ko
  CC      net/ipv6/xfrm6_mode_transport.mod.o
  LD [M]  net/ipv6/xfrm6_mode_transport.ko
  CC      net/ipv6/xfrm6_mode_tunnel.mod.o
  LD [M]  net/ipv6/xfrm6_mode_tunnel.ko
  CC      net/ipv6/xfrm6_tunnel.mod.o
  LD [M]  net/ipv6/xfrm6_tunnel.ko
  CC      net/key/af_key.mod.o
  LD [M]  net/key/af_key.ko
  CC      net/l2tp/l2tp_core.mod.o
  LD [M]  net/l2tp/l2tp_core.ko
  CC      net/l2tp/l2tp_debugfs.mod.o
  LD [M]  net/l2tp/l2tp_debugfs.ko
  CC      net/l2tp/l2tp_eth.mod.o
  LD [M]  net/l2tp/l2tp_eth.ko
  CC      net/l2tp/l2tp_ip.mod.o
  LD [M]  net/l2tp/l2tp_ip.ko
  CC      net/l2tp/l2tp_ip6.mod.o
  LD [M]  net/l2tp/l2tp_ip6.ko
  CC      net/l2tp/l2tp_netlink.mod.o
  LD [M]  net/l2tp/l2tp_netlink.ko
  CC      net/l2tp/l2tp_ppp.mod.o
  LD [M]  net/l2tp/l2tp_ppp.ko
  CC      net/llc/llc.mod.o
  LD [M]  net/llc/llc.ko
  CC      net/llc/llc2.mod.o
  LD [M]  net/llc/llc2.ko
  CC      net/mac80211/mac80211.mod.o
  LD [M]  net/mac80211/mac80211.ko
  CC      net/mpls/mpls_router.mod.o
  LD [M]  net/mpls/mpls_router.ko
  CC      net/netfilter/ipset/ip_set.mod.o
  LD [M]  net/netfilter/ipset/ip_set.ko
  CC      net/netfilter/ipset/ip_set_bitmap_ip.mod.o
  LD [M]  net/netfilter/ipset/ip_set_bitmap_ip.ko
  CC      net/netfilter/ipset/ip_set_bitmap_ipmac.mod.o
  LD [M]  net/netfilter/ipset/ip_set_bitmap_ipmac.ko
  CC      net/netfilter/ipset/ip_set_bitmap_port.mod.o
  LD [M]  net/netfilter/ipset/ip_set_bitmap_port.ko
  CC      net/netfilter/ipset/ip_set_hash_ip.mod.o
  LD [M]  net/netfilter/ipset/ip_set_hash_ip.ko
  CC      net/netfilter/ipset/ip_set_hash_ipmark.mod.o
  LD [M]  net/netfilter/ipset/ip_set_hash_ipmark.ko
  CC      net/netfilter/ipset/ip_set_hash_ipport.mod.o
  LD [M]  net/netfilter/ipset/ip_set_hash_ipport.ko
  CC      net/netfilter/ipset/ip_set_hash_ipportip.mod.o
  LD [M]  net/netfilter/ipset/ip_set_hash_ipportip.ko
  CC      net/netfilter/ipset/ip_set_hash_ipportnet.mod.o
  LD [M]  net/netfilter/ipset/ip_set_hash_ipportnet.ko
  CC      net/netfilter/ipset/ip_set_hash_mac.mod.o
  LD [M]  net/netfilter/ipset/ip_set_hash_mac.ko
  CC      net/netfilter/ipset/ip_set_hash_net.mod.o
  LD [M]  net/netfilter/ipset/ip_set_hash_net.ko
  CC      net/netfilter/ipset/ip_set_hash_netiface.mod.o
  LD [M]  net/netfilter/ipset/ip_set_hash_netiface.ko
  CC      net/netfilter/ipset/ip_set_hash_netnet.mod.o
  LD [M]  net/netfilter/ipset/ip_set_hash_netnet.ko
  CC      net/netfilter/ipset/ip_set_hash_netport.mod.o
  LD [M]  net/netfilter/ipset/ip_set_hash_netport.ko
  CC      net/netfilter/ipset/ip_set_hash_netportnet.mod.o
  LD [M]  net/netfilter/ipset/ip_set_hash_netportnet.ko
  CC      net/netfilter/ipset/ip_set_list_set.mod.o
  LD [M]  net/netfilter/ipset/ip_set_list_set.ko
  CC      net/netfilter/ipvs/ip_vs.mod.o
  LD [M]  net/netfilter/ipvs/ip_vs.ko
  CC      net/netfilter/ipvs/ip_vs_dh.mod.o
  LD [M]  net/netfilter/ipvs/ip_vs_dh.ko
  CC      net/netfilter/ipvs/ip_vs_fo.mod.o
  LD [M]  net/netfilter/ipvs/ip_vs_fo.ko
  CC      net/netfilter/ipvs/ip_vs_ftp.mod.o
  LD [M]  net/netfilter/ipvs/ip_vs_ftp.ko
  CC      net/netfilter/ipvs/ip_vs_lblc.mod.o
  LD [M]  net/netfilter/ipvs/ip_vs_lblc.ko
  CC      net/netfilter/ipvs/ip_vs_lblcr.mod.o
  LD [M]  net/netfilter/ipvs/ip_vs_lblcr.ko
  CC      net/netfilter/ipvs/ip_vs_lc.mod.o
  LD [M]  net/netfilter/ipvs/ip_vs_lc.ko
  CC      net/netfilter/ipvs/ip_vs_nq.mod.o
  LD [M]  net/netfilter/ipvs/ip_vs_nq.ko
  CC      net/netfilter/ipvs/ip_vs_pe_sip.mod.o
  LD [M]  net/netfilter/ipvs/ip_vs_pe_sip.ko
  CC      net/netfilter/ipvs/ip_vs_rr.mod.o
  LD [M]  net/netfilter/ipvs/ip_vs_rr.ko
  CC      net/netfilter/ipvs/ip_vs_sed.mod.o
  LD [M]  net/netfilter/ipvs/ip_vs_sed.ko
  CC      net/netfilter/ipvs/ip_vs_sh.mod.o
  LD [M]  net/netfilter/ipvs/ip_vs_sh.ko
  CC      net/netfilter/ipvs/ip_vs_wlc.mod.o
  LD [M]  net/netfilter/ipvs/ip_vs_wlc.ko
  CC      net/netfilter/ipvs/ip_vs_wrr.mod.o
  LD [M]  net/netfilter/ipvs/ip_vs_wrr.ko
  CC      net/netfilter/nf_conntrack.mod.o
  LD [M]  net/netfilter/nf_conntrack.ko
  CC      net/netfilter/nf_conntrack_amanda.mod.o
  LD [M]  net/netfilter/nf_conntrack_amanda.ko
  CC      net/netfilter/nf_conntrack_broadcast.mod.o
  LD [M]  net/netfilter/nf_conntrack_broadcast.ko
  CC      net/netfilter/nf_conntrack_ftp.mod.o
  LD [M]  net/netfilter/nf_conntrack_ftp.ko
  CC      net/netfilter/nf_conntrack_h323.mod.o
  LD [M]  net/netfilter/nf_conntrack_h323.ko
  CC      net/netfilter/nf_conntrack_irc.mod.o
  LD [M]  net/netfilter/nf_conntrack_irc.ko
  CC      net/netfilter/nf_conntrack_netbios_ns.mod.o
  LD [M]  net/netfilter/nf_conntrack_netbios_ns.ko
  CC      net/netfilter/nf_conntrack_netlink.mod.o
  LD [M]  net/netfilter/nf_conntrack_netlink.ko
  CC      net/netfilter/nf_conntrack_pptp.mod.o
  LD [M]  net/netfilter/nf_conntrack_pptp.ko
  CC      net/netfilter/nf_conntrack_proto_dccp.mod.o
  LD [M]  net/netfilter/nf_conntrack_proto_dccp.ko
  CC      net/netfilter/nf_conntrack_proto_gre.mod.o
  LD [M]  net/netfilter/nf_conntrack_proto_gre.ko
  CC      net/netfilter/nf_conntrack_proto_sctp.mod.o
  LD [M]  net/netfilter/nf_conntrack_proto_sctp.ko
  CC      net/netfilter/nf_conntrack_proto_udplite.mod.o
  LD [M]  net/netfilter/nf_conntrack_proto_udplite.ko
  CC      net/netfilter/nf_conntrack_sane.mod.o
  LD [M]  net/netfilter/nf_conntrack_sane.ko
  CC      net/netfilter/nf_conntrack_sip.mod.o
  LD [M]  net/netfilter/nf_conntrack_sip.ko
  CC      net/netfilter/nf_conntrack_snmp.mod.o
  LD [M]  net/netfilter/nf_conntrack_snmp.ko
  CC      net/netfilter/nf_conntrack_tftp.mod.o
  LD [M]  net/netfilter/nf_conntrack_tftp.ko
  CC      net/netfilter/nf_log_common.mod.o
  LD [M]  net/netfilter/nf_log_common.ko
  CC      net/netfilter/nf_nat.mod.o
  LD [M]  net/netfilter/nf_nat.ko
  CC      net/netfilter/nf_nat_amanda.mod.o
  LD [M]  net/netfilter/nf_nat_amanda.ko
  CC      net/netfilter/nf_nat_ftp.mod.o
  LD [M]  net/netfilter/nf_nat_ftp.ko
  CC      net/netfilter/nf_nat_irc.mod.o
  LD [M]  net/netfilter/nf_nat_irc.ko
  CC      net/netfilter/nf_nat_proto_dccp.mod.o
  LD [M]  net/netfilter/nf_nat_proto_dccp.ko
  CC      net/netfilter/nf_nat_proto_sctp.mod.o
  LD [M]  net/netfilter/nf_nat_proto_sctp.ko
  CC      net/netfilter/nf_nat_proto_udplite.mod.o
  LD [M]  net/netfilter/nf_nat_proto_udplite.ko
  CC      net/netfilter/nf_nat_redirect.mod.o
  LD [M]  net/netfilter/nf_nat_redirect.ko
  CC      net/netfilter/nf_nat_sip.mod.o
  LD [M]  net/netfilter/nf_nat_sip.ko
  CC      net/netfilter/nf_nat_tftp.mod.o
  LD [M]  net/netfilter/nf_nat_tftp.ko
  CC      net/netfilter/nf_synproxy_core.mod.o
  LD [M]  net/netfilter/nf_synproxy_core.ko
  CC      net/netfilter/nf_tables.mod.o
  LD [M]  net/netfilter/nf_tables.ko
  CC      net/netfilter/nf_tables_inet.mod.o
  LD [M]  net/netfilter/nf_tables_inet.ko
  CC      net/netfilter/nfnetlink.mod.o
  LD [M]  net/netfilter/nfnetlink.ko
  CC      net/netfilter/nfnetlink_acct.mod.o
  LD [M]  net/netfilter/nfnetlink_acct.ko
  CC      net/netfilter/nfnetlink_cthelper.mod.o
  LD [M]  net/netfilter/nfnetlink_cthelper.ko
  CC      net/netfilter/nfnetlink_cttimeout.mod.o
  LD [M]  net/netfilter/nfnetlink_cttimeout.ko
  CC      net/netfilter/nfnetlink_log.mod.o
  LD [M]  net/netfilter/nfnetlink_log.ko
  CC      net/netfilter/nfnetlink_queue.mod.o
  LD [M]  net/netfilter/nfnetlink_queue.ko
  CC      net/netfilter/nft_compat.mod.o
  LD [M]  net/netfilter/nft_compat.ko
  CC      net/netfilter/nft_counter.mod.o
  LD [M]  net/netfilter/nft_counter.ko
  CC      net/netfilter/nft_ct.mod.o
  LD [M]  net/netfilter/nft_ct.ko
  CC      net/netfilter/nft_exthdr.mod.o
  LD [M]  net/netfilter/nft_exthdr.ko
  CC      net/netfilter/nft_hash.mod.o
  LD [M]  net/netfilter/nft_hash.ko
  CC      net/netfilter/nft_limit.mod.o
  LD [M]  net/netfilter/nft_limit.ko
  CC      net/netfilter/nft_log.mod.o
  LD [M]  net/netfilter/nft_log.ko
  CC      net/netfilter/nft_masq.mod.o
  LD [M]  net/netfilter/nft_masq.ko
  CC      net/netfilter/nft_meta.mod.o
  LD [M]  net/netfilter/nft_meta.ko
  CC      net/netfilter/nft_nat.mod.o
  LD [M]  net/netfilter/nft_nat.ko
  CC      net/netfilter/nft_queue.mod.o
  LD [M]  net/netfilter/nft_queue.ko
  CC      net/netfilter/nft_rbtree.mod.o
  LD [M]  net/netfilter/nft_rbtree.ko
  CC      net/netfilter/nft_redir.mod.o
  LD [M]  net/netfilter/nft_redir.ko
  CC      net/netfilter/nft_reject.mod.o
  LD [M]  net/netfilter/nft_reject.ko
  CC      net/netfilter/nft_reject_inet.mod.o
  LD [M]  net/netfilter/nft_reject_inet.ko
  CC      net/netfilter/x_tables.mod.o
  LD [M]  net/netfilter/x_tables.ko
  CC      net/netfilter/xt_AUDIT.mod.o
  LD [M]  net/netfilter/xt_AUDIT.ko
  CC      net/netfilter/xt_CHECKSUM.mod.o
  LD [M]  net/netfilter/xt_CHECKSUM.ko
  CC      net/netfilter/xt_CLASSIFY.mod.o
  LD [M]  net/netfilter/xt_CLASSIFY.ko
  CC      net/netfilter/xt_CONNSECMARK.mod.o
  LD [M]  net/netfilter/xt_CONNSECMARK.ko
  CC      net/netfilter/xt_CT.mod.o
  LD [M]  net/netfilter/xt_CT.ko
  CC      net/netfilter/xt_DSCP.mod.o
  LD [M]  net/netfilter/xt_DSCP.ko
  CC      net/netfilter/xt_HL.mod.o
  LD [M]  net/netfilter/xt_HL.ko
  CC      net/netfilter/xt_HMARK.mod.o
  LD [M]  net/netfilter/xt_HMARK.ko
  CC      net/netfilter/xt_IDLETIMER.mod.o
  LD [M]  net/netfilter/xt_IDLETIMER.ko
  CC      net/netfilter/xt_LED.mod.o
  LD [M]  net/netfilter/xt_LED.ko
  CC      net/netfilter/xt_LOG.mod.o
  LD [M]  net/netfilter/xt_LOG.ko
  CC      net/netfilter/xt_NETMAP.mod.o
  LD [M]  net/netfilter/xt_NETMAP.ko
  CC      net/netfilter/xt_NFLOG.mod.o
  LD [M]  net/netfilter/xt_NFLOG.ko
  CC      net/netfilter/xt_NFQUEUE.mod.o
  LD [M]  net/netfilter/xt_NFQUEUE.ko
  CC      net/netfilter/xt_RATEEST.mod.o
  LD [M]  net/netfilter/xt_RATEEST.ko
  CC      net/netfilter/xt_REDIRECT.mod.o
  LD [M]  net/netfilter/xt_REDIRECT.ko
  CC      net/netfilter/xt_SECMARK.mod.o
  LD [M]  net/netfilter/xt_SECMARK.ko
  CC      net/netfilter/xt_TCPMSS.mod.o
  LD [M]  net/netfilter/xt_TCPMSS.ko
  CC      net/netfilter/xt_TCPOPTSTRIP.mod.o
  LD [M]  net/netfilter/xt_TCPOPTSTRIP.ko
  CC      net/netfilter/xt_TEE.mod.o
  LD [M]  net/netfilter/xt_TEE.ko
  CC      net/netfilter/xt_TPROXY.mod.o
  LD [M]  net/netfilter/xt_TPROXY.ko
  CC      net/netfilter/xt_TRACE.mod.o
  LD [M]  net/netfilter/xt_TRACE.ko
  CC      net/netfilter/xt_addrtype.mod.o
  LD [M]  net/netfilter/xt_addrtype.ko
  CC      net/netfilter/xt_bpf.mod.o
  LD [M]  net/netfilter/xt_bpf.ko
  CC      net/netfilter/xt_cgroup.mod.o
  LD [M]  net/netfilter/xt_cgroup.ko
  CC      net/netfilter/xt_cluster.mod.o
  LD [M]  net/netfilter/xt_cluster.ko
  CC      net/netfilter/xt_comment.mod.o
  LD [M]  net/netfilter/xt_comment.ko
  CC      net/netfilter/xt_connbytes.mod.o
  LD [M]  net/netfilter/xt_connbytes.ko
  CC      net/netfilter/xt_connlabel.mod.o
  LD [M]  net/netfilter/xt_connlabel.ko
  CC      net/netfilter/xt_connlimit.mod.o
  LD [M]  net/netfilter/xt_connlimit.ko
  CC      net/netfilter/xt_connmark.mod.o
  LD [M]  net/netfilter/xt_connmark.ko
  CC      net/netfilter/xt_conntrack.mod.o
  LD [M]  net/netfilter/xt_conntrack.ko
  CC      net/netfilter/xt_cpu.mod.o
  LD [M]  net/netfilter/xt_cpu.ko
  CC      net/netfilter/xt_dccp.mod.o
  LD [M]  net/netfilter/xt_dccp.ko
  CC      net/netfilter/xt_devgroup.mod.o
  LD [M]  net/netfilter/xt_devgroup.ko
  CC      net/netfilter/xt_dscp.mod.o
  LD [M]  net/netfilter/xt_dscp.ko
  CC      net/netfilter/xt_ecn.mod.o
  LD [M]  net/netfilter/xt_ecn.ko
  CC      net/netfilter/xt_esp.mod.o
  LD [M]  net/netfilter/xt_esp.ko
  CC      net/netfilter/xt_hashlimit.mod.o
  LD [M]  net/netfilter/xt_hashlimit.ko
  CC      net/netfilter/xt_helper.mod.o
  LD [M]  net/netfilter/xt_helper.ko
  CC      net/netfilter/xt_hl.mod.o
  LD [M]  net/netfilter/xt_hl.ko
  CC      net/netfilter/xt_ipcomp.mod.o
  LD [M]  net/netfilter/xt_ipcomp.ko
  CC      net/netfilter/xt_iprange.mod.o
  LD [M]  net/netfilter/xt_iprange.ko
  CC      net/netfilter/xt_ipvs.mod.o
  LD [M]  net/netfilter/xt_ipvs.ko
  CC      net/netfilter/xt_l2tp.mod.o
  LD [M]  net/netfilter/xt_l2tp.ko
  CC      net/netfilter/xt_length.mod.o
  LD [M]  net/netfilter/xt_length.ko
  CC      net/netfilter/xt_limit.mod.o
  LD [M]  net/netfilter/xt_limit.ko
  CC      net/netfilter/xt_mac.mod.o
  LD [M]  net/netfilter/xt_mac.ko
  CC      net/netfilter/xt_mark.mod.o
  LD [M]  net/netfilter/xt_mark.ko
  CC      net/netfilter/xt_multiport.mod.o
  LD [M]  net/netfilter/xt_multiport.ko
  CC      net/netfilter/xt_nat.mod.o
  LD [M]  net/netfilter/xt_nat.ko
  CC      net/netfilter/xt_nfacct.mod.o
  LD [M]  net/netfilter/xt_nfacct.ko
  CC      net/netfilter/xt_osf.mod.o
  LD [M]  net/netfilter/xt_osf.ko
  CC      net/netfilter/xt_owner.mod.o
  LD [M]  net/netfilter/xt_owner.ko
  CC      net/netfilter/xt_physdev.mod.o
  LD [M]  net/netfilter/xt_physdev.ko
  CC      net/netfilter/xt_pkttype.mod.o
  LD [M]  net/netfilter/xt_pkttype.ko
  CC      net/netfilter/xt_policy.mod.o
  LD [M]  net/netfilter/xt_policy.ko
  CC      net/netfilter/xt_quota.mod.o
  LD [M]  net/netfilter/xt_quota.ko
  CC      net/netfilter/xt_rateest.mod.o
  LD [M]  net/netfilter/xt_rateest.ko
  CC      net/netfilter/xt_realm.mod.o
  LD [M]  net/netfilter/xt_realm.ko
  CC      net/netfilter/xt_recent.mod.o
  LD [M]  net/netfilter/xt_recent.ko
  CC      net/netfilter/xt_sctp.mod.o
  LD [M]  net/netfilter/xt_sctp.ko
  CC      net/netfilter/xt_set.mod.o
  LD [M]  net/netfilter/xt_set.ko
  CC      net/netfilter/xt_socket.mod.o
  LD [M]  net/netfilter/xt_socket.ko
  CC      net/netfilter/xt_state.mod.o
  LD [M]  net/netfilter/xt_state.ko
  CC      net/netfilter/xt_statistic.mod.o
  LD [M]  net/netfilter/xt_statistic.ko
  CC      net/netfilter/xt_string.mod.o
  LD [M]  net/netfilter/xt_string.ko
  CC      net/netfilter/xt_tcpmss.mod.o
  LD [M]  net/netfilter/xt_tcpmss.ko
  CC      net/netfilter/xt_tcpudp.mod.o
  LD [M]  net/netfilter/xt_tcpudp.ko
  CC      net/netfilter/xt_time.mod.o
  LD [M]  net/netfilter/xt_time.ko
  CC      net/netfilter/xt_u32.mod.o
  LD [M]  net/netfilter/xt_u32.ko
  CC      net/netlink/netlink_diag.mod.o
  LD [M]  net/netlink/netlink_diag.ko
  CC      net/nfc/nfc.mod.o
  LD [M]  net/nfc/nfc.ko
  CC      net/nfc/nfc_digital.mod.o
  LD [M]  net/nfc/nfc_digital.ko
  CC      net/openvswitch/openvswitch.mod.o
  LD [M]  net/openvswitch/openvswitch.ko
  CC      net/openvswitch/vport-geneve.mod.o
  LD [M]  net/openvswitch/vport-geneve.ko
  CC      net/openvswitch/vport-gre.mod.o
  LD [M]  net/openvswitch/vport-gre.ko
  CC      net/openvswitch/vport-vxlan.mod.o
  LD [M]  net/openvswitch/vport-vxlan.ko
  CC      net/packet/af_packet_diag.mod.o
  LD [M]  net/packet/af_packet_diag.ko
  CC      net/phonet/phonet.mod.o
  LD [M]  net/phonet/phonet.ko
  CC      net/phonet/pn_pep.mod.o
  LD [M]  net/phonet/pn_pep.ko
  CC      net/rds/rds.mod.o
  LD [M]  net/rds/rds.ko
  CC      net/rds/rds_tcp.mod.o
  LD [M]  net/rds/rds_tcp.ko
  CC      net/rfkill/rfkill.mod.o
  LD [M]  net/rfkill/rfkill.ko
  CC      net/rxrpc/af-rxrpc.mod.o
  LD [M]  net/rxrpc/af-rxrpc.ko
  CC      net/rxrpc/rxkad.mod.o
  LD [M]  net/rxrpc/rxkad.ko
  CC      net/sched/act_bpf.mod.o
  LD [M]  net/sched/act_bpf.ko
  CC      net/sched/act_connmark.mod.o
  LD [M]  net/sched/act_connmark.ko
  CC      net/sched/act_csum.mod.o
  LD [M]  net/sched/act_csum.ko
  CC      net/sched/act_gact.mod.o
  LD [M]  net/sched/act_gact.ko
  CC      net/sched/act_ipt.mod.o
  LD [M]  net/sched/act_ipt.ko
  CC      net/sched/act_mirred.mod.o
  LD [M]  net/sched/act_mirred.ko
  CC      net/sched/act_nat.mod.o
  LD [M]  net/sched/act_nat.ko
  CC      net/sched/act_pedit.mod.o
  LD [M]  net/sched/act_pedit.ko
  CC      net/sched/act_police.mod.o
  LD [M]  net/sched/act_police.ko
  CC      net/sched/act_simple.mod.o
  LD [M]  net/sched/act_simple.ko
  CC      net/sched/act_skbedit.mod.o
  LD [M]  net/sched/act_skbedit.ko
  CC      net/sched/act_vlan.mod.o
  LD [M]  net/sched/act_vlan.ko
  CC      net/sched/cls_basic.mod.o
  LD [M]  net/sched/cls_basic.ko
  CC      net/sched/cls_bpf.mod.o
  LD [M]  net/sched/cls_bpf.ko
  CC      net/sched/cls_cgroup.mod.o
  LD [M]  net/sched/cls_cgroup.ko
  CC      net/sched/cls_flow.mod.o
  LD [M]  net/sched/cls_flow.ko
  CC      net/sched/cls_fw.mod.o
  LD [M]  net/sched/cls_fw.ko
  CC      net/sched/cls_route.mod.o
  LD [M]  net/sched/cls_route.ko
  CC      net/sched/cls_rsvp.mod.o
  LD [M]  net/sched/cls_rsvp.ko
  CC      net/sched/cls_rsvp6.mod.o
  LD [M]  net/sched/cls_rsvp6.ko
  CC      net/sched/cls_tcindex.mod.o
  LD [M]  net/sched/cls_tcindex.ko
  CC      net/sched/cls_u32.mod.o
  LD [M]  net/sched/cls_u32.ko
  CC      net/sched/em_canid.mod.o
  LD [M]  net/sched/em_canid.ko
  CC      net/sched/em_cmp.mod.o
  LD [M]  net/sched/em_cmp.ko
  CC      net/sched/em_ipset.mod.o
  LD [M]  net/sched/em_ipset.ko
  CC      net/sched/em_meta.mod.o
  LD [M]  net/sched/em_meta.ko
  CC      net/sched/em_nbyte.mod.o
  LD [M]  net/sched/em_nbyte.ko
  CC      net/sched/em_text.mod.o
  LD [M]  net/sched/em_text.ko
  CC      net/sched/em_u32.mod.o
  LD [M]  net/sched/em_u32.ko
  CC      net/sched/sch_atm.mod.o
  LD [M]  net/sched/sch_atm.ko
  CC      net/sched/sch_cbq.mod.o
  LD [M]  net/sched/sch_cbq.ko
  CC      net/sched/sch_choke.mod.o
  LD [M]  net/sched/sch_choke.ko
  CC      net/sched/sch_codel.mod.o
  LD [M]  net/sched/sch_codel.ko
  CC      net/sched/sch_drr.mod.o
  LD [M]  net/sched/sch_drr.ko
  CC      net/sched/sch_dsmark.mod.o
  LD [M]  net/sched/sch_dsmark.ko
  CC      net/sched/sch_fq.mod.o
  LD [M]  net/sched/sch_fq.ko
  CC      net/sched/sch_fq_codel.mod.o
  LD [M]  net/sched/sch_fq_codel.ko
  CC      net/sched/sch_gred.mod.o
  LD [M]  net/sched/sch_gred.ko
  CC      net/sched/sch_hfsc.mod.o
  LD [M]  net/sched/sch_hfsc.ko
  CC      net/sched/sch_hhf.mod.o
  LD [M]  net/sched/sch_hhf.ko
  CC      net/sched/sch_htb.mod.o
  LD [M]  net/sched/sch_htb.ko
  CC      net/sched/sch_ingress.mod.o
  LD [M]  net/sched/sch_ingress.ko
  CC      net/sched/sch_mqprio.mod.o
  LD [M]  net/sched/sch_mqprio.ko
  CC      net/sched/sch_multiq.mod.o
  LD [M]  net/sched/sch_multiq.ko
  CC      net/sched/sch_netem.mod.o
  LD [M]  net/sched/sch_netem.ko
  CC      net/sched/sch_pie.mod.o
  LD [M]  net/sched/sch_pie.ko
  CC      net/sched/sch_plug.mod.o
  LD [M]  net/sched/sch_plug.ko
  CC      net/sched/sch_prio.mod.o
  LD [M]  net/sched/sch_prio.ko
  CC      net/sched/sch_qfq.mod.o
  LD [M]  net/sched/sch_qfq.ko
  CC      net/sched/sch_red.mod.o
  LD [M]  net/sched/sch_red.ko
  CC      net/sched/sch_sfb.mod.o
  LD [M]  net/sched/sch_sfb.ko
  CC      net/sched/sch_sfq.mod.o
  LD [M]  net/sched/sch_sfq.ko
  CC      net/sched/sch_tbf.mod.o
  LD [M]  net/sched/sch_tbf.ko
  CC      net/sched/sch_teql.mod.o
  LD [M]  net/sched/sch_teql.ko
  CC      net/sctp/sctp.mod.o
  LD [M]  net/sctp/sctp.ko
  CC      net/sctp/sctp_probe.mod.o
  LD [M]  net/sctp/sctp_probe.ko
  CC      net/sunrpc/auth_gss/rpcsec_gss_krb5.mod.o
  LD [M]  net/sunrpc/auth_gss/rpcsec_gss_krb5.ko
  CC      net/tipc/tipc.mod.o
  LD [M]  net/tipc/tipc.ko
  CC      net/unix/unix_diag.mod.o
  LD [M]  net/unix/unix_diag.ko
  CC      net/wimax/wimax.mod.o
  LD [M]  net/wimax/wimax.ko
  CC      net/wireless/cfg80211.mod.o
  LD [M]  net/wireless/cfg80211.ko
  CC      net/wireless/lib80211.mod.o
  LD [M]  net/wireless/lib80211.ko
  CC      net/wireless/lib80211_crypt_ccmp.mod.o
  LD [M]  net/wireless/lib80211_crypt_ccmp.ko
  CC      net/wireless/lib80211_crypt_tkip.mod.o
  LD [M]  net/wireless/lib80211_crypt_tkip.ko
  CC      net/wireless/lib80211_crypt_wep.mod.o
  LD [M]  net/wireless/lib80211_crypt_wep.ko
  CC      net/xfrm/xfrm_algo.mod.o
  LD [M]  net/xfrm/xfrm_algo.ko
  CC      net/xfrm/xfrm_ipcomp.mod.o
  LD [M]  net/xfrm/xfrm_ipcomp.ko
  CC      net/xfrm/xfrm_user.mod.o
  LD [M]  net/xfrm/xfrm_user.ko
  CC      sound/ac97_bus.mod.o
  LD [M]  sound/ac97_bus.ko
  CC      sound/core/oss/snd-mixer-oss.mod.o
  LD [M]  sound/core/oss/snd-mixer-oss.ko
  CC      sound/core/oss/snd-pcm-oss.mod.o
  LD [M]  sound/core/oss/snd-pcm-oss.ko
  CC      sound/core/seq/oss/snd-seq-oss.mod.o
  LD [M]  sound/core/seq/oss/snd-seq-oss.ko
  CC      sound/core/seq/snd-seq-device.mod.o
  LD [M]  sound/core/seq/snd-seq-device.ko
  CC      sound/core/seq/snd-seq-dummy.mod.o
  LD [M]  sound/core/seq/snd-seq-dummy.ko
  CC      sound/core/seq/snd-seq-midi-event.mod.o
  LD [M]  sound/core/seq/snd-seq-midi-event.ko
  CC      sound/core/seq/snd-seq-midi.mod.o
  LD [M]  sound/core/seq/snd-seq-midi.ko
  CC      sound/core/seq/snd-seq.mod.o
  LD [M]  sound/core/seq/snd-seq.ko
  CC      sound/core/snd-hrtimer.mod.o
  LD [M]  sound/core/snd-hrtimer.ko
  CC      sound/core/snd-hwdep.mod.o
  LD [M]  sound/core/snd-hwdep.ko
  CC      sound/core/snd-rawmidi.mod.o
  LD [M]  sound/core/snd-rawmidi.ko
  CC      sound/drivers/snd-aloop.mod.o
  LD [M]  sound/drivers/snd-aloop.ko
  CC      sound/drivers/snd-dummy.mod.o
  LD [M]  sound/drivers/snd-dummy.ko
  CC      sound/drivers/snd-mts64.mod.o
  LD [M]  sound/drivers/snd-mts64.ko
  CC      sound/drivers/snd-portman2x4.mod.o
  LD [M]  sound/drivers/snd-portman2x4.ko
  CC      sound/pci/ac97/snd-ac97-codec.mod.o
  LD [M]  sound/pci/ac97/snd-ac97-codec.ko
  CC      sound/soc/codecs/snd-soc-hdmi-codec.mod.o
  LD [M]  sound/soc/codecs/snd-soc-hdmi-codec.ko
  CC      sound/soc/codecs/snd-soc-sgtl5000.mod.o
  LD [M]  sound/soc/codecs/snd-soc-sgtl5000.ko
  CC      sound/soc/codecs/snd-soc-tlv320aic23-i2c.mod.o
  LD [M]  sound/soc/codecs/snd-soc-tlv320aic23-i2c.ko
  CC      sound/soc/codecs/snd-soc-tlv320aic23.mod.o
  LD [M]  sound/soc/codecs/snd-soc-tlv320aic23.ko
  CC      sound/soc/codecs/snd-soc-tlv320aic31xx.mod.o
  LD [M]  sound/soc/codecs/snd-soc-tlv320aic31xx.ko
  CC      sound/soc/codecs/snd-soc-tlv320aic3x.mod.o
  LD [M]  sound/soc/codecs/snd-soc-tlv320aic3x.ko
  CC      sound/soc/codecs/snd-soc-tpa6130a2.mod.o
  LD [M]  sound/soc/codecs/snd-soc-tpa6130a2.ko
  CC      sound/soc/codecs/snd-soc-twl4030.mod.o
  LD [M]  sound/soc/codecs/snd-soc-twl4030.ko
  CC      sound/soc/davinci/snd-soc-davinci-mcasp.mod.o
  LD [M]  sound/soc/davinci/snd-soc-davinci-mcasp.ko
  CC      sound/soc/davinci/snd-soc-edma.mod.o
  LD [M]  sound/soc/davinci/snd-soc-edma.ko
  CC      sound/soc/davinci/snd-soc-evm.mod.o
  LD [M]  sound/soc/davinci/snd-soc-evm.ko
  CC      sound/soc/fsl/snd-soc-fsl-spdif.mod.o
  LD [M]  sound/soc/fsl/snd-soc-fsl-spdif.ko
  CC      sound/soc/fsl/snd-soc-fsl-ssi.mod.o
  LD [M]  sound/soc/fsl/snd-soc-fsl-ssi.ko
  CC      sound/soc/fsl/snd-soc-imx-audmux.mod.o
  LD [M]  sound/soc/fsl/snd-soc-imx-audmux.ko
  CC      sound/soc/generic/snd-soc-simple-card.mod.o
  LD [M]  sound/soc/generic/snd-soc-simple-card.ko
  CC      sound/soc/omap/snd-soc-omap-hdmi-audio.mod.o
  LD [M]  sound/soc/omap/snd-soc-omap-hdmi-audio.ko
  CC      sound/soc/omap/snd-soc-omap-mcbsp.mod.o
  LD [M]  sound/soc/omap/snd-soc-omap-mcbsp.ko
  CC      sound/soc/omap/snd-soc-omap-twl4030.mod.o
  LD [M]  sound/soc/omap/snd-soc-omap-twl4030.ko
  CC      sound/soc/omap/snd-soc-rx51.mod.o
  LD [M]  sound/soc/omap/snd-soc-rx51.ko
  CC      sound/usb/6fire/snd-usb-6fire.mod.o
  LD [M]  sound/usb/6fire/snd-usb-6fire.ko
  CC      sound/usb/bcd2000/snd-bcd2000.mod.o
  LD [M]  sound/usb/bcd2000/snd-bcd2000.ko
  CC      sound/usb/caiaq/snd-usb-caiaq.mod.o
  LD [M]  sound/usb/caiaq/snd-usb-caiaq.ko
  CC      sound/usb/hiface/snd-usb-hiface.mod.o
  LD [M]  sound/usb/hiface/snd-usb-hiface.ko
  CC      sound/usb/line6/snd-usb-line6.mod.o
  LD [M]  sound/usb/line6/snd-usb-line6.ko
  CC      sound/usb/line6/snd-usb-pod.mod.o
  LD [M]  sound/usb/line6/snd-usb-pod.ko
  CC      sound/usb/line6/snd-usb-podhd.mod.o
  LD [M]  sound/usb/line6/snd-usb-podhd.ko
  CC      sound/usb/line6/snd-usb-toneport.mod.o
  LD [M]  sound/usb/line6/snd-usb-toneport.ko
  CC      sound/usb/line6/snd-usb-variax.mod.o
  LD [M]  sound/usb/line6/snd-usb-variax.ko
  CC      sound/usb/misc/snd-ua101.mod.o
  LD [M]  sound/usb/misc/snd-ua101.ko
  CC      sound/usb/snd-usb-audio.mod.o
  LD [M]  sound/usb/snd-usb-audio.ko
  CC      sound/usb/snd-usbmidi-lib.mod.o
  LD [M]  sound/usb/snd-usbmidi-lib.ko
  HOSTCC  firmware/ihex2fw
  IHEX2FW firmware/emi26/loader.fw
  IHEX2FW firmware/emi26/firmware.fw
  IHEX2FW firmware/emi26/bitstream.fw
  IHEX2FW firmware/emi62/loader.fw
  IHEX2FW firmware/emi62/bitstream.fw
  IHEX2FW firmware/emi62/spdif.fw
  IHEX2FW firmware/emi62/midi.fw
  IHEX    firmware/kaweth/new_code.bin
  IHEX    firmware/kaweth/trigger_code.bin
  IHEX    firmware/kaweth/new_code_fix.bin
  IHEX    firmware/kaweth/trigger_code_fix.bin
  IHEX    firmware/ti_3410.fw
  IHEX    firmware/ti_5052.fw
  IHEX    firmware/mts_cdma.fw
  IHEX    firmware/mts_gsm.fw
  IHEX    firmware/mts_edge.fw
  H16TOFW firmware/edgeport/boot.fw
  H16TOFW firmware/edgeport/boot2.fw
  H16TOFW firmware/edgeport/down.fw
  H16TOFW firmware/edgeport/down2.fw
  IHEX    firmware/edgeport/down3.bin
  IHEX2FW firmware/whiteheat_loader.fw
  IHEX2FW firmware/whiteheat.fw
  IHEX2FW firmware/keyspan_pda/keyspan_pda.fw
  IHEX2FW firmware/keyspan_pda/xircom_pgs.fw
  IHEX    firmware/cpia2/stv0672_vp4.bin
install zImage dtbs & modules
  INSTALL arch/arm/crypto/aes-arm-bs.ko
  INSTALL arch/arm/crypto/aes-arm.ko
  INSTALL arch/arm/crypto/sha1-arm-neon.ko
  INSTALL arch/arm/crypto/sha1-arm.ko
  INSTALL arch/arm/crypto/sha256-arm.ko
  INSTALL arch/arm/crypto/sha512-arm-neon.ko
  INSTALL crypto/ablk_helper.ko
  INSTALL crypto/ansi_cprng.ko
  INSTALL crypto/anubis.ko
  INSTALL crypto/arc4.ko
  INSTALL crypto/async_tx/async_memcpy.ko
  INSTALL crypto/async_tx/async_pq.ko
  INSTALL crypto/async_tx/async_raid6_recov.ko
  INSTALL crypto/async_tx/async_tx.ko
  INSTALL crypto/async_tx/async_xor.ko
  INSTALL crypto/authenc.ko
  INSTALL crypto/authencesn.ko
  INSTALL crypto/blowfish_common.ko
  INSTALL crypto/blowfish_generic.ko
  INSTALL crypto/camellia_generic.ko
  INSTALL crypto/cast5_generic.ko
  INSTALL crypto/cast6_generic.ko
  INSTALL crypto/cast_common.ko
  INSTALL crypto/ccm.ko
  INSTALL crypto/cmac.ko
  INSTALL crypto/crc32.ko
  INSTALL crypto/cryptd.ko
  INSTALL crypto/crypto_null.ko
  INSTALL crypto/ctr.ko
  INSTALL crypto/deflate.ko
  INSTALL crypto/fcrypt.ko
  INSTALL crypto/gcm.ko
  INSTALL crypto/ghash-generic.ko
  INSTALL crypto/khazad.ko
  INSTALL crypto/lrw.ko
  INSTALL crypto/lz4.ko
  INSTALL crypto/lz4hc.ko
  INSTALL crypto/md4.ko
  INSTALL crypto/michael_mic.ko
  INSTALL crypto/pcbc.ko
  INSTALL crypto/rmd128.ko
  INSTALL crypto/rmd160.ko
  INSTALL crypto/rmd256.ko
  INSTALL crypto/rmd320.ko
  INSTALL crypto/salsa20_generic.ko
  INSTALL crypto/seed.ko
  INSTALL crypto/seqiv.ko
  INSTALL crypto/serpent_generic.ko
  INSTALL crypto/tcrypt.ko
  INSTALL crypto/tea.ko
  INSTALL crypto/tgr192.ko
  INSTALL crypto/twofish_common.ko
  INSTALL crypto/twofish_generic.ko
  INSTALL crypto/vmac.ko
  INSTALL crypto/wp512.ko
  INSTALL crypto/xcbc.ko
  INSTALL crypto/zlib.ko
  INSTALL drivers/atm/adummy.ko
  INSTALL drivers/bcma/bcma.ko
  INSTALL drivers/block/aoe/aoe.ko
  INSTALL drivers/block/brd.ko
  INSTALL drivers/block/drbd/drbd.ko
  INSTALL drivers/block/loop.ko
  INSTALL drivers/block/nbd.ko
  INSTALL drivers/block/null_blk.ko
  INSTALL drivers/block/osdblk.ko
  INSTALL drivers/block/rbd.ko
  INSTALL drivers/block/virtio_blk.ko
  INSTALL drivers/block/zram/zram.ko
  INSTALL drivers/bluetooth/ath3k.ko
  INSTALL drivers/bluetooth/bcm203x.ko
  INSTALL drivers/bluetooth/bfusb.ko
  INSTALL drivers/bluetooth/bpa10x.ko
  INSTALL drivers/bluetooth/btbcm.ko
  INSTALL drivers/bluetooth/btintel.ko
  INSTALL drivers/bluetooth/btmrvl.ko
  INSTALL drivers/bluetooth/btmrvl_sdio.ko
  INSTALL drivers/bluetooth/btsdio.ko
  INSTALL drivers/bluetooth/btusb.ko
  INSTALL drivers/bluetooth/btwilink.ko
  INSTALL drivers/bluetooth/hci_uart.ko
  INSTALL drivers/cdrom/cdrom.ko
  INSTALL drivers/char/hw_random/omap-rng.ko
  INSTALL drivers/char/hw_random/rng-core.ko
  INSTALL drivers/char/hw_random/tpm-rng.ko
  INSTALL drivers/char/hw_random/virtio-rng.ko
  INSTALL drivers/char/tpm/tpm.ko
  INSTALL drivers/char/tpm/tpm_i2c_atmel.ko
  INSTALL drivers/char/virtio_console.ko
  INSTALL drivers/clk/clk-s2mps11.ko
  INSTALL drivers/clk/clk-twl6040.ko
  INSTALL drivers/gpio/gpio-da9052.ko
  INSTALL drivers/gpio/gpio-pca953x.ko
  INSTALL drivers/gpio/gpio-viperboard.ko
  INSTALL drivers/gpu/drm/i2c/adihdmi.ko
  INSTALL drivers/gpu/drm/i2c/tda998x.ko
  INSTALL drivers/gpu/drm/tilcdc/tilcdc.ko
  INSTALL drivers/hid/hid-appleir.ko
  INSTALL drivers/hid/hid-aureal.ko
  INSTALL drivers/hid/hid-axff.ko
  INSTALL drivers/hid/hid-betopff.ko
  INSTALL drivers/hid/hid-cp2112.ko
  INSTALL drivers/hid/hid-dr.ko
  INSTALL drivers/hid/hid-elecom.ko
  INSTALL drivers/hid/hid-elo.ko
  INSTALL drivers/hid/hid-emsff.ko
  INSTALL drivers/hid/hid-gaff.ko
  INSTALL drivers/hid/hid-gt683r.ko
  INSTALL drivers/hid/hid-gyration.ko
  INSTALL drivers/hid/hid-holtek-kbd.ko
  INSTALL drivers/hid/hid-holtek-mouse.ko
  INSTALL drivers/hid/hid-holtekff.ko
  INSTALL drivers/hid/hid-icade.ko
  INSTALL drivers/hid/hid-keytouch.ko
  INSTALL drivers/hid/hid-kye.ko
  INSTALL drivers/hid/hid-lcpower.ko
  INSTALL drivers/hid/hid-lenovo.ko
  INSTALL drivers/hid/hid-magicmouse.ko
  INSTALL drivers/hid/hid-multitouch.ko
  INSTALL drivers/hid/hid-ntrig.ko
  INSTALL drivers/hid/hid-ortek.ko
  INSTALL drivers/hid/hid-penmount.ko
  INSTALL drivers/hid/hid-petalynx.ko
  INSTALL drivers/hid/hid-picolcd.ko
  INSTALL drivers/hid/hid-pl.ko
  INSTALL drivers/hid/hid-plantronics.ko
  INSTALL drivers/hid/hid-primax.ko
  INSTALL drivers/hid/hid-prodikeys.ko
  INSTALL drivers/hid/hid-rmi.ko
  INSTALL drivers/hid/hid-roccat-arvo.ko
  INSTALL drivers/hid/hid-roccat-common.ko
  INSTALL drivers/hid/hid-roccat-isku.ko
  INSTALL drivers/hid/hid-roccat-kone.ko
  INSTALL drivers/hid/hid-roccat-koneplus.ko
  INSTALL drivers/hid/hid-roccat-konepure.ko
  INSTALL drivers/hid/hid-roccat-kovaplus.ko
  INSTALL drivers/hid/hid-roccat-lua.ko
  INSTALL drivers/hid/hid-roccat-pyra.ko
  INSTALL drivers/hid/hid-roccat-ryos.ko
  INSTALL drivers/hid/hid-roccat-savu.ko
  INSTALL drivers/hid/hid-roccat.ko
  INSTALL drivers/hid/hid-saitek.ko
  INSTALL drivers/hid/hid-samsung.ko
  INSTALL drivers/hid/hid-sensor-custom.ko
  INSTALL drivers/hid/hid-sensor-hub.ko
  INSTALL drivers/hid/hid-sjoy.ko
  INSTALL drivers/hid/hid-sony.ko
  INSTALL drivers/hid/hid-speedlink.ko
  INSTALL drivers/hid/hid-steelseries.ko
  INSTALL drivers/hid/hid-sunplus.ko
  INSTALL drivers/hid/hid-thingm.ko
  INSTALL drivers/hid/hid-tivo.ko
  INSTALL drivers/hid/hid-tmff.ko
  INSTALL drivers/hid/hid-topseed.ko
  INSTALL drivers/hid/hid-twinhan.ko
  INSTALL drivers/hid/hid-uclogic.ko
  INSTALL drivers/hid/hid-waltop.ko
  INSTALL drivers/hid/hid-wiimote.ko
  INSTALL drivers/hid/hid-xinmo.ko
  INSTALL drivers/hid/hid-zpff.ko
  INSTALL drivers/hid/hid-zydacron.ko
  INSTALL drivers/hid/wacom.ko
  INSTALL drivers/hsi/hsi.ko
  INSTALL drivers/hwmon/ad7414.ko
  INSTALL drivers/hwmon/ad7418.ko
  INSTALL drivers/hwmon/adcxx.ko
  INSTALL drivers/hwmon/adm1029.ko
  INSTALL drivers/hwmon/adm9240.ko
  INSTALL drivers/hwmon/ads1015.ko
  INSTALL drivers/hwmon/ads7828.ko
  INSTALL drivers/hwmon/ads7871.ko
  INSTALL drivers/hwmon/adt7411.ko
  INSTALL drivers/hwmon/adt7462.ko
  INSTALL drivers/hwmon/adt7470.ko
  INSTALL drivers/hwmon/adt7475.ko
  INSTALL drivers/hwmon/amc6821.ko
  INSTALL drivers/hwmon/asc7621.ko
  INSTALL drivers/hwmon/atxp1.ko
  INSTALL drivers/hwmon/dme1737.ko
  INSTALL drivers/hwmon/ds620.ko
  INSTALL drivers/hwmon/emc1403.ko
  INSTALL drivers/hwmon/emc2103.ko
  INSTALL drivers/hwmon/emc6w201.ko
  INSTALL drivers/hwmon/f71882fg.ko
  INSTALL drivers/hwmon/f75375s.ko
  INSTALL drivers/hwmon/g760a.ko
  INSTALL drivers/hwmon/g762.ko
  INSTALL drivers/hwmon/hwmon-vid.ko
  INSTALL drivers/hwmon/jc42.ko
  INSTALL drivers/hwmon/lineage-pem.ko
  INSTALL drivers/hwmon/lm70.ko
  INSTALL drivers/hwmon/lm73.ko
  INSTALL drivers/hwmon/lm75.ko
  INSTALL drivers/hwmon/lm93.ko
  INSTALL drivers/hwmon/lm95241.ko
  INSTALL drivers/hwmon/lm95245.ko
  INSTALL drivers/hwmon/ltc4151.ko
  INSTALL drivers/hwmon/ltc4215.ko
  INSTALL drivers/hwmon/ltc4245.ko
  INSTALL drivers/hwmon/ltc4261.ko
  INSTALL drivers/hwmon/max1111.ko
  INSTALL drivers/hwmon/max16065.ko
  INSTALL drivers/hwmon/max1668.ko
  INSTALL drivers/hwmon/max6639.ko
  INSTALL drivers/hwmon/max6642.ko
  INSTALL drivers/hwmon/max6650.ko
  INSTALL drivers/hwmon/mc13783-adc.ko
  INSTALL drivers/hwmon/nct6683.ko
  INSTALL drivers/hwmon/nct6775.ko
  INSTALL drivers/hwmon/ntc_thermistor.ko
  INSTALL drivers/hwmon/pc87427.ko
  INSTALL drivers/hwmon/sch5627.ko
  INSTALL drivers/hwmon/sch56xx-common.ko
  INSTALL drivers/hwmon/sht21.ko
  INSTALL drivers/hwmon/smm665.ko
  INSTALL drivers/hwmon/smsc47m192.ko
  INSTALL drivers/hwmon/thmc50.ko
  INSTALL drivers/hwmon/tmp401.ko
  INSTALL drivers/hwmon/tmp421.ko
  INSTALL drivers/hwmon/vt1211.ko
  INSTALL drivers/hwmon/w83627ehf.ko
  INSTALL drivers/hwmon/w83791d.ko
  INSTALL drivers/hwmon/w83792d.ko
  INSTALL drivers/hwmon/w83793.ko
  INSTALL drivers/hwmon/w83795.ko
  INSTALL drivers/hwmon/w83l786ng.ko
  INSTALL drivers/i2c/algos/i2c-algo-pca.ko
  INSTALL drivers/i2c/busses/i2c-diolan-u2c.ko
  INSTALL drivers/i2c/busses/i2c-ocores.ko
  INSTALL drivers/i2c/busses/i2c-pca-platform.ko
  INSTALL drivers/i2c/busses/i2c-robotfuzz-osif.ko
  INSTALL drivers/i2c/busses/i2c-simtec.ko
  INSTALL drivers/i2c/busses/i2c-taos-evm.ko
  INSTALL drivers/i2c/busses/i2c-tiny-usb.ko
  INSTALL drivers/i2c/busses/i2c-viperboard.ko
  INSTALL drivers/i2c/muxes/i2c-arb-gpio-challenge.ko
  INSTALL drivers/iio/accel/hid-sensor-accel-3d.ko
  INSTALL drivers/iio/adc/mcp320x.ko
  INSTALL drivers/iio/adc/ti_am335x_adc.ko
  INSTALL drivers/iio/adc/twl4030-madc.ko
  INSTALL drivers/iio/adc/viperboard_adc.ko
  INSTALL drivers/iio/common/hid-sensors/hid-sensor-iio-common.ko
  INSTALL drivers/iio/common/hid-sensors/hid-sensor-trigger.ko
  INSTALL drivers/iio/gyro/hid-sensor-gyro-3d.ko
  INSTALL drivers/iio/industrialio-triggered-buffer.ko
  INSTALL drivers/iio/industrialio.ko
  INSTALL drivers/iio/kfifo_buf.ko
  INSTALL drivers/iio/light/hid-sensor-als.ko
  INSTALL drivers/iio/light/hid-sensor-prox.ko
  INSTALL drivers/iio/light/tsl2563.ko
  INSTALL drivers/iio/magnetometer/hid-sensor-magn-3d.ko
  INSTALL drivers/iio/orientation/hid-sensor-incl-3d.ko
  INSTALL drivers/iio/orientation/hid-sensor-rotation.ko
  INSTALL drivers/iio/pressure/hid-sensor-press.ko
  INSTALL drivers/iio/trigger/iio-trig-interrupt.ko
  INSTALL drivers/iio/trigger/iio-trig-sysfs.ko
  INSTALL drivers/input/input-polldev.ko
  INSTALL drivers/input/keyboard/adp5588-keys.ko
  INSTALL drivers/input/keyboard/lm8323.ko
  INSTALL drivers/input/keyboard/max7359_keypad.ko
  INSTALL drivers/input/keyboard/omap4-keypad.ko
  INSTALL drivers/input/keyboard/opencores-kbd.ko
  INSTALL drivers/input/keyboard/qt2160.ko
  INSTALL drivers/input/keyboard/stowaway.ko
  INSTALL drivers/input/keyboard/twl4030_keypad.ko
  INSTALL drivers/input/matrix-keymap.ko
  INSTALL drivers/input/misc/ati_remote2.ko
  INSTALL drivers/input/misc/cm109.ko
  INSTALL drivers/input/misc/keyspan_remote.ko
  INSTALL drivers/input/misc/mma8450.ko
  INSTALL drivers/input/misc/powermate.ko
  INSTALL drivers/input/misc/twl4030-pwrbutton.ko
  INSTALL drivers/input/misc/twl4030-vibra.ko
  INSTALL drivers/input/misc/twl6040-vibra.ko
  INSTALL drivers/input/misc/uinput.ko
  INSTALL drivers/input/misc/yealink.ko
  INSTALL drivers/input/mouse/appletouch.ko
  INSTALL drivers/input/mouse/psmouse.ko
  INSTALL drivers/input/mouse/synaptics_i2c.ko
  INSTALL drivers/input/mouse/synaptics_usb.ko
  INSTALL drivers/input/serio/altera_ps2.ko
  INSTALL drivers/input/sparse-keymap.ko
  INSTALL drivers/input/tablet/acecad.ko
  INSTALL drivers/input/tablet/aiptek.ko
  INSTALL drivers/input/tablet/gtco.ko
  INSTALL drivers/input/tablet/hanwang.ko
  INSTALL drivers/input/tablet/kbtab.ko
  INSTALL drivers/input/tablet/wacom_serial4.ko
  INSTALL drivers/input/touchscreen/ad7877.ko
  INSTALL drivers/input/touchscreen/ad7879-i2c.ko
  INSTALL drivers/input/touchscreen/ad7879.ko
  INSTALL drivers/input/touchscreen/ads7846.ko
  INSTALL drivers/input/touchscreen/atmel_mxt_ts.ko
  INSTALL drivers/input/touchscreen/dynapro.ko
  INSTALL drivers/input/touchscreen/elo.ko
  INSTALL drivers/input/touchscreen/fujitsu_ts.ko
  INSTALL drivers/input/touchscreen/gunze.ko
  INSTALL drivers/input/touchscreen/hampshire.ko
  INSTALL drivers/input/touchscreen/inexio.ko
  INSTALL drivers/input/touchscreen/mc13783_ts.ko
  INSTALL drivers/input/touchscreen/mcs5000_ts.ko
  INSTALL drivers/input/touchscreen/mk712.ko
  INSTALL drivers/input/touchscreen/mtouch.ko
  INSTALL drivers/input/touchscreen/penmount.ko
  INSTALL drivers/input/touchscreen/sur40.ko
  INSTALL drivers/input/touchscreen/ti_am335x_tsc.ko
  INSTALL drivers/input/touchscreen/touchit213.ko
  INSTALL drivers/input/touchscreen/touchright.ko
  INSTALL drivers/input/touchscreen/touchwin.ko
  INSTALL drivers/input/touchscreen/tps6507x-ts.ko
  INSTALL drivers/input/touchscreen/tsc2005.ko
  INSTALL drivers/input/touchscreen/tsc2007.ko
  INSTALL drivers/input/touchscreen/usbtouchscreen.ko
  INSTALL drivers/input/touchscreen/wacom_w8001.ko
  INSTALL drivers/input/touchscreen/wm97xx-ts.ko
  INSTALL drivers/leds/leds-bd2802.ko
  INSTALL drivers/leds/leds-da9052.ko
  INSTALL drivers/leds/leds-dac124s085.ko
  INSTALL drivers/leds/leds-lp3944.ko
  INSTALL drivers/leds/leds-lp5523.ko
  INSTALL drivers/leds/leds-lp55xx-common.ko
  INSTALL drivers/leds/leds-lt3593.ko
  INSTALL drivers/leds/leds-mc13783.ko
  INSTALL drivers/leds/leds-pca955x.ko
  INSTALL drivers/leds/leds-pwm.ko
  INSTALL drivers/leds/leds-regulator.ko
  INSTALL drivers/leds/trigger/ledtrig-camera.ko
  INSTALL drivers/leds/trigger/ledtrig-transient.ko
  INSTALL drivers/md/dm-bio-prison.ko
  INSTALL drivers/md/dm-bufio.ko
  INSTALL drivers/md/dm-cache-cleaner.ko
  INSTALL drivers/md/dm-cache-mq.ko
  INSTALL drivers/md/dm-cache.ko
  INSTALL drivers/md/dm-crypt.ko
  INSTALL drivers/md/dm-delay.ko
  INSTALL drivers/md/dm-era.ko
  INSTALL drivers/md/dm-flakey.ko
  INSTALL drivers/md/dm-log-userspace.ko
  INSTALL drivers/md/dm-log-writes.ko
  INSTALL drivers/md/dm-log.ko
  INSTALL drivers/md/dm-mirror.ko
  INSTALL drivers/md/dm-mod.ko
  INSTALL drivers/md/dm-multipath.ko
  INSTALL drivers/md/dm-queue-length.ko
  INSTALL drivers/md/dm-raid.ko
  INSTALL drivers/md/dm-region-hash.ko
  INSTALL drivers/md/dm-round-robin.ko
  INSTALL drivers/md/dm-service-time.ko
  INSTALL drivers/md/dm-snapshot.ko
  INSTALL drivers/md/dm-switch.ko
  INSTALL drivers/md/dm-thin-pool.ko
  INSTALL drivers/md/dm-verity.ko
  INSTALL drivers/md/dm-zero.ko
  INSTALL drivers/md/faulty.ko
  INSTALL drivers/md/linear.ko
  INSTALL drivers/md/md-mod.ko
  INSTALL drivers/md/multipath.ko
  INSTALL drivers/md/persistent-data/dm-persistent-data.ko
  INSTALL drivers/md/raid0.ko
  INSTALL drivers/md/raid1.ko
  INSTALL drivers/md/raid10.ko
  INSTALL drivers/md/raid456.ko
  INSTALL drivers/media/common/b2c2/b2c2-flexcop.ko
  INSTALL drivers/media/common/cx2341x.ko
  INSTALL drivers/media/common/cypress_firmware.ko
  INSTALL drivers/media/common/siano/smsdvb.ko
  INSTALL drivers/media/common/siano/smsmdtv.ko
  INSTALL drivers/media/common/tveeprom.ko
  INSTALL drivers/media/dvb-core/dvb-core.ko
  INSTALL drivers/media/dvb-frontends/a8293.ko
  INSTALL drivers/media/dvb-frontends/af9013.ko
  INSTALL drivers/media/dvb-frontends/af9033.ko
  INSTALL drivers/media/dvb-frontends/atbm8830.ko
  INSTALL drivers/media/dvb-frontends/au8522_common.ko
  INSTALL drivers/media/dvb-frontends/au8522_decoder.ko
  INSTALL drivers/media/dvb-frontends/au8522_dig.ko
  INSTALL drivers/media/dvb-frontends/bcm3510.ko
  INSTALL drivers/media/dvb-frontends/cx22700.ko
  INSTALL drivers/media/dvb-frontends/cx22702.ko
  INSTALL drivers/media/dvb-frontends/cx24110.ko
  INSTALL drivers/media/dvb-frontends/cx24113.ko
  INSTALL drivers/media/dvb-frontends/cx24116.ko
  INSTALL drivers/media/dvb-frontends/cx24117.ko
  INSTALL drivers/media/dvb-frontends/cx24123.ko
  INSTALL drivers/media/dvb-frontends/cxd2820r.ko
  INSTALL drivers/media/dvb-frontends/dib0070.ko
  INSTALL drivers/media/dvb-frontends/dib0090.ko
  INSTALL drivers/media/dvb-frontends/dib3000mb.ko
  INSTALL drivers/media/dvb-frontends/dib3000mc.ko
  INSTALL drivers/media/dvb-frontends/dib7000m.ko
  INSTALL drivers/media/dvb-frontends/dib7000p.ko
  INSTALL drivers/media/dvb-frontends/dib8000.ko
  INSTALL drivers/media/dvb-frontends/dib9000.ko
  INSTALL drivers/media/dvb-frontends/dibx000_common.ko
  INSTALL drivers/media/dvb-frontends/drx39xyj/drx39xyj.ko
  INSTALL drivers/media/dvb-frontends/drxd.ko
  INSTALL drivers/media/dvb-frontends/drxk.ko
  INSTALL drivers/media/dvb-frontends/ds3000.ko
  INSTALL drivers/media/dvb-frontends/dvb-pll.ko
  INSTALL drivers/media/dvb-frontends/ec100.ko
  INSTALL drivers/media/dvb-frontends/hd29l2.ko
  INSTALL drivers/media/dvb-frontends/isl6405.ko
  INSTALL drivers/media/dvb-frontends/isl6421.ko
  INSTALL drivers/media/dvb-frontends/isl6423.ko
  INSTALL drivers/media/dvb-frontends/itd1000.ko
  INSTALL drivers/media/dvb-frontends/ix2505v.ko
  INSTALL drivers/media/dvb-frontends/l64781.ko
  INSTALL drivers/media/dvb-frontends/lg2160.ko
  INSTALL drivers/media/dvb-frontends/lgdt3305.ko
  INSTALL drivers/media/dvb-frontends/lgdt3306a.ko
  INSTALL drivers/media/dvb-frontends/lgdt330x.ko
  INSTALL drivers/media/dvb-frontends/lgs8gl5.ko
  INSTALL drivers/media/dvb-frontends/lgs8gxx.ko
  INSTALL drivers/media/dvb-frontends/lnbp21.ko
  INSTALL drivers/media/dvb-frontends/lnbp22.ko
  INSTALL drivers/media/dvb-frontends/m88ds3103.ko
  INSTALL drivers/media/dvb-frontends/m88rs2000.ko
  INSTALL drivers/media/dvb-frontends/mb86a16.ko
  INSTALL drivers/media/dvb-frontends/mb86a20s.ko
  INSTALL drivers/media/dvb-frontends/mt312.ko
  INSTALL drivers/media/dvb-frontends/mt352.ko
  INSTALL drivers/media/dvb-frontends/nxt200x.ko
  INSTALL drivers/media/dvb-frontends/nxt6000.ko
  INSTALL drivers/media/dvb-frontends/or51132.ko
  INSTALL drivers/media/dvb-frontends/or51211.ko
  INSTALL drivers/media/dvb-frontends/rtl2830.ko
  INSTALL drivers/media/dvb-frontends/rtl2832.ko
  INSTALL drivers/media/dvb-frontends/rtl2832_sdr.ko
  INSTALL drivers/media/dvb-frontends/s5h1409.ko
  INSTALL drivers/media/dvb-frontends/s5h1411.ko
  INSTALL drivers/media/dvb-frontends/s5h1420.ko
  INSTALL drivers/media/dvb-frontends/s5h1432.ko
  INSTALL drivers/media/dvb-frontends/s921.ko
  INSTALL drivers/media/dvb-frontends/si2165.ko
  INSTALL drivers/media/dvb-frontends/si2168.ko
  INSTALL drivers/media/dvb-frontends/si21xx.ko
  INSTALL drivers/media/dvb-frontends/sp2.ko
  INSTALL drivers/media/dvb-frontends/sp8870.ko
  INSTALL drivers/media/dvb-frontends/sp887x.ko
  INSTALL drivers/media/dvb-frontends/stb0899.ko
  INSTALL drivers/media/dvb-frontends/stb6000.ko
  INSTALL drivers/media/dvb-frontends/stb6100.ko
  INSTALL drivers/media/dvb-frontends/stv0288.ko
  INSTALL drivers/media/dvb-frontends/stv0297.ko
  INSTALL drivers/media/dvb-frontends/stv0299.ko
  INSTALL drivers/media/dvb-frontends/stv0367.ko
  INSTALL drivers/media/dvb-frontends/stv0900.ko
  INSTALL drivers/media/dvb-frontends/stv090x.ko
  INSTALL drivers/media/dvb-frontends/stv6110.ko
  INSTALL drivers/media/dvb-frontends/stv6110x.ko
  INSTALL drivers/media/dvb-frontends/tc90522.ko
  INSTALL drivers/media/dvb-frontends/tda10021.ko
  INSTALL drivers/media/dvb-frontends/tda10023.ko
  INSTALL drivers/media/dvb-frontends/tda10048.ko
  INSTALL drivers/media/dvb-frontends/tda1004x.ko
  INSTALL drivers/media/dvb-frontends/tda10071.ko
  INSTALL drivers/media/dvb-frontends/tda10086.ko
  INSTALL drivers/media/dvb-frontends/tda18271c2dd.ko
  INSTALL drivers/media/dvb-frontends/tda665x.ko
  INSTALL drivers/media/dvb-frontends/tda8083.ko
  INSTALL drivers/media/dvb-frontends/tda8261.ko
  INSTALL drivers/media/dvb-frontends/tda826x.ko
  INSTALL drivers/media/dvb-frontends/ts2020.ko
  INSTALL drivers/media/dvb-frontends/tua6100.ko
  INSTALL drivers/media/dvb-frontends/ves1820.ko
  INSTALL drivers/media/dvb-frontends/ves1x93.ko
  INSTALL drivers/media/dvb-frontends/zl10036.ko
  INSTALL drivers/media/dvb-frontends/zl10039.ko
  INSTALL drivers/media/dvb-frontends/zl10353.ko
  INSTALL drivers/media/i2c/cs5345.ko
  INSTALL drivers/media/i2c/cs53l32a.ko
  INSTALL drivers/media/i2c/cx25840/cx25840.ko
  INSTALL drivers/media/i2c/ir-kbd-i2c.ko
  INSTALL drivers/media/i2c/m52790.ko
  INSTALL drivers/media/i2c/msp3400.ko
  INSTALL drivers/media/i2c/mt9t11x.ko
  INSTALL drivers/media/i2c/mt9v011.ko
  INSTALL drivers/media/i2c/ov1063x.ko
  INSTALL drivers/media/i2c/ov2659.ko
  INSTALL drivers/media/i2c/ov7670.ko
  INSTALL drivers/media/i2c/saa6588.ko
  INSTALL drivers/media/i2c/saa6752hs.ko
  INSTALL drivers/media/i2c/saa7115.ko
  INSTALL drivers/media/i2c/saa7127.ko
  INSTALL drivers/media/i2c/saa717x.ko
  INSTALL drivers/media/i2c/tda7432.ko
  INSTALL drivers/media/i2c/tda9840.ko
  INSTALL drivers/media/i2c/tea6415c.ko
  INSTALL drivers/media/i2c/tea6420.ko
  INSTALL drivers/media/i2c/tvaudio.ko
  INSTALL drivers/media/i2c/tvp5150.ko
  INSTALL drivers/media/i2c/upd64031a.ko
  INSTALL drivers/media/i2c/upd64083.ko
  INSTALL drivers/media/i2c/vp27smpx.ko
  INSTALL drivers/media/i2c/wm8739.ko
  INSTALL drivers/media/i2c/wm8775.ko
  INSTALL drivers/media/media.ko
  INSTALL drivers/media/mmc/siano/smssdio.ko
  INSTALL drivers/media/pci/ttpci/ttpci-eeprom.ko
  INSTALL drivers/media/platform/m2m-deinterlace.ko
  INSTALL drivers/media/platform/soc_camera/soc_camera.ko
  INSTALL drivers/media/platform/soc_camera/soc_camera_platform.ko
  INSTALL drivers/media/platform/soc_camera/soc_mediabus.ko
  INSTALL drivers/media/platform/vivid/vivid.ko
  INSTALL drivers/media/radio/radio-keene.ko
  INSTALL drivers/media/radio/radio-ma901.ko
  INSTALL drivers/media/radio/radio-mr800.ko
  INSTALL drivers/media/radio/radio-raremono.ko
  INSTALL drivers/media/radio/radio-shark.ko
  INSTALL drivers/media/radio/shark2.ko
  INSTALL drivers/media/radio/si470x/radio-usb-si470x.ko
  INSTALL drivers/media/radio/si4713/si4713.ko
  INSTALL drivers/media/radio/tea575x.ko
  INSTALL drivers/media/radio/wl128x/fm_drv.ko
  INSTALL drivers/media/rc/ati_remote.ko
  INSTALL drivers/media/rc/gpio-ir-recv.ko
  INSTALL drivers/media/rc/igorplugusb.ko
  INSTALL drivers/media/rc/iguanair.ko
  INSTALL drivers/media/rc/imon.ko
  INSTALL drivers/media/rc/ir-jvc-decoder.ko
  INSTALL drivers/media/rc/ir-lirc-codec.ko
  INSTALL drivers/media/rc/ir-mce_kbd-decoder.ko
  INSTALL drivers/media/rc/ir-nec-decoder.ko
  INSTALL drivers/media/rc/ir-rc5-decoder.ko
  INSTALL drivers/media/rc/ir-rc6-decoder.ko
  INSTALL drivers/media/rc/ir-sanyo-decoder.ko
  INSTALL drivers/media/rc/ir-sharp-decoder.ko
  INSTALL drivers/media/rc/ir-sony-decoder.ko
  INSTALL drivers/media/rc/ir-xmp-decoder.ko
  INSTALL drivers/media/rc/keymaps/rc-adstech-dvb-t-pci.ko
  INSTALL drivers/media/rc/keymaps/rc-alink-dtu-m.ko
  INSTALL drivers/media/rc/keymaps/rc-anysee.ko
  INSTALL drivers/media/rc/keymaps/rc-apac-viewcomp.ko
  INSTALL drivers/media/rc/keymaps/rc-asus-pc39.ko
  INSTALL drivers/media/rc/keymaps/rc-asus-ps3-100.ko
  INSTALL drivers/media/rc/keymaps/rc-ati-tv-wonder-hd-600.ko
  INSTALL drivers/media/rc/keymaps/rc-ati-x10.ko
  INSTALL drivers/media/rc/keymaps/rc-avermedia-a16d.ko
  INSTALL drivers/media/rc/keymaps/rc-avermedia-cardbus.ko
  INSTALL drivers/media/rc/keymaps/rc-avermedia-dvbt.ko
  INSTALL drivers/media/rc/keymaps/rc-avermedia-m135a.ko
  INSTALL drivers/media/rc/keymaps/rc-avermedia-m733a-rm-k6.ko
  INSTALL drivers/media/rc/keymaps/rc-avermedia-rm-ks.ko
  INSTALL drivers/media/rc/keymaps/rc-avermedia.ko
  INSTALL drivers/media/rc/keymaps/rc-avertv-303.ko
  INSTALL drivers/media/rc/keymaps/rc-azurewave-ad-tu700.ko
  INSTALL drivers/media/rc/keymaps/rc-behold-columbus.ko
  INSTALL drivers/media/rc/keymaps/rc-behold.ko
  INSTALL drivers/media/rc/keymaps/rc-budget-ci-old.ko
  INSTALL drivers/media/rc/keymaps/rc-cinergy-1400.ko
  INSTALL drivers/media/rc/keymaps/rc-cinergy.ko
  INSTALL drivers/media/rc/keymaps/rc-delock-61959.ko
  INSTALL drivers/media/rc/keymaps/rc-dib0700-nec.ko
  INSTALL drivers/media/rc/keymaps/rc-dib0700-rc5.ko
  INSTALL drivers/media/rc/keymaps/rc-digitalnow-tinytwin.ko
  INSTALL drivers/media/rc/keymaps/rc-digittrade.ko
  INSTALL drivers/media/rc/keymaps/rc-dm1105-nec.ko
  INSTALL drivers/media/rc/keymaps/rc-dntv-live-dvb-t.ko
  INSTALL drivers/media/rc/keymaps/rc-dntv-live-dvbt-pro.ko
  INSTALL drivers/media/rc/keymaps/rc-dvbsky.ko
  INSTALL drivers/media/rc/keymaps/rc-em-terratec.ko
  INSTALL drivers/media/rc/keymaps/rc-encore-enltv-fm53.ko
  INSTALL drivers/media/rc/keymaps/rc-encore-enltv.ko
  INSTALL drivers/media/rc/keymaps/rc-encore-enltv2.ko
  INSTALL drivers/media/rc/keymaps/rc-evga-indtube.ko
  INSTALL drivers/media/rc/keymaps/rc-eztv.ko
  INSTALL drivers/media/rc/keymaps/rc-flydvb.ko
  INSTALL drivers/media/rc/keymaps/rc-flyvideo.ko
  INSTALL drivers/media/rc/keymaps/rc-fusionhdtv-mce.ko
  INSTALL drivers/media/rc/keymaps/rc-gadmei-rm008z.ko
  INSTALL drivers/media/rc/keymaps/rc-genius-tvgo-a11mce.ko
  INSTALL drivers/media/rc/keymaps/rc-gotview7135.ko
  INSTALL drivers/media/rc/keymaps/rc-hauppauge.ko
  INSTALL drivers/media/rc/keymaps/rc-imon-mce.ko
  INSTALL drivers/media/rc/keymaps/rc-imon-pad.ko
  INSTALL drivers/media/rc/keymaps/rc-iodata-bctv7e.ko
  INSTALL drivers/media/rc/keymaps/rc-it913x-v1.ko
  INSTALL drivers/media/rc/keymaps/rc-it913x-v2.ko
  INSTALL drivers/media/rc/keymaps/rc-kaiomy.ko
  INSTALL drivers/media/rc/keymaps/rc-kworld-315u.ko
  INSTALL drivers/media/rc/keymaps/rc-kworld-pc150u.ko
  INSTALL drivers/media/rc/keymaps/rc-kworld-plus-tv-analog.ko
  INSTALL drivers/media/rc/keymaps/rc-leadtek-y04g0051.ko
  INSTALL drivers/media/rc/keymaps/rc-lirc.ko
  INSTALL drivers/media/rc/keymaps/rc-lme2510.ko
  INSTALL drivers/media/rc/keymaps/rc-manli.ko
  INSTALL drivers/media/rc/keymaps/rc-medion-x10-digitainer.ko
  INSTALL drivers/media/rc/keymaps/rc-medion-x10-or2x.ko
  INSTALL drivers/media/rc/keymaps/rc-medion-x10.ko
  INSTALL drivers/media/rc/keymaps/rc-msi-digivox-ii.ko
  INSTALL drivers/media/rc/keymaps/rc-msi-digivox-iii.ko
  INSTALL drivers/media/rc/keymaps/rc-msi-tvanywhere-plus.ko
  INSTALL drivers/media/rc/keymaps/rc-msi-tvanywhere.ko
  INSTALL drivers/media/rc/keymaps/rc-nebula.ko
  INSTALL drivers/media/rc/keymaps/rc-nec-terratec-cinergy-xs.ko
  INSTALL drivers/media/rc/keymaps/rc-norwood.ko
  INSTALL drivers/media/rc/keymaps/rc-npgtech.ko
  INSTALL drivers/media/rc/keymaps/rc-pctv-sedna.ko
  INSTALL drivers/media/rc/keymaps/rc-pinnacle-color.ko
  INSTALL drivers/media/rc/keymaps/rc-pinnacle-grey.ko
  INSTALL drivers/media/rc/keymaps/rc-pinnacle-pctv-hd.ko
  INSTALL drivers/media/rc/keymaps/rc-pixelview-002t.ko
  INSTALL drivers/media/rc/keymaps/rc-pixelview-mk12.ko
  INSTALL drivers/media/rc/keymaps/rc-pixelview-new.ko
  INSTALL drivers/media/rc/keymaps/rc-pixelview.ko
  INSTALL drivers/media/rc/keymaps/rc-powercolor-real-angel.ko
  INSTALL drivers/media/rc/keymaps/rc-proteus-2309.ko
  INSTALL drivers/media/rc/keymaps/rc-purpletv.ko
  INSTALL drivers/media/rc/keymaps/rc-pv951.ko
  INSTALL drivers/media/rc/keymaps/rc-rc6-mce.ko
  INSTALL drivers/media/rc/keymaps/rc-real-audio-220-32-keys.ko
  INSTALL drivers/media/rc/keymaps/rc-reddo.ko
  INSTALL drivers/media/rc/keymaps/rc-snapstream-firefly.ko
  INSTALL drivers/media/rc/keymaps/rc-streamzap.ko
  INSTALL drivers/media/rc/keymaps/rc-su3000.ko
  INSTALL drivers/media/rc/keymaps/rc-tbs-nec.ko
  INSTALL drivers/media/rc/keymaps/rc-technisat-usb2.ko
  INSTALL drivers/media/rc/keymaps/rc-terratec-cinergy-xs.ko
  INSTALL drivers/media/rc/keymaps/rc-terratec-slim-2.ko
  INSTALL drivers/media/rc/keymaps/rc-terratec-slim.ko
  INSTALL drivers/media/rc/keymaps/rc-tevii-nec.ko
  INSTALL drivers/media/rc/keymaps/rc-tivo.ko
  INSTALL drivers/media/rc/keymaps/rc-total-media-in-hand-02.ko
  INSTALL drivers/media/rc/keymaps/rc-total-media-in-hand.ko
  INSTALL drivers/media/rc/keymaps/rc-trekstor.ko
  INSTALL drivers/media/rc/keymaps/rc-tt-1500.ko
  INSTALL drivers/media/rc/keymaps/rc-twinhan1027.ko
  INSTALL drivers/media/rc/keymaps/rc-videomate-m1f.ko
  INSTALL drivers/media/rc/keymaps/rc-videomate-s350.ko
  INSTALL drivers/media/rc/keymaps/rc-videomate-tv-pvr.ko
  INSTALL drivers/media/rc/keymaps/rc-winfast-usbii-deluxe.ko
  INSTALL drivers/media/rc/keymaps/rc-winfast.ko
  INSTALL drivers/media/rc/lirc_dev.ko
  INSTALL drivers/media/rc/mceusb.ko
  INSTALL drivers/media/rc/rc-core.ko
  INSTALL drivers/media/rc/rc-loopback.ko
  INSTALL drivers/media/rc/redrat3.ko
  INSTALL drivers/media/rc/streamzap.ko
  INSTALL drivers/media/rc/ttusbir.ko
  INSTALL drivers/media/tuners/e4000.ko
  INSTALL drivers/media/tuners/fc0011.ko
  INSTALL drivers/media/tuners/fc0012.ko
  INSTALL drivers/media/tuners/fc0013.ko
  INSTALL drivers/media/tuners/fc2580.ko
  INSTALL drivers/media/tuners/it913x.ko
  INSTALL drivers/media/tuners/m88rs6000t.ko
  INSTALL drivers/media/tuners/max2165.ko
  INSTALL drivers/media/tuners/mc44s803.ko
  INSTALL drivers/media/tuners/msi001.ko
  INSTALL drivers/media/tuners/mt2060.ko
  INSTALL drivers/media/tuners/mt2063.ko
  INSTALL drivers/media/tuners/mt20xx.ko
  INSTALL drivers/media/tuners/mt2131.ko
  INSTALL drivers/media/tuners/mt2266.ko
  INSTALL drivers/media/tuners/mxl301rf.ko
  INSTALL drivers/media/tuners/mxl5005s.ko
  INSTALL drivers/media/tuners/mxl5007t.ko
  INSTALL drivers/media/tuners/qm1d1c0042.ko
  INSTALL drivers/media/tuners/qt1010.ko
  INSTALL drivers/media/tuners/r820t.ko
  INSTALL drivers/media/tuners/si2157.ko
  INSTALL drivers/media/tuners/tda18212.ko
  INSTALL drivers/media/tuners/tda18218.ko
  INSTALL drivers/media/tuners/tda18271.ko
  INSTALL drivers/media/tuners/tda827x.ko
  INSTALL drivers/media/tuners/tda8290.ko
  INSTALL drivers/media/tuners/tda9887.ko
  INSTALL drivers/media/tuners/tea5761.ko
  INSTALL drivers/media/tuners/tea5767.ko
  INSTALL drivers/media/tuners/tua9001.ko
  INSTALL drivers/media/tuners/tuner-simple.ko
  INSTALL drivers/media/tuners/tuner-types.ko
  INSTALL drivers/media/tuners/tuner-xc2028.ko
  INSTALL drivers/media/tuners/xc4000.ko
  INSTALL drivers/media/tuners/xc5000.ko
  INSTALL drivers/media/usb/airspy/airspy.ko
  INSTALL drivers/media/usb/au0828/au0828.ko
  INSTALL drivers/media/usb/b2c2/b2c2-flexcop-usb.ko
  INSTALL drivers/media/usb/cpia2/cpia2.ko
  INSTALL drivers/media/usb/cx231xx/cx231xx-alsa.ko
  INSTALL drivers/media/usb/cx231xx/cx231xx-dvb.ko
  INSTALL drivers/media/usb/cx231xx/cx231xx.ko
  INSTALL drivers/media/usb/dvb-usb-v2/dvb-usb-af9015.ko
  INSTALL drivers/media/usb/dvb-usb-v2/dvb-usb-af9035.ko
  INSTALL drivers/media/usb/dvb-usb-v2/dvb-usb-anysee.ko
  INSTALL drivers/media/usb/dvb-usb-v2/dvb-usb-au6610.ko
  INSTALL drivers/media/usb/dvb-usb-v2/dvb-usb-az6007.ko
  INSTALL drivers/media/usb/dvb-usb-v2/dvb-usb-ce6230.ko
  INSTALL drivers/media/usb/dvb-usb-v2/dvb-usb-dvbsky.ko
  INSTALL drivers/media/usb/dvb-usb-v2/dvb-usb-ec168.ko
  INSTALL drivers/media/usb/dvb-usb-v2/dvb-usb-gl861.ko
  INSTALL drivers/media/usb/dvb-usb-v2/dvb-usb-lmedm04.ko
  INSTALL drivers/media/usb/dvb-usb-v2/dvb-usb-mxl111sf.ko
  INSTALL drivers/media/usb/dvb-usb-v2/dvb-usb-rtl28xxu.ko
  INSTALL drivers/media/usb/dvb-usb-v2/dvb_usb_v2.ko
  INSTALL drivers/media/usb/dvb-usb-v2/mxl111sf-demod.ko
  INSTALL drivers/media/usb/dvb-usb-v2/mxl111sf-tuner.ko
  INSTALL drivers/media/usb/dvb-usb/dvb-usb-a800.ko
  INSTALL drivers/media/usb/dvb-usb/dvb-usb-af9005-remote.ko
  INSTALL drivers/media/usb/dvb-usb/dvb-usb-af9005.ko
  INSTALL drivers/media/usb/dvb-usb/dvb-usb-az6027.ko
  INSTALL drivers/media/usb/dvb-usb/dvb-usb-cinergyT2.ko
  INSTALL drivers/media/usb/dvb-usb/dvb-usb-cxusb.ko
  INSTALL drivers/media/usb/dvb-usb/dvb-usb-dib0700.ko
  INSTALL drivers/media/usb/dvb-usb/dvb-usb-dibusb-common.ko
  INSTALL drivers/media/usb/dvb-usb/dvb-usb-dibusb-mb.ko
  INSTALL drivers/media/usb/dvb-usb/dvb-usb-dibusb-mc.ko
  INSTALL drivers/media/usb/dvb-usb/dvb-usb-digitv.ko
  INSTALL drivers/media/usb/dvb-usb/dvb-usb-dtt200u.ko
  INSTALL drivers/media/usb/dvb-usb/dvb-usb-dtv5100.ko
  INSTALL drivers/media/usb/dvb-usb/dvb-usb-dw2102.ko
  INSTALL drivers/media/usb/dvb-usb/dvb-usb-friio.ko
  INSTALL drivers/media/usb/dvb-usb/dvb-usb-gp8psk.ko
  INSTALL drivers/media/usb/dvb-usb/dvb-usb-m920x.ko
  INSTALL drivers/media/usb/dvb-usb/dvb-usb-nova-t-usb2.ko
  INSTALL drivers/media/usb/dvb-usb/dvb-usb-opera.ko
  INSTALL drivers/media/usb/dvb-usb/dvb-usb-pctv452e.ko
  INSTALL drivers/media/usb/dvb-usb/dvb-usb-technisat-usb2.ko
  INSTALL drivers/media/usb/dvb-usb/dvb-usb-ttusb2.ko
  INSTALL drivers/media/usb/dvb-usb/dvb-usb-umt-010.ko
  INSTALL drivers/media/usb/dvb-usb/dvb-usb-vp702x.ko
  INSTALL drivers/media/usb/dvb-usb/dvb-usb-vp7045.ko
  INSTALL drivers/media/usb/dvb-usb/dvb-usb.ko
  INSTALL drivers/media/usb/em28xx/em28xx-alsa.ko
  INSTALL drivers/media/usb/em28xx/em28xx-dvb.ko
  INSTALL drivers/media/usb/em28xx/em28xx-rc.ko
  INSTALL drivers/media/usb/em28xx/em28xx-v4l.ko
  INSTALL drivers/media/usb/em28xx/em28xx.ko
  INSTALL drivers/media/usb/gspca/gl860/gspca_gl860.ko
  INSTALL drivers/media/usb/gspca/gspca_benq.ko
  INSTALL drivers/media/usb/gspca/gspca_conex.ko
  INSTALL drivers/media/usb/gspca/gspca_cpia1.ko
  INSTALL drivers/media/usb/gspca/gspca_dtcs033.ko
  INSTALL drivers/media/usb/gspca/gspca_etoms.ko
  INSTALL drivers/media/usb/gspca/gspca_finepix.ko
  INSTALL drivers/media/usb/gspca/gspca_jeilinj.ko
  INSTALL drivers/media/usb/gspca/gspca_jl2005bcd.ko
  INSTALL drivers/media/usb/gspca/gspca_kinect.ko
  INSTALL drivers/media/usb/gspca/gspca_konica.ko
  INSTALL drivers/media/usb/gspca/gspca_main.ko
  INSTALL drivers/media/usb/gspca/gspca_mars.ko
  INSTALL drivers/media/usb/gspca/gspca_mr97310a.ko
  INSTALL drivers/media/usb/gspca/gspca_nw80x.ko
  INSTALL drivers/media/usb/gspca/gspca_ov519.ko
  INSTALL drivers/media/usb/gspca/gspca_ov534.ko
  INSTALL drivers/media/usb/gspca/gspca_ov534_9.ko
  INSTALL drivers/media/usb/gspca/gspca_pac207.ko
  INSTALL drivers/media/usb/gspca/gspca_pac7302.ko
  INSTALL drivers/media/usb/gspca/gspca_pac7311.ko
  INSTALL drivers/media/usb/gspca/gspca_se401.ko
  INSTALL drivers/media/usb/gspca/gspca_sn9c2028.ko
  INSTALL drivers/media/usb/gspca/gspca_sn9c20x.ko
  INSTALL drivers/media/usb/gspca/gspca_sonixb.ko
  INSTALL drivers/media/usb/gspca/gspca_sonixj.ko
  INSTALL drivers/media/usb/gspca/gspca_spca1528.ko
  INSTALL drivers/media/usb/gspca/gspca_spca500.ko
  INSTALL drivers/media/usb/gspca/gspca_spca501.ko
  INSTALL drivers/media/usb/gspca/gspca_spca505.ko
  INSTALL drivers/media/usb/gspca/gspca_spca506.ko
  INSTALL drivers/media/usb/gspca/gspca_spca508.ko
  INSTALL drivers/media/usb/gspca/gspca_spca561.ko
  INSTALL drivers/media/usb/gspca/gspca_sq905.ko
  INSTALL drivers/media/usb/gspca/gspca_sq905c.ko
  INSTALL drivers/media/usb/gspca/gspca_sq930x.ko
  INSTALL drivers/media/usb/gspca/gspca_stk014.ko
  INSTALL drivers/media/usb/gspca/gspca_stk1135.ko
  INSTALL drivers/media/usb/gspca/gspca_stv0680.ko
  INSTALL drivers/media/usb/gspca/gspca_sunplus.ko
  INSTALL drivers/media/usb/gspca/gspca_t613.ko
  INSTALL drivers/media/usb/gspca/gspca_topro.ko
  INSTALL drivers/media/usb/gspca/gspca_tv8532.ko
  INSTALL drivers/media/usb/gspca/gspca_vc032x.ko
  INSTALL drivers/media/usb/gspca/gspca_vicam.ko
  INSTALL drivers/media/usb/gspca/gspca_xirlink_cit.ko
  INSTALL drivers/media/usb/gspca/gspca_zc3xx.ko
  INSTALL drivers/media/usb/gspca/m5602/gspca_m5602.ko
  INSTALL drivers/media/usb/gspca/stv06xx/gspca_stv06xx.ko
  INSTALL drivers/media/usb/hackrf/hackrf.ko
  INSTALL drivers/media/usb/hdpvr/hdpvr.ko
  INSTALL drivers/media/usb/msi2500/msi2500.ko
  INSTALL drivers/media/usb/pvrusb2/pvrusb2.ko
  INSTALL drivers/media/usb/pwc/pwc.ko
  INSTALL drivers/media/usb/s2255/s2255drv.ko
  INSTALL drivers/media/usb/siano/smsusb.ko
  INSTALL drivers/media/usb/stk1160/stk1160.ko
  INSTALL drivers/media/usb/stkwebcam/stkwebcam.ko
  INSTALL drivers/media/usb/usbtv/usbtv.ko
  INSTALL drivers/media/usb/usbvision/usbvision.ko
  INSTALL drivers/media/usb/uvc/uvcvideo.ko
  INSTALL drivers/media/usb/zr364xx/zr364xx.ko
  INSTALL drivers/media/v4l2-core/tuner.ko
  INSTALL drivers/media/v4l2-core/v4l2-common.ko
  INSTALL drivers/media/v4l2-core/v4l2-dv-timings.ko
  INSTALL drivers/media/v4l2-core/v4l2-mem2mem.ko
  INSTALL drivers/media/v4l2-core/videobuf-core.ko
  INSTALL drivers/media/v4l2-core/videobuf-dvb.ko
  INSTALL drivers/media/v4l2-core/videobuf-vmalloc.ko
  INSTALL drivers/media/v4l2-core/videobuf2-core.ko
  INSTALL drivers/media/v4l2-core/videobuf2-dma-contig.ko
  INSTALL drivers/media/v4l2-core/videobuf2-dma-sg.ko
  INSTALL drivers/media/v4l2-core/videobuf2-memops.ko
  INSTALL drivers/media/v4l2-core/videobuf2-vmalloc.ko
  INSTALL drivers/media/v4l2-core/videodev.ko
  INSTALL drivers/mfd/mc13xxx-core.ko
  INSTALL drivers/mfd/mc13xxx-i2c.ko
  INSTALL drivers/mfd/mc13xxx-spi.ko
  INSTALL drivers/mfd/rtsx_usb.ko
  INSTALL drivers/mfd/ti_am335x_tscadc.ko
  INSTALL drivers/mfd/viperboard.ko
  INSTALL drivers/misc/ad525x_dpot-i2c.ko
  INSTALL drivers/misc/ad525x_dpot-spi.ko
  INSTALL drivers/misc/ad525x_dpot.ko
  INSTALL drivers/misc/altera-stapl/altera-stapl.ko
  INSTALL drivers/misc/apds9802als.ko
  INSTALL drivers/misc/apds990x.ko
  INSTALL drivers/misc/bh1770glc.ko
  INSTALL drivers/misc/bh1780gli.ko
  INSTALL drivers/misc/c2port/core.ko
  INSTALL drivers/misc/ds1682.ko
  INSTALL drivers/misc/eeprom/at25.ko
  INSTALL drivers/misc/eeprom/eeprom.ko
  INSTALL drivers/misc/eeprom/eeprom_93cx6.ko
  INSTALL drivers/misc/eeprom/max6875.ko
  INSTALL drivers/misc/enclosure.ko
  INSTALL drivers/misc/hmc6352.ko
  INSTALL drivers/misc/hwlat_detector.ko
  INSTALL drivers/misc/ics932s401.ko
  INSTALL drivers/misc/isl29003.ko
  INSTALL drivers/misc/isl29020.ko
  INSTALL drivers/misc/lis3lv02d/lis3lv02d.ko
  INSTALL drivers/misc/lis3lv02d/lis3lv02d_i2c.ko
  INSTALL drivers/misc/ti-st/st_drv.ko
  INSTALL drivers/misc/ti_dac7512.ko
  INSTALL drivers/misc/tieqep.ko
  INSTALL drivers/misc/tsl2550.ko
  INSTALL drivers/mmc/card/sdio_uart.ko
  INSTALL drivers/mmc/host/dw_mmc-exynos.ko
  INSTALL drivers/mmc/host/dw_mmc-pltfm.ko
  INSTALL drivers/mmc/host/dw_mmc.ko
  INSTALL drivers/mmc/host/rtsx_usb_sdmmc.ko
  INSTALL drivers/mmc/host/sdhci-pltfm.ko
  INSTALL drivers/mmc/host/sdhci.ko
  INSTALL drivers/mmc/host/ushc.ko
  INSTALL drivers/mmc/host/vub300.ko
  INSTALL drivers/mtd/ar7part.ko
  INSTALL drivers/mtd/chips/map_ram.ko
  INSTALL drivers/mtd/devices/m25p80.ko
  INSTALL drivers/mtd/devices/mtd_dataflash.ko
  INSTALL drivers/mtd/devices/sst25l.ko
  INSTALL drivers/mtd/lpddr/lpddr_cmds.ko
  INSTALL drivers/mtd/lpddr/qinfo_probe.ko
  INSTALL drivers/mtd/maps/physmap.ko
  INSTALL drivers/mtd/maps/plat-ram.ko
  INSTALL drivers/mtd/mtd_blkdevs.ko
  INSTALL drivers/mtd/mtdblock.ko
  INSTALL drivers/mtd/mtdblock_ro.ko
  INSTALL drivers/mtd/mtdoops.ko
  INSTALL drivers/mtd/mtdswap.ko
  INSTALL drivers/mtd/nand/nandsim.ko
  INSTALL drivers/mtd/nand/omap2.ko
  INSTALL drivers/mtd/ofpart.ko
  INSTALL drivers/mtd/rfd_ftl.ko
  INSTALL drivers/mtd/spi-nor/spi-nor.ko
  INSTALL drivers/mtd/ssfdc.ko
  INSTALL drivers/mtd/ubi/ubi.ko
  INSTALL drivers/net/appletalk/ipddp.ko
  INSTALL drivers/net/bonding/bonding.ko
  INSTALL drivers/net/can/c_can/c_can.ko
  INSTALL drivers/net/can/c_can/c_can_platform.ko
  INSTALL drivers/net/can/can-dev.ko
  INSTALL drivers/net/can/sja1000/sja1000.ko
  INSTALL drivers/net/can/sja1000/sja1000_isa.ko
  INSTALL drivers/net/can/slcan.ko
  INSTALL drivers/net/can/softing/softing.ko
  INSTALL drivers/net/can/spi/mcp251x.ko
  INSTALL drivers/net/can/usb/ems_usb.ko
  INSTALL drivers/net/can/usb/esd_usb2.ko
  INSTALL drivers/net/can/usb/gs_usb.ko
  INSTALL drivers/net/can/usb/kvaser_usb.ko
  INSTALL drivers/net/can/usb/peak_usb/peak_usb.ko
  INSTALL drivers/net/can/usb/usb_8dev.ko
  INSTALL drivers/net/can/vcan.ko
  INSTALL drivers/net/dummy.ko
  INSTALL drivers/net/eql.ko
  INSTALL drivers/net/ethernet/microchip/enc28j60.ko
  INSTALL drivers/net/ifb.ko
  INSTALL drivers/net/ipvlan/ipvlan.ko
  INSTALL drivers/net/macvlan.ko
  INSTALL drivers/net/macvtap.ko
  INSTALL drivers/net/netconsole.ko
  INSTALL drivers/net/nlmon.ko
  INSTALL drivers/net/ppp/bsd_comp.ko
  INSTALL drivers/net/ppp/ppp_async.ko
  INSTALL drivers/net/ppp/ppp_deflate.ko
  INSTALL drivers/net/ppp/ppp_generic.ko
  INSTALL drivers/net/ppp/ppp_mppe.ko
  INSTALL drivers/net/ppp/ppp_synctty.ko
  INSTALL drivers/net/ppp/pppoe.ko
  INSTALL drivers/net/ppp/pppox.ko
  INSTALL drivers/net/ppp/pptp.ko
  INSTALL drivers/net/slip/slhc.ko
  INSTALL drivers/net/slip/slip.ko
  INSTALL drivers/net/team/team.ko
  INSTALL drivers/net/team/team_mode_activebackup.ko
  INSTALL drivers/net/team/team_mode_broadcast.ko
  INSTALL drivers/net/team/team_mode_loadbalance.ko
  INSTALL drivers/net/team/team_mode_random.ko
  INSTALL drivers/net/team/team_mode_roundrobin.ko
  INSTALL drivers/net/tun.ko
  INSTALL drivers/net/usb/asix.ko
  INSTALL drivers/net/usb/ax88179_178a.ko
  INSTALL drivers/net/usb/catc.ko
  INSTALL drivers/net/usb/cdc-phonet.ko
  INSTALL drivers/net/usb/cdc_eem.ko
  INSTALL drivers/net/usb/cdc_ether.ko
  INSTALL drivers/net/usb/cdc_mbim.ko
  INSTALL drivers/net/usb/cdc_ncm.ko
  INSTALL drivers/net/usb/cdc_subset.ko
  INSTALL drivers/net/usb/cx82310_eth.ko
  INSTALL drivers/net/usb/dm9601.ko
  INSTALL drivers/net/usb/gl620a.ko
  INSTALL drivers/net/usb/hso.ko
  INSTALL drivers/net/usb/huawei_cdc_ncm.ko
  INSTALL drivers/net/usb/int51x1.ko
  INSTALL drivers/net/usb/ipheth.ko
  INSTALL drivers/net/usb/kalmia.ko
  INSTALL drivers/net/usb/kaweth.ko
  INSTALL drivers/net/usb/lg-vl600.ko
  INSTALL drivers/net/usb/mcs7830.ko
  INSTALL drivers/net/usb/net1080.ko
  INSTALL drivers/net/usb/plusb.ko
  INSTALL drivers/net/usb/qmi_wwan.ko
  INSTALL drivers/net/usb/rndis_host.ko
  INSTALL drivers/net/usb/sierra_net.ko
  INSTALL drivers/net/usb/smsc75xx.ko
  INSTALL drivers/net/usb/smsc95xx.ko
  INSTALL drivers/net/usb/sr9700.ko
  INSTALL drivers/net/usb/sr9800.ko
  INSTALL drivers/net/usb/zaurus.ko
  INSTALL drivers/net/veth.ko
  INSTALL drivers/net/virtio_net.ko
  INSTALL drivers/net/vxlan.ko
  INSTALL drivers/net/wimax/i2400m/i2400m-usb.ko
  INSTALL drivers/net/wimax/i2400m/i2400m.ko
  INSTALL drivers/net/wireless/at76c50x-usb.ko
  INSTALL drivers/net/wireless/ath/ar5523/ar5523.ko
  INSTALL drivers/net/wireless/ath/ath.ko
  INSTALL drivers/net/wireless/ath/ath10k/ath10k_core.ko
  INSTALL drivers/net/wireless/ath/ath6kl/ath6kl_core.ko
  INSTALL drivers/net/wireless/ath/ath6kl/ath6kl_sdio.ko
  INSTALL drivers/net/wireless/ath/ath6kl/ath6kl_usb.ko
  INSTALL drivers/net/wireless/ath/ath9k/ath9k.ko
  INSTALL drivers/net/wireless/ath/ath9k/ath9k_common.ko
  INSTALL drivers/net/wireless/ath/ath9k/ath9k_htc.ko
  INSTALL drivers/net/wireless/ath/ath9k/ath9k_hw.ko
  INSTALL drivers/net/wireless/ath/carl9170/carl9170.ko
  INSTALL drivers/net/wireless/b43/b43.ko
  INSTALL drivers/net/wireless/b43legacy/b43legacy.ko
  INSTALL drivers/net/wireless/brcm80211/brcmfmac/brcmfmac.ko
  INSTALL drivers/net/wireless/brcm80211/brcmsmac/brcmsmac.ko
  INSTALL drivers/net/wireless/brcm80211/brcmutil/brcmutil.ko
  INSTALL drivers/net/wireless/hostap/hostap.ko
  INSTALL drivers/net/wireless/iwlwifi/dvm/iwldvm.ko
  INSTALL drivers/net/wireless/iwlwifi/iwlwifi.ko
  INSTALL drivers/net/wireless/libertas/libertas.ko
  INSTALL drivers/net/wireless/libertas/libertas_sdio.ko
  INSTALL drivers/net/wireless/libertas/usb8xxx.ko
  INSTALL drivers/net/wireless/libertas_tf/libertas_tf.ko
  INSTALL drivers/net/wireless/libertas_tf/libertas_tf_usb.ko
  INSTALL drivers/net/wireless/mac80211_hwsim.ko
  INSTALL drivers/net/wireless/mediatek/mt7601u/mt7601u.ko
  INSTALL drivers/net/wireless/p54/p54common.ko
  INSTALL drivers/net/wireless/p54/p54usb.ko
  INSTALL drivers/net/wireless/rndis_wlan.ko
  INSTALL drivers/net/wireless/rsi/rsi_91x.ko
  INSTALL drivers/net/wireless/rsi/rsi_usb.ko
  INSTALL drivers/net/wireless/rt2x00/rt2500usb.ko
  INSTALL drivers/net/wireless/rt2x00/rt2800lib.ko
  INSTALL drivers/net/wireless/rt2x00/rt2800usb.ko
  INSTALL drivers/net/wireless/rt2x00/rt2x00lib.ko
  INSTALL drivers/net/wireless/rt2x00/rt2x00usb.ko
  INSTALL drivers/net/wireless/rt2x00/rt73usb.ko
  INSTALL drivers/net/wireless/rtl818x/rtl8187/rtl8187.ko
  INSTALL drivers/net/wireless/rtlwifi/rtl8192c/rtl8192c-common.ko
  INSTALL drivers/net/wireless/rtlwifi/rtl8192cu/rtl8192cu.ko
  INSTALL drivers/net/wireless/rtlwifi/rtl_usb.ko
  INSTALL drivers/net/wireless/rtlwifi/rtlwifi.ko
  INSTALL drivers/net/wireless/ti/wl1251/wl1251.ko
  INSTALL drivers/net/wireless/ti/wl1251/wl1251_sdio.ko
  INSTALL drivers/net/wireless/ti/wl1251/wl1251_spi.ko
  INSTALL drivers/net/wireless/ti/wl12xx/wl12xx.ko
  INSTALL drivers/net/wireless/ti/wl18xx/wl18xx.ko
  INSTALL drivers/net/wireless/ti/wlcore/wlcore.ko
  INSTALL drivers/net/wireless/ti/wlcore/wlcore_sdio.ko
  INSTALL drivers/net/wireless/ti/wlcore/wlcore_spi.ko
  INSTALL drivers/net/wireless/zd1211rw/zd1211rw.ko
  INSTALL drivers/nfc/nfcsim.ko
  INSTALL drivers/nfc/pn533.ko
  INSTALL drivers/nfc/port100.ko
  INSTALL drivers/parport/parport.ko
  INSTALL drivers/power/bq2415x_charger.ko
  INSTALL drivers/power/bq27x00_battery.ko
  INSTALL drivers/power/isp1704_charger.ko
  INSTALL drivers/pps/clients/pps-gpio.ko
  INSTALL drivers/pps/clients/pps-ldisc.ko
  INSTALL drivers/pps/clients/pps_parport.ko
  INSTALL drivers/pwm/pwm-tiecap.ko
  INSTALL drivers/pwm/pwm-tiehrpwm.ko
  INSTALL drivers/pwm/pwm-twl-led.ko
  INSTALL drivers/pwm/pwm-twl.ko
  INSTALL drivers/regulator/anatop-regulator.ko
  INSTALL drivers/regulator/axp20x-regulator.ko
  INSTALL drivers/regulator/da9052-regulator.ko
  INSTALL drivers/regulator/mc13783-regulator.ko
  INSTALL drivers/regulator/mc13892-regulator.ko
  INSTALL drivers/regulator/mc13xxx-regulator-core.ko
  INSTALL drivers/regulator/s2mpa01.ko
  INSTALL drivers/regulator/s2mps11.ko
  INSTALL drivers/regulator/s5m8767.ko
  INSTALL drivers/regulator/vexpress.ko
  INSTALL drivers/rtc/rtc-bq32k.ko
  INSTALL drivers/rtc/rtc-bq4802.ko
  INSTALL drivers/rtc/rtc-cmos.ko
  INSTALL drivers/rtc/rtc-ds1286.ko
  INSTALL drivers/rtc/rtc-ds1305.ko
  INSTALL drivers/rtc/rtc-ds1343.ko
  INSTALL drivers/rtc/rtc-ds1347.ko
  INSTALL drivers/rtc/rtc-ds1374.ko
  INSTALL drivers/rtc/rtc-ds1390.ko
  INSTALL drivers/rtc/rtc-ds1511.ko
  INSTALL drivers/rtc/rtc-ds1553.ko
  INSTALL drivers/rtc/rtc-ds1672.ko
  INSTALL drivers/rtc/rtc-ds1685.ko
  INSTALL drivers/rtc/rtc-ds1742.ko
  INSTALL drivers/rtc/rtc-ds2404.ko
  INSTALL drivers/rtc/rtc-ds3232.ko
  INSTALL drivers/rtc/rtc-ds3234.ko
  INSTALL drivers/rtc/rtc-em3027.ko
  INSTALL drivers/rtc/rtc-fm3130.ko
  INSTALL drivers/rtc/rtc-hid-sensor-time.ko
  INSTALL drivers/rtc/rtc-hym8563.ko
  INSTALL drivers/rtc/rtc-isl12022.ko
  INSTALL drivers/rtc/rtc-isl1208.ko
  INSTALL drivers/rtc/rtc-m41t80.ko
  INSTALL drivers/rtc/rtc-m41t93.ko
  INSTALL drivers/rtc/rtc-m41t94.ko
  INSTALL drivers/rtc/rtc-m48t35.ko
  INSTALL drivers/rtc/rtc-m48t59.ko
  INSTALL drivers/rtc/rtc-m48t86.ko
  INSTALL drivers/rtc/rtc-max6900.ko
  INSTALL drivers/rtc/rtc-max6902.ko
  INSTALL drivers/rtc/rtc-mc13xxx.ko
  INSTALL drivers/rtc/rtc-mcp795.ko
  INSTALL drivers/rtc/rtc-msm6242.ko
  INSTALL drivers/rtc/rtc-pcf2123.ko
  INSTALL drivers/rtc/rtc-pcf2127.ko
  INSTALL drivers/rtc/rtc-pcf85063.ko
  INSTALL drivers/rtc/rtc-pcf8563.ko
  INSTALL drivers/rtc/rtc-pcf8583.ko
  INSTALL drivers/rtc/rtc-r9701.ko
  INSTALL drivers/rtc/rtc-rp5c01.ko
  INSTALL drivers/rtc/rtc-rs5c348.ko
  INSTALL drivers/rtc/rtc-rs5c372.ko
  INSTALL drivers/rtc/rtc-rv3029c2.ko
  INSTALL drivers/rtc/rtc-rx4581.ko
  INSTALL drivers/rtc/rtc-rx8025.ko
  INSTALL drivers/rtc/rtc-rx8581.ko
  INSTALL drivers/rtc/rtc-s35390a.ko
  INSTALL drivers/rtc/rtc-stk17ta8.ko
  INSTALL drivers/rtc/rtc-tps65910.ko
  INSTALL drivers/rtc/rtc-v3020.ko
  INSTALL drivers/rtc/rtc-x1205.ko
  INSTALL drivers/scsi/ch.ko
  INSTALL drivers/scsi/device_handler/scsi_dh.ko
  INSTALL drivers/scsi/device_handler/scsi_dh_alua.ko
  INSTALL drivers/scsi/device_handler/scsi_dh_emc.ko
  INSTALL drivers/scsi/device_handler/scsi_dh_hp_sw.ko
  INSTALL drivers/scsi/device_handler/scsi_dh_rdac.ko
  INSTALL drivers/scsi/fcoe/libfcoe.ko
  INSTALL drivers/scsi/iscsi_boot_sysfs.ko
  INSTALL drivers/scsi/iscsi_tcp.ko
  INSTALL drivers/scsi/libfc/libfc.ko
  INSTALL drivers/scsi/libiscsi.ko
  INSTALL drivers/scsi/libiscsi_tcp.ko
  INSTALL drivers/scsi/libsas/libsas.ko
  INSTALL drivers/scsi/osd/libosd.ko
  INSTALL drivers/scsi/osd/osd.ko
  INSTALL drivers/scsi/osst.ko
  INSTALL drivers/scsi/raid_class.ko
  INSTALL drivers/scsi/scsi_transport_fc.ko
  INSTALL drivers/scsi/scsi_transport_iscsi.ko
  INSTALL drivers/scsi/scsi_transport_sas.ko
  INSTALL drivers/scsi/scsi_transport_spi.ko
  INSTALL drivers/scsi/scsi_transport_srp.ko
  INSTALL drivers/scsi/ses.ko
  INSTALL drivers/scsi/sg.ko
  INSTALL drivers/scsi/sr_mod.ko
  INSTALL drivers/scsi/st.ko
  INSTALL drivers/scsi/ufs/ufshcd.ko
  INSTALL drivers/scsi/virtio_scsi.ko
  INSTALL drivers/spi/spi-butterfly.ko
  INSTALL drivers/spi/spi-lm70llp.ko
  INSTALL drivers/spi/spi-omap2-mcspi.ko
  INSTALL drivers/spi/spidev.ko
  INSTALL drivers/ssb/ssb.ko
  INSTALL drivers/staging/android/timed_gpio.ko
  INSTALL drivers/staging/fbtft/fb_agm1264k-fl.ko
  INSTALL drivers/staging/fbtft/fb_bd663474.ko
  INSTALL drivers/staging/fbtft/fb_hx8340bn.ko
  INSTALL drivers/staging/fbtft/fb_hx8347d.ko
  INSTALL drivers/staging/fbtft/fb_hx8353d.ko
  INSTALL drivers/staging/fbtft/fb_hx8357d.ko
  INSTALL drivers/staging/fbtft/fb_ili9163.ko
  INSTALL drivers/staging/fbtft/fb_ili9320.ko
  INSTALL drivers/staging/fbtft/fb_ili9325.ko
  INSTALL drivers/staging/fbtft/fb_ili9340.ko
  INSTALL drivers/staging/fbtft/fb_ili9341.ko
  INSTALL drivers/staging/fbtft/fb_ili9481.ko
  INSTALL drivers/staging/fbtft/fb_ili9486.ko
  INSTALL drivers/staging/fbtft/fb_pcd8544.ko
  INSTALL drivers/staging/fbtft/fb_ra8875.ko
  INSTALL drivers/staging/fbtft/fb_s6d02a1.ko
  INSTALL drivers/staging/fbtft/fb_s6d1121.ko
  INSTALL drivers/staging/fbtft/fb_ssd1289.ko
  INSTALL drivers/staging/fbtft/fb_ssd1306.ko
  INSTALL drivers/staging/fbtft/fb_ssd1331.ko
  INSTALL drivers/staging/fbtft/fb_ssd1351.ko
  INSTALL drivers/staging/fbtft/fb_st7735r.ko
  INSTALL drivers/staging/fbtft/fb_st7789v.ko
  INSTALL drivers/staging/fbtft/fb_tinylcd.ko
  INSTALL drivers/staging/fbtft/fb_tls8204.ko
  INSTALL drivers/staging/fbtft/fb_uc1611.ko
  INSTALL drivers/staging/fbtft/fb_uc1701.ko
  INSTALL drivers/staging/fbtft/fb_upd161704.ko
  INSTALL drivers/staging/fbtft/fb_watterott.ko
  INSTALL drivers/staging/fbtft/fbtft.ko
  INSTALL drivers/staging/fbtft/fbtft_device.ko
  INSTALL drivers/staging/fbtft/flexfb.ko
  INSTALL drivers/staging/iio/accel/lis3l02dq.ko
  INSTALL drivers/staging/rtl8188eu/r8188eu.ko
  INSTALL drivers/staging/rtl8712/r8712u.ko
  INSTALL drivers/staging/speakup/speakup.ko
  INSTALL drivers/staging/speakup/speakup_acntsa.ko
  INSTALL drivers/staging/speakup/speakup_apollo.ko
  INSTALL drivers/staging/speakup/speakup_audptr.ko
  INSTALL drivers/staging/speakup/speakup_bns.ko
  INSTALL drivers/staging/speakup/speakup_decext.ko
  INSTALL drivers/staging/speakup/speakup_dectlk.ko
  INSTALL drivers/staging/speakup/speakup_dummy.ko
  INSTALL drivers/staging/speakup/speakup_ltlk.ko
  INSTALL drivers/staging/speakup/speakup_soft.ko
  INSTALL drivers/staging/speakup/speakup_spkout.ko
  INSTALL drivers/staging/speakup/speakup_txprt.ko
  INSTALL drivers/target/iscsi/iscsi_target_mod.ko
  INSTALL drivers/target/loopback/tcm_loop.ko
  INSTALL drivers/target/target_core_file.ko
  INSTALL drivers/target/target_core_iblock.ko
  INSTALL drivers/target/target_core_mod.ko
  INSTALL drivers/target/target_core_pscsi.ko
  INSTALL drivers/target/tcm_fc/tcm_fc.ko
  INSTALL drivers/tty/n_gsm.ko
  INSTALL drivers/uio/uio.ko
  INSTALL drivers/uio/uio_dmem_genirq.ko
  INSTALL drivers/uio/uio_pdrv_genirq.ko
  INSTALL drivers/usb/class/cdc-acm.ko
  INSTALL drivers/usb/class/cdc-wdm.ko
  INSTALL drivers/usb/class/usblp.ko
  INSTALL drivers/usb/class/usbtmc.ko
  INSTALL drivers/usb/host/hwa-hc.ko
  INSTALL drivers/usb/host/u132-hcd.ko
  INSTALL drivers/usb/image/mdc800.ko
  INSTALL drivers/usb/image/microtek.ko
  INSTALL drivers/usb/misc/adutux.ko
  INSTALL drivers/usb/misc/appledisplay.ko
  INSTALL drivers/usb/misc/chaoskey.ko
  INSTALL drivers/usb/misc/cypress_cy7c63.ko
  INSTALL drivers/usb/misc/cytherm.ko
  INSTALL drivers/usb/misc/ehset.ko
  INSTALL drivers/usb/misc/emi26.ko
  INSTALL drivers/usb/misc/emi62.ko
  INSTALL drivers/usb/misc/ezusb.ko
  INSTALL drivers/usb/misc/ftdi-elan.ko
  INSTALL drivers/usb/misc/idmouse.ko
  INSTALL drivers/usb/misc/iowarrior.ko
  INSTALL drivers/usb/misc/isight_firmware.ko
  INSTALL drivers/usb/misc/ldusb.ko
  INSTALL drivers/usb/misc/legousbtower.ko
  INSTALL drivers/usb/misc/rio500.ko
  INSTALL drivers/usb/misc/sisusbvga/sisusbvga.ko
  INSTALL drivers/usb/misc/trancevibrator.ko
  INSTALL drivers/usb/misc/usb3503.ko
  INSTALL drivers/usb/misc/usblcd.ko
  INSTALL drivers/usb/misc/usbled.ko
  INSTALL drivers/usb/misc/usbsevseg.ko
  INSTALL drivers/usb/misc/usbtest.ko
  INSTALL drivers/usb/misc/yurex.ko
  INSTALL drivers/usb/serial/aircable.ko
  INSTALL drivers/usb/serial/ark3116.ko
  INSTALL drivers/usb/serial/belkin_sa.ko
  INSTALL drivers/usb/serial/ch341.ko
  INSTALL drivers/usb/serial/cp210x.ko
  INSTALL drivers/usb/serial/cyberjack.ko
  INSTALL drivers/usb/serial/cypress_m8.ko
  INSTALL drivers/usb/serial/digi_acceleport.ko
  INSTALL drivers/usb/serial/empeg.ko
  INSTALL drivers/usb/serial/f81232.ko
  INSTALL drivers/usb/serial/ftdi_sio.ko
  INSTALL drivers/usb/serial/garmin_gps.ko
  INSTALL drivers/usb/serial/io_edgeport.ko
  INSTALL drivers/usb/serial/io_ti.ko
  INSTALL drivers/usb/serial/ipaq.ko
  INSTALL drivers/usb/serial/ipw.ko
  INSTALL drivers/usb/serial/ir-usb.ko
  INSTALL drivers/usb/serial/iuu_phoenix.ko
  INSTALL drivers/usb/serial/keyspan.ko
  INSTALL drivers/usb/serial/keyspan_pda.ko
  INSTALL drivers/usb/serial/kl5kusb105.ko
  INSTALL drivers/usb/serial/kobil_sct.ko
  INSTALL drivers/usb/serial/mct_u232.ko
  INSTALL drivers/usb/serial/metro-usb.ko
  INSTALL drivers/usb/serial/mos7720.ko
  INSTALL drivers/usb/serial/mos7840.ko
  INSTALL drivers/usb/serial/mxuport.ko
  INSTALL drivers/usb/serial/navman.ko
  INSTALL drivers/usb/serial/omninet.ko
  INSTALL drivers/usb/serial/opticon.ko
  INSTALL drivers/usb/serial/option.ko
  INSTALL drivers/usb/serial/oti6858.ko
  INSTALL drivers/usb/serial/pl2303.ko
  INSTALL drivers/usb/serial/qcaux.ko
  INSTALL drivers/usb/serial/qcserial.ko
  INSTALL drivers/usb/serial/quatech2.ko
  INSTALL drivers/usb/serial/safe_serial.ko
  INSTALL drivers/usb/serial/sierra.ko
  INSTALL drivers/usb/serial/spcp8x5.ko
  INSTALL drivers/usb/serial/ssu100.ko
  INSTALL drivers/usb/serial/symbolserial.ko
  INSTALL drivers/usb/serial/ti_usb_3410_5052.ko
  INSTALL drivers/usb/serial/usb-serial-simple.ko
  INSTALL drivers/usb/serial/usb_debug.ko
  INSTALL drivers/usb/serial/usb_wwan.ko
  INSTALL drivers/usb/serial/usbserial.ko
  INSTALL drivers/usb/serial/visor.ko
  INSTALL drivers/usb/serial/whiteheat.ko
  INSTALL drivers/usb/serial/wishbone-serial.ko
  INSTALL drivers/usb/serial/xsens_mt.ko
  INSTALL drivers/usb/storage/uas.ko
  INSTALL drivers/usb/storage/ums-alauda.ko
  INSTALL drivers/usb/storage/ums-cypress.ko
  INSTALL drivers/usb/storage/ums-datafab.ko
  INSTALL drivers/usb/storage/ums-eneub6250.ko
  INSTALL drivers/usb/storage/ums-freecom.ko
  INSTALL drivers/usb/storage/ums-isd200.ko
  INSTALL drivers/usb/storage/ums-jumpshot.ko
  INSTALL drivers/usb/storage/ums-karma.ko
  INSTALL drivers/usb/storage/ums-onetouch.ko
  INSTALL drivers/usb/storage/ums-realtek.ko
  INSTALL drivers/usb/storage/ums-sddr09.ko
  INSTALL drivers/usb/storage/ums-sddr55.ko
  INSTALL drivers/usb/storage/ums-usbat.ko
  INSTALL drivers/usb/storage/usb-storage.ko
  INSTALL drivers/usb/usbip/usbip-core.ko
  INSTALL drivers/usb/usbip/usbip-host.ko
  INSTALL drivers/usb/usbip/vhci-hcd.ko
  INSTALL drivers/usb/wusbcore/wusb-cbaf.ko
  INSTALL drivers/usb/wusbcore/wusb-wa.ko
  INSTALL drivers/usb/wusbcore/wusbcore.ko
  INSTALL drivers/uwb/hwa-rc.ko
  INSTALL drivers/uwb/i1480/dfu/i1480-dfu-usb.ko
  INSTALL drivers/uwb/i1480/i1480-est.ko
  INSTALL drivers/uwb/uwb.ko
  INSTALL drivers/video/fbdev/omap2/displays-new/dra7-evm-encoder-tpd12s015.ko
  INSTALL drivers/video/fbdev/omap2/displays-new/panel-sony-acx565akm.ko
  INSTALL drivers/video/fbdev/smscufx.ko
  INSTALL drivers/video/fbdev/udlfb.ko
  INSTALL drivers/virtio/virtio_balloon.ko
  INSTALL drivers/virtio/virtio_input.ko
  INSTALL drivers/virtio/virtio_mmio.ko
  INSTALL drivers/w1/masters/ds2482.ko
  INSTALL drivers/w1/masters/ds2490.ko
  INSTALL drivers/w1/masters/w1-gpio.ko
  INSTALL drivers/w1/slaves/w1_bq27000.ko
  INSTALL drivers/w1/slaves/w1_ds2431.ko
  INSTALL drivers/w1/slaves/w1_ds2433.ko
  INSTALL drivers/w1/slaves/w1_smem.ko
  INSTALL drivers/w1/slaves/w1_therm.ko
  INSTALL drivers/w1/wire.ko
  INSTALL drivers/watchdog/da9052_wdt.ko
  INSTALL drivers/watchdog/softdog.ko
  INSTALL drivers/watchdog/twl4030_wdt.ko
  INSTALL fs/9p/9p.ko
  INSTALL fs/adfs/adfs.ko
  INSTALL fs/affs/affs.ko
  INSTALL fs/afs/kafs.ko
  INSTALL fs/aufs/aufs.ko
  INSTALL fs/befs/befs.ko
  INSTALL fs/bfs/bfs.ko
  INSTALL fs/binfmt_misc.ko
  INSTALL fs/cachefiles/cachefiles.ko
  INSTALL fs/ceph/ceph.ko
  INSTALL fs/cifs/cifs.ko
  INSTALL fs/coda/coda.ko
  INSTALL fs/dlm/dlm.ko
  INSTALL fs/ecryptfs/ecryptfs.ko
  INSTALL fs/efs/efs.ko
  INSTALL fs/exofs/exofs.ko
  INSTALL fs/exofs/libore.ko
  INSTALL fs/freevxfs/freevxfs.ko
  INSTALL fs/fscache/fscache.ko
  INSTALL fs/fuse/cuse.ko
  INSTALL fs/gfs2/gfs2.ko
  INSTALL fs/hfs/hfs.ko
  INSTALL fs/hfsplus/hfsplus.ko
  INSTALL fs/isofs/isofs.ko
  INSTALL fs/jffs2/jffs2.ko
  INSTALL fs/jfs/jfs.ko
  INSTALL fs/logfs/logfs.ko
  INSTALL fs/minix/minix.ko
  INSTALL fs/ncpfs/ncpfs.ko
  INSTALL fs/nfs/blocklayout/blocklayoutdriver.ko
  INSTALL fs/nfs/flexfilelayout/nfs_layout_flexfiles.ko
  INSTALL fs/nfs/objlayout/objlayoutdriver.ko
  INSTALL fs/nfsd/nfsd.ko
  INSTALL fs/nilfs2/nilfs2.ko
  INSTALL fs/nls/mac-celtic.ko
  INSTALL fs/nls/mac-centeuro.ko
  INSTALL fs/nls/mac-croatian.ko
  INSTALL fs/nls/mac-cyrillic.ko
  INSTALL fs/nls/mac-gaelic.ko
  INSTALL fs/nls/mac-greek.ko
  INSTALL fs/nls/mac-iceland.ko
  INSTALL fs/nls/mac-inuit.ko
  INSTALL fs/nls/mac-roman.ko
  INSTALL fs/nls/mac-romanian.ko
  INSTALL fs/nls/mac-turkish.ko
  INSTALL fs/nls/nls_ascii.ko
  INSTALL fs/nls/nls_cp1250.ko
  INSTALL fs/nls/nls_cp1251.ko
  INSTALL fs/nls/nls_cp1255.ko
  INSTALL fs/nls/nls_cp737.ko
  INSTALL fs/nls/nls_cp775.ko
  INSTALL fs/nls/nls_cp850.ko
  INSTALL fs/nls/nls_cp852.ko
  INSTALL fs/nls/nls_cp855.ko
  INSTALL fs/nls/nls_cp857.ko
  INSTALL fs/nls/nls_cp860.ko
  INSTALL fs/nls/nls_cp861.ko
  INSTALL fs/nls/nls_cp862.ko
  INSTALL fs/nls/nls_cp863.ko
  INSTALL fs/nls/nls_cp864.ko
  INSTALL fs/nls/nls_cp865.ko
  INSTALL fs/nls/nls_cp866.ko
  INSTALL fs/nls/nls_cp869.ko
  INSTALL fs/nls/nls_cp874.ko
  INSTALL fs/nls/nls_cp932.ko
  INSTALL fs/nls/nls_cp936.ko
  INSTALL fs/nls/nls_cp949.ko
  INSTALL fs/nls/nls_cp950.ko
  INSTALL fs/nls/nls_euc-jp.ko
  INSTALL fs/nls/nls_iso8859-13.ko
  INSTALL fs/nls/nls_iso8859-14.ko
  INSTALL fs/nls/nls_iso8859-15.ko
  INSTALL fs/nls/nls_iso8859-2.ko
  INSTALL fs/nls/nls_iso8859-3.ko
  INSTALL fs/nls/nls_iso8859-4.ko
  INSTALL fs/nls/nls_iso8859-5.ko
  INSTALL fs/nls/nls_iso8859-6.ko
  INSTALL fs/nls/nls_iso8859-7.ko
  INSTALL fs/nls/nls_iso8859-9.ko
  INSTALL fs/nls/nls_koi8-r.ko
  INSTALL fs/nls/nls_koi8-ru.ko
  INSTALL fs/nls/nls_koi8-u.ko
  INSTALL fs/nls/nls_utf8.ko
  INSTALL fs/ntfs/ntfs.ko
  INSTALL fs/ocfs2/cluster/ocfs2_nodemanager.ko
  INSTALL fs/ocfs2/dlm/ocfs2_dlm.ko
  INSTALL fs/ocfs2/dlmfs/ocfs2_dlmfs.ko
  INSTALL fs/ocfs2/ocfs2.ko
cp: writing `/home/roger/Test/BBB-kernel-git/linux/output/lib/modules/4.1.13-rt15+/kernel/fs/ocfs2/ocfs2.ko': No space left on device
cp: failed to extend `/home/roger/Test/BBB-kernel-git/linux/output/lib/modules/4.1.13-rt15+/kernel/fs/ocfs2/ocfs2.ko': No space left on device
  INSTALL fs/ocfs2/ocfs2_stack_o2cb.ko
cp: writing `/home/roger/Test/BBB-kernel-git/linux/output/lib/modules/4.1.13-rt15+/kernel/fs/ocfs2/ocfs2_stack_o2cb.ko': No space left on device
cp: failed to extend `/home/roger/Test/BBB-kernel-git/linux/output/lib/modules/4.1.13-rt15+/kernel/fs/ocfs2/ocfs2_stack_o2cb.ko': No space left on device
  INSTALL fs/ocfs2/ocfs2_stack_user.ko
cp: writing `/home/roger/Test/BBB-kernel-git/linux/output/lib/modules/4.1.13-rt15+/kernel/fs/ocfs2/ocfs2_stack_user.ko': No space left on device
cp: failed to extend `/home/roger/Test/BBB-kernel-git/linux/output/lib/modules/4.1.13-rt15+/kernel/fs/ocfs2/ocfs2_stack_user.ko': No space left on device
  INSTALL fs/ocfs2/ocfs2_stackglue.ko
cp: writing `/home/roger/Test/BBB-kernel-git/linux/output/lib/modules/4.1.13-rt15+/kernel/fs/ocfs2/ocfs2_stackglue.ko': No space left on device
cp: failed to extend `/home/roger/Test/BBB-kernel-git/linux/output/lib/modules/4.1.13-rt15+/kernel/fs/ocfs2/ocfs2_stackglue.ko': No space left on device
  INSTALL fs/omfs/omfs.ko
mkdir: cannot create directory `/home/roger/Test/BBB-kernel-git/linux/output/lib/modules/4.1.13-rt15+/kernel/fs/omfs': No space left on device
cp: writing `/home/roger/Test/BBB-kernel-git/linux/output/lib/modules/4.1.13-rt15+/kernel/fs/omfs': N  INSTALL fs/quota/quota_v1.ko
mkdir: cannot create directory `/home/roger/Test/BBB-kernel-git/linux/output/lib/modules/4.1.13-rt15+/kernel/fs/quota': File exists
  INSTALL fs/quota/quota_v2.ko
mkdir: cannot create directory `/home/roger/Test/BBB-kernel-git/linux/output/lib/modules/4.1.13-rt15+/kernel/fs/quota': File exists
  INSTALL fs/reiserfs/reiserfs.ko
  INSTALL fs/romfs/romfs.ko
  INSTALL fs/squashfs/squashfs.ko
  INSTALL fs/sysv/sysv.ko
  INSTALL fs/ubifs/ubifs.ko
  INSTALL fs/udf/udf.ko
  INSTALL fs/ufs/ufs.ko
  INSTALL lib/cordic.ko
  INSTALL lib/crc-ccitt.ko
  INSTALL lib/crc-itu-t.ko
  INSTALL lib/crc7.ko
  INSTALL lib/lru_cache.ko
  INSTALL lib/lz4/lz4_compress.ko
  INSTALL lib/lz4/lz4hc_compress.ko
  INSTALL lib/ts_bm.ko
  INSTALL lib/ts_fsm.ko
  INSTALL lib/ts_kmp.ko
  INSTALL mm/zsmalloc.ko
  INSTALL net/6lowpan/6lowpan.ko
  INSTALL net/6lowpan/nhc_dest.ko
  INSTALL net/6lowpan/nhc_fragment.ko
  INSTALL net/6lowpan/nhc_hop.ko
  INSTALL net/6lowpan/nhc_ipv6.ko
  INSTALL net/6lowpan/nhc_mobility.ko
  INSTALL net/6lowpan/nhc_routing.ko
  INSTALL net/6lowpan/nhc_udp.ko
  INSTALL net/802/garp.ko
  INSTALL net/802/mrp.ko
  INSTALL net/802/p8022.ko
  INSTALL net/802/psnap.ko
  INSTALL net/802/stp.ko
  INSTALL net/8021q/8021q.ko
  INSTALL net/9p/9pnet.ko
  INSTALL net/9p/9pnet_virtio.ko
  INSTALL net/appletalk/appletalk.ko
  INSTALL net/atm/atm.ko
  INSTALL net/atm/br2684.ko
  INSTALL net/atm/clip.ko
  INSTALL net/atm/lec.ko
  INSTALL net/atm/mpoa.ko
  INSTALL net/atm/pppoatm.ko
  INSTALL net/batman-adv/batman-adv.ko
  INSTALL net/bluetooth/bluetooth.ko
  INSTALL net/bluetooth/bluetooth_6lowpan.ko
  INSTALL net/bluetooth/bnep/bnep.ko
  INSTALL net/bluetooth/hidp/hidp.ko
  INSTALL net/bluetooth/rfcomm/rfcomm.ko
  INSTALL net/bridge/br_netfilter.ko
  INSTALL net/bridge/bridge.ko
  INSTALL net/bridge/netfilter/ebt_802_3.ko
  INSTALL net/bridge/netfilter/ebt_among.ko
  INSTALL net/bridge/netfilter/ebt_arp.ko
  INSTALL net/bridge/netfilter/ebt_arpreply.ko
  INSTALL net/bridge/netfilter/ebt_dnat.ko
  INSTALL net/bridge/netfilter/ebt_ip.ko
  INSTALL net/bridge/netfilter/ebt_ip6.ko
  INSTALL net/bridge/netfilter/ebt_limit.ko
  INSTALL net/bridge/netfilter/ebt_log.ko
  INSTALL net/bridge/netfilter/ebt_mark.ko
  INSTALL net/bridge/netfilter/ebt_mark_m.ko
  INSTALL net/bridge/netfilter/ebt_nflog.ko
  INSTALL net/bridge/netfilter/ebt_pkttype.ko
  INSTALL net/bridge/netfilter/ebt_redirect.ko
  INSTALL net/bridge/netfilter/ebt_snat.ko
  INSTALL net/bridge/netfilter/ebt_stp.ko
  INSTALL net/bridge/netfilter/ebt_vlan.ko
  INSTALL net/bridge/netfilter/ebtable_broute.ko
  INSTALL net/bridge/netfilter/ebtable_filter.ko
  INSTALL net/bridge/netfilter/ebtable_nat.ko
  INSTALL net/bridge/netfilter/ebtables.ko
  INSTALL net/bridge/netfilter/nf_log_bridge.ko
  INSTALL net/bridge/netfilter/nf_tables_bridge.ko
  INSTALL net/bridge/netfilter/nft_meta_bridge.ko
  INSTALL net/bridge/netfilter/nft_reject_bridge.ko
  INSTALL net/can/can-bcm.ko
  INSTALL net/can/can-gw.ko
  INSTALL net/can/can-raw.ko
  INSTALL net/can/can.ko
  INSTALL net/ceph/libceph.ko
  INSTALL net/core/drop_monitor.ko
  INSTALL net/core/pktgen.ko
  INSTALL net/dccp/dccp.ko
  INSTALL net/dccp/dccp_diag.ko
  INSTALL net/dccp/dccp_ipv4.ko
  INSTALL net/dccp/dccp_ipv6.ko
  INSTALL net/dccp/dccp_probe.ko
  INSTALL net/ieee802154/6lowpan/ieee802154_6lowpan.ko
  INSTALL net/ieee802154/ieee802154.ko
  INSTALL net/ieee802154/ieee802154_socket.ko
  INSTALL net/ipv4/ah4.ko
  INSTALL net/ipv4/esp4.ko
  INSTALL net/ipv4/fou.ko
  INSTALL net/ipv4/geneve.ko
  INSTALL net/ipv4/gre.ko
  INSTALL net/ipv4/inet_diag.ko
  INSTALL net/ipv4/inet_lro.ko
  INSTALL net/ipv4/ip_gre.ko
  INSTALL net/ipv4/ip_tunnel.ko
  INSTALL net/ipv4/ip_vti.ko
  INSTALL net/ipv4/ipcomp.ko
  INSTALL net/ipv4/ipip.ko
  INSTALL net/ipv4/netfilter/arp_tables.ko
  INSTALL net/ipv4/netfilter/arpt_mangle.ko
  INSTALL net/ipv4/netfilter/arptable_filter.ko
  INSTALL net/ipv4/netfilter/ip_tables.ko
  INSTALL net/ipv4/netfilter/ipt_CLUSTERIP.ko
  INSTALL net/ipv4/netfilter/ipt_ECN.ko
  INSTALL net/ipv4/netfilter/ipt_MASQUERADE.ko
  INSTALL net/ipv4/netfilter/ipt_REJECT.ko
  INSTALL net/ipv4/netfilter/ipt_SYNPROXY.ko
  INSTALL net/ipv4/netfilter/ipt_ah.ko
  INSTALL net/ipv4/netfilter/ipt_rpfilter.ko
  INSTALL net/ipv4/netfilter/iptable_filter.ko
  INSTALL net/ipv4/netfilter/iptable_mangle.ko
  INSTALL net/ipv4/netfilter/iptable_nat.ko
  INSTALL net/ipv4/netfilter/iptable_raw.ko
  INSTALL net/ipv4/netfilter/iptable_security.ko
  INSTALL net/ipv4/netfilter/nf_conntrack_ipv4.ko
  INSTALL net/ipv4/netfilter/nf_defrag_ipv4.ko
  INSTALL net/ipv4/netfilter/nf_log_arp.ko
  INSTALL net/ipv4/netfilter/nf_log_ipv4.ko
  INSTALL net/ipv4/netfilter/nf_nat_h323.ko
  INSTALL net/ipv4/netfilter/nf_nat_ipv4.ko
  INSTALL net/ipv4/netfilter/nf_nat_masquerade_ipv4.ko
  INSTALL net/ipv4/netfilter/nf_nat_pptp.ko
  INSTALL net/ipv4/netfilter/nf_nat_proto_gre.ko
  INSTALL net/ipv4/netfilter/nf_nat_snmp_basic.ko
  INSTALL net/ipv4/netfilter/nf_reject_ipv4.ko
  INSTALL net/ipv4/netfilter/nf_tables_arp.ko
  INSTALL net/ipv4/netfilter/nf_tables_ipv4.ko
  INSTALL net/ipv4/netfilter/nft_chain_nat_ipv4.ko
  INSTALL net/ipv4/netfilter/nft_chain_route_ipv4.ko
  INSTALL net/ipv4/netfilter/nft_masq_ipv4.ko
  INSTALL net/ipv4/netfilter/nft_reject_ipv4.ko
  INSTALL net/ipv4/tcp_bic.ko
  INSTALL net/ipv4/tcp_dctcp.ko
  INSTALL net/ipv4/tcp_diag.ko
  INSTALL net/ipv4/tcp_highspeed.ko
  INSTALL net/ipv4/tcp_htcp.ko
  INSTALL net/ipv4/tcp_hybla.ko
  INSTALL net/ipv4/tcp_illinois.ko
  INSTALL net/ipv4/tcp_lp.ko
  INSTALL net/ipv4/tcp_scalable.ko
  INSTALL net/ipv4/tcp_vegas.ko
  INSTALL net/ipv4/tcp_veno.ko
  INSTALL net/ipv4/tcp_westwood.ko
  INSTALL net/ipv4/tcp_yeah.ko
  INSTALL net/ipv4/tunnel4.ko
  INSTALL net/ipv4/udp_diag.ko
  INSTALL net/ipv4/udp_tunnel.ko
  INSTALL net/ipv4/xfrm4_mode_beet.ko
  INSTALL net/ipv4/xfrm4_mode_transport.ko
  INSTALL net/ipv4/xfrm4_mode_tunnel.ko
  INSTALL net/ipv4/xfrm4_tunnel.ko
  INSTALL net/ipv6/ah6.ko
  INSTALL net/ipv6/esp6.ko
  INSTALL net/ipv6/ip6_gre.ko
  INSTALL net/ipv6/ip6_tunnel.ko
  INSTALL net/ipv6/ip6_udp_tunnel.ko
  INSTALL net/ipv6/ip6_vti.ko
  INSTALL net/ipv6/ipcomp6.ko
  INSTALL net/ipv6/netfilter/ip6_tables.ko
  INSTALL net/ipv6/netfilter/ip6t_MASQUERADE.ko
  INSTALL net/ipv6/netfilter/ip6t_NPT.ko
  INSTALL net/ipv6/netfilter/ip6t_REJECT.ko
  INSTALL net/ipv6/netfilter/ip6t_SYNPROXY.ko
  INSTALL net/ipv6/netfilter/ip6t_ah.ko
  INSTALL net/ipv6/netfilter/ip6t_eui64.ko
  INSTALL net/ipv6/netfilter/ip6t_frag.ko
  INSTALL net/ipv6/netfilter/ip6t_hbh.ko
  INSTALL net/ipv6/netfilter/ip6t_ipv6header.ko
  INSTALL net/ipv6/netfilter/ip6t_mh.ko
  INSTALL net/ipv6/netfilter/ip6t_rpfilter.ko
  INSTALL net/ipv6/netfilter/ip6t_rt.ko
  INSTALL net/ipv6/netfilter/ip6table_filter.ko
  INSTALL net/ipv6/netfilter/ip6table_mangle.ko
  INSTALL net/ipv6/netfilter/ip6table_nat.ko
  INSTALL net/ipv6/netfilter/ip6table_raw.ko
  INSTALL net/ipv6/netfilter/ip6table_security.ko
  INSTALL net/ipv6/netfilter/nf_conntrack_ipv6.ko
  INSTALL net/ipv6/netfilter/nf_defrag_ipv6.ko
  INSTALL net/ipv6/netfilter/nf_log_ipv6.ko
  INSTALL net/ipv6/netfilter/nf_nat_ipv6.ko
  INSTALL net/ipv6/netfilter/nf_nat_masquerade_ipv6.ko
  INSTALL net/ipv6/netfilter/nf_reject_ipv6.ko
  INSTALL net/ipv6/netfilter/nf_tables_ipv6.ko
  INSTALL net/ipv6/netfilter/nft_chain_nat_ipv6.ko
  INSTALL net/ipv6/netfilter/nft_chain_route_ipv6.ko
  INSTALL net/ipv6/netfilter/nft_masq_ipv6.ko
  INSTALL net/ipv6/netfilter/nft_reject_ipv6.ko
  INSTALL net/ipv6/sit.ko
  INSTALL net/ipv6/tunnel6.ko
  INSTALL net/ipv6/xfrm6_mode_beet.ko
  INSTALL net/ipv6/xfrm6_mode_ro.ko
  INSTALL net/ipv6/xfrm6_mode_transport.ko
  INSTALL net/ipv6/xfrm6_mode_tunnel.ko
  INSTALL net/ipv6/xfrm6_tunnel.ko
  INSTALL net/key/af_key.ko
  INSTALL net/l2tp/l2tp_core.ko
  INSTALL net/l2tp/l2tp_debugfs.ko
  INSTALL net/l2tp/l2tp_eth.ko
  INSTALL net/l2tp/l2tp_ip.ko
  INSTALL net/l2tp/l2tp_ip6.ko
  INSTALL net/l2tp/l2tp_netlink.ko
  INSTALL net/l2tp/l2tp_ppp.ko
  INSTALL net/llc/llc.ko
  INSTALL net/llc/llc2.ko
  INSTALL net/mac80211/mac80211.ko
  INSTALL net/mpls/mpls_router.ko
  INSTALL net/netfilter/ipset/ip_set.ko
  INSTALL net/netfilter/ipset/ip_set_bitmap_ip.ko
  INSTALL net/netfilter/ipset/ip_set_bitmap_ipmac.ko
  INSTALL net/netfilter/ipset/ip_set_bitmap_port.ko
  INSTALL net/netfilter/ipset/ip_set_hash_ip.ko
  INSTALL net/netfilter/ipset/ip_set_hash_ipmark.ko
  INSTALL net/netfilter/ipset/ip_set_hash_ipport.ko
  INSTALL net/netfilter/ipset/ip_set_hash_ipportip.ko
  INSTALL net/netfilter/ipset/ip_set_hash_ipportnet.ko
  INSTALL net/netfilter/ipset/ip_set_hash_mac.ko
  INSTALL net/netfilter/ipset/ip_set_hash_net.ko
  INSTALL net/netfilter/ipset/ip_set_hash_netiface.ko
  INSTALL net/netfilter/ipset/ip_set_hash_netnet.ko
  INSTALL net/netfilter/ipset/ip_set_hash_netport.ko
  INSTALL net/netfilter/ipset/ip_set_hash_netportnet.ko
  INSTALL net/netfilter/ipset/ip_set_list_set.ko
  INSTALL net/netfilter/ipvs/ip_vs.ko
  INSTALL net/netfilter/ipvs/ip_vs_dh.ko
  INSTALL net/netfilter/ipvs/ip_vs_fo.ko
  INSTALL net/netfilter/ipvs/ip_vs_ftp.ko
  INSTALL net/netfilter/ipvs/ip_vs_lblc.ko
  INSTALL net/netfilter/ipvs/ip_vs_lblcr.ko
  INSTALL net/netfilter/ipvs/ip_vs_lc.ko
  INSTALL net/netfilter/ipvs/ip_vs_nq.ko
  INSTALL net/netfilter/ipvs/ip_vs_pe_sip.ko
  INSTALL net/netfilter/ipvs/ip_vs_rr.ko
  INSTALL net/netfilter/ipvs/ip_vs_sed.ko
  INSTALL net/netfilter/ipvs/ip_vs_sh.ko
  INSTALL net/netfilter/ipvs/ip_vs_wlc.ko
  INSTALL net/netfilter/ipvs/ip_vs_wrr.ko
  INSTALL net/netfilter/nf_conntrack.ko
  INSTALL net/netfilter/nf_conntrack_amanda.ko
  INSTALL net/netfilter/nf_conntrack_broadcast.ko
  INSTALL net/netfilter/nf_conntrack_ftp.ko
  INSTALL net/netfilter/nf_conntrack_h323.ko
  INSTALL net/netfilter/nf_conntrack_irc.ko
  INSTALL net/netfilter/nf_conntrack_netbios_ns.ko
  INSTALL net/netfilter/nf_conntrack_netlink.ko
  INSTALL net/netfilter/nf_conntrack_pptp.ko
  INSTALL net/netfilter/nf_conntrack_proto_dccp.ko
  INSTALL net/netfilter/nf_conntrack_proto_gre.ko
  INSTALL net/netfilter/nf_conntrack_proto_sctp.ko
  INSTALL net/netfilter/nf_conntrack_proto_udplite.ko
  INSTALL net/netfilter/nf_conntrack_sane.ko
  INSTALL net/netfilter/nf_conntrack_sip.ko
  INSTALL net/netfilter/nf_conntrack_snmp.ko
  INSTALL net/netfilter/nf_conntrack_tftp.ko
  INSTALL net/netfilter/nf_log_common.ko
  INSTALL net/netfilter/nf_nat.ko
  INSTALL net/netfilter/nf_nat_amanda.ko
  INSTALL net/netfilter/nf_nat_ftp.ko
  INSTALL net/netfilter/nf_nat_irc.ko
  INSTALL net/netfilter/nf_nat_proto_dccp.ko
  INSTALL net/netfilter/nf_nat_proto_sctp.ko
  INSTALL net/netfilter/nf_nat_proto_udplite.ko
  INSTALL net/netfilter/nf_nat_redirect.ko
  INSTALL net/netfilter/nf_nat_sip.ko
cp: writing `/home/roger/Test/BBB-kernel-git/linux/output/lib/modules/4.1.13-rt15+/kernel/net/netfilter/nf_nat_sip.ko': No space left on device
cp: failed to extend `/home/roger/Test/BBB-kernel-git/linux/output/lib/modules/4.1.13-rt15+/kernel/net/netfilter/nf_nat_sip.ko': No space left on device
  INSTALL net/netfilter/nf_nat_tftp.ko
cp: writing `/home/roger/Test/BBB-kernel-git/linux/output/lib/modules/4.1.13-rt15+/kernel/net/netfilter/nf_nat_tftp.ko': No space left on device
cp: failed to extend `/home/roger/Test/BBB-kernel-git/linux/output/lib/modules/4.1.13-rt15+/kernel/net/netfilter/nf_nat_tftp.ko': No space left on device
  INSTALL net/netfilter/nf_synproxy_core.ko
cp: writing `/home/roger/Test/BBB-kernel-git/linux/output/lib/modules/4.1.13-rt15+/kernel/net/netfilter/nf_synproxy_core.ko': No space left on device
cp: failed to extend `/home/roger/Test/BBB-kernel-git/linux/output/lib/modules/4.1.13-rt15+/kernel/net/netfilter/nf_synproxy_core.ko': No space left on device
  INSTALL net/netfilter/nf_tables.ko
cp: writing `/home/roger/Test/BBB-kernel-git/linux/output/lib/modules/4.1.13-rt15+/kernel/net/netfilter/nf_tables.ko': No space left on device
cp: failed to extend `/home/roger/Test/BBB-kernel-git/linux/output/lib/modules/4.1.13-rt15+/kernel/net/netfilter/nf_tables.ko': No space left on device
  INSTALL net/netfilter/nf_tables_inet.ko
cp: writing `/home/roger/Test/BBB-kernel-git/linux/output/lib/modules/4.1.13-rt15+/kernel/net/netfilter/nf_tables_inet.ko': No space left on device
cp: failed to extend `lib/modules/4.1.13-rt15+/modules.builtin
lib/modules/4.1.13-rt15+/build
lib/modules/4.1.13-rt15+/kernel/
lib/modules/4.1.13-rt15+/kernel/net/
lib/modules/4.1.13-rt15+/kernel/net/netlink
lib/modules/4.1.13-rt15+/kernel/net/appletalk/
lib/modules/4.1.13-rt15+/kernel/net/appletalk/appletalk.ko
lib/modules/4.1.13-rt15+/kernel/net/dccp/
lib/modules/4.1.13-rt15+/kernel/net/dccp/dccp.ko
lib/modules/4.1.13-rt15+/kernel/net/dccp/dccp_probe.ko
lib/modules/4.1.13-rt15+/kernel/net/dccp/dccp_diag.ko
lib/modules/4.1.13-rt15+/kernel/net/dccp/dccp_ipv6.ko
lib/modules/4.1.13-rt15+/kernel/net/dccp/dccp_ipv4.ko
lib/modules/4.1.13-rt15+/kernel/net/802/
lib/modules/4.1.13-rt15+/kernel/net/802/psnap.ko
lib/modules/4.1.13-rt15+/kernel/net/802/mrp.ko
lib/modules/4.1.13-rt15+/kernel/net/802/garp.ko
lib/modules/4.1.13-rt15+/kernel/net/802/stp.ko
lib/modules/4.1.13-rt15+/kernel/net/802/p8022.ko
lib/modules/4.1.13-rt15+/kernel/net/unix
lib/modules/4.1.13-rt15+/kernel/net/netfilter/
lib/modules/4.1.13-rt15+/kernel/net/netfilter/xt_helper.ko
lib/modules/4.1.13-rt15+/kernel/net/netfilter/xt_TPROXY.ko
lib/modules/4.1.13-rt15+/kernel/net/netfilter/nf_conntrack_proto_dccp.ko
lib/modules/4.1.13-rt15+/kernel/net/netfilter/xt_bpf.ko
lib/modules/4.1.13-rt15+/kernel/net/netfilter/xt_nat.ko
lib/modules/4.1.13-rt15+/kernel/net/netfilter/xt_connlimit.ko
lib/modules/4.1.13-rt15+/kernel/net/netfilter/xt_LED.ko
lib/modules/4.1.13-rt15+/kernel/net/netfilter/nf_conntrack_sane.ko
lib/modules/4.1.13-rt15+/kernel/net/netfilter/xt_AUDIT.ko
lib/modules/4.1.13-rt15+/kernel/net/netfilter/xt_statistic.ko
lib/modules/4.1.13-rt15+/kernel/net/netfilter/xt_limit.ko
lib/modules/4.1.13-rt15+/kernel/net/netfilter/xt_state.ko
lib/modules/4.1.13-rt15+/kernel/net/netfilter/nf_nat_amanda.ko
lib/modules/4.1.13-rt15+/kernel/net/netfilter/nft_rbtree.ko
lib/modules/4.1.13-rt15+/kernel/net/netfilter/xt_osf.ko
lib/modules/4.1.13-rt15+/kernel/net/netfilter/xt_owner.ko
lib/modules/4.1.13-rt15+/kernel/net/netfilter/ipset/
lib/modules/4.1.13-rt15+/kernel/net/netfilter/ipset/ip_set_bitmap_port.ko
lib/modules/4.1.13-rt15+/kernel/net/netfilter/ipset/ip_set_hash_netiface.ko
lib/modules/4.1.13-rt15+/kernel/net/netfilter/ipset/ip_set_hash_ipport.ko
lib/modules/4.1.13-rt15+/kernel/net/netfilter/ipset/ip_set_list_set.ko
lib/modules/4.1.13-rt15+/kernel/net/netfilter/ipset/ip_set_hash_netnet.ko
lib/modules/4.1.13-rt15+/kernel/net/netfilter/ipset/ip_set_hash_net.ko
lib/modules/4.1.13-rt15+/kernel/net/netfilter/ipset/ip_set_hash_netport.ko
lib/modules/4.1.13-rt15+/kernel/net/netfilter/ipset/ip_set_hash_ipportip.ko
lib/modules/4.1.13-rt15+/kernel/net/netfilter/ipset/ip_set_hash_netportnet.ko
lib/modules/4.1.13-rt15+/kernel/net/netfilter/ipset/ip_set_bitmap_ip.ko
lib/modules/4.1.13-rt15+/kernel/net/netfilter/ipset/ip_set_bitmap_ipmac.ko
lib/modules/4.1.13-rt15+/kernel/net/netfilter/ipset/ip_set_hash_mac.ko
lib/modules/4.1.13-rt15+/kernel/net/netfilter/ipset/ip_set_hash_ipportnet.ko
lib/modules/4.1.13-rt15+/kernel/net/netfilter/ipset/ip_set.ko
lib/modules/4.1.13-rt15+/kernel/net/netfilter/ipset/ip_set_hash_ip.ko
lib/modules/4.1.13-rt15+/kernel/net/netfilter/ipset/ip_set_hash_ipmark.ko
lib/modules/4.1.13-rt15+/kernel/net/netfilter/xt_NETMAP.ko
lib/modules/4.1.13-rt15+/kernel/net/netfilter/nft_compat.ko
lib/modules/4.1.13-rt15+/kernel/net/netfilter/nf_nat_irc.ko
lib/modules/4.1.13-rt15+/kernel/net/netfilter/nf_conntrack_netlink.ko
lib/modules/4.1.13-rt15+/kernel/net/netfilter/xt_policy.ko
lib/modules/4.1.13-rt15+/kernel/net/netfilter/nf_nat_ftp.ko
lib/modules/4.1.13-rt15+/kernel/net/netfilter/nf_conntrack_proto_sctp.ko
lib/modules/4.1.13-rt15+/kernel/net/netfilter/nf_nat.ko
lib/modules/4.1.13-rt15+/kernel/net/netfilter/xt_TRACE.ko
lib/modules/4.1.13-rt15+/kernel/net/netfilter/nf_conntrack_ftp.ko
lib/modules/4.1.13-rt15+/kernel/net/netfilter/xt_hl.ko
lib/modules/4.1.13-rt15+/kernel/net/netfilter/nf_conntrack_amanda.ko
lib/modules/4.1.13-rt15+/kernel/net/netfilter/xt_l2tp.ko
lib/modules/4.1.13-rt15+/kernel/net/netfilter/nft_masq.ko
lib/modules/4.1.13-rt15+/kernel/net/netfilter/nf_conntrack_proto_udplite.ko
lib/modules/4.1.13-rt15+/kernel/net/netfilter/nf_nat_proto_sctp.ko
lib/modules/4.1.13-rt15+/kernel/net/netfilter/nfnetlink_queue.ko
lib/modules/4.1.13-rt15+/kernel/net/netfilter/nf_conntrack_broadcast.ko
lib/modules/4.1.13-rt15+/kernel/net/netfilter/xt_time.ko
lib/modules/4.1.13-rt15+/kernel/net/netfilter/xt_CONNSECMARK.ko
lib/modules/4.1.13-rt15+/kernel/net/netfilter/nft_queue.ko
lib/modules/4.1.13-rt15+/kernel/net/netfilter/nf_conntrack_pptp.ko
lib/modules/4.1.13-rt15+/kernel/net/netfilter/nf_tables_inet.ko
lib/modules/4.1.13-rt15+/kernel/net/netfilter/xt_SECMARK.ko
lib/modules/4.1.13-rt15+/kernel/net/netfilter/xt_connlabel.ko
lib/modules/4.1.13-rt15+/kernel/net/netfilter/xt_multiport.ko
lib/modules/4.1.13-rt15+/kernel/net/netfilter/xt_IDLETIMER.ko
lib/modules/4.1.13-rt15+/kernel/net/netfilter/xt_dscp.ko
lib/modules/4.1.13-rt15+/kernel/net/netfilter/xt_cluster.ko
lib/modules/4.1.13-rt15+/kernel/net/netfilter/nf_log_common.ko
lib/modules/4.1.13-rt15+/kernel/net/netfilter/xt_u32.ko
lib/modules/4.1.13-rt15+/kernel/net/netfilter/ipvs/
lib/modules/4.1.13-rt15+/kernel/net/netfilter/ipvs/ip_vs_wlc.ko
lib/modules/4.1.13-rt15+/kernel/net/netfilter/ipvs/ip_vs_ftp.ko
lib/modules/4.1.13-rt15+/kernel/net/netfilter/ipvs/ip_vs_wrr.ko
lib/modules/4.1.13-rt15+/kernel/net/netfilter/ipvs/ip_vs_lc.ko
lib/modules/4.1.13-rt15+/kernel/net/netfilter/ipvs/ip_vs_fo.ko
lib/modules/4.1.13-rt15+/kernel/net/netfilter/ipvs/ip_vs.ko
lib/modules/4.1.13-rt15+/kernel/net/netfilter/ipvs/ip_vs_lblcr.ko
lib/modules/4.1.13-rt15+/kernel/net/netfilter/ipvs/ip_vs_dh.ko
lib/modules/4.1.13-rt15+/kernel/net/netfilter/ipvs/ip_vs_pe_sip.ko
lib/modules/4.1.13-rt15+/kernel/net/netfilter/ipvs/ip_vs_rr.ko
lib/modules/4.1.13-rt15+/kernel/net/netfilter/ipvs/ip_vs_sh.ko
lib/modules/4.1.13-rt15+/kernel/net/netfilter/ipvs/ip_vs_lblc.ko
lib/modules/4.1.13-rt15+/kernel/net/netfilter/ipvs/ip_vs_sed.ko
lib/modules/4.1.13-rt15+/kernel/net/netfilter/ipvs/ip_vs_nq.ko
lib/modules/4.1.13-rt15+/kernel/net/netfilter/xt_CT.ko
lib/modules/4.1.13-rt15+/kernel/net/netfilter/xt_esp.ko
lib/modules/4.1.13-rt15+/kernel/net/netfilter/xt_conntrack.ko
lib/modules/4.1.13-rt15+/kernel/net/netfilter/xt_hashlimit.ko
lib/modules/4.1.13-rt15+/kernel/net/netfilter/xt_realm.ko
lib/modules/4.1.13-rt15+/kernel/net/netfilter/xt_ipvs.ko
lib/modules/4.1.13-rt15+/kernel/net/netfilter/xt_tcpudp.ko
lib/modules/4.1.13-rt15+/kernel/net/netfilter/nft_redir.ko
lib/modules/4.1.13-rt15+/kernel/net/netfilter/nft_limit.ko
lib/modules/4.1.13-rt15+/kernel/net/netfilter/nf_conntrack_proto_gre.ko
lib/modules/4.1.13-rt15+/kernel/net/netfilter/nft_reject_inet.ko
lib/modules/4.1.13-rt15+/kernel/net/netfilter/xt_rateest.ko
lib/modules/4.1.13-rt15+/kernel/net/netfilter/nf_nat_sip.ko
lib/modules/4.1.13-rt15+/kernel/net/netfilter/xt_iprange.ko
lib/modules/4.1.13-rt15+/kernel/net/netfilter/xt_dccp.ko
lib/modules/4.1.13-rt15+/kernel/net/netfilter/nf_nat_proto_dccp.ko
lib/modules/4.1.13-rt15+/kernel/net/netfilter/xt_tcpmss.ko
lib/modules/4.1.13-rt15+/kernel/net/netfilter/xt_devgroup.ko
lib/modules/4.1.13-rt15+/kernel/net/netfilter/xt_length.ko
lib/modules/4.1.13-rt15+/kernel/net/netfilter/xt_connbytes.ko
lib/modules/4.1.13-rt15+/kernel/net/netfilter/xt_connmark.ko
lib/modules/4.1.13-rt15+/kernel/net/netfilter/nft_log.ko
lib/modules/4.1.13-rt15+/kernel/net/netfilter/xt_string.ko
lib/modules/4.1.13-rt15+/kernel/net/netfilter/xt_HL.ko
lib/modules/4.1.13-rt15+/kernel/net/netfilter/xt_quota.ko
lib/modules/4.1.13-rt15+/kernel/net/netfilter/xt_pkttype.ko
lib/modules/4.1.13-rt15+/kernel/net/netfilter/xt_nfacct.ko
lib/modules/4.1.13-rt15+/kernel/net/netfilter/nf_conntrack_tftp.ko
lib/modules/4.1.13-rt15+/kernel/net/netfilter/nfnetlink_acct.ko
lib/modules/4.1.13-rt15+/kernel/net/netfilter/nf_conntrack_sip.ko
lib/modules/4.1.13-rt15+/kernel/net/netfilter/xt_cpu.ko
lib/modules/4.1.13-rt15+/kernel/net/netfilter/xt_DSCP.ko
lib/modules/4.1.13-rt15+/kernel/net/netfilter/xt_TEE.ko
lib/modules/4.1.13-rt15+/kernel/net/netfilter/xt_comment.ko
lib/modules/4.1.13-rt15+/kernel/net/netfilter/nfnetlink.ko
lib/modules/4.1.13-rt15+/kernel/net/netfilter/nf_conntrack_snmp.ko
lib/modules/4.1.13-rt15+/kernel/net/netfilter/xt_NFLOG.ko
lib/modules/4.1.13-rt15+/kernel/net/netfilter/xt_ipcomp.ko
lib/modules/4.1.13-rt15+/kernel/net/netfilter/nft_hash.ko
lib/modules/4.1.13-rt15+/kernel/net/netfilter/nf_conntrack_irc.ko
lib/modules/4.1.13-rt15+/kernel/net/netfilter/nf_nat_proto_udplite.ko
lib/modules/4.1.13-rt15+/kernel/net/netfilter/xt_recent.ko
lib/modules/4.1.13-rt15+/kernel/net/netfilter/nfnetlink_log.ko
lib/modules/4.1.13-rt15+/kernel/net/netfilter/nfnetlink_cttimeout.ko
lib/modules/4.1.13-rt15+/kernel/net/netfilter/xt_set.ko
lib/modules/4.1.13-rt15+/kernel/net/netfilter/x_tables.ko
lib/modules/4.1.13-rt15+/kernel/net/netfilter/xt_TCPMSS.ko
lib/modules/4.1.13-rt15+/kernel/net/netfilter/nft_counter.ko
lib/modules/4.1.13-rt15+/kernel/net/netfilter/xt_socket.ko
lib/modules/4.1.13-rt15+/kernel/net/netfilter/nft_exthdr.ko
lib/modules/4.1.13-rt15+/kernel/net/netfilter/nf_nat_redirect.ko
lib/modules/4.1.13-rt15+/kernel/net/netfilter/nf_nat_tftp.ko
lib/modules/4.1.13-rt15+/kernel/net/netfilter/xt_CHECKSUM.ko
lib/modules/4.1.13-rt15+/kernel/net/netfilter/xt_physdev.ko
lib/modules/4.1.13-rt15+/kernel/net/netfilter/nf_conntrack_netbios_ns.ko
lib/modules/4.1.13-rt15+/kernel/net/netfilter/xt_mac.ko
lib/modules/4.1.13-rt15+/kernel/net/netfilter/xt_mark.ko
lib/modules/4.1.13-rt15+/kernel/net/netfilter/xt_LOG.ko
lib/modules/4.1.13-rt15+/kernel/net/netfilter/nft_reject.ko
lib/modules/4.1.13-rt15+/kernel/net/netfilter/nf_synproxy_core.ko
lib/modules/4.1.13-rt15+/kernel/net/netfilter/xt_CLASSIFY.ko
lib/modules/4.1.13-rt15+/kernel/net/netfilter/xt_TCPOPTSTRIP.ko
lib/modules/4.1.13-rt15+/kernel/net/netfilter/xt_sctp.ko
lib/modules/4.1.13-rt15+/kernel/net/netfilter/xt_NFQUEUE.ko
lib/modules/4.1.13-rt15+/kernel/net/netfilter/nft_nat.ko
lib/modules/4.1.13-rt15+/kernel/net/netfilter/xt_ecn.ko
lib/modules/4.1.13-rt15+/kernel/net/netfilter/nft_meta.ko
lib/modules/4.1.13-rt15+/kernel/net/netfilter/nfnetlink_cthelper.ko
lib/modules/4.1.13-rt15+/kernel/net/netfilter/xt_HMARK.ko
lib/modules/4.1.13-rt15+/kernel/net/netfilter/xt_REDIRECT.ko
lib/modules/4.1.13-rt15+/kernel/net/netfilter/nft_ct.ko
lib/modules/4.1.13-rt15+/kernel/net/netfilter/nf_tables.ko
lib/modules/4.1.13-rt15+/kernel/net/netfilter/xt_addrtype.ko
lib/modules/4.1.13-rt15+/kernel/net/netfilter/xt_RATEEST.ko
lib/modules/4.1.13-rt15+/kernel/net/netfilter/xt_cgroup.ko
lib/modules/4.1.13-rt15+/kernel/net/netfilter/nf_conntrack_h323.ko
lib/modules/4.1.13-rt15+/kernel/net/netfilter/nf_conntrack.ko
lib/modules/4.1.13-rt15+/kernel/net/wimax
lib/modules/4.1.13-rt15+/kernel/net/xfrm
lib/modules/4.1.13-rt15+/kernel/net/llc/
lib/modules/4.1.13-rt15+/kernel/net/llc/llc.ko
lib/modules/4.1.13-rt15+/kernel/net/llc/llc2.ko
lib/modules/4.1.13-rt15+/kernel/net/atm/
lib/modules/4.1.13-rt15+/kernel/net/atm/br2684.ko
lib/modules/4.1.13-rt15+/kernel/net/atm/pppoatm.ko
lib/modules/4.1.13-rt15+/kernel/net/atm/clip.ko
lib/modules/4.1.13-rt15+/kernel/net/atm/lec.ko
lib/modules/4.1.13-rt15+/kernel/net/atm/atm.ko
lib/modules/4.1.13-rt15+/kernel/net/atm/mpoa.ko
lib/modules/4.1.13-rt15+/kernel/net/mpls/
lib/modules/4.1.13-rt15+/kernel/net/mpls/mpls_router.ko
lib/modules/4.1.13-rt15+/kernel/net/rds
lib/modules/4.1.13-rt15+/kernel/net/batman-adv/
lib/modules/4.1.13-rt15+/kernel/net/batman-adv/batman-adv.ko
lib/modules/4.1.13-rt15+/kernel/net/9p/
lib/modules/4.1.13-rt15+/kernel/net/9p/9pnet_virtio.ko
lib/modules/4.1.13-rt15+/kernel/net/9p/9pnet.ko
lib/modules/4.1.13-rt15+/kernel/net/ceph/
lib/modules/4.1.13-rt15+/kernel/net/ceph/libceph.ko
lib/modules/4.1.13-rt15+/kernel/net/openvswitch
lib/modules/4.1.13-rt15+/kernel/net/tipc
lib/modules/4.1.13-rt15+/kernel/net/wireless
lib/modules/4.1.13-rt15+/kernel/net/ieee802154/
lib/modules/4.1.13-rt15+/kernel/net/ieee802154/ieee802154.ko
lib/modules/4.1.13-rt15+/kernel/net/ieee802154/ieee802154_socket.ko
lib/modules/4.1.13-rt15+/kernel/net/ieee802154/6lowpan/
lib/modules/4.1.13-rt15+/kernel/net/ieee802154/6lowpan/ieee802154_6lowpan.ko
lib/modules/4.1.13-rt15+/kernel/net/core/
lib/modules/4.1.13-rt15+/kernel/net/core/pktgen.ko
lib/modules/4.1.13-rt15+/kernel/net/core/drop_monitor.ko
lib/modules/4.1.13-rt15+/kernel/net/rxrpc
lib/modules/4.1.13-rt15+/kernel/net/ipv6/
lib/modules/4.1.13-rt15+/kernel/net/ipv6/xfrm6_tunnel.ko
lib/modules/4.1.13-rt15+/kernel/net/ipv6/esp6.ko
lib/modules/4.1.13-rt15+/kernel/net/ipv6/xfrm6_mode_ro.ko
lib/modules/4.1.13-rt15+/kernel/net/ipv6/netfilter/
lib/modules/4.1.13-rt15+/kernel/net/ipv6/netfilter/nf_nat_ipv6.ko
lib/modules/4.1.13-rt15+/kernel/net/ipv6/netfilter/ip6table_mangle.ko
lib/modules/4.1.13-rt15+/kernel/net/ipv6/netfilter/nf_reject_ipv6.ko
lib/modules/4.1.13-rt15+/kernel/net/ipv6/netfilter/ip6t_NPT.ko
lib/modules/4.1.13-rt15+/kernel/net/ipv6/netfilter/nft_reject_ipv6.ko
lib/modules/4.1.13-rt15+/kernel/net/ipv6/netfilter/ip6t_SYNPROXY.ko
lib/modules/4.1.13-rt15+/kernel/net/ipv6/netfilter/nf_nat_masquerade_ipv6.ko
lib/modules/4.1.13-rt15+/kernel/net/ipv6/netfilter/nf_tables_ipv6.ko
lib/modules/4.1.13-rt15+/kernel/net/ipv6/netfilter/ip6table_filter.ko
lib/modules/4.1.13-rt15+/kernel/net/ipv6/netfilter/ip6table_nat.ko
lib/modules/4.1.13-rt15+/kernel/net/ipv6/netfilter/nf_conntrack_ipv6.ko
lib/modules/4.1.13-rt15+/kernel/net/ipv6/netfilter/ip6_tables.ko
lib/modules/4.1.13-rt15+/kernel/net/ipv6/netfilter/nft_chain_nat_ipv6.ko
lib/modules/4.1.13-rt15+/kernel/net/ipv6/netfilter/ip6t_eui64.ko
lib/modules/4.1.13-rt15+/kernel/net/ipv6/netfilter/ip6t_REJECT.ko
lib/modules/4.1.13-rt15+/kernel/net/ipv6/netfilter/ip6table_security.ko
lib/modules/4.1.13-rt15+/kernel/net/ipv6/netfilter/ip6t_mh.ko
lib/modules/4.1.13-rt15+/kernel/net/ipv6/netfilter/nf_log_ipv6.ko
lib/modules/4.1.13-rt15+/kernel/net/ipv6/netfilter/ip6t_rpfilter.ko
lib/modules/4.1.13-rt15+/kernel/net/ipv6/netfilter/nft_chain_route_ipv6.ko
lib/modules/4.1.13-rt15+/kernel/net/ipv6/netfilter/ip6table_raw.ko
lib/modules/4.1.13-rt15+/kernel/net/ipv6/netfilter/nft_masq_ipv6.ko
lib/modules/4.1.13-rt15+/kernel/net/ipv6/netfilter/ip6t_MASQUERADE.ko
lib/modules/4.1.13-rt15+/kernel/net/ipv6/netfilter/ip6t_hbh.ko
lib/modules/4.1.13-rt15+/kernel/net/ipv6/netfilter/ip6t_frag.ko
lib/modules/4.1.13-rt15+/kernel/net/ipv6/netfilter/ip6t_ah.ko
lib/modules/4.1.13-rt15+/kernel/net/ipv6/netfilter/nf_defrag_ipv6.ko
lib/modules/4.1.13-rt15+/kernel/net/ipv6/netfilter/ip6t_ipv6header.ko
lib/modules/4.1.13-rt15+/kernel/net/ipv6/netfilter/ip6t_rt.ko
lib/modules/4.1.13-rt15+/kernel/net/ipv6/xfrm6_mode_beet.ko
lib/modules/4.1.13-rt15+/kernel/net/ipv6/ip6_udp_tunnel.ko
lib/modules/4.1.13-rt15+/kernel/net/ipv6/ah6.ko
lib/modules/4.1.13-rt15+/kernel/net/ipv6/tunnel6.ko
lib/modules/4.1.13-rt15+/kernel/net/ipv6/xfrm6_mode_tunnel.ko
lib/modules/4.1.13-rt15+/kernel/net/ipv6/ip6_vti.ko
lib/modules/4.1.13-rt15+/kernel/net/ipv6/ip6_tunnel.ko
lib/modules/4.1.13-rt15+/kernel/net/ipv6/xfrm6_mode_transport.ko
lib/modules/4.1.13-rt15+/kernel/net/ipv6/ip6_gre.ko
lib/modules/4.1.13-rt15+/kernel/net/ipv6/ipcomp6.ko
lib/modules/4.1.13-rt15+/kernel/net/ipv6/sit.ko
lib/modules/4.1.13-rt15+/kernel/net/packet
lib/modules/4.1.13-rt15+/kernel/net/key/
lib/modules/4.1.13-rt15+/kernel/net/key/af_key.ko
lib/modules/4.1.13-rt15+/kernel/net/nfc
lib/modules/4.1.13-rt15+/kernel/net/can/
lib/modules/4.1.13-rt15+/kernel/net/can/can.ko
lib/modules/4.1.13-rt15+/kernel/net/can/can-bcm.ko
lib/modules/4.1.13-rt15+/kernel/net/can/can-gw.ko
lib/modules/4.1.13-rt15+/kernel/net/can/can-raw.ko
lib/modules/4.1.13-rt15+/kernel/net/sched
lib/modules/4.1.13-rt15+/kernel/net/l2tp/
lib/modules/4.1.13-rt15+/kernel/net/l2tp/l2tp_ip.ko
lib/modules/4.1.13-rt15+/kernel/net/l2tp/l2tp_ip6.ko
lib/modules/4.1.13-rt15+/kernel/net/l2tp/l2tp_netlink.ko
lib/modules/4.1.13-rt15+/kernel/net/l2tp/l2tp_eth.ko
lib/modules/4.1.13-rt15+/kernel/net/l2tp/l2tp_ppp.ko
lib/modules/4.1.13-rt15+/kernel/net/l2tp/l2tp_core.ko
lib/modules/4.1.13-rt15+/kernel/net/l2tp/l2tp_debugfs.ko
lib/modules/4.1.13-rt15+/kernel/net/sctp
lib/modules/4.1.13-rt15+/kernel/net/phonet
lib/modules/4.1.13-rt15+/kernel/net/bridge/
lib/modules/4.1.13-rt15+/kernel/net/bridge/br_netfilter.ko
lib/modules/4.1.13-rt15+/kernel/net/bridge/netfilter/
lib/modules/4.1.13-rt15+/kernel/net/bridge/netfilter/ebt_pkttype.ko
lib/modules/4.1.13-rt15+/kernel/net/bridge/netfilter/ebt_redirect.ko
lib/modules/4.1.13-rt15+/kernel/net/bridge/netfilter/ebt_log.ko
lib/modules/4.1.13-rt15+/kernel/net/bridge/netfilter/ebt_mark_m.ko
lib/modules/4.1.13-rt15+/kernel/net/bridge/netfilter/ebt_ip6.ko
lib/modules/4.1.13-rt15+/kernel/net/bridge/netfilter/ebt_vlan.ko
lib/modules/4.1.13-rt15+/kernel/net/bridge/netfilter/ebtable_filter.ko
lib/modules/4.1.13-rt15+/kernel/net/bridge/netfilter/ebt_snat.ko
lib/modules/4.1.13-rt15+/kernel/net/bridge/netfilter/ebtable_nat.ko
lib/modules/4.1.13-rt15+/kernel/net/bridge/netfilter/ebt_802_3.ko
lib/modules/4.1.13-rt15+/kernel/net/bridge/netfilter/ebt_mark.ko
lib/modules/4.1.13-rt15+/kernel/net/bridge/netfilter/ebtables.ko
lib/modules/4.1.13-rt15+/kernel/net/bridge/netfilter/ebt_among.ko
lib/modules/4.1.13-rt15+/kernel/net/bridge/netfilter/ebt_ip.ko
lib/modules/4.1.13-rt15+/kernel/net/bridge/netfilter/ebtable_broute.ko
lib/modules/4.1.13-rt15+/kernel/net/bridge/netfilter/ebt_nflog.ko
lib/modules/4.1.13-rt15+/kernel/net/bridge/netfilter/nf_log_bridge.ko
lib/modules/4.1.13-rt15+/kernel/net/bridge/netfilter/nft_reject_bridge.ko
lib/modules/4.1.13-rt15+/kernel/net/bridge/netfilter/nf_tables_bridge.ko
lib/modules/4.1.13-rt15+/kernel/net/bridge/netfilter/ebt_arp.ko
lib/modules/4.1.13-rt15+/kernel/net/bridge/netfilter/nft_meta_bridge.ko
lib/modules/4.1.13-rt15+/kernel/net/bridge/netfilter/ebt_dnat.ko
lib/modules/4.1.13-rt15+/kernel/net/bridge/netfilter/ebt_arpreply.ko
lib/modules/4.1.13-rt15+/kernel/net/bridge/netfilter/ebt_limit.ko
lib/modules/4.1.13-rt15+/kernel/net/bridge/netfilter/ebt_stp.ko
lib/modules/4.1.13-rt15+/kernel/net/bridge/bridge.ko
lib/modules/4.1.13-rt15+/kernel/net/bluetooth/
lib/modules/4.1.13-rt15+/kernel/net/bluetooth/hidp/
lib/modules/4.1.13-rt15+/kernel/net/bluetooth/hidp/hidp.ko
lib/modules/4.1.13-rt15+/kernel/net/bluetooth/bluetooth.ko
lib/modules/4.1.13-rt15+/kernel/net/bluetooth/bluetooth_6lowpan.ko
lib/modules/4.1.13-rt15+/kernel/net/bluetooth/bnep/
lib/modules/4.1.13-rt15+/kernel/net/bluetooth/bnep/bnep.ko
lib/modules/4.1.13-rt15+/kernel/net/bluetooth/rfcomm/
lib/modules/4.1.13-rt15+/kernel/net/bluetooth/rfcomm/rfcomm.ko
lib/modules/4.1.13-rt15+/kernel/net/rfkill
lib/modules/4.1.13-rt15+/kernel/net/8021q/
lib/modules/4.1.13-rt15+/kernel/net/8021q/8021q.ko
lib/modules/4.1.13-rt15+/kernel/net/6lowpan/
lib/modules/4.1.13-rt15+/kernel/net/6lowpan/nhc_dest.ko
lib/modules/4.1.13-rt15+/kernel/net/6lowpan/nhc_hop.ko
lib/modules/4.1.13-rt15+/kernel/net/6lowpan/nhc_mobility.ko
lib/modules/4.1.13-rt15+/kernel/net/6lowpan/nhc_fragment.ko
lib/modules/4.1.13-rt15+/kernel/net/6lowpan/nhc_udp.ko
lib/modules/4.1.13-rt15+/kernel/net/6lowpan/nhc_ipv6.ko
lib/modules/4.1.13-rt15+/kernel/net/6lowpan/6lowpan.ko
lib/modules/4.1.13-rt15+/kernel/net/6lowpan/nhc_routing.ko
lib/modules/4.1.13-rt15+/kernel/net/ipv4/
lib/modules/4.1.13-rt15+/kernel/net/ipv4/ip_tunnel.ko
lib/modules/4.1.13-rt15+/kernel/net/ipv4/tcp_yeah.ko
lib/modules/4.1.13-rt15+/kernel/net/ipv4/tcp_scalable.ko
lib/modules/4.1.13-rt15+/kernel/net/ipv4/udp_diag.ko
lib/modules/4.1.13-rt15+/kernel/net/ipv4/tcp_diag.ko
lib/modules/4.1.13-rt15+/kernel/net/ipv4/tcp_lp.ko
lib/modules/4.1.13-rt15+/kernel/net/ipv4/inet_lro.ko
lib/modules/4.1.13-rt15+/kernel/net/ipv4/netfilter/
lib/modules/4.1.13-rt15+/kernel/net/ipv4/netfilter/ipt_MASQUERADE.ko
lib/modules/4.1.13-rt15+/kernel/net/ipv4/netfilter/ipt_ah.ko
lib/modules/4.1.13-rt15+/kernel/net/ipv4/netfilter/arp_tables.ko
lib/modules/4.1.13-rt15+/kernel/net/ipv4/netfilter/ipt_rpfilter.ko
lib/modules/4.1.13-rt15+/kernel/net/ipv4/netfilter/nf_nat_pptp.ko
lib/modules/4.1.13-rt15+/kernel/net/ipv4/netfilter/iptable_nat.ko
lib/modules/4.1.13-rt15+/kernel/net/ipv4/netfilter/nf_tables_ipv4.ko
lib/modules/4.1.13-rt15+/kernel/net/ipv4/netfilter/nft_masq_ipv4.ko
lib/modules/4.1.13-rt15+/kernel/net/ipv4/netfilter/nf_nat_snmp_basic.ko
lib/modules/4.1.13-rt15+/kernel/net/ipv4/netfilter/nft_chain_route_ipv4.ko
lib/modules/4.1.13-rt15+/kernel/net/ipv4/netfilter/nf_log_ipv4.ko
lib/modules/4.1.13-rt15+/kernel/net/ipv4/netfilter/nf_reject_ipv4.ko
lib/modules/4.1.13-rt15+/kernel/net/ipv4/netfilter/nft_chain_nat_ipv4.ko
lib/modules/4.1.13-rt15+/kernel/net/ipv4/netfilter/nf_log_arp.ko
lib/modules/4.1.13-rt15+/kernel/net/ipv4/netfilter/nf_nat_ipv4.ko
lib/modules/4.1.13-rt15+/kernel/net/ipv4/netfilter/nft_reject_ipv4.ko
lib/modules/4.1.13-rt15+/kernel/net/ipv4/netfilter/nf_nat_h323.ko
lib/modules/4.1.13-rt15+/kernel/net/ipv4/netfilter/ip_tables.ko
lib/modules/4.1.13-rt15+/kernel/net/ipv4/netfilter/ipt_SYNPROXY.ko
lib/modules/4.1.13-rt15+/kernel/net/ipv4/netfilter/ipt_ECN.ko
lib/modules/4.1.13-rt15+/kernel/net/ipv4/netfilter/ipt_CLUSTERIP.ko
lib/modules/4.1.13-rt15+/kernel/net/ipv4/netfilter/iptable_filter.ko
lib/modules/4.1.13-rt15+/kernel/net/ipv4/netfilter/nf_conntrack_ipv4.ko
lib/modules/4.1.13-rt15+/kernel/net/ipv4/netfilter/arpt_mangle.ko
lib/modules/4.1.13-rt15+/kernel/net/ipv4/netfilter/nf_nat_masquerade_ipv4.ko
lib/modules/4.1.13-rt15+/kernel/net/ipv4/netfilter/iptable_security.ko
lib/modules/4.1.13-rt15+/kernel/net/ipv4/netfilter/nf_defrag_ipv4.ko
lib/modules/4.1.13-rt15+/kernel/net/ipv4/netfilter/nf_tables_arp.ko
lib/modules/4.1.13-rt15+/kernel/net/ipv4/netfilter/arptable_filter.ko
lib/modules/4.1.13-rt15+/kernel/net/ipv4/netfilter/iptable_mangle.ko
lib/modules/4.1.13-rt15+/kernel/net/ipv4/netfilter/iptable_raw.ko
lib/modules/4.1.13-rt15+/kernel/net/ipv4/netfilter/nf_nat_proto_gre.ko
lib/modules/4.1.13-rt15+/kernel/net/ipv4/netfilter/ipt_REJECT.ko
lib/modules/4.1.13-rt15+/kernel/net/ipv4/gre.ko
lib/modules/4.1.13-rt15+/kernel/net/ipv4/ah4.ko
lib/modules/4.1.13-rt15+/kernel/net/ipv4/tcp_htcp.ko
lib/modules/4.1.13-rt15+/kernel/net/ipv4/tcp_bic.ko
lib/modules/4.1.13-rt15+/kernel/net/ipv4/tcp_westwood.ko
lib/modules/4.1.13-rt15+/kernel/net/ipv4/xfrm4_mode_tunnel.ko
lib/modules/4.1.13-rt15+/kernel/net/ipv4/inet_diag.ko
lib/modules/4.1.13-rt15+/kernel/net/ipv4/tcp_hybla.ko
lib/modules/4.1.13-rt15+/kernel/net/ipv4/geneve.ko
lib/modules/4.1.13-rt15+/kernel/net/ipv4/ip_gre.ko
lib/modules/4.1.13-rt15+/kernel/net/ipv4/tcp_vegas.ko
lib/modules/4.1.13-rt15+/kernel/net/ipv4/xfrm4_mode_beet.ko
lib/modules/4.1.13-rt15+/kernel/net/ipv4/tcp_highspeed.ko
lib/modules/4.1.13-rt15+/kernel/net/ipv4/tcp_dctcp.ko
lib/modules/4.1.13-rt15+/kernel/net/ipv4/ip_vti.ko
lib/modules/4.1.13-rt15+/kernel/net/ipv4/ipcomp.ko
lib/modules/4.1.13-rt15+/kernel/net/ipv4/fou.ko
lib/modules/4.1.13-rt15+/kernel/net/ipv4/tcp_illinois.ko
lib/modules/4.1.13-rt15+/kernel/net/ipv4/udp_tunnel.ko
lib/modules/4.1.13-rt15+/kernel/net/ipv4/tunnel4.ko
lib/modules/4.1.13-rt15+/kernel/net/ipv4/esp4.ko
lib/modules/4.1.13-rt15+/kernel/net/ipv4/xfrm4_tunnel.ko
lib/modules/4.1.13-rt15+/kernel/net/ipv4/tcp_veno.ko
lib/modules/4.1.13-rt15+/kernel/net/ipv4/ipip.ko
lib/modules/4.1.13-rt15+/kernel/net/ipv4/xfrm4_mode_transport.ko
lib/modules/4.1.13-rt15+/kernel/net/mac80211/
lib/modules/4.1.13-rt15+/kernel/net/mac80211/mac80211.ko
lib/modules/4.1.13-rt15+/kernel/mm/
lib/modules/4.1.13-rt15+/kernel/mm/zsmalloc.ko
lib/modules/4.1.13-rt15+/kernel/crypto/
lib/modules/4.1.13-rt15+/kernel/crypto/deflate.ko
lib/modules/4.1.13-rt15+/kernel/crypto/seed.ko
lib/modules/4.1.13-rt15+/kernel/crypto/cast6_generic.ko
lib/modules/4.1.13-rt15+/kernel/crypto/tgr192.ko
lib/modules/4.1.13-rt15+/kernel/crypto/gcm.ko
lib/modules/4.1.13-rt15+/kernel/crypto/async_tx/
lib/modules/4.1.13-rt15+/kernel/crypto/async_tx/async_memcpy.ko
lib/modules/4.1.13-rt15+/kernel/crypto/async_tx/async_xor.ko
lib/modules/4.1.13-rt15+/kernel/crypto/async_tx/async_pq.ko
lib/modules/4.1.13-rt15+/kernel/crypto/async_tx/async_raid6_recov.ko
lib/modules/4.1.13-rt15+/kernel/crypto/async_tx/async_tx.ko
lib/modules/4.1.13-rt15+/kernel/crypto/michael_mic.ko
lib/modules/4.1.13-rt15+/kernel/crypto/md4.ko
lib/modules/4.1.13-rt15+/kernel/crypto/ctr.ko
lib/modules/4.1.13-rt15+/kernel/crypto/fcrypt.ko
lib/modules/4.1.13-rt15+/kernel/crypto/khazad.ko
lib/modules/4.1.13-rt15+/kernel/crypto/arc4.ko
lib/modules/4.1.13-rt15+/kernel/crypto/cryptd.ko
lib/modules/4.1.13-rt15+/kernel/crypto/tcrypt.ko
lib/modules/4.1.13-rt15+/kernel/crypto/wp512.ko
lib/modules/4.1.13-rt15+/kernel/crypto/salsa20_generic.ko
lib/modules/4.1.13-rt15+/kernel/crypto/rmd128.ko
lib/modules/4.1.13-rt15+/kernel/crypto/lz4hc.ko
lib/modules/4.1.13-rt15+/kernel/crypto/cmac.ko
lib/modules/4.1.13-rt15+/kernel/crypto/lz4.ko
lib/modules/4.1.13-rt15+/kernel/crypto/pcbc.ko
lib/modules/4.1.13-rt15+/kernel/crypto/lrw.ko
lib/modules/4.1.13-rt15+/kernel/crypto/cast5_generic.ko
lib/modules/4.1.13-rt15+/kernel/crypto/twofish_generic.ko
lib/modules/4.1.13-rt15+/kernel/crypto/blowfish_generic.ko
lib/modules/4.1.13-rt15+/kernel/crypto/crypto_null.ko
lib/modules/4.1.13-rt15+/kernel/crypto/rmd160.ko
lib/modules/4.1.13-rt15+/kernel/crypto/camellia_generic.ko
lib/modules/4.1.13-rt15+/kernel/crypto/authencesn.ko
lib/modules/4.1.13-rt15+/kernel/crypto/ghash-generic.ko
lib/modules/4.1.13-rt15+/kernel/crypto/cast_common.ko
lib/modules/4.1.13-rt15+/kernel/crypto/anubis.ko
lib/modules/4.1.13-rt15+/kernel/crypto/zlib.ko
lib/modules/4.1.13-rt15+/kernel/crypto/ccm.ko
lib/modules/4.1.13-rt15+/kernel/crypto/vmac.ko
lib/modules/4.1.13-rt15+/kernel/crypto/rmd320.ko
lib/modules/4.1.13-rt15+/kernel/crypto/ansi_cprng.ko
lib/modules/4.1.13-rt15+/kernel/crypto/blowfish_common.ko
lib/modules/4.1.13-rt15+/kernel/crypto/crc32.ko
lib/modules/4.1.13-rt15+/kernel/crypto/authenc.ko
lib/modules/4.1.13-rt15+/kernel/crypto/twofish_common.ko
lib/modules/4.1.13-rt15+/kernel/crypto/rmd256.ko
lib/modules/4.1.13-rt15+/kernel/crypto/ablk_helper.ko
lib/modules/4.1.13-rt15+/kernel/crypto/xcbc.ko
lib/modules/4.1.13-rt15+/kernel/crypto/seqiv.ko
lib/modules/4.1.13-rt15+/kernel/crypto/tea.ko
lib/modules/4.1.13-rt15+/kernel/crypto/serpent_generic.ko
lib/modules/4.1.13-rt15+/kernel/lib/
lib/modules/4.1.13-rt15+/kernel/lib/lru_cache.ko
lib/modules/4.1.13-rt15+/kernel/lib/lz4/
lib/modules/4.1.13-rt15+/kernel/lib/lz4/lz4hc_compress.ko
lib/modules/4.1.13-rt15+/kernel/lib/lz4/lz4_compress.ko
lib/modules/4.1.13-rt15+/kernel/lib/cordic.ko
lib/modules/4.1.13-rt15+/kernel/lib/crc-ccitt.ko
lib/modules/4.1.13-rt15+/kernel/lib/crc7.ko
lib/modules/4.1.13-rt15+/kernel/lib/crc-itu-t.ko
lib/modules/4.1.13-rt15+/kernel/lib/ts_fsm.ko
lib/modules/4.1.13-rt15+/kernel/lib/ts_kmp.ko
lib/modules/4.1.13-rt15+/kernel/lib/ts_bm.ko
lib/modules/4.1.13-rt15+/kernel/drivers/
lib/modules/4.1.13-rt15+/kernel/drivers/net/
lib/modules/4.1.13-rt15+/kernel/drivers/net/ifb.ko
lib/modules/4.1.13-rt15+/kernel/drivers/net/dummy.ko
lib/modules/4.1.13-rt15+/kernel/drivers/net/appletalk/
lib/modules/4.1.13-rt15+/kernel/drivers/net/appletalk/ipddp.ko
lib/modules/4.1.13-rt15+/kernel/drivers/net/macvtap.ko
lib/modules/4.1.13-rt15+/kernel/drivers/net/vxlan.ko
lib/modules/4.1.13-rt15+/kernel/drivers/net/wimax/
lib/modules/4.1.13-rt15+/kernel/drivers/net/wimax/i2400m/
lib/modules/4.1.13-rt15+/kernel/drivers/net/wimax/i2400m/i2400m.ko
lib/modules/4.1.13-rt15+/kernel/drivers/net/wimax/i2400m/i2400m-usb.ko
lib/modules/4.1.13-rt15+/kernel/drivers/net/macvlan.ko
lib/modules/4.1.13-rt15+/kernel/drivers/net/virtio_net.ko
lib/modules/4.1.13-rt15+/kernel/drivers/net/ipvlan/
lib/modules/4.1.13-rt15+/kernel/drivers/net/ipvlan/ipvlan.ko
lib/modules/4.1.13-rt15+/kernel/drivers/net/nlmon.ko
lib/modules/4.1.13-rt15+/kernel/drivers/net/usb/
lib/modules/4.1.13-rt15+/kernel/drivers/net/usb/asix.ko
lib/modules/4.1.13-rt15+/kernel/drivers/net/usb/sierra_net.ko
lib/modules/4.1.13-rt15+/kernel/drivers/net/usb/dm9601.ko
lib/modules/4.1.13-rt15+/kernel/drivers/net/usb/cdc_ncm.ko
lib/modules/4.1.13-rt15+/kernel/drivers/net/usb/sr9700.ko
lib/modules/4.1.13-rt15+/kernel/drivers/net/usb/cx82310_eth.ko
lib/modules/4.1.13-rt15+/kernel/drivers/net/usb/kalmia.ko
lib/modules/4.1.13-rt15+/kernel/drivers/net/usb/cdc-phonet.ko
lib/modules/4.1.13-rt15+/kernel/drivers/net/usb/huawei_cdc_ncm.ko
lib/modules/4.1.13-rt15+/kernel/drivers/net/usb/smsc75xx.ko
lib/modules/4.1.13-rt15+/kernel/drivers/net/usb/int51x1.ko
lib/modules/4.1.13-rt15+/kernel/drivers/net/usb/qmi_wwan.ko
lib/modules/4.1.13-rt15+/kernel/drivers/net/usb/sr9800.ko
lib/modules/4.1.13-rt15+/kernel/drivers/net/usb/hso.ko
lib/modules/4.1.13-rt15+/kernel/drivers/net/usb/catc.ko
lib/modules/4.1.13-rt15+/kernel/drivers/net/usb/smsc95xx.ko
lib/modules/4.1.13-rt15+/kernel/drivers/net/usb/ax88179_178a.ko
lib/modules/4.1.13-rt15+/kernel/drivers/net/usb/cdc_mbim.ko
lib/modules/4.1.13-rt15+/kernel/drivers/net/usb/cdc_eem.ko
lib/modules/4.1.13-rt15+/kernel/drivers/net/usb/cdc_ether.ko
lib/modules/4.1.13-rt15+/kernel/drivers/net/usb/net1080.ko
lib/modules/4.1.13-rt15+/kernel/drivers/net/usb/cdc_subset.ko
lib/modules/4.1.13-rt15+/kernel/drivers/net/usb/kaweth.ko
lib/modules/4.1.13-rt15+/kernel/drivers/net/usb/mcs7830.ko
lib/modules/4.1.13-rt15+/kernel/drivers/net/usb/gl620a.ko
lib/modules/4.1.13-rt15+/kernel/drivers/net/usb/plusb.ko
lib/modules/4.1.13-rt15+/kernel/drivers/net/usb/rndis_host.ko
lib/modules/4.1.13-rt15+/kernel/drivers/net/usb/zaurus.ko
lib/modules/4.1.13-rt15+/kernel/drivers/net/usb/lg-vl600.ko
lib/modules/4.1.13-rt15+/kernel/drivers/net/usb/ipheth.ko
lib/modules/4.1.13-rt15+/kernel/drivers/net/ppp/
lib/modules/4.1.13-rt15+/kernel/drivers/net/ppp/bsd_comp.ko
lib/modules/4.1.13-rt15+/kernel/drivers/net/ppp/ppp_async.ko
lib/modules/4.1.13-rt15+/kernel/drivers/net/ppp/pppoe.ko
lib/modules/4.1.13-rt15+/kernel/drivers/net/ppp/ppp_generic.ko
lib/modules/4.1.13-rt15+/kernel/drivers/net/ppp/pptp.ko
lib/modules/4.1.13-rt15+/kernel/drivers/net/ppp/ppp_mppe.ko
lib/modules/4.1.13-rt15+/kernel/drivers/net/ppp/ppp_synctty.ko
lib/modules/4.1.13-rt15+/kernel/drivers/net/ppp/pppox.ko
lib/modules/4.1.13-rt15+/kernel/drivers/net/ppp/ppp_deflate.ko
lib/modules/4.1.13-rt15+/kernel/drivers/net/wireless/
lib/modules/4.1.13-rt15+/kernel/drivers/net/wireless/iwlwifi/
lib/modules/4.1.13-rt15+/kernel/drivers/net/wireless/iwlwifi/iwlwifi.ko
lib/modules/4.1.13-rt15+/kernel/drivers/net/wireless/iwlwifi/dvm/
lib/modules/4.1.13-rt15+/kernel/drivers/net/wireless/iwlwifi/dvm/iwldvm.ko
lib/modules/4.1.13-rt15+/kernel/drivers/net/wireless/libertas_tf/
lib/modules/4.1.13-rt15+/kernel/drivers/net/wireless/libertas_tf/libertas_tf.ko
lib/modules/4.1.13-rt15+/kernel/drivers/net/wireless/libertas_tf/libertas_tf_usb.ko
lib/modules/4.1.13-rt15+/kernel/drivers/net/wireless/brcm80211/
lib/modules/4.1.13-rt15+/kernel/drivers/net/wireless/brcm80211/brcmfmac/
lib/modules/4.1.13-rt15+/kernel/drivers/net/wireless/brcm80211/brcmfmac/brcmfmac.ko
lib/modules/4.1.13-rt15+/kernel/drivers/net/wireless/brcm80211/brcmsmac/
lib/modules/4.1.13-rt15+/kernel/drivers/net/wireless/brcm80211/brcmsmac/brcmsmac.ko
lib/modules/4.1.13-rt15+/kernel/drivers/net/wireless/brcm80211/brcmutil/
lib/modules/4.1.13-rt15+/kernel/drivers/net/wireless/brcm80211/brcmutil/brcmutil.ko
lib/modules/4.1.13-rt15+/kernel/drivers/net/wireless/rtlwifi/
lib/modules/4.1.13-rt15+/kernel/drivers/net/wireless/rtlwifi/rtl8192c/
lib/modules/4.1.13-rt15+/kernel/drivers/net/wireless/rtlwifi/rtl8192c/rtl8192c-common.ko
lib/modules/4.1.13-rt15+/kernel/drivers/net/wireless/rtlwifi/rtl_usb.ko
lib/modules/4.1.13-rt15+/kernel/drivers/net/wireless/rtlwifi/rtlwifi.ko
lib/modules/4.1.13-rt15+/kernel/drivers/net/wireless/rtlwifi/rtl8192cu/
lib/modules/4.1.13-rt15+/kernel/drivers/net/wireless/rtlwifi/rtl8192cu/rtl8192cu.ko
lib/modules/4.1.13-rt15+/kernel/drivers/net/wireless/rt2x00/
lib/modules/4.1.13-rt15+/kernel/drivers/net/wireless/rt2x00/rt2x00lib.ko
lib/modules/4.1.13-rt15+/kernel/drivers/net/wireless/rt2x00/rt2x00usb.ko
lib/modules/4.1.13-rt15+/kernel/drivers/net/wireless/rt2x00/rt73usb.ko
lib/modules/4.1.13-rt15+/kernel/drivers/net/wireless/rt2x00/rt2800usb.ko
lib/modules/4.1.13-rt15+/kernel/drivers/net/wireless/rt2x00/rt2800lib.ko
lib/modules/4.1.13-rt15+/kernel/drivers/net/wireless/rt2x00/rt2500usb.ko
lib/modules/4.1.13-rt15+/kernel/drivers/net/wireless/b43/
lib/modules/4.1.13-rt15+/kernel/drivers/net/wireless/b43/b43.ko
lib/modules/4.1.13-rt15+/kernel/drivers/net/wireless/rtl818x/
lib/modules/4.1.13-rt15+/kernel/drivers/net/wireless/rtl818x/rtl8187/
lib/modules/4.1.13-rt15+/kernel/drivers/net/wireless/rtl818x/rtl8187/rtl8187.ko
lib/modules/4.1.13-rt15+/kernel/drivers/net/wireless/p54/
lib/modules/4.1.13-rt15+/kernel/drivers/net/wireless/p54/p54usb.ko
lib/modules/4.1.13-rt15+/kernel/drivers/net/wireless/p54/p54common.ko
lib/modules/4.1.13-rt15+/kernel/drivers/net/wireless/ti/
lib/modules/4.1.13-rt15+/kernel/drivers/net/wireless/ti/wl1251/
lib/modules/4.1.13-rt15+/kernel/drivers/net/wireless/ti/wl1251/wl1251.ko
lib/modules/4.1.13-rt15+/kernel/drivers/net/wireless/ti/wl1251/wl1251_sdio.ko
lib/modules/4.1.13-rt15+/kernel/drivers/net/wireless/ti/wl1251/wl1251_spi.ko
lib/modules/4.1.13-rt15+/kernel/drivers/net/wireless/ti/wlcore/
lib/modules/4.1.13-rt15+/kernel/drivers/net/wireless/ti/wlcore/wlcore.ko
lib/modules/4.1.13-rt15+/kernel/drivers/net/wireless/ti/wlcore/wlcore_spi.ko
lib/modules/4.1.13-rt15+/kernel/drivers/net/wireless/ti/wlcore/wlcore_sdio.ko
lib/modules/4.1.13-rt15+/kernel/drivers/net/wireless/ti/wl12xx/
lib/modules/4.1.13-rt15+/kernel/drivers/net/wireless/ti/wl12xx/wl12xx.ko
lib/modules/4.1.13-rt15+/kernel/drivers/net/wireless/ti/wl18xx/
lib/modules/4.1.13-rt15+/kernel/drivers/net/wireless/ti/wl18xx/wl18xx.ko
lib/modules/4.1.13-rt15+/kernel/drivers/net/wireless/zd1211rw/
lib/modules/4.1.13-rt15+/kernel/drivers/net/wireless/zd1211rw/zd1211rw.ko
lib/modules/4.1.13-rt15+/kernel/drivers/net/wireless/rndis_wlan.ko
lib/modules/4.1.13-rt15+/kernel/drivers/net/wireless/mac80211_hwsim.ko
lib/modules/4.1.13-rt15+/kernel/drivers/net/wireless/libertas/
lib/modules/4.1.13-rt15+/kernel/drivers/net/wireless/libertas/libertas_sdio.ko
lib/modules/4.1.13-rt15+/kernel/drivers/net/wireless/libertas/usb8xxx.ko
lib/modules/4.1.13-rt15+/kernel/drivers/net/wireless/libertas/libertas.ko
lib/modules/4.1.13-rt15+/kernel/drivers/net/wireless/hostap/
lib/modules/4.1.13-rt15+/kernel/drivers/net/wireless/hostap/hostap.ko
lib/modules/4.1.13-rt15+/kernel/drivers/net/wireless/at76c50x-usb.ko
lib/modules/4.1.13-rt15+/kernel/drivers/net/wireless/b43legacy/
lib/modules/4.1.13-rt15+/kernel/drivers/net/wireless/b43legacy/b43legacy.ko
lib/modules/4.1.13-rt15+/kernel/drivers/net/wireless/rsi/
lib/modules/4.1.13-rt15+/kernel/drivers/net/wireless/rsi/rsi_91x.ko
lib/modules/4.1.13-rt15+/kernel/drivers/net/wireless/rsi/rsi_usb.ko
lib/modules/4.1.13-rt15+/kernel/drivers/net/wireless/ath/
lib/modules/4.1.13-rt15+/kernel/drivers/net/wireless/ath/ath6kl/
lib/modules/4.1.13-rt15+/kernel/drivers/net/wireless/ath/ath6kl/ath6kl_core.ko
lib/modules/4.1.13-rt15+/kernel/drivers/net/wireless/ath/ath6kl/ath6kl_usb.ko
lib/modules/4.1.13-rt15+/kernel/drivers/net/wireless/ath/ath6kl/ath6kl_sdio.ko
lib/modules/4.1.13-rt15+/kernel/drivers/net/wireless/ath/ar5523/
lib/modules/4.1.13-rt15+/kernel/drivers/net/wireless/ath/ar5523/ar5523.ko
lib/modules/4.1.13-rt15+/kernel/drivers/net/wireless/ath/ath.ko
lib/modules/4.1.13-rt15+/kernel/drivers/net/wireless/ath/carl9170/
lib/modules/4.1.13-rt15+/kernel/drivers/net/wireless/ath/carl9170/carl9170.ko
lib/modules/4.1.13-rt15+/kernel/drivers/net/wireless/ath/ath10k/
lib/modules/4.1.13-rt15+/kernel/drivers/net/wireless/ath/ath10k/ath10k_core.ko

gzip: stdout: No space left on device
end execute ./cross_compile.sh
===================================================================================
